C Y 743 1
C X 962 2
C W 192 3
A W 66 4
B Y 519 5
A Y 509 6
D Y 889 7
B X 998 8
A W 249 9
C Z 565 10
B Y 256 11
D Z 620 12
D X 500 13
A Y 387 14
A X 252 15
D X 283 16
A Z 407 17
B X 168 18
D W 432 19
C Z 804 20
B Z 154 21
A W 197 22
B Z 981 23
B W 1561 25
B Z 919 26
A Z 72 27
D X 208 28
B Y 527 29
B Z 339 30
D Z 726 31
B Z 275 32
C X 44 33
A Z 93 34
A W 691 35
A Y 841 36
A W 38 37
D Y 918 38
B Y 482 39
A X 374 40
D W 744 41
B Y 564 42
A Y 374 43
D W 39 44
B Z 752 45
A X 123 46
C Z 900 47
C W 554 48
B X 825 49
C W 827 50
A Z 408 51
B W 852 52
A W 551 53
D X 885 54
C Y 74 55
B Z 454 56
B W 238 57
C W 497 58
A Y 477 59
C X 120 60
C Z 631 61
B Y 963 62
C Y 811 63
D Y 113 64
B X 408 65
D W 494 66
A X 448 67
D W 927 68
A W 212 69
C W 771 70
C X 780 71
D W 181 72
A Z 44 73
B X 557 74
A W 13 75
D W 933 76
C X 313 77
D W 114 78
B W 728 79
D X 1570 81
C Y 645 82
B X 386 83
A Y 105 84
B X 705 85
C W 464 86
A W 18 87
C Y 290 88
C X 413 89
D W 34 90
A Y 811 91
B X 637 92
D W 586 93
A Z 401 94
C X 665 95
B X 836 96
C W 684 97
D Y 36 98
D Z 448 99
B W 542 100
C W 467 101
D W 848 102
C W 593 103
A Y 250 104
B Y 980 105
B X 854 106
D Y 863 107
A W 295 108
C Y 484 109
A Y 186 110
D W 711 111
D Z 417 112
C W 1151 114
B X 870 115
B W 957 116
C Z 817 117
B W 619 118
C Y 644 119
B Z 41 120
D W 765 121
A Z 983 122
A W 471 123
A Z 17 124
D W 279 125
C Z 555 126
B Z 397 127
B X 267 128
D Z 521 129
A W 19 130
B Z 3 131
D W 416 132
C Y 120 133
C W 268 134
B X 331 135
C W 98 136
D Z 895 137
C W 927 138
D X 672 139
C X 755 140
A Y 389 141
D W 80 142
D Y 152 143
A Y 731 144
B X 38 145
D Z 522 146
D X 876 147
A Z 406 148
B W 306 150
A Y 341 151
B W 250 152
C X 620 153
B Z 435 154
C Z 143 155
B W 87 156
B Y 550 157
D Z 584 158
A X 234 159
A Z 905 160
B Y 26 161
C X 548 162
D Y 638 163
D W 705 164
A W 705 165
B X 645 166
D Z 52 167
A X 469 168
D Y 634 169
C X 49 170
C W 536 171
B X 578 172
C X 132 173
B Y 727 174
A X 54 175
D Y 382 176
C Z 575 177
D W 406 178
A W 57 179
D Y 441 180
D X 516 181
C Z 661 182
B W 705 184
D W 812 185
B W 808 186
D X 806 187
B Z 520 188
A Y 353 189
D W 870 190
B X 109 191
A Y 800 192
B X 112 193
A Y 205 194
C W 393 195
D X 744 196
B Y 139 197
B W 426 198
C Y 905 199
A Z 260 200
D Z 988 201
B X 179 202
A Y 655 203
C X 410 204
B Z 160 205
A Y 917 206
B Y 151 207
C X 485 208
A X 758 209
B X 869 210
A W 193 211
C Z 651 212
A Z 632 213
A X 388 214
D W 834 215
C W 263 216
B Z 824 217
A Y 568 218
B X 4 219
C W 803 220
A X 979 221
B Z 244 222
C X 1431 224
C W 34 225
B W 288 226
A W 925 227
A Y 91 228
C W 721 229
B Z 890 230
A Z 657 231
B Z 160 232
D Z 72 233
D X 806 234
B Y 17 235
B Z 376 236
A Y 595 237
D X 892 238
C Y 74 239
C W 767 240
D W 869 241
A Z 492 242
C Y 729 243
D W 774 244
A W 486 245
C W 999 246
B Z 121 247
D W 102 248
A X 1540 250
B W 526 251
A X 1585 253
D W 670 254
B W 894 255
C W 706 256
A Y 0 257
D Y 135 258
C Z 558 259
A X 982 260
A W 365 261
B Z 681 262
C Z 836 263
A X 966 264
B Z 67 265
A W 758 266
B W 25 267
C Y 78 268
B Z 333 269
B Y 953 270
A Y 244 271
B X 315 272
C Y 862 273
A X 397 274
C Z 12 275
C X 523 276
C Z 929 278
C X 15 279
C W 84 280
B W 276 281
C Z 305 282
A W 276 283
C W 719 284
C Z 199 285
B X 145 286
A W 154 287
A Y 482 288
D Z 212 289
C X 862 290
D Y 1 291
B Z 101 292
A Y 406 293
C X 171 294
A X 1557 296
A W 833 297
D Z 259 298
A W 122 299
D Y 506 300
C X 560 301
A W 556 302
B W 699 303
A Y 489 304
C Z 119 305
B W 80 306
A W 510 307
D X 279 308
A X 730 309
D Z 369 310
C W 362 311
C X 219 312
C Y 134 313
B Y 390 314
B W 505 315
C Y 810 316
A W 438 317
A Y 554 318
C W 586 319
A Y 522 320
A Z 458 321
D Z 513 322
A Z 845 323
C X 457 324
B X 1452 326
D W 74 327
A Z 503 328
D Y 444 329
C W 176 330
C X 790 331
A Z 182 332
C Z 100 333
B Y 949 334
A W 806 335
C Z 908 336
A X 91 337
D X 755 339
D W 639 340
B X 179 341
B W 122 342
B Z 300 343
D X 573 344
A X 735 345
B Z 451 346
B X 230 347
D Y 575 348
D Z 162 349
D Y 488 350
A Z 822 351
C Y 481 352
B Y 869 353
C Z 494 354
B Y 798 355
A Y 305 356
C X 782 357
B Z 522 358
D W 372 359
B Z 142 360
D W 805 361
A W 1381 363
B Y 799 364
B X 518 365
D Z 882 366
D X 463 367
C W 910 368
A Z 615 369
B W 732 370
A W 976 371
C Y 897 372
D Y 671 373
D X 78 374
A W 568 375
C Y 78 376
C X 196 377
B Z 395 378
D Y 118 379
A Y 158 380
B Z 691 381
A Z 570 382
D X 469 383
C W 861 384
B Z 267 385
D Y 24 386
D W 446 387
D X 969 388
A Z 27 389
A Y 512 390
C Z 914 391
D Z 86 392
B W 185 393
D Z 132 394
A Z 955 395
C Z 106 396
A X 102 397
A W 537 398
A Z 715 399
B X 712 400
D Y 1582 402
B Z 782 403
B X 152 404
B Z 792 405
C X 709 406
D Z 74 407
C Z 140 408
D X 289 409
B Z 713 410