C W 635 1
C Y 390 2
A X 60 3
B Y 373 4
C W 437 5
C Z 713 6
C Y 139 7
B Z 946 8
B W 461 9
D W 500 10
D Z 928 11
D X 19 12
B X 33 13
C W 925 14
C X 958 15
A W 270 16
A Z 694 17
D W 917 18
C W 242 19
C Z 328 20
B Z 130 21
B X 668 22
A Z 984 24
C X 935 25
A X 6 26
C X 343 27
D W 754 28
A Z 289 29
C X 584 30
D X 108 31
A X 957 32
C W 644 33
A Z 807 34
D X 483 35
A Z 624 36
B Z 565 38
D Z 337 39
A Z 154 40
C Z 117 41
D Y 413 42
A Y 364 43
D W 661 44
D Z 475 45
D X 109 46
C Z 446 47
C Y 930 48
B Y 518 50
A W 676 51
B W 257 52
B X 604 53
B W 198 54
B Y 373 55
C Y 660 56
C W 996 57
D X 557 59
B X 262 60
A X 556 61
D Z 457 62
C W 609 63
B W 481 64
A Z 676 65
B W 899 66
B Y 999 67
A W 164 68
C X 925 69
C W 361 70
B X 626 71
A X 965 73
A Z 848 74
C Z 901 75
A Y 630 76
C Z 407 77
D Y 606 78
C Y 29 79
A X 47 80
A Z 587 81
C Z 200 82
A W 802 83
B X 261 84
A Z 632 85
C W 919 86
A X 184 87
B Y 1677 89
B Z 632 90
D Y 949 91
A W 336 92
D Z 751 93
B X 961 94
B Y 747 95
B X 322 96
A W 979 97
C Y 127 98
A Z 990 99
C X 8 100
C Y 45 101
B Y 665 102
D W 196 103
B Z 828 104
D W 868 105
A Z 133 106
A X 306 107
D Y 534 108
A Z 816 109
D X 477 110
D Y 847 111
B W 836 112
A X 322 113
B Y 598 114
D X 356 116
C X 619 117
D Z 531 118
C X 348 119
D Z 1159 121
C Y 885 122
A Y 138 123
D W 538 124
D X 194 125
A W 751 126
D Z 88 127
B Z 513 128
B X 271 129
A Y 827 130
B Z 173 131
A W 256 132
C X 923 133
B W 981 134
C Y 393 135
D Y 58 136
B W 237 137
B Y 952 138
D Z 375 139
D Y 38 140
C X 734 141
D Z 327 142
A X 1383 144
C W 936 145
C Z 755 146
B Z 611 147
D Z 47 148
A W 590 149
A Y 355 150
B Z 631 152
C W 441 153
C Y 630 154
B Z 812 155
D Z 771 156
D X 176 157
A X 25 158
B W 159 159
C X 1354 161
D Z 287 162
C Y 66 163
C W 250 164
D W 370 165
A Z 192 166
D Z 584 167
B Z 1375 169
D Y 282 170
B W 820 171
D W 674 172
A Z 884 173
C Z 168 174
D Y 534 175
D X 349 176
B Z 564 177
A Y 103 178
C X 269 179
D Y 111 180
A Z 936 181
C X 828 182
D X 292 183
C Z 561 184
A W 824 185
B Y 439 186
A Z 436 187
C Z 784 188
A Y 454 189
D Y 966 191
D Z 372 192
D X 542 193
A Z 168 194
C Z 46 195
A W 675 196
D Z 318 197
C Y 294 198
D Y 391 199
C Z 536 200
D Z 606 201
C X 622 202
A X 285 203
D Z 1 204
A Y 653 205
D Y 433 206
C Y 286 207
C W 228 208
D Z 1815 210
A X 635 211
B X 253 212
C X 733 213
C W 131 214
B Z 60 215
B W 1178 217
C Y 179 218
B W 714 219
C Z 985 220
A Z 708 221
A X 175 222
B X 971 224
D W 250 225
C W 436 226
B Z 623 227
A W 994 228
B W 683 229
B Z 54 230
A X 44 231
A W 670 232
D Z 141 233
D W 216 234
A Y 353 235
A X 382 236
D X 795 238
C Z 892 239
A X 189 240
D X 985 241
C Y 653 242
A X 2 243
B W 609 244
A X 764 245
A Y 365 246
D W 136 247
D Y 830 248
A Z 926 249
A Y 215 250
B X 462 251
D W 685 252
D Z 354 253
D Y 363 254
D W 610 255
A W 185 256
C Y 678 257
B Y 155 258
A X 1046 260
B X 913 261
D Y 506 262
A Z 993 263
C Y 700 264
C W 872 265
B W 777 266
A Y 258 267
B Z 983 268
A X 978 269
A Z 253 270
A W 769 272
B W 529 273
A W 513 274
C Z 424 275
D X 638 276
B X 685 277
A Z 273 278
B Z 1396 280
A W 717 281
B Z 244 282
C Z 879 283
D X 434 284
C Y 643 285
D W 1126 287
A Y 176 288
C W 651 289
D Z 824 290
D W 878 291
A Z 272 292
A Y 401 293
B Y 132 294
B W 580 295
A Y 522 296
A Z 788 297
C Y 88 298
D Z 393 299
C Y 781 300
A X 588 301
A Y 445 302
A X 273 304
C Y 653 305
A Z 431 306
B W 129 307
A X 690 308
C Z 432 309
C Y 386 310
A X 299 311
C Z 727 312
D W 777 313
D Z 426 315
B Z 673 316
D Y 253 317
D Z 716 318
C X 449 319
B Y 44 320
D W 343 321
D Z 724 322
B Y 315 323
D X 892 324
D Y 799 325
C Z 233 326
B W 370 327
D Y 230 328
B Z 179 329
B W 94 330
C X 211 331
B Z 891 332
C X 82 333
B W 176 334
D W 601 335
C Y 52 336
B X 661 337
B Z 919 338
A Z 218 340
B W 293 341
B X 562 342
A X 551 343
A Y 890 344
C Y 756 345
D Z 895 346
C Z 834 347
B Z 522 348
D Z 841 349
B Z 703 350
D W 710 351
C W 933 352
B W 428 353
B X 5 354
A W 315 355
B X 1104 357
A Y 631 358
B Y 938 360
B W 779 361
D X 842 362
B W 1450 364
C W 501 365
D Z 631 366
D X 645 367
D Y 785 368
B X 844 369
D Z 552 370
A X 442 371
A Z 119 372
B Y 723 373
C X 456 374
B W 790 375
B X 970 376
A W 134 377
D Z 218 378
B Y 629 379
C Z 952 380
B X 516 381
C X 1011 383
C Y 211 384
D X 328 385
B X 299 386
C Y 309 387
D Y 102 388
D X 353 389
A W 828 390
A X 30 391
C Y 222 392
B X 924 393
D Z 167 394
B Y 561 395
A Z 581 396
C Z 757 397
A Z 763 398
A Y 514 399
B X 420 400
A Y 539 401
C Y 458 402
B X 408 403
C Z 169 404
D Z 574 405
B X 143 406
B Z 646 407
A X 983 408
C Y 354 409
C X 728 410
B Z 740 411
C X 753 412
B Y 650 413
C Y 509 414
D W 381 415
C Z 1529 418
B W 478 419
D W 23 420
C Z 962 421
A Y 300 422
A Z 743 423
B W 251 424
C W 632 425
A Z 1199 427
C Z 727 428
D Z 78 429
A W 44 430
D W 985 431
C Z 881 432
D X 496 433
A X 511 434
A W 379 435
A X 947 436
B X 762 437
C Y 504 438
C Z 269 439
A Y 601 440
A W 801 441
A Y 133 442
B X 901 443
A X 837 444
C Z 351 445
B X 723 446
A Y 800 447
D Z 818 448
B X 664 449
C Y 397 451
B Z 533 452
C W 770 453
B Y 326 454
D X 317 455
A X 916 456
A W 396 457
D W 699 458
B Z 28 459
A X 947 460
C X 212 461
C Y 256 462
D X 751 464
A Z 974 465
D X 819 466
B X 391 467
B W 835 468
D W 630 469
D X 630 470
C Y 879 471
A W 204 472
B Y 325 473
D X 457 474
C Z 123 475
A X 761 476
A Y 14 477
A W 713 478
A Z 345 479
A Y 74 480
C X 451 481
C Y 158 482
C W 731 483
C Y 63 484
C X 49 485
B Z 229 486
D X 125 487
D Y 323 488
C W 848 489
A X 718 490
D W 558 491
C W 568 492
B Z 321 493
A X 25 494
D W 960 495
A X 389 496
B Y 621 497
A Y 831 498
B W 474 499
D X 968 500
B Z 65 501
C Y 224 502
A Y 1108 504
C W 766 505
A Y 905 506
D Y 726 507
C Z 128 508
B Y 565 509
B Z 916 510
C Y 781 511
A W 834 512
A Y 552 513
C Y 198 514
D X 594 515
C X 998 516
A Y 633 517
D Y 882 518
D Z 987 519
A Z 862 520
D Y 764 521
A X 736 522
C Z 918 523
B W 1072 525
D W 322 526
C Z 732 527
D W 195 528
B Y 875 529
D W 701 530
A X 930 531
A Y 428 532
A W 379 534
B W 357 535
D X 671 536
B Y 866 537
B W 990 539
B X 205 540
A X 1043 542
A W 691 543
C Z 19 544
A W 785 545
A Z 195 546
D W 106 547
A W 107 548
B Z 473 549
A Z 564 550
A Y 209 551
A W 454 552
D X 496 553
A Z 507 554
A W 1198 556
D Y 20 557
C X 740 558
C Z 506 559
C Y 480 560
C Z 554 561
D Z 55 562
C X 465 563
B X 403 564
D X 1291 566
D Y 829 567
C X 113 568
D X 715 569
B Y 549 570
C W 423 571
A W 64 572
B W 23 573
C Y 961 574
B X 560 575
C X 831 577
D X 621 578
C X 367 579
B W 974 580
A X 236 581
D W 324 582
C W 724 583
A X 850 584
A W 652 585
C Y 434 586
C Z 234 587
B X 409 588
C Z 410 589
D Y 735 590
B Z 571 591
B X 228 592
A Z 765 593
A Y 1367 595
D X 378 596
A X 174 597
D X 112 598
C X 640 600
D Z 107 601
A Z 683 602
C X 287 603
D X 384 604
D W 310 605
D Y 502 606
A Y 203 607
D Y 927 608
A X 929 609
C Z 746 610
A Z 157 611
A W 469 612
C W 204 613
B W 307 614
B X 755 615
A W 600 616
D X 323 617
B X 959 618
D W 452 619
A Y 166 620
D Z 655 621
C Z 976 623
D W 33 624
A Z 205 625
D W 613 626
A X 699 627
B W 697 628
A Y 488 629
C Y 913 630
D Z 511 631
A Y 460 632
D X 321 633
D W 249 634
C W 512 635
D Z 885 636
C X 283 637
D X 232 638
B W 729 639
B Y 920 640
A Z 350 641
D Y 183 642
D Z 648 643
A W 929 644
A X 240 645
B Z 466 646
D W 486 647
A Y 580 648
D W 462 649
B Y 1450 651
C X 770 652
B W 493 653
A X 360 654
A Y 740 655
B Z 132 656
C X 579 657
A X 944 658
B Z 991 659
C W 280 660
C Z 329 661
A Y 584 662
C W 446 663
B X 227 664
A X 975 665
A W 231 666
A Y 487 667
C W 332 668
C X 901 669
D W 103 670
A Z 603 671
C X 1 672
A X 1420 674
C Z 582 675
A W 685 676
D Z 674 677
B W 530 678
D Y 200 679
A X 441 680
C W 133 681
C X 394 682
A W 590 683
C Z 68 684
B Y 977 685
A Y 294 686
C Y 43 687
B Z 698 688
D X 826 689
D Z 345 690
D X 552 691
B W 806 692
D W 976 693
A X 470 695
C X 538 696
A Z 673 697
D X 238 698
B Z 270 699
A Y 434 700
D Y 523 701
B Y 414 702
B W 646 703
D W 297 704
B W 71 705
C Z 760 706
A X 80 707
A Z 97 708
D X 724 709
B Z 876 710
A Y 916 711
C W 355 712
C Y 280 713
A Y 287 714
C W 283 715
A X 448 716
A Y 683 717
D Z 160 718
C W 422 719
C Z 111 720
D W 599 721
B X 736 722
B W 720 723
A W 524 724
A Y 446 725
B W 460 727
B Z 314 728
C X 100 729
B X 163 730
B Y 624 731
B X 247 732
A X 399 733
A Y 599 734
A X 441 735
D X 612 736
C W 776 737
A Y 532 739
D Y 356 740
D Z 374 741
A Z 358 742
B Y 152 743
A X 607 744
C X 299 745
A Y 346 746
D W 459 747
A Y 144 748
B Y 900 749
C X 293 750
B Z 550 751
D X 324 752
A Y 859 753
C Z 974 754
D Z 20 755
A W 360 756
B Y 841 757
C Y 86 758
B Y 957 759
B X 883 760
A Z 924 761
B Y 132 762
B Z 581 763
B W 401 764
B Y 589 765
B X 598 766
A W 30 767
D X 751 768
A Z 481 769
B X 730 770
B Y 675 771
B Z 493 772
B Y 169 773
C W 528 774
C Z 33 775
D W 731 777
B X 470 778
D Z 681 779
D W 536 780
B Z 677 781
C X 160 782
A Z 289 783
C X 859 784
A X 652 785
C X 5 786
D Y 791 787
D Z 513 788
B W 261 789
A X 854 790
D Z 793 791
D X 363 792
D W 411 793
A Z 498 794
B Z 251 795
D W 960 796
D Y 650 797
D X 425 798
B Y 443 799
D W 32 800
C Z 490 801
B Z 735 802
C W 739 803
A Y 773 804
A W 1168 806
D W 881 807
D Y 292 808
C W 155 809
A Y 116 810
C Y 815 811
A Y 1347 814
B X 275 815
C Z 436 816
A X 468 817
B Z 755 818
C W 281 819
D X 1000 820
D Z 3 821
B Z 20 822
B X 323 823
C Z 734 824
C Y 989 825
A Y 995 826
C Y 252 827
C W 864 828
D X 259 829
B Y 111 830
A X 1822 832
B W 585 834
B Z 514 835
A W 373 836
B W 79 837
C Y 652 838
C W 1859 840
D Z 979 842
D X 641 843
B W 763 844
D Y 600 845
A W 276 846
D X 612 847
C Z 215 848
A Y 100 849
A X 195 850
B X 103 851
D W 720 852
C W 888 853
D Y 971 854
D W 532 855
C Y 840 856
A X 956 857
A Z 972 858
A Y 627 859
A W 233 860
B Y 695 861
B W 878 862
B Z 438 863
B W 649 864
D X 471 865
B Z 136 866
A X 658 867
B X 606 868
A Z 246 869
C W 492 870
B Z 430 871
C X 468 872
B W 39 873
D Z 849 874
D X 867 875
B Y 383 876
C Z 123 877
C Y 341 878
A W 851 879
D Y 166 880
C W 820 881
D W 442 882
B W 1 883
B Y 28 884
D X 362 885
A X 1118 887
B Z 223 888
B Y 454 889
D X 785 890
C X 322 891
A W 53 892
B Z 348 893
B W 524 895
C Y 578 896
D X 321 897
B X 49 898
C Z 740 899
C Y 255 900
B Y 495 901
C Y 805 902
A Y 539 903
B W 918 904
C W 462 905
A X 463 906
D Z 593 907
A W 725 908
B Z 142 909
D X 293 910
A Z 577 911
B X 951 912
A W 775 913
D X 964 914
A W 590 915
A X 85 916
A Y 998 917
A W 191 918
C Z 783 919
A X 544 920
C W 486 921
B Y 188 922
D X 560 923
D Z 301 925
D X 701 926
A Y 889 927
D Z 295 928
B W 349 929
C Z 546 930
B Z 82 931
A W 992 932
B X 356 933
A W 1240 935
D W 617 936
C X 466 937