34127856bc654ba98fed
bc9af0de34edc3210765
61472d03e9301efcdab8
70563c12f8210fedcba9
16305a749e47698badcf
43650f21cb123cdef89a
34127856bc654ba98fed
43650f21cb123cdef89a
ad8be1cf25fcd2301674
dafc96b8528ba5476103
07214b658f56789abcde
dafc96b8528ba5476103
cbed87a9439ab4567012
34127856bc654ba98fed
16305a749e47698badcf
bc9af0de34edc3210765
cbed87a9439ab4567012
cbed87a9439ab4567012
bc9af0de34edc3210765
34127856bc654ba98fed
cbed87a9439ab4567012
bc9af0de34edc3210765
e9cfa58b61b896745230
52741e30da032dcfe98b
43650f21cb123cdef89a
9eb8d2fc16cfe1032547
cbed87a9439ab4567012
f8deb49a70a987654321
07214b658f56789abcde
25036947ad745ab89efc
cbed87a9439ab4567012
9eb8d2fc16cfe1032547
25036947ad745ab89efc
52741e30da032dcfe98b
e9cfa58b61b896745230
07214b658f56789abcde
70563c12f8210fedcba9
9eb8d2fc16cfe1032547
dafc96b8528ba5476103
43650f21cb123cdef89a
f8deb49a70a987654321
07214b658f56789abcde
52741e30da032dcfe98b
ad8be1cf25fcd2301674
8fa9c3ed07def0123456
cbed87a9439ab4567012
16305a749e47698badcf
16305a749e47698badcf
61472d03e9301efcdab8
cbed87a9439ab4567012
43650f21cb123cdef89a
25036947ad745ab89efc
8fa9c3ed07def0123456
34127856bc654ba98fed
16305a749e47698badcf
52741e30da032dcfe98b
43650f21cb123cdef89a
25036947ad745ab89efc
25036947ad745ab89efc
cbed87a9439ab4567012
52741e30da032dcfe98b
16305a749e47698badcf
61472d03e9301efcdab8
61472d03e9301efcdab8
25036947ad745ab89efc
e9cfa58b61b896745230
dafc96b8528ba5476103
bc9af0de34edc3210765
bc9af0de34edc3210765
34127856bc654ba98fed
25036947ad745ab89efc
8fa9c3ed07def0123456
07214b658f56789abcde
43650f21cb123cdef89a