D X 431 1
D Z 206 2
A X 720 3
B Y 782 4
C W 229 5
B W 475 6
B Z 652 7
A Z 871 8
C Y 93 9
A Z 230 10
D Z 39 11
B Y 18 12
C X 438 13
D Z 402 14
C Y 37 15
A X 537 16
C Y 824 17
C X 85 18
D X 236 19
C X 384 20
C Y 817 21
A X 346 22
B W 721 23
D Y 271 24
D X 341 25
B X 816 26
C Y 957 27
B W 206 28
A W 164 29
D Y 179 30
D X 381 31
A Y 266 32
D Y 233 33
A W 741 34
B Y 41 35
A X 114 36
B Y 103 37
B W 266 38
A X 508 39
D X 421 40
B Y 5 41
C W 132 42
A Z 976 43
A X 200 44
D Y 997 45
A Z 109 46
D W 925 47
D X 478 48
C W 782 49
C Y 718 50
B X 136 51
D Z 960 52
C W 868 53
D W 767 54
A W 680 55
C W 506 56
B Y 1097 58
C Z 963 59
A X 865 60
D W 809 61
C Z 320 62
B Y 742 63
D Y 209 64
A X 176 65
B Z 465 66
D W 308 67
C Z 806 68
C X 701 69
A X 253 70
D X 622 71
A W 168 72
C Z 529 73
A Y 937 74
C Z 842 75
D Z 320 76
B X 799 77
D Z 237 78
B X 68 79
D Z 1329 81
A X 680 82
A Y 266 83
C Y 247 84
B X 109 85
A W 943 88
C Z 403 89
C W 801 90
C Y 250 91
B W 54 92
C X 882 93
B Z 739 94
A X 287 95
B W 888 96
A W 272 97
B Z 408 98
B X 788 99
B Y 380 100
A Y 539 101
D W 799 102
A X 452 103
B W 11 104
B Y 1005 106
B Z 455 107
B W 328 108
B Z 353 109
C W 467 110
B X 2 111
A Y 475 112
C Y 1201 114
C X 755 115
A W 979 116
D W 669 117
A Z 666 118
A X 954 119
A Z 164 120
C Y 99 121
A Z 1286 123
A X 742 124
A Y 713 125
D Z 653 126
C Z 516 127
B Z 541 128
B X 716 129
C X 778 130
D Z 272 131
A Y 193 132
D Z 942 133
D Y 1438 135
B W 653 136
A Z 254 137
D X 1049 139
B X 969 140
A W 908 141
B Y 474 142
C W 621 143
D Z 246 144
C W 266 145
D W 92 146
B X 821 147
A Z 635 148
A W 436 149
B X 215 150
B W 960 151
D X 854 152
D Y 434 153
B X 28 154
C W 780 155
A W 583 156
B X 826 157
D Y 579 158
B Y 728 159
A X 978 160
B Y 144 162
D Y 355 163
A Y 735 164
A X 23 165
D Z 601 166
D X 101 167
C W 979 168
C Z 377 169
A X 907 170
D Z 168 171
A Y 339 172
B W 6 173
A Y 718 174
A W 429 175
D Z 129 176
D W 802 177
C Z 311 178
C W 370 179
A X 387 180
C Z 186 182
B Z 215 183
C Z 847 184
D W 430 185
C W 366 186
A X 857 187
C W 514 188
B Y 563 189
A Z 621 190
A X 1515 192
B X 221 193
D X 303 195
A W 13 196
C Z 450 197
B Y 550 198
B X 807 199
B Y 688 200
A Y 840 201
C X 333 202
C Z 558 203
B W 744 204
D X 518 205
B Z 372 206
A X 284 207
C X 513 208
B Y 412 209
C Y 925 210
C Z 637 211
B Y 942 212
B W 433 213
B Z 349 214
B X 952 216
C Y 956 217
C Z 910 218
A W 186 219
D X 856 220
D W 347 221
A Z 959 222
A W 745 223
D Y 395 224
C Z 208 225
D Y 259 226
D Z 724 227
A X 640 228
C X 1449 230
B W 648 231
C W 987 232
B Z 862 233
C W 224 234
B W 659 235
B Y 569 236
B X 631 237
A Z 478 238
B X 525 239
A X 509 240
D W 48 241
C W 958 242
A W 588 243
B W 561 244
C X 231 245
C W 812 246
D Z 772 247
B Y 619 248
B X 385 249
D Z 395 250
C X 677 251
B X 210 252
C X 908 253
A Y 134 254
C W 2 255
B W 1118 257
A Y 857 258
D Y 608 259
B Y 605 260
B Z 922 262
D Y 824 263
B Z 633 264
B Y 457 266
B Z 942 267
D W 278 268
A X 354 269
B W 589 270
A Y 117 271
A Z 3 272
B X 799 273
C X 855 274
D Y 110 275
C X 520 276
A X 203 277
A W 427 278
C Y 268 279
A X 139 280
B Y 902 281
A W 694 282
B X 818 283
C Y 604 284
B X 374 285
B W 921 286
D Y 790 287
B W 557 288
C W 964 289
D W 577 290
C Z 397 291
B Z 761 292
C X 905 293
C W 1769 295
D Y 989 296
D Z 97 297
B X 290 298
A Y 302 299
D Z 36 300
C X 269 301
D Z 431 302
A W 767 304
B X 977 305
C Z 85 306
A Z 597 307
B X 196 308
D Z 952 309
B X 114 310
D X 274 311
C Z 507 312
B X 100 313
C Z 48 314
B W 482 315
A W 74 316
D Z 227 317
A X 52 318
C Y 915 319
A Z 11 320
A W 95 321
C X 429 322
B Z 279 323
A W 501 325
C Y 54 326
A Y 844 327
D Z 524 328
C Z 243 329
D Z 621 330
D Y 702 331
B W 974 332
C Z 846 333
C X 156 334
B Y 737 335
B Z 206 336
D Z 860 337
B X 72 338
B Y 619 339
D W 492 340
C W 125 341
B W 404 342
A Z 145 343
D X 568 344
B Z 994 345
B W 506 346
B X 44 347
D X 1011 349
D W 296 350
C Y 596 351
A W 711 352
B X 847 353
C Y 174 354
C Z 966 355
A W 25 356
B W 303 357
D Y 832 358
C Y 841 359
B Y 18 360
A Z 243 361
D W 868 362
A X 819 363
A W 636 364
D W 176 365
B Y 540 366
A Z 290 367
B X 586 368
C W 195 369
B Y 493 370
A W 157 371
D Z 247 372
A W 471 373
C Y 111 374
B Y 848 375
B Z 912 376
D W 458 377
A Y 289 378
C Z 47 379
D Z 886 380
B Y 973 381
D W 241 382
C W 409 383
A Y 24 384
B Z 111 385
A Y 623 386
C Z 653 387
D W 373 388
D Z 594 389
A Y 46 390
D X 203 391
B Z 148 392
B W 130 393
D Z 44 394
A W 889 395
B Y 133 396
C Y 949 397
A W 566 398
C Z 150 399
D W 965 400
D Z 969 402
A X 968 403
B X 435 404
D Z 367 405
A Z 133 406
B W 626 407
A Z 606 408
B Y 780 409
A X 184 410
D W 866 411
A X 781 412
C X 878 413
D Z 191 414
C X 236 415
B X 496 416
A Y 73 417
C Y 552 418
A Y 672 419
B Y 903 420
B W 83 421
B Z 588 422
D X 259 423
A Y 412 424
B Y 338 425
B X 444 426
A Y 246 427
B Z 152 428
D W 164 429
C X 765 430
A Z 766 431
C Z 299 432
B Z 560 433
D Y 502 434
C Y 735 436
D W 93 437
A W 911 438
A X 640 439
C Z 946 440
C X 457 441
D W 526 442
D Z 984 443
C Z 468 444
B W 965 445
B Y 330 446
A X 295 447
A Y 589 448
B W 466 449
D Z 127 450
D Y 649 451
A Z 542 452
A X 155 453
B W 890 454
A X 730 455
A Z 358 456
C Y 150 457
A X 900 459
D Y 994 460
B X 98 461
C X 759 462
C Y 882 463
A Z 504 464
D Y 208 465
D Z 347 467
C W 605 468
D Y 831 469
A Y 517 470
A Z 547 471
D W 388 472
A X 879 473
B W 814 474
C X 1997 477
D Z 229 478
B Y 534 479
C W 777 480
C Z 389 481
D X 466 483
B W 786 484
C Y 914 485
A X 878 487
D Y 975 488
D W 795 489
C W 524 490
C Y 908 491
D Y 170 492
B Y 341 493
B W 358 494
B X 855 495
C Y 341 496
D Z 818 497
A W 503 498
A Y 516 499
D Y 518 500
D W 921 501
A W 458 502
B Z 454 503
A W 949 504
C Y 338 505
B Y 911 506
C W 157 507
B Z 626 508
A Y 781 510
C Z 852 511
A Y 516 512
A W 761 513
C Z 718 514
B W 135 515
D Z 197 516
D Y 429 517
D W 270 518
C W 291 519
D X 957 520
D Z 612 521
D X 82 522
A Z 577 523
C W 767 524
C Y 392 525
A X 860 526
D X 484 527
D W 178 528
A W 211 529
B Y 1217 531
A X 560 532
A W 91 533
D X 2 534
B X 491 535
A X 892 537
A W 660 539
C X 439 540
B X 675 542
A X 557 543
C X 176 544
C W 485 545
B W 665 547
B X 1080 549
A Y 643 550
C X 647 551
A W 463 552
B Y 166 553
A Z 358 554
D Z 417 555
A Y 117 556
A W 789 557
D Y 563 558
C Z 88 559
A W 679 560
B Z 559 561
D Z 711 562
A W 578 563
C X 878 564
C Z 737 565
C W 536 566
D Z 576 567
D W 599 568
B Y 907 569
B Z 843 570
B W 385 571
A W 71 572
D Z 713 573
C Z 605 574
A Z 629 575
B X 155 576
C X 145 577
A W 1156 579
A Y 517 580
B Y 850 581
D X 332 582
B Y 1360 584
A X 980 585
D X 337 586
D Y 652 587
D Z 643 588
A Y 388 589
C Z 137 590
B Z 469 591
D Z 150 592
C X 281 593
B Y 483 594
D W 65 595
B Z 329 596
D X 58 597
A Y 933 598
C Z 236 599
D Y 68 600
B X 592 601
B Y 293 602
C Y 952 603
D Y 159 604
C W 439 605
A X 3 606
A Y 514 607
B W 285 608
C W 541 609
D Y 768 610
B Z 712 611
A Y 788 612
C W 26 613
C Z 344 614
D X 530 615
B W 171 616
A W 411 617
B Z 348 618
B W 552 619
A Y 692 620
B X 278 621
C Z 784 622
D Z 892 623
D Y 416 624
B X 372 625
D W 935 626
B W 187 627
A Y 644 628
B Z 477 629
D X 71 630
C W 626 631
C Y 509 632
D Z 989 633
C Y 591 634
D X 839 635
C W 209 636
B X 617 637
D Z 926 638
B W 1296 640
C Y 252 641
C W 696 642
B Y 434 643
C W 52 644
C Z 3 645
D W 318 646
B Z 366 647
B W 456 649
C Y 818 650
A X 72 651
C Z 341 652
B X 332 653
D X 249 654
C X 125 655
B Z 380 656
C Y 10 657
D Z 744 658
A X 852 659
B X 925 660
D Z 469 661
D X 692 662
B W 656 663
B X 761 664
C W 60 665
B Z 839 666
C Z 345 667
A Z 663 668
D X 849 669
C Z 884 670
D Y 147 671
C X 262 672
B Y 917 673
B W 337 674
A Y 7 675
D X 266 676
D Y 562 677
B Y 691 678
C W 928 679
D Z 923 680
D W 195 681
A W 70 682
C Y 557 683
C X 806 684
A Y 826 685
B Z 165 686
C Y 646 687
D X 490 688
C Z 1608 690
D Y 136 691
C Y 234 692
D Y 467 693
B W 115 694
B X 678 695
A X 172 696
D W 950 697
A Y 530 698
A W 891 699
C X 23 700
A Y 798 701
A W 498 702
A Z 780 703
B W 305 704
A Z 703 705
B Z 487 706
A Y 362 707
C X 419 708
B W 412 709
C Y 39 710
C X 140 711
A X 53 712
B Y 917 713
B W 852 714
D Y 632 716
B Y 269 717
B W 717 718
D W 407 719
D Y 275 720
C Z 345 721
B W 941 722
A W 723 723
D Y 278 724
D Z 252 725
B Z 963 726
A Y 70 727
B X 634 728
C Z 929 729
A X 724 730
D Z 56 731
D W 684 732
A Z 549 733
B Z 608 734
B X 285 735
A W 392 736
B Y 38 737
B Z 852 738
A X 219 739
D X 585 740
C Z 339 741
D W 805 742
B Z 593 743
C Z 416 744
A X 830 745
B W 462 746
D X 333 747
B W 474 748
C W 973 749
D Y 689 750
C X 822 751
A Z 455 752
B W 753 753
B Z 307 754
A W 438 755
D Y 790 756
B X 275 757
D Y 994 758
B X 182 759
B W 977 760
A W 947 761
D W 656 763
A Z 999 764
D Z 556 765
C Y 234 766
B Y 153 768
C Y 644 769
D X 350 770
B W 70 771
B X 417 772
D Z 62 773
D Y 958 774
C Z 357 775
D X 71 776
A Y 593 777
D Z 691 778
C X 611 779
B W 86 780
D W 1562 782
A X 643 783
B X 349 784
C Y 460 785
C X 35 786
B Z 159 787
C X 700 788
C Z 776 789
B Z 839 790
A X 45 791
C W 414 792
D Y 600 793
B Z 765 794
A Y 121 795
D W 518 796
B W 758 797
D X 2298 801
B Z 122 802
B X 93 803
C W 23 804
A X 866 805
A W 33 806
D X 415 807
A Z 657 808
A Y 908 809
D Z 119 810
B Z 859 811
D X 430 812
C Y 690 814
B W 640 815
D W 501 816
B X 88 817
D W 919 818
A X 865 819
D Z 83 820
B X 181 821
A Y 258 822
B X 639 823
C X 266 824
A Z 293 825
D X 805 826
A Z 715 827
A Y 608 828
C Z 104 829
B W 843 830
A Z 775 831
A X 396 832
B Z 533 833
A X 43 834
A Y 558 835
A Z 746 836
B W 969 837
A Z 57 838
C W 259 839
B X 74 840
D Z 276 841
C X 1174 843
B Y 380 844
A Z 347 845
A X 264 847
D Y 768 848
C Y 907 849
A X 717 850
B Z 706 851
D X 176 852
A Y 873 853
C W 694 854
D Y 195 855
A Y 802 856
B Z 206 857
B X 70 858
A Y 825 859
C W 347 860
A Y 23 861
A Z 233 862
B Z 305 863
D Y 282 864
C Z 604 865
B X 697 866
C Y 336 867
A Z 842 868
D X 700 869
C X 536 870
A Z 128 871
D Z 406 872
C X 1 873
C Y 91 874
B Y 275 875
D Z 345 876
D W 860 877