B Y 179 1
A Y 461 2
D Y 981 3
D W 901 4
A X 182 5
D X 831 6
C X 272 7
D W 953 8
A W 305 9
C X 51 10
A Y 621 11
B Y 945 12
C W 198 13
B W 839 14
A X 240 15
C X 1105 17
A X 1489 19
D Z 592 20
D W 112 21
D X 678 22
C X 384 23
B X 387 24
D X 177 25
A X 651 26
C Y 266 27
A X 588 28
B Y 216 29
C Y 7 30
A W 407 31
C Z 995 33
B X 53 34
D X 755 35
D Z 51 36
C X 464 37
A X 801 38
D Z 651 39
B X 854 40
D X 921 41
A Z 746 42
C W 2230 45
D X 182 46
A Y 966 47
B Y 201 48
A W 322 49
D Z 943 50
D X 414 51
A Y 923 52
C W 981 53
A Z 485 54
C W 965 55
D Y 139 56
A Z 649 58
B Z 806 59
A W 193 60
D Z 845 61
A W 151 62
D Z 580 63
A Z 148 64
C X 665 66
D X 5 67
D W 965 69
D Z 208 70
C Y 898 71
C Z 347 72
B Z 766 73
A Y 402 74
C Z 473 75
A W 453 76
D Y 669 77
B Y 635 78
D Y 237 80
B X 162 81
B Z 251 82
B W 536 83
D Y 489 84
C Z 942 85
D X 781 86
C Y 222 87
B Y 204 88
B Z 6 89
B Y 1775 91
A Y 342 92
D Y 589 93
D W 1361 95
C Z 221 96
B Y 653 97
B W 449 98
C Z 302 99
B W 1284 101
D X 284 102
A Z 560 103
B Y 851 104
A X 948 105
C X 229 106
A Z 259 107
A Y 1901 109
C X 355 110
B Y 584 111
A Y 855 112
A X 900 113
A Z 284 114
A X 937 115
B Z 799 116
B X 1255 118
B Y 373 119
C W 61 120
B X 811 121
D Z 805 122
B Y 187 123
A Y 129 124
C Y 835 125
B Z 342 126
C W 100 127
C X 71 128
D Y 512 129
B X 815 130
A Z 549 131
A X 240 132
D X 498 133
C W 923 135
C Z 149 136
C Y 513 137
A W 235 138
B X 460 139