A W 900 1
A Z 293 2
D Y 574 3
C X 995 4
D Y 876 5
A Z 17 6
C X 976 7
D X 166 8
B W 959 9
C W 883 10
C Z 445 11
B Z 823 12
A Y 229 13
D W 216 14
B X 479 15
C Z 452 16
A Z 926 17
B Z 1188 19
D Y 369 20
C Y 446 21
A W 359 22
D X 190 23
B W 455 24
A Z 309 25
D W 768 26
A X 135 27
D W 960 28
C W 559 29
A Y 173 30
C Z 981 31
D W 1297 33
B Z 585 34
A W 704 35
A Y 632 36
D Y 602 37
B X 446 38
A W 852 39
A Y 992 40
D W 558 41
C X 754 42
D Y 565 44
B W 1264 46
D X 432 47
C Y 1398 50
B Z 653 51
D X 54 52
B Z 960 53
D W 412 54
C Y 625 55
B X 278 56
C X 487 57
B Z 503 58
A Z 358 59
B Z 812 60
A Z 585 61
D Y 322 62
A Z 823 63
A Y 897 64
B Y 813 65
A Z 235 66
B W 557 67
A W 551 68
C Z 477 69
D W 977 71
B W 493 72
B X 645 73
C W 598 74
A W 693 75
B X 926 77
B Z 534 78
A Y 1273 80
C X 294 81
D Z 152 82
B W 314 83
B Z 218 84
C W 495 85
D W 42 86
A Y 498 87
C Y 237 88
A Z 682 89
B X 460 90
B Z 893 91
B X 433 92
B Y 653 93
C X 18 94
B W 761 95
B Z 390 96
B Y 376 97
D Y 927 98
C X 438 99
C Y 171 100
D Z 198 101
B Z 3 102
B Y 397 103
C Z 799 104
D X 412 105
C Y 882 106
C X 399 107
A X 731 108
D X 719 109
B X 356 110
C Z 241 111
A Z 438 112
C W 115 113
D Y 264 114
C Y 70 115
C W 955 116
D Y 213 117
B W 631 118
D Z 240 119
B X 795 120
C Z 526 121
A W 190 122
C Y 415 123
B Z 415 125
B W 510 126
C Y 946 127
C W 587 128
A Z 180 129
D X 943 130
A W 496 131
B Z 351 132
D X 40 133
A W 225 134
B Y 719 135
A Y 1603 137
A W 403 138
D X 87 139
B Y 962 140
B W 433 141
D Z 379 142
C W 49 143
A Y 790 145
B Z 880 146
C Y 950 147
C Z 972 148
A W 190 149
A Z 274 150
B Z 2285 153
D Y 839 154
B W 201 155
C Y 997 156
D W 823 157
A W 959 159
C X 596 160
D Z 30 161
C Z 393 162
A Z 324 163
B W 835 164
C Z 4 165
D X 681 166
A X 862 167
D X 87 168
B X 982 169
C Z 342 170
C Y 564 171
D X 725 172
D W 785 173
B Y 666 174
A Z 873 175
D Z 827 176
D X 650 177
D Z 623 178
A Z 993 179
A W 175 180
B Z 839 181
C W 198 182
D Y 739 183
A W 75 184
A X 89 185
D W 146 186
D X 373 187
A W 515 188
D W 826 189
D Z 72 190
A Y 340 191
D W 948 192
D Z 386 193
C W 72 194
C X 907 195
D Z 379 196
D Y 882 197
C Y 251 198
B W 760 199
D Z 629 200
A X 948 201
C Z 393 202
C W 817 203
B Z 818 205
C Y 572 206
B X 963 207
C Z 532 208
B Y 810 209
B Z 285 210
D W 30 211
B Z 26 212
B X 877 214
B Z 769 215
C X 351 216
B X 319 217
A Z 667 218
A Y 81 219
C W 241 220
B Z 989 221
A Z 708 222
A Y 292 223
A W 36 224
D W 600 225
D X 878 226
C W 769 227
A Z 697 228
D W 1000 229
B Z 55 230
D Y 244 231
B Y 344 232
D Y 138 233
A W 639 234
D W 433 235
B Z 446 236
A Y 215 237
B X 895 238
C Z 906 239
A W 817 240
C Y 917 241
D Z 1352 243
A Z 334 244
B Z 786 245
C W 572 246
D Y 137 247
C Z 879 248
B X 611 249
D W 624 250
C X 376 251
A X 22 252
B X 279 253
A Y 70 254
A X 722 255
C X 42 256
B Z 115 257
D W 906 258
A W 661 259
D Y 941 260
B Y 676 262
C Z 386 263
D Y 495 264
B Z 185 265
D Z 565 266
C W 317 267
C X 485 268
A Z 313 269
D W 1696 271
D Z 546 272
B X 369 273
D Z 333 274
C Z 236 275
D Z 139 276
C Y 874 277
C X 134 278
C Y 870 279
C Z 408 280
D W 737 281
B X 806 282
A Z 968 283
B Y 781 284
C Y 400 285
D W 322 286
A W 802 287
C Z 932 288
C W 1187 290
B X 357 291
C W 657 292
C Z 853 293
D W 366 294
C X 369 295
A X 715 296
B Y 690 297
B W 531 298
A Y 179 299
A W 983 300
A Y 625 301
B W 863 302
B Y 1600 304
D W 484 305
C W 1036 307
D W 204 308
C Z 425 309
B W 1004 311
C W 852 312
A X 498 313
B W 335 314
C Y 74 315
C Z 860 316
A Z 594 317
C X 1607 319
D Z 937 320
A Z 936 321
C Y 447 322
A Y 349 323
B X 105 324
D Z 945 325
D X 831 326
D Z 353 327