A X 739 1
D Z 619 2
C Y 353 3
C Z 248 4
C X 508 5
B X 842 6
A Y 446 7
D Y 1626 9
C X 120 10
B X 661 11
D X 276 12
B X 900 13
C Z 886 15
C Y 767 16
C W 724 17
D W 374 18
A Z 317 19
D W 839 20
A X 801 21
C Y 154 22
A W 184 23
D Z 403 24
A Y 57 25
B W 453 26
B Z 599 27
A W 450 28
A Z 530 29
A X 914 30
A Y 406 31
C Y 978 32
B Z 621 33
C W 456 34
A Z 780 35
A W 895 36
A Y 213 37
C Z 20 38
D W 61 39
A Y 757 40
D W 672 41
A W 289 42
C W 296 43
C Y 143 44
D Z 582 45
B W 211 46
C X 855 47
B Y 430 48
A W 350 50
A Z 744 51
D Y 314 52
C X 265 53
D Z 750 54
D W 910 55
A Y 1803 57
B Z 528 58
D W 190 59
B Y 206 60
D X 32 61
D Y 787 62
A Y 890 63
A Z 1242 65
D X 713 66
D Z 581 67
C W 230 68
D X 290 69
C Y 121 70
D Y 538 71
A Z 938 72
A Y 301 73
D W 108 74
A X 945 76
C Z 922 77
C Y 968 78
C W 653 79
A Z 1031 81
B W 744 82
C Z 228 83
C W 983 84
B Z 575 85
A X 801 86
D Y 582 87
C Y 297 88
A W 436 89
C Y 757 90
B X 983 91
B Z 974 92
A Y 126 93
D W 1118 95
B Z 333 96
A Z 451 98
D Z 349 99
B Z 305 100
B X 130 101
C X 186 102
B Y 845 103
D W 285 104
D X 356 105
B W 678 106
D Y 57 107
A X 555 108
D Y 186 109
A X 28 110
D W 858 111
B Z 67 112
A W 666 113
D Z 854 115
D X 605 116
D Z 864 117
D W 1075 119
B W 101 120
A Y 596 121
B W 992 122
C Z 746 123
B Y 895 124
A W 643 125
C W 343 126
C Z 821 127
A Z 788 129
B X 330 130
C X 429 131
B Y 333 132
A Z 672 133
B Y 249 134
C X 994 135
B X 436 136
D Z 650 137
D W 97 138
B X 72 139
B Y 542 140
D X 899 141
A X 935 142
C X 213 143
B Y 336 144
D Z 77 145
A Z 353 147
B X 997 148
A Z 282 149
B W 463 150
C W 755 151
B X 190 152
A X 914 153
C Y 373 154
A Z 1181 156
D Y 177 157
B Z 164 158
C Z 990 160
B Y 460 161
B W 1332 163
B Y 507 164
B X 239 165
A X 429 166
D Y 220 167
C W 96 168
D Y 337 169
D X 668 170
C Z 516 171
C Y 717 172
B Y 21 173
D Z 139 174
D X 298 175
D Z 91 176
D W 151 177
C Y 268 178
D Y 885 179
C Z 777 180
C W 631 181
D Y 625 182
C W 990 184
B X 186 185
A W 359 186
A Y 183 187
A X 1123 189
B W 657 190
A W 399 191
D Y 326 192
A X 776 193
B W 147 194
B Z 495 195
A Z 131 196
B Z 420 197
C X 341 198
B W 385 199
A Y 489 200
A X 461 202
D Y 365 203
C Y 793 204
D Z 326 205
B Z 971 206
A Y 486 207
C Z 319 208
B Y 676 209
A Y 723 210
A X 370 211
A W 291 212
A X 463 213
D W 209 214
C Y 704 215
A Y 317 216
C X 219 217
C Z 216 218
B W 593 219
A Z 652 220
A W 811 221
A Y 311 222
B X 34 223
A Y 360 224
D W 605 225
A X 40 226
B X 441 227
C W 171 228
A W 92 229
C Z 171 230
A W 777 231
C Z 653 232
A Y 940 233
C W 921 234
A Z 382 235
D Y 797 236
D Z 719 237
A X 699 238
A W 477 239
B W 168 240
A X 650 241
D Y 878 242
C W 517 244
B Z 484 245
B Y 536 246
A Y 126 247
B Y 904 248
D W 611 249
D X 947 250
A X 926 251
A W 691 252
D Y 401 253
A Z 470 254
D W 106 255
B Y 870 257
C W 189 258
B W 1266 260
D X 763 261
B W 829 262
A X 562 263
D Y 657 264