D Y 138 1
D W 274 2
A W 650 3
A X 949 4
C Z 584 5
D Y 652 6
D W 578 7
A Z 865 8
B X 126 9
D Y 52 10
C Y 903 11
D Z 75 12
B Z 984 13
D Z 878 14
C Z 273 15
D X 655 16
B Y 198 17
A Z 282 18
B W 343 19
B Y 894 20
D Z 797 21
A X 868 22
D Z 1134 24
B Y 874 25
C X 584 26
B X 939 27
A X 586 28
A Z 284 29
C W 6 30
D W 387 32
B Z 653 33
A X 722 34
A W 363 35
D Y 697 37
D X 579 38
A W 986 39
C Z 400 40
A X 304 41
D Y 156 42
B X 972 43
A Y 818 44
C Z 986 45
C Y 348 46
D X 403 47
C Z 266 48
A W 525 49
C X 468 50
A Z 73 51
B W 857 52
D X 437 53
C Z 133 54
C Y 611 55
B Z 232 56
D W 281 57
A Y 635 58
B Z 865 59
A W 743 60
D Z 729 61
D X 65 62
C Z 694 63
C X 679 64
A X 485 65
B Y 728 66
C Y 38 67
D Z 852 68
B X 501 69
C Y 454 70
D W 597 71
A Z 744 72
D X 242 73
C W 200 74
A Z 791 75
D Z 1413 77
C X 525 78
A W 567 79
B W 478 80
D Z 723 81
B X 1396 83
A W 299 84
D Z 914 85
A Y 927 86
A Z 466 87
A W 69 88
B Z 11 89
C Z 437 90
D X 753 91
B X 143 92
A X 471 93
B X 443 94
A Y 823 95
D W 16 96
D Z 85 97
B X 624 98
A X 241 99
D W 817 100
A X 328 101
D Z 806 102
C W 726 103
C Y 333 104
D Y 313 105
C X 675 106
D Y 906 107
B Y 361 108
A Y 198 110
D Y 139 111
D Z 882 112
A Z 155 113
C X 506 114
C Y 155 115
D X 186 116
C Y 785 117
B Z 580 118
D W 960 119
D Z 568 120
C Y 339 121
D Z 221 122
D X 81 123
D W 1458 125
D X 15 126
A X 177 127
B Y 608 128
C X 198 129
B W 806 131
D W 290 132
A Y 629 133
D Z 23 134
A W 131 135
A Z 309 136
D Z 334 137
B W 151 138
A X 158 139
C X 927 140
D W 366 141
B Z 486 142
D W 123 143
C Z 171 144
D Y 738 145
C W 79 146
C Y 332 147
D Y 295 148
B W 329 149
B Y 403 150
D Y 424 151
D W 575 152
A X 17 153
C Z 846 154
D Y 294 155
A W 454 156
D W 727 157
C Y 983 158
B X 240 159
C Z 512 160
D Y 469 161
D W 305 162
B Z 596 163
B Y 693 164
A Z 322 165
B X 718 166
A W 599 167
A Y 496 168
D Z 134 169
D Y 711 170
C X 1566 173
B W 1175 175
D Y 927 176
A W 914 177
C W 872 178
B Z 4 179
A W 169 180
D Z 1432 182
A W 608 183
B Y 661 184
D W 383 185
B X 469 186
D Y 259 187
B Z 497 188
C Z 825 189
D X 523 191
B Z 742 192
C Y 964 193
C W 343 194
C Y 240 195
A X 310 196
B Z 318 197
A Y 212 198
C Z 952 199
B Y 341 200
D Y 681 201
A X 912 203
C X 547 204
D Z 670 205
C X 491 206
A Z 823 207
D X 382 208
C Z 946 209
D X 370 210
D W 223 211
B Z 656 212
C W 556 213
C Y 718 214
A Z 985 215
B Z 596 216
C Z 781 217
A W 322 218
D X 597 219
D Y 366 220
D Z 931 221
B X 602 222
A W 423 223
D Z 31 224
B Y 130 225
B Z 303 226
A X 720 227
A W 376 228
A Y 116 229
C Z 204 230
A Z 312 231
D Y 31 232
B Y 681 233
B X 533 234
A Z 0 235
D Y 974 236
D Z 93 237
B W 996 238
C X 682 239
B X 757 240
C X 338 241
D Y 646 242
B Z 243 243
D W 374 244
B X 615 245
D X 102 246
B Z 712 247
D Y 20 248
C W 261 249
C Y 710 251
C Z 873 252
D Z 542 253
D X 741 254
C W 723 255
D Y 570 256
B X 898 257
B Y 866 258
B W 402 259
A W 953 260
C Z 636 261
C W 95 262
A X 232 263
B Y 621 264
D W 569 265
D X 799 266
D W 500 267
A Z 810 268
A Y 863 269
D W 568 270
B W 41 271
C Y 220 272
C W 176 273
B X 707 274
A Z 392 275
B Z 565 276
A Z 581 277
C Y 101 278
B W 307 279
A W 331 280
D Z 718 281
C W 344 282
A Y 784 283
D W 854 284
C X 855 285
B Z 272 286
C Z 937 287
C Y 2 288
D X 832 289
B Y 255 290
D Y 943 292
C X 258 293
B Z 940 294
D Y 1106 296
A Y 281 297
B X 428 299
D Z 830 300
A X 22 301
C W 153 302
C Y 346 303
C W 447 304
B Z 772 305
D W 303 306
A Z 798 308
B W 333 309
A Y 287 310
C W 320 311
D Z 142 312
A W 71 313
C Z 287 314
A Z 754 315
D X 481 316
B Y 876 317
D W 771 318
B Z 287 319
D X 285 320
C X 385 321
B Y 491 322
C Y 191 323
D Y 362 324
D W 833 325
C W 672 326
B W 841 327
C X 499 328
B Z 980 329
D W 539 330
B Y 987 331
C Y 450 332
B Y 834 333
A X 696 334
D X 825 335
C Z 1566 337
D Y 415 338
B W 508 339
D W 733 340
A W 118 341
A Y 470 343
A X 1224 345
D W 402 346
A W 672 347
D X 424 348
A Y 401 349
C Y 1372 351
B W 821 353
D W 592 354
A Y 58 355
B Y 236 356
A X 644 357
C Y 81 358
D X 640 359
D Z 917 360
B Z 798 362
A Z 844 363
A Y 364 364
D Z 599 365
B Z 348 366
A Y 939 367
B X 893 368
A Z 710 369
D W 537 370
D Y 260 371
B Y 845 372
B W 965 373
D X 862 374
B Z 299 375
B X 605 377
B Z 79 378
A Y 630 379
C Y 766 380
A Y 930 381
D Y 925 382
C Z 462 383
D X 890 384
A Y 48 385
C Y 355 386
C Z 785 388
D Z 216 389
D W 264 390
A W 276 391
B Y 863 392
D X 425 393
C Y 943 394
A W 149 395
A X 619 396
D X 703 397
A W 142 398
A Z 979 399
B X 136 400
A X 847 401
B W 347 402
B X 973 403
C W 908 404
C Z 265 405
B W 313 406
D W 766 407
A Z 159 408
C Z 308 409
D Y 841 410
B Z 816 411
C Z 210 412
C X 481 413
B Y 111 414
C Z 628 415
B Z 40 416
C Z 260 417
B Y 964 418
C W 171 419
B X 157 420
A X 861 421
C X 717 422
A Y 519 423
C X 236 424
A Y 909 425
A W 644 426
B W 958 427
A Y 303 428
A W 820 429
A Z 977 430
C W 900 431
B W 823 432
D X 855 433
D Z 769 434
D Y 470 435
C Y 846 436
C W 225 437
A X 649 438
C Y 523 439
D Y 390 440
B Z 393 441
D X 752 442
C Z 850 443
A Z 238 444
C Y 823 445
A X 503 446
B Y 254 447
B X 450 448
B Z 999 449
D X 616 450
C W 182 451
C X 137 452
D W 277 453
A W 820 454
A Y 688 455
C W 122 456
D Z 605 457
B W 605 458
C W 892 459
C Z 296 460
B W 309 461
A X 96 462
B X 45 463
C X 522 464
A W 733 465
C W 761 466
A W 683 467
B Y 776 468
A Z 432 469
D Y 398 470
B Z 112 471
D W 215 472
D Y 122 473
A W 891 474
D W 728 475
D Z 141 476