Blockchain Info:
1
Sender Name: C
Receiver Name: Y
Transaction Value: 467
Transaction timestamp: 422
2
Sender Name: A
Receiver Name: W
Transaction Value: 634
Transaction timestamp: 421
3
Sender Name: B
Receiver Name: X
Transaction Value: 353
Transaction timestamp: 420
4
Sender Name: B
Receiver Name: W
Transaction Value: 189
Transaction timestamp: 419
5
Sender Name: D
Receiver Name: W
Transaction Value: 982
Transaction timestamp: 418
6
Sender Name: D
Receiver Name: X
Transaction Value: 23
Transaction timestamp: 417
7
Sender Name: B
Receiver Name: X
Transaction Value: 849
Transaction timestamp: 416
8
Sender Name: D
Receiver Name: W
Transaction Value: 308
Transaction timestamp: 415
9
Sender Name: C
Receiver Name: Y
Transaction Value: 748
Transaction timestamp: 414
10
Sender Name: B
Receiver Name: Y
Transaction Value: 819
Transaction timestamp: 413
11
Sender Name: D
Receiver Name: W
Transaction Value: 833
Transaction timestamp: 412
12
Sender Name: D
Receiver Name: Z
Transaction Value: 968
Transaction timestamp: 411
13
Sender Name: C
Receiver Name: Z
Transaction Value: 849
Transaction timestamp: 410
14
Sender Name: A
Receiver Name: W
Transaction Value: 870
Transaction timestamp: 409
15
Sender Name: A
Receiver Name: X
Transaction Value: 440
Transaction timestamp: 408
16
Sender Name: D
Receiver Name: W
Transaction Value: 378
Transaction timestamp: 407
17
Sender Name: D
Receiver Name: W
Transaction Value: 254
Transaction timestamp: 406
18
Sender Name: C
Receiver Name: Z
Transaction Value: 134
Transaction timestamp: 405
19
Sender Name: C
Receiver Name: X
Transaction Value: 594
Transaction timestamp: 404
20
Sender Name: B
Receiver Name: Z
Transaction Value: 606
Transaction timestamp: 403
21
Sender Name: A
Receiver Name: Y
Transaction Value: 306
Transaction timestamp: 402
22
Sender Name: A
Receiver Name: Z
Transaction Value: 690
Transaction timestamp: 401
23
Sender Name: D
Receiver Name: W
Transaction Value: 215
Transaction timestamp: 400
24
Sender Name: C
Receiver Name: Y
Transaction Value: 276
Transaction timestamp: 399
25
Sender Name: C
Receiver Name: X
Transaction Value: 251
Transaction timestamp: 398
26
Sender Name: C
Receiver Name: X
Transaction Value: 725
Transaction timestamp: 397
27
Sender Name: D
Receiver Name: X
Transaction Value: 642
Transaction timestamp: 396
28
Sender Name: C
Receiver Name: X
Transaction Value: 819
Transaction timestamp: 395
29
Sender Name: B
Receiver Name: W
Transaction Value: 427
Transaction timestamp: 394
30
Sender Name: B
Receiver Name: W
Transaction Value: 108
Transaction timestamp: 393
31
Sender Name: C
Receiver Name: X
Transaction Value: 173
Transaction timestamp: 392
32
Sender Name: A
Receiver Name: X
Transaction Value: 713
Transaction timestamp: 391
33
Sender Name: D
Receiver Name: W
Transaction Value: 398
Transaction timestamp: 390
34
Sender Name: C
Receiver Name: Z
Transaction Value: 66
Transaction timestamp: 389
35
Sender Name: D
Receiver Name: X
Transaction Value: 34
Transaction timestamp: 388
36
Sender Name: C
Receiver Name: Z
Transaction Value: 297
Transaction timestamp: 387
37
Sender Name: B
Receiver Name: Z
Transaction Value: 757
Transaction timestamp: 386
38
Sender Name: C
Receiver Name: Y
Transaction Value: 197
Transaction timestamp: 385
39
Sender Name: B
Receiver Name: Y
Transaction Value: 322
Transaction timestamp: 384
40
Sender Name: C
Receiver Name: W
Transaction Value: 821
Transaction timestamp: 383
41
Sender Name: A
Receiver Name: Z
Transaction Value: 960
Transaction timestamp: 382
42
Sender Name: D
Receiver Name: Y
Transaction Value: 753
Transaction timestamp: 381
43
Sender Name: D
Receiver Name: Y
Transaction Value: 357
Transaction timestamp: 380
44
Sender Name: D
Receiver Name: Y
Transaction Value: 419
Transaction timestamp: 379
45
Sender Name: D
Receiver Name: W
Transaction Value: 289
Transaction timestamp: 378
46
Sender Name: D
Receiver Name: W
Transaction Value: 565
Transaction timestamp: 377
47
Sender Name: D
Receiver Name: X
Transaction Value: 107
Transaction timestamp: 376
48
Sender Name: B
Receiver Name: Y
Transaction Value: 50
Transaction timestamp: 375
49
Sender Name: B
Receiver Name: Y
Transaction Value: 811
Transaction timestamp: 374
50
Sender Name: B
Receiver Name: Z
Transaction Value: 857
Transaction timestamp: 373
51
Sender Name: C
Receiver Name: Z
Transaction Value: 983
Transaction timestamp: 372
52
Sender Name: C
Receiver Name: W
Transaction Value: 998
Transaction timestamp: 371
53
Sender Name: C
Receiver Name: X
Transaction Value: 643
Transaction timestamp: 370
54
Sender Name: C
Receiver Name: Z
Transaction Value: 969
Transaction timestamp: 369
55
Sender Name: D
Receiver Name: Y
Transaction Value: 376
Transaction timestamp: 368
56
Sender Name: B
Receiver Name: W
Transaction Value: 887
Transaction timestamp: 367
57
Sender Name: A
Receiver Name: Z
Transaction Value: 541
Transaction timestamp: 366
58
Sender Name: A
Receiver Name: W
Transaction Value: 827
Transaction timestamp: 365
59
Sender Name: C
Receiver Name: Y
Transaction Value: 801
Transaction timestamp: 364
60
Sender Name: C
Receiver Name: W
Transaction Value: 413
Transaction timestamp: 363
61
Sender Name: D
Receiver Name: Z
Transaction Value: 698
Transaction timestamp: 362
62
Sender Name: B
Receiver Name: Z
Transaction Value: 623
Transaction timestamp: 361
63
Sender Name: D
Receiver Name: W
Transaction Value: 647
Transaction timestamp: 360
64
Sender Name: B
Receiver Name: Y
Transaction Value: 186
Transaction timestamp: 359
65
Sender Name: B
Receiver Name: W
Transaction Value: 875
Transaction timestamp: 358
66
Sender Name: D
Receiver Name: W
Transaction Value: 526
Transaction timestamp: 357
67
Sender Name: D
Receiver Name: Y
Transaction Value: 426
Transaction timestamp: 356
68
Sender Name: A
Receiver Name: X
Transaction Value: 591
Transaction timestamp: 355
69
Sender Name: C
Receiver Name: Y
Transaction Value: 597
Transaction timestamp: 354
70
Sender Name: B
Receiver Name: X
Transaction Value: 534
Transaction timestamp: 353
71
Sender Name: A
Receiver Name: Y
Transaction Value: 642
Transaction timestamp: 352
72
Sender Name: B
Receiver Name: W
Transaction Value: 897
Transaction timestamp: 351
73
Sender Name: D
Receiver Name: X
Transaction Value: 274
Transaction timestamp: 350
74
Sender Name: C
Receiver Name: X
Transaction Value: 348
Transaction timestamp: 349
75
Sender Name: B
Receiver Name: X
Transaction Value: 11
Transaction timestamp: 348
76
Sender Name: A
Receiver Name: X
Transaction Value: 840
Transaction timestamp: 347
77
Sender Name: A
Receiver Name: X
Transaction Value: 83
Transaction timestamp: 346
78
Sender Name: A
Receiver Name: X
Transaction Value: 806
Transaction timestamp: 345
79
Sender Name: D
Receiver Name: W
Transaction Value: 326
Transaction timestamp: 344
80
Sender Name: D
Receiver Name: Z
Transaction Value: 240
Transaction timestamp: 343
81
Sender Name: A
Receiver Name: Y
Transaction Value: 300
Transaction timestamp: 342
82
Sender Name: B
Receiver Name: Y
Transaction Value: 784
Transaction timestamp: 341
83
Sender Name: A
Receiver Name: W
Transaction Value: 929
Transaction timestamp: 340
84
Sender Name: A
Receiver Name: Z
Transaction Value: 735
Transaction timestamp: 339
85
Sender Name: C
Receiver Name: X
Transaction Value: 53
Transaction timestamp: 338
86
Sender Name: B
Receiver Name: Y
Transaction Value: 418
Transaction timestamp: 337
87
Sender Name: B
Receiver Name: Z
Transaction Value: 457
Transaction timestamp: 336
88
Sender Name: B
Receiver Name: Y
Transaction Value: 93
Transaction timestamp: 335
89
Sender Name: B
Receiver Name: X
Transaction Value: 949
Transaction timestamp: 334
90
Sender Name: D
Receiver Name: Z
Transaction Value: 847
Transaction timestamp: 333
91
Sender Name: A
Receiver Name: W
Transaction Value: 272
Transaction timestamp: 332
92
Sender Name: A
Receiver Name: Y
Transaction Value: 331
Transaction timestamp: 331
93
Sender Name: A
Receiver Name: Z
Transaction Value: 766
Transaction timestamp: 330
94
Sender Name: C
Receiver Name: W
Transaction Value: 224
Transaction timestamp: 329
95
Sender Name: C
Receiver Name: W
Transaction Value: 270
Transaction timestamp: 328
96
Sender Name: A
Receiver Name: X
Transaction Value: 574
Transaction timestamp: 327
97
Sender Name: B
Receiver Name: Y
Transaction Value: 572
Transaction timestamp: 326
98
Sender Name: A
Receiver Name: Z
Transaction Value: 663
Transaction timestamp: 325
99
Sender Name: B
Receiver Name: Y
Transaction Value: 362
Transaction timestamp: 324
100
Sender Name: D
Receiver Name: Z
Transaction Value: 540
Transaction timestamp: 323
101
Sender Name: C
Receiver Name: W
Transaction Value: 326
Transaction timestamp: 322
102
Sender Name: A
Receiver Name: X
Transaction Value: 962
Transaction timestamp: 321
103
Sender Name: C
Receiver Name: X
Transaction Value: 10
Transaction timestamp: 320
104
Sender Name: B
Receiver Name: X
Transaction Value: 232
Transaction timestamp: 319
105
Sender Name: D
Receiver Name: X
Transaction Value: 487
Transaction timestamp: 318
106
Sender Name: C
Receiver Name: Y
Transaction Value: 978
Transaction timestamp: 317
107
Sender Name: A
Receiver Name: Y
Transaction Value: 586
Transaction timestamp: 316
108
Sender Name: A
Receiver Name: X
Transaction Value: 881
Transaction timestamp: 315
109
Sender Name: B
Receiver Name: Z
Transaction Value: 212
Transaction timestamp: 314
110
Sender Name: C
Receiver Name: W
Transaction Value: 919
Transaction timestamp: 313
111
Sender Name: A
Receiver Name: Y
Transaction Value: 643
Transaction timestamp: 312
112
Sender Name: D
Receiver Name: Y
Transaction Value: 265
Transaction timestamp: 311
113
Sender Name: A
Receiver Name: Z
Transaction Value: 889
Transaction timestamp: 310
114
Sender Name: B
Receiver Name: Z
Transaction Value: 304
Transaction timestamp: 309
115
Sender Name: A
Receiver Name: Z
Transaction Value: 766
Transaction timestamp: 308
116
Sender Name: D
Receiver Name: Z
Transaction Value: 724
Transaction timestamp: 307
117
Sender Name: C
Receiver Name: Y
Transaction Value: 427
Transaction timestamp: 306
118
Sender Name: D
Receiver Name: Z
Transaction Value: 395
Transaction timestamp: 305
119
Sender Name: C
Receiver Name: W
Transaction Value: 403
Transaction timestamp: 304
120
Sender Name: D
Receiver Name: Y
Transaction Value: 611
Transaction timestamp: 303
121
Sender Name: D
Receiver Name: W
Transaction Value: 520
Transaction timestamp: 302
122
Sender Name: C
Receiver Name: W
Transaction Value: 665
Transaction timestamp: 301
123
Sender Name: A
Receiver Name: X
Transaction Value: 401
Transaction timestamp: 300
124
Sender Name: A
Receiver Name: Z
Transaction Value: 852
Transaction timestamp: 299
125
Sender Name: B
Receiver Name: Y
Transaction Value: 155
Transaction timestamp: 298
126
Sender Name: C
Receiver Name: Y
Transaction Value: 596
Transaction timestamp: 297
127
Sender Name: C
Receiver Name: X
Transaction Value: 944
Transaction timestamp: 296
128
Sender Name: A
Receiver Name: Z
Transaction Value: 209
Transaction timestamp: 295
129
Sender Name: D
Receiver Name: Y
Transaction Value: 514
Transaction timestamp: 294
130
Sender Name: C
Receiver Name: Y
Transaction Value: 401
Transaction timestamp: 293
131
Sender Name: D
Receiver Name: X
Transaction Value: 406
Transaction timestamp: 292
132
Sender Name: C
Receiver Name: X
Transaction Value: 349
Transaction timestamp: 291
133
Sender Name: A
Receiver Name: X
Transaction Value: 693
Transaction timestamp: 290
134
Sender Name: A
Receiver Name: X
Transaction Value: 394
Transaction timestamp: 289
135
Sender Name: D
Receiver Name: X
Transaction Value: 308
Transaction timestamp: 288
136
Sender Name: B
Receiver Name: Y
Transaction Value: 742
Transaction timestamp: 287
137
Sender Name: A
Receiver Name: X
Transaction Value: 349
Transaction timestamp: 286
138
Sender Name: D
Receiver Name: W
Transaction Value: 428
Transaction timestamp: 285
139
Sender Name: A
Receiver Name: Z
Transaction Value: 347
Transaction timestamp: 284
140
Sender Name: C
Receiver Name: W
Transaction Value: 58
Transaction timestamp: 283
141
Sender Name: C
Receiver Name: W
Transaction Value: 372
Transaction timestamp: 282
142
Sender Name: C
Receiver Name: X
Transaction Value: 117
Transaction timestamp: 281
143
Sender Name: C
Receiver Name: Y
Transaction Value: 271
Transaction timestamp: 280
144
Sender Name: A
Receiver Name: X
Transaction Value: 691
Transaction timestamp: 279
145
Sender Name: A
Receiver Name: Z
Transaction Value: 840
Transaction timestamp: 278
146
Sender Name: C
Receiver Name: W
Transaction Value: 293
Transaction timestamp: 277
147
Sender Name: B
Receiver Name: W
Transaction Value: 629
Transaction timestamp: 276
148
Sender Name: B
Receiver Name: Z
Transaction Value: 521
Transaction timestamp: 275
149
Sender Name: B
Receiver Name: Z
Transaction Value: 369
Transaction timestamp: 274
150
Sender Name: C
Receiver Name: W
Transaction Value: 339
Transaction timestamp: 273
151
Sender Name: B
Receiver Name: W
Transaction Value: 598
Transaction timestamp: 272
152
Sender Name: A
Receiver Name: Y
Transaction Value: 603
Transaction timestamp: 271
153
Sender Name: C
Receiver Name: X
Transaction Value: 820
Transaction timestamp: 270
154
Sender Name: B
Receiver Name: Z
Transaction Value: 971
Transaction timestamp: 269
155
Sender Name: A
Receiver Name: X
Transaction Value: 509
Transaction timestamp: 268
156
Sender Name: A
Receiver Name: Z
Transaction Value: 721
Transaction timestamp: 267
157
Sender Name: A
Receiver Name: W
Transaction Value: 288
Transaction timestamp: 266
158
Sender Name: D
Receiver Name: X
Transaction Value: 490
Transaction timestamp: 265
159
Sender Name: B
Receiver Name: X
Transaction Value: 103
Transaction timestamp: 264
160
Sender Name: D
Receiver Name: Z
Transaction Value: 693
Transaction timestamp: 263
161
Sender Name: C
Receiver Name: X
Transaction Value: 401
Transaction timestamp: 262
162
Sender Name: B
Receiver Name: Y
Transaction Value: 853
Transaction timestamp: 261
163
Sender Name: C
Receiver Name: Z
Transaction Value: 802
Transaction timestamp: 260
164
Sender Name: A
Receiver Name: Y
Transaction Value: 343
Transaction timestamp: 259
165
Sender Name: A
Receiver Name: Y
Transaction Value: 357
Transaction timestamp: 258
166
Sender Name: B
Receiver Name: Z
Transaction Value: 857
Transaction timestamp: 257
167
Sender Name: D
Receiver Name: Y
Transaction Value: 42
Transaction timestamp: 256
168
Sender Name: B
Receiver Name: Y
Transaction Value: 6
Transaction timestamp: 255
169
Sender Name: A
Receiver Name: Z
Transaction Value: 301
Transaction timestamp: 254
170
Sender Name: A
Receiver Name: Y
Transaction Value: 545
Transaction timestamp: 253
171
Sender Name: A
Receiver Name: Y
Transaction Value: 597
Transaction timestamp: 252
172
Sender Name: D
Receiver Name: W
Transaction Value: 380
Transaction timestamp: 251
173
Sender Name: C
Receiver Name: W
Transaction Value: 289
Transaction timestamp: 250
174
Sender Name: D
Receiver Name: Z
Transaction Value: 264
Transaction timestamp: 249
175
Sender Name: D
Receiver Name: Y
Transaction Value: 863
Transaction timestamp: 248
176
Sender Name: D
Receiver Name: W
Transaction Value: 511
Transaction timestamp: 247
177
Sender Name: A
Receiver Name: Z
Transaction Value: 234
Transaction timestamp: 246
178
Sender Name: A
Receiver Name: Y
Transaction Value: 682
Transaction timestamp: 245
179
Sender Name: C
Receiver Name: Z
Transaction Value: 218
Transaction timestamp: 244
180
Sender Name: D
Receiver Name: W
Transaction Value: 480
Transaction timestamp: 243
181
Sender Name: D
Receiver Name: Z
Transaction Value: 502
Transaction timestamp: 242
182
Sender Name: A
Receiver Name: Y
Transaction Value: 267
Transaction timestamp: 241
183
Sender Name: C
Receiver Name: Z
Transaction Value: 783
Transaction timestamp: 240
184
Sender Name: C
Receiver Name: X
Transaction Value: 313
Transaction timestamp: 239
185
Sender Name: A
Receiver Name: W
Transaction Value: 5
Transaction timestamp: 238
186
Sender Name: D
Receiver Name: Y
Transaction Value: 963
Transaction timestamp: 237
187
Sender Name: C
Receiver Name: Z
Transaction Value: 651
Transaction timestamp: 236
188
Sender Name: B
Receiver Name: Y
Transaction Value: 11
Transaction timestamp: 235
189
Sender Name: C
Receiver Name: X
Transaction Value: 870
Transaction timestamp: 234
190
Sender Name: D
Receiver Name: W
Transaction Value: 229
Transaction timestamp: 233
191
Sender Name: D
Receiver Name: Z
Transaction Value: 753
Transaction timestamp: 232
192
Sender Name: A
Receiver Name: Z
Transaction Value: 517
Transaction timestamp: 231
193
Sender Name: C
Receiver Name: W
Transaction Value: 547
Transaction timestamp: 230
194
Sender Name: C
Receiver Name: Z
Transaction Value: 626
Transaction timestamp: 229
195
Sender Name: A
Receiver Name: Z
Transaction Value: 49
Transaction timestamp: 228
196
Sender Name: C
Receiver Name: Z
Transaction Value: 156
Transaction timestamp: 227
197
Sender Name: A
Receiver Name: X
Transaction Value: 295
Transaction timestamp: 226
198
Sender Name: D
Receiver Name: X
Transaction Value: 317
Transaction timestamp: 225
199
Sender Name: D
Receiver Name: W
Transaction Value: 142
Transaction timestamp: 224
200
Sender Name: D
Receiver Name: W
Transaction Value: 759
Transaction timestamp: 223
201
Sender Name: D
Receiver Name: X
Transaction Value: 287
Transaction timestamp: 222
202
Sender Name: D
Receiver Name: X
Transaction Value: 890
Transaction timestamp: 221
203
Sender Name: A
Receiver Name: Z
Transaction Value: 560
Transaction timestamp: 220
204
Sender Name: A
Receiver Name: W
Transaction Value: 811
Transaction timestamp: 219
205
Sender Name: A
Receiver Name: W
Transaction Value: 189
Transaction timestamp: 218
206
Sender Name: A
Receiver Name: Y
Transaction Value: 152
Transaction timestamp: 217
207
Sender Name: C
Receiver Name: W
Transaction Value: 205
Transaction timestamp: 216
208
Sender Name: B
Receiver Name: X
Transaction Value: 233
Transaction timestamp: 215
209
Sender Name: D
Receiver Name: X
Transaction Value: 382
Transaction timestamp: 214
210
Sender Name: D
Receiver Name: Y
Transaction Value: 955
Transaction timestamp: 213
211
Sender Name: C
Receiver Name: Y
Transaction Value: 171
Transaction timestamp: 212
212
Sender Name: B
Receiver Name: Y
Transaction Value: 495
Transaction timestamp: 211
213
Sender Name: C
Receiver Name: Y
Transaction Value: 639
Transaction timestamp: 210
214
Sender Name: C
Receiver Name: Y
Transaction Value: 168
Transaction timestamp: 209
215
Sender Name: A
Receiver Name: W
Transaction Value: 122
Transaction timestamp: 208
216
Sender Name: C
Receiver Name: X
Transaction Value: 368
Transaction timestamp: 207
217
Sender Name: D
Receiver Name: Y
Transaction Value: 450
Transaction timestamp: 206
218
Sender Name: A
Receiver Name: W
Transaction Value: 774
Transaction timestamp: 205
219
Sender Name: B
Receiver Name: W
Transaction Value: 219
Transaction timestamp: 204
220
Sender Name: C
Receiver Name: Y
Transaction Value: 987
Transaction timestamp: 203
221
Sender Name: B
Receiver Name: X
Transaction Value: 777
Transaction timestamp: 202
222
Sender Name: D
Receiver Name: Z
Transaction Value: 120
Transaction timestamp: 201
223
Sender Name: B
Receiver Name: X
Transaction Value: 561
Transaction timestamp: 200
224
Sender Name: C
Receiver Name: Z
Transaction Value: 221
Transaction timestamp: 199
225
Sender Name: D
Receiver Name: Y
Transaction Value: 623
Transaction timestamp: 198
226
Sender Name: B
Receiver Name: Z
Transaction Value: 208
Transaction timestamp: 197
227
Sender Name: A
Receiver Name: Z
Transaction Value: 695
Transaction timestamp: 196
228
Sender Name: A
Receiver Name: W
Transaction Value: 755
Transaction timestamp: 195
229
Sender Name: D
Receiver Name: X
Transaction Value: 672
Transaction timestamp: 194
230
Sender Name: A
Receiver Name: X
Transaction Value: 554
Transaction timestamp: 193
231
Sender Name: B
Receiver Name: Z
Transaction Value: 672
Transaction timestamp: 192
232
Sender Name: C
Receiver Name: Y
Transaction Value: 395
Transaction timestamp: 191
233
Sender Name: A
Receiver Name: X
Transaction Value: 930
Transaction timestamp: 190
234
Sender Name: C
Receiver Name: Z
Transaction Value: 928
Transaction timestamp: 189
235
Sender Name: A
Receiver Name: W
Transaction Value: 971
Transaction timestamp: 188
236
Sender Name: B
Receiver Name: X
Transaction Value: 917
Transaction timestamp: 187
237
Sender Name: A
Receiver Name: Y
Transaction Value: 35
Transaction timestamp: 186
238
Sender Name: D
Receiver Name: X
Transaction Value: 159
Transaction timestamp: 185
239
Sender Name: B
Receiver Name: Y
Transaction Value: 180
Transaction timestamp: 184
240
Sender Name: B
Receiver Name: W
Transaction Value: 210
Transaction timestamp: 183
241
Sender Name: B
Receiver Name: X
Transaction Value: 258
Transaction timestamp: 182
242
Sender Name: A
Receiver Name: X
Transaction Value: 149
Transaction timestamp: 181
243
Sender Name: A
Receiver Name: Y
Transaction Value: 542
Transaction timestamp: 180
244
Sender Name: B
Receiver Name: X
Transaction Value: 98
Transaction timestamp: 179
245
Sender Name: C
Receiver Name: Z
Transaction Value: 472
Transaction timestamp: 178
246
Sender Name: D
Receiver Name: X
Transaction Value: 4
Transaction timestamp: 177
247
Sender Name: A
Receiver Name: W
Transaction Value: 49
Transaction timestamp: 176
248
Sender Name: D
Receiver Name: X
Transaction Value: 31
Transaction timestamp: 175
249
Sender Name: B
Receiver Name: X
Transaction Value: 253
Transaction timestamp: 174
250
Sender Name: C
Receiver Name: X
Transaction Value: 461
Transaction timestamp: 173
251
Sender Name: A
Receiver Name: Y
Transaction Value: 797
Transaction timestamp: 172
252
Sender Name: A
Receiver Name: Y
Transaction Value: 925
Transaction timestamp: 171
253
Sender Name: A
Receiver Name: X
Transaction Value: 302
Transaction timestamp: 170
254
Sender Name: B
Receiver Name: Y
Transaction Value: 301
Transaction timestamp: 169
255
Sender Name: A
Receiver Name: Z
Transaction Value: 183
Transaction timestamp: 168
256
Sender Name: D
Receiver Name: Z
Transaction Value: 739
Transaction timestamp: 167
257
Sender Name: B
Receiver Name: W
Transaction Value: 770
Transaction timestamp: 166
258
Sender Name: B
Receiver Name: W
Transaction Value: 249
Transaction timestamp: 165
259
Sender Name: B
Receiver Name: X
Transaction Value: 120
Transaction timestamp: 164
260
Sender Name: A
Receiver Name: W
Transaction Value: 760
Transaction timestamp: 163
261
Sender Name: D
Receiver Name: Y
Transaction Value: 949
Transaction timestamp: 162
262
Sender Name: B
Receiver Name: X
Transaction Value: 304
Transaction timestamp: 161
263
Sender Name: C
Receiver Name: W
Transaction Value: 844
Transaction timestamp: 160
264
Sender Name: B
Receiver Name: X
Transaction Value: 852
Transaction timestamp: 159
265
Sender Name: C
Receiver Name: Y
Transaction Value: 346
Transaction timestamp: 158
266
Sender Name: C
Receiver Name: Z
Transaction Value: 276
Transaction timestamp: 157
267
Sender Name: A
Receiver Name: Z
Transaction Value: 255
Transaction timestamp: 156
268
Sender Name: B
Receiver Name: W
Transaction Value: 410
Transaction timestamp: 155
269
Sender Name: B
Receiver Name: W
Transaction Value: 579
Transaction timestamp: 154
270
Sender Name: D
Receiver Name: Z
Transaction Value: 452
Transaction timestamp: 153
271
Sender Name: B
Receiver Name: Z
Transaction Value: 741
Transaction timestamp: 152
272
Sender Name: D
Receiver Name: Z
Transaction Value: 240
Transaction timestamp: 151
273
Sender Name: B
Receiver Name: Z
Transaction Value: 365
Transaction timestamp: 150
274
Sender Name: C
Receiver Name: X
Transaction Value: 776
Transaction timestamp: 149
275
Sender Name: D
Receiver Name: X
Transaction Value: 987
Transaction timestamp: 148
276
Sender Name: A
Receiver Name: W
Transaction Value: 459
Transaction timestamp: 147
277
Sender Name: B
Receiver Name: X
Transaction Value: 962
Transaction timestamp: 146
278
Sender Name: C
Receiver Name: W
Transaction Value: 83
Transaction timestamp: 145
279
Sender Name: A
Receiver Name: Z
Transaction Value: 506
Transaction timestamp: 144
280
Sender Name: D
Receiver Name: X
Transaction Value: 644
Transaction timestamp: 143
281
Sender Name: A
Receiver Name: Z
Transaction Value: 281
Transaction timestamp: 142
282
Sender Name: B
Receiver Name: X
Transaction Value: 645
Transaction timestamp: 141
283
Sender Name: B
Receiver Name: Z
Transaction Value: 305
Transaction timestamp: 140
284
Sender Name: B
Receiver Name: Y
Transaction Value: 961
Transaction timestamp: 139
285
Sender Name: C
Receiver Name: X
Transaction Value: 878
Transaction timestamp: 138
286
Sender Name: A
Receiver Name: Y
Transaction Value: 470
Transaction timestamp: 137
287
Sender Name: B
Receiver Name: W
Transaction Value: 16
Transaction timestamp: 136
288
Sender Name: B
Receiver Name: Y
Transaction Value: 860
Transaction timestamp: 135
289
Sender Name: A
Receiver Name: W
Transaction Value: 100
Transaction timestamp: 134
290
Sender Name: B
Receiver Name: W
Transaction Value: 95
Transaction timestamp: 133
291
Sender Name: C
Receiver Name: W
Transaction Value: 913
Transaction timestamp: 132
292
Sender Name: B
Receiver Name: Z
Transaction Value: 806
Transaction timestamp: 131
293
Sender Name: A
Receiver Name: X
Transaction Value: 825
Transaction timestamp: 130
294
Sender Name: C
Receiver Name: Z
Transaction Value: 15
Transaction timestamp: 129
295
Sender Name: C
Receiver Name: Z
Transaction Value: 737
Transaction timestamp: 128
296
Sender Name: B
Receiver Name: W
Transaction Value: 696
Transaction timestamp: 127
297
Sender Name: D
Receiver Name: Z
Transaction Value: 130
Transaction timestamp: 126
298
Sender Name: B
Receiver Name: X
Transaction Value: 537
Transaction timestamp: 125
299
Sender Name: B
Receiver Name: Y
Transaction Value: 825
Transaction timestamp: 124
300
Sender Name: D
Receiver Name: X
Transaction Value: 453
Transaction timestamp: 123
301
Sender Name: C
Receiver Name: Z
Transaction Value: 971
Transaction timestamp: 122
302
Sender Name: A
Receiver Name: W
Transaction Value: 883
Transaction timestamp: 121
303
Sender Name: A
Receiver Name: W
Transaction Value: 624
Transaction timestamp: 120
304
Sender Name: C
Receiver Name: Y
Transaction Value: 775
Transaction timestamp: 119
305
Sender Name: C
Receiver Name: Y
Transaction Value: 956
Transaction timestamp: 118
306
Sender Name: D
Receiver Name: W
Transaction Value: 127
Transaction timestamp: 117
307
Sender Name: A
Receiver Name: X
Transaction Value: 363
Transaction timestamp: 116
308
Sender Name: D
Receiver Name: X
Transaction Value: 613
Transaction timestamp: 115
309
Sender Name: A
Receiver Name: Z
Transaction Value: 716
Transaction timestamp: 114
310
Sender Name: D
Receiver Name: Y
Transaction Value: 546
Transaction timestamp: 113
311
Sender Name: D
Receiver Name: X
Transaction Value: 628
Transaction timestamp: 112
312
Sender Name: C
Receiver Name: X
Transaction Value: 495
Transaction timestamp: 111
313
Sender Name: D
Receiver Name: Z
Transaction Value: 832
Transaction timestamp: 110
314
Sender Name: B
Receiver Name: Y
Transaction Value: 37
Transaction timestamp: 109
315
Sender Name: D
Receiver Name: Z
Transaction Value: 657
Transaction timestamp: 108
316
Sender Name: C
Receiver Name: X
Transaction Value: 931
Transaction timestamp: 107
317
Sender Name: A
Receiver Name: X
Transaction Value: 965
Transaction timestamp: 106
318
Sender Name: B
Receiver Name: X
Transaction Value: 924
Transaction timestamp: 105
319
Sender Name: C
Receiver Name: Z
Transaction Value: 374
Transaction timestamp: 104
320
Sender Name: B
Receiver Name: Z
Transaction Value: 614
Transaction timestamp: 103
321
Sender Name: C
Receiver Name: W
Transaction Value: 374
Transaction timestamp: 102
322
Sender Name: A
Receiver Name: Z
Transaction Value: 415
Transaction timestamp: 101
323
Sender Name: C
Receiver Name: W
Transaction Value: 900
Transaction timestamp: 100
324
Sender Name: C
Receiver Name: X
Transaction Value: 491
Transaction timestamp: 99
325
Sender Name: D
Receiver Name: X
Transaction Value: 504
Transaction timestamp: 98
326
Sender Name: D
Receiver Name: W
Transaction Value: 77
Transaction timestamp: 97
327
Sender Name: B
Receiver Name: X
Transaction Value: 861
Transaction timestamp: 96
328
Sender Name: C
Receiver Name: Y
Transaction Value: 868
Transaction timestamp: 95
329
Sender Name: D
Receiver Name: W
Transaction Value: 173
Transaction timestamp: 94
330
Sender Name: D
Receiver Name: W
Transaction Value: 721
Transaction timestamp: 93
331
Sender Name: D
Receiver Name: Y
Transaction Value: 50
Transaction timestamp: 92
332
Sender Name: C
Receiver Name: Z
Transaction Value: 167
Transaction timestamp: 91
333
Sender Name: C
Receiver Name: W
Transaction Value: 254
Transaction timestamp: 90
334
Sender Name: C
Receiver Name: W
Transaction Value: 218
Transaction timestamp: 89
335
Sender Name: A
Receiver Name: Z
Transaction Value: 762
Transaction timestamp: 88
336
Sender Name: A
Receiver Name: Z
Transaction Value: 818
Transaction timestamp: 87
337
Sender Name: D
Receiver Name: X
Transaction Value: 237
Transaction timestamp: 86
338
Sender Name: D
Receiver Name: Z
Transaction Value: 915
Transaction timestamp: 85
339
Sender Name: A
Receiver Name: Y
Transaction Value: 659
Transaction timestamp: 84
340
Sender Name: B
Receiver Name: Y
Transaction Value: 38
Transaction timestamp: 83
341
Sender Name: B
Receiver Name: Z
Transaction Value: 977
Transaction timestamp: 82
342
Sender Name: C
Receiver Name: W
Transaction Value: 670
Transaction timestamp: 81
343
Sender Name: D
Receiver Name: W
Transaction Value: 727
Transaction timestamp: 80
344
Sender Name: C
Receiver Name: Y
Transaction Value: 459
Transaction timestamp: 79
345
Sender Name: D
Receiver Name: W
Transaction Value: 683
Transaction timestamp: 78
346
Sender Name: A
Receiver Name: Z
Transaction Value: 725
Transaction timestamp: 77
347
Sender Name: C
Receiver Name: W
Transaction Value: 956
Transaction timestamp: 76
348
Sender Name: A
Receiver Name: Z
Transaction Value: 578
Transaction timestamp: 75
349
Sender Name: A
Receiver Name: Y
Transaction Value: 186
Transaction timestamp: 74
350
Sender Name: B
Receiver Name: W
Transaction Value: 278
Transaction timestamp: 73
351
Sender Name: C
Receiver Name: Y
Transaction Value: 552
Transaction timestamp: 72
352
Sender Name: D
Receiver Name: Y
Transaction Value: 735
Transaction timestamp: 71
353
Sender Name: D
Receiver Name: Z
Transaction Value: 515
Transaction timestamp: 70
354
Sender Name: B
Receiver Name: Y
Transaction Value: 689
Transaction timestamp: 69
355
Sender Name: C
Receiver Name: X
Transaction Value: 207
Transaction timestamp: 68
356
Sender Name: C
Receiver Name: X
Transaction Value: 868
Transaction timestamp: 67
357
Sender Name: B
Receiver Name: X
Transaction Value: 164
Transaction timestamp: 66
358
Sender Name: D
Receiver Name: Y
Transaction Value: 605
Transaction timestamp: 65
359
Sender Name: A
Receiver Name: X
Transaction Value: 871
Transaction timestamp: 64
360
Sender Name: C
Receiver Name: Y
Transaction Value: 587
Transaction timestamp: 63
361
Sender Name: D
Receiver Name: X
Transaction Value: 115
Transaction timestamp: 62
362
Sender Name: A
Receiver Name: Y
Transaction Value: 921
Transaction timestamp: 61
363
Sender Name: D
Receiver Name: Z
Transaction Value: 216
Transaction timestamp: 60
364
Sender Name: B
Receiver Name: Y
Transaction Value: 495
Transaction timestamp: 59
365
Sender Name: A
Receiver Name: W
Transaction Value: 538
Transaction timestamp: 58
366
Sender Name: B
Receiver Name: W
Transaction Value: 425
Transaction timestamp: 57
367
Sender Name: C
Receiver Name: X
Transaction Value: 782
Transaction timestamp: 56
368
Sender Name: B
Receiver Name: Z
Transaction Value: 521
Transaction timestamp: 55
369
Sender Name: A
Receiver Name: X
Transaction Value: 473
Transaction timestamp: 54
370
Sender Name: C
Receiver Name: Z
Transaction Value: 451
Transaction timestamp: 53
371
Sender Name: A
Receiver Name: Y
Transaction Value: 453
Transaction timestamp: 52
372
Sender Name: B
Receiver Name: X
Transaction Value: 613
Transaction timestamp: 51
373
Sender Name: D
Receiver Name: Z
Transaction Value: 301
Transaction timestamp: 50
374
Sender Name: B
Receiver Name: X
Transaction Value: 400
Transaction timestamp: 49
375
Sender Name: C
Receiver Name: Y
Transaction Value: 526
Transaction timestamp: 48
376
Sender Name: D
Receiver Name: W
Transaction Value: 278
Transaction timestamp: 47
377
Sender Name: D
Receiver Name: Z
Transaction Value: 63
Transaction timestamp: 46
378
Sender Name: B
Receiver Name: W
Transaction Value: 13
Transaction timestamp: 45
379
Sender Name: D
Receiver Name: W
Transaction Value: 110
Transaction timestamp: 44
380
Sender Name: D
Receiver Name: Y
Transaction Value: 667
Transaction timestamp: 43
381
Sender Name: D
Receiver Name: Y
Transaction Value: 241
Transaction timestamp: 42
382
Sender Name: C
Receiver Name: Y
Transaction Value: 601
Transaction timestamp: 41
383
Sender Name: C
Receiver Name: Z
Transaction Value: 343
Transaction timestamp: 40
384
Sender Name: A
Receiver Name: Y
Transaction Value: 53
Transaction timestamp: 39
385
Sender Name: A
Receiver Name: W
Transaction Value: 130
Transaction timestamp: 38
386
Sender Name: C
Receiver Name: W
Transaction Value: 847
Transaction timestamp: 37
387
Sender Name: A
Receiver Name: Y
Transaction Value: 940
Transaction timestamp: 36
388
Sender Name: A
Receiver Name: W
Transaction Value: 556
Transaction timestamp: 35
389
Sender Name: C
Receiver Name: X
Transaction Value: 372
Transaction timestamp: 34
390
Sender Name: C
Receiver Name: Y
Transaction Value: 185
Transaction timestamp: 33
391
Sender Name: A
Receiver Name: Z
Transaction Value: 859
Transaction timestamp: 32
392
Sender Name: A
Receiver Name: W
Transaction Value: 184
Transaction timestamp: 31
393
Sender Name: A
Receiver Name: Y
Transaction Value: 715
Transaction timestamp: 30
394
Sender Name: A
Receiver Name: Y
Transaction Value: 460
Transaction timestamp: 29
395
Sender Name: D
Receiver Name: Y
Transaction Value: 108
Transaction timestamp: 28
396
Sender Name: B
Receiver Name: X
Transaction Value: 318
Transaction timestamp: 27
397
Sender Name: C
Receiver Name: X
Transaction Value: 821
Transaction timestamp: 26
398
Sender Name: D
Receiver Name: X
Transaction Value: 605
Transaction timestamp: 25
399
Sender Name: B
Receiver Name: X
Transaction Value: 169
Transaction timestamp: 24
400
Sender Name: C
Receiver Name: Z
Transaction Value: 314
Transaction timestamp: 23
401
Sender Name: A
Receiver Name: Y
Transaction Value: 551
Transaction timestamp: 22
402
Sender Name: B
Receiver Name: W
Transaction Value: 768
Transaction timestamp: 21
403
Sender Name: B
Receiver Name: Z
Transaction Value: 627
Transaction timestamp: 20
404
Sender Name: D
Receiver Name: W
Transaction Value: 342
Transaction timestamp: 19
405
Sender Name: D
Receiver Name: Z
Transaction Value: 928
Transaction timestamp: 18
406
Sender Name: A
Receiver Name: Y
Transaction Value: 156
Transaction timestamp: 17
407
Sender Name: A
Receiver Name: W
Transaction Value: 864
Transaction timestamp: 16
408
Sender Name: D
Receiver Name: Z
Transaction Value: 984
Transaction timestamp: 15
409
Sender Name: D
Receiver Name: W
Transaction Value: 304
Transaction timestamp: 14
410
Sender Name: D
Receiver Name: X
Transaction Value: 811
Transaction timestamp: 13
411
Sender Name: A
Receiver Name: X
Transaction Value: 55
Transaction timestamp: 12
412
Sender Name: B
Receiver Name: Y
Transaction Value: 230
Transaction timestamp: 11
413
Sender Name: D
Receiver Name: W
Transaction Value: 566
Transaction timestamp: 10
414
Sender Name: C
Receiver Name: Y
Transaction Value: 174
Transaction timestamp: 9
415
Sender Name: C
Receiver Name: W
Transaction Value: 763
Transaction timestamp: 8
416
Sender Name: C
Receiver Name: Y
Transaction Value: 27
Transaction timestamp: 7
417
Sender Name: C
Receiver Name: Y
Transaction Value: 767
Transaction timestamp: 6
418
Sender Name: A
Receiver Name: X
Transaction Value: 618
Transaction timestamp: 5
419
Sender Name: A
Receiver Name: Z
Transaction Value: 210
Transaction timestamp: 4
420
Sender Name: C
Receiver Name: Z
Transaction Value: 539
Transaction timestamp: 3
421
Sender Name: D
Receiver Name: X
Transaction Value: 328
Transaction timestamp: 2
422
Sender Name: A
Receiver Name: Y
Transaction Value: 909
Transaction timestamp: 1