Blockchain Info:
1
Sender Name: A
Receiver Name: Z
Transaction Value: 866
Transaction timestamp: 457
2
Sender Name: A
Receiver Name: X
Transaction Value: 582
Transaction timestamp: 456
3
Sender Name: C
Receiver Name: Y
Transaction Value: 462
Transaction timestamp: 455
4
Sender Name: D
Receiver Name: Y
Transaction Value: 330
Transaction timestamp: 454
5
Sender Name: C
Receiver Name: Y
Transaction Value: 934
Transaction timestamp: 453
6
Sender Name: D
Receiver Name: Z
Transaction Value: 887
Transaction timestamp: 452
7
Sender Name: B
Receiver Name: X
Transaction Value: 5
Transaction timestamp: 451
8
Sender Name: C
Receiver Name: Y
Transaction Value: 257
Transaction timestamp: 450
9
Sender Name: A
Receiver Name: W
Transaction Value: 208
Transaction timestamp: 449
10
Sender Name: C
Receiver Name: Y
Transaction Value: 860
Transaction timestamp: 448
11
Sender Name: C
Receiver Name: Z
Transaction Value: 223
Transaction timestamp: 447
12
Sender Name: D
Receiver Name: X
Transaction Value: 375
Transaction timestamp: 446
13
Sender Name: B
Receiver Name: X
Transaction Value: 885
Transaction timestamp: 445
14
Sender Name: A
Receiver Name: Z
Transaction Value: 339
Transaction timestamp: 444
15
Sender Name: C
Receiver Name: W
Transaction Value: 790
Transaction timestamp: 443
16
Sender Name: B
Receiver Name: Y
Transaction Value: 317
Transaction timestamp: 442
17
Sender Name: C
Receiver Name: W
Transaction Value: 384
Transaction timestamp: 441
18
Sender Name: C
Receiver Name: Y
Transaction Value: 256
Transaction timestamp: 440
19
Sender Name: B
Receiver Name: W
Transaction Value: 194
Transaction timestamp: 439
20
Sender Name: B
Receiver Name: Y
Transaction Value: 949
Transaction timestamp: 438
21
Sender Name: B
Receiver Name: Y
Transaction Value: 335
Transaction timestamp: 437
22
Sender Name: B
Receiver Name: Z
Transaction Value: 74
Transaction timestamp: 436
23
Sender Name: A
Receiver Name: Z
Transaction Value: 339
Transaction timestamp: 435
24
Sender Name: B
Receiver Name: Y
Transaction Value: 740
Transaction timestamp: 434
25
Sender Name: A
Receiver Name: W
Transaction Value: 353
Transaction timestamp: 433
26
Sender Name: B
Receiver Name: Z
Transaction Value: 390
Transaction timestamp: 432
27
Sender Name: D
Receiver Name: X
Transaction Value: 867
Transaction timestamp: 431
28
Sender Name: D
Receiver Name: W
Transaction Value: 366
Transaction timestamp: 430
29
Sender Name: D
Receiver Name: Y
Transaction Value: 449
Transaction timestamp: 429
30
Sender Name: C
Receiver Name: X
Transaction Value: 559
Transaction timestamp: 428
31
Sender Name: A
Receiver Name: Y
Transaction Value: 606
Transaction timestamp: 427
32
Sender Name: A
Receiver Name: X
Transaction Value: 408
Transaction timestamp: 426
33
Sender Name: D
Receiver Name: W
Transaction Value: 564
Transaction timestamp: 425
34
Sender Name: C
Receiver Name: Y
Transaction Value: 188
Transaction timestamp: 424
35
Sender Name: B
Receiver Name: Z
Transaction Value: 776
Transaction timestamp: 423
36
Sender Name: B
Receiver Name: X
Transaction Value: 737
Transaction timestamp: 422
37
Sender Name: A
Receiver Name: Y
Transaction Value: 584
Transaction timestamp: 421
38
Sender Name: C
Receiver Name: X
Transaction Value: 57
Transaction timestamp: 420
39
Sender Name: B
Receiver Name: W
Transaction Value: 462
Transaction timestamp: 419
40
Sender Name: C
Receiver Name: Z
Transaction Value: 746
Transaction timestamp: 418
41
Sender Name: D
Receiver Name: X
Transaction Value: 106
Transaction timestamp: 417
42
Sender Name: C
Receiver Name: W
Transaction Value: 712
Transaction timestamp: 416
43
Sender Name: D
Receiver Name: Y
Transaction Value: 137
Transaction timestamp: 415
44
Sender Name: A
Receiver Name: Z
Transaction Value: 109
Transaction timestamp: 414
45
Sender Name: B
Receiver Name: W
Transaction Value: 463
Transaction timestamp: 413
46
Sender Name: B
Receiver Name: X
Transaction Value: 209
Transaction timestamp: 412
47
Sender Name: B
Receiver Name: Z
Transaction Value: 294
Transaction timestamp: 411
48
Sender Name: D
Receiver Name: Z
Transaction Value: 762
Transaction timestamp: 410
49
Sender Name: A
Receiver Name: X
Transaction Value: 475
Transaction timestamp: 409
50
Sender Name: C
Receiver Name: Y
Transaction Value: 315
Transaction timestamp: 408
51
Sender Name: D
Receiver Name: Y
Transaction Value: 37
Transaction timestamp: 407
52
Sender Name: D
Receiver Name: W
Transaction Value: 10
Transaction timestamp: 406
53
Sender Name: B
Receiver Name: W
Transaction Value: 52
Transaction timestamp: 405
54
Sender Name: B
Receiver Name: Y
Transaction Value: 524
Transaction timestamp: 404
55
Sender Name: A
Receiver Name: Y
Transaction Value: 254
Transaction timestamp: 403
56
Sender Name: B
Receiver Name: Z
Transaction Value: 532
Transaction timestamp: 402
57
Sender Name: A
Receiver Name: Y
Transaction Value: 777
Transaction timestamp: 401
58
Sender Name: B
Receiver Name: Y
Transaction Value: 676
Transaction timestamp: 400
59
Sender Name: C
Receiver Name: Y
Transaction Value: 294
Transaction timestamp: 399
60
Sender Name: B
Receiver Name: Z
Transaction Value: 474
Transaction timestamp: 398
61
Sender Name: D
Receiver Name: W
Transaction Value: 98
Transaction timestamp: 397
62
Sender Name: C
Receiver Name: X
Transaction Value: 192
Transaction timestamp: 396
63
Sender Name: A
Receiver Name: W
Transaction Value: 222
Transaction timestamp: 395
64
Sender Name: A
Receiver Name: Z
Transaction Value: 843
Transaction timestamp: 394
65
Sender Name: C
Receiver Name: X
Transaction Value: 481
Transaction timestamp: 393
66
Sender Name: B
Receiver Name: Y
Transaction Value: 875
Transaction timestamp: 392
67
Sender Name: D
Receiver Name: Z
Transaction Value: 709
Transaction timestamp: 391
68
Sender Name: A
Receiver Name: Y
Transaction Value: 13
Transaction timestamp: 390
69
Sender Name: B
Receiver Name: Y
Transaction Value: 121
Transaction timestamp: 389
70
Sender Name: C
Receiver Name: X
Transaction Value: 437
Transaction timestamp: 388
71
Sender Name: C
Receiver Name: X
Transaction Value: 3
Transaction timestamp: 387
72
Sender Name: D
Receiver Name: Z
Transaction Value: 555
Transaction timestamp: 386
73
Sender Name: C
Receiver Name: Z
Transaction Value: 13
Transaction timestamp: 385
74
Sender Name: A
Receiver Name: X
Transaction Value: 21
Transaction timestamp: 384
75
Sender Name: C
Receiver Name: Z
Transaction Value: 70
Transaction timestamp: 383
76
Sender Name: B
Receiver Name: W
Transaction Value: 605
Transaction timestamp: 382
77
Sender Name: D
Receiver Name: Y
Transaction Value: 741
Transaction timestamp: 381
78
Sender Name: A
Receiver Name: Z
Transaction Value: 469
Transaction timestamp: 380
79
Sender Name: C
Receiver Name: Z
Transaction Value: 328
Transaction timestamp: 379
80
Sender Name: B
Receiver Name: Y
Transaction Value: 1000
Transaction timestamp: 378
81
Sender Name: B
Receiver Name: X
Transaction Value: 387
Transaction timestamp: 377
82
Sender Name: A
Receiver Name: Y
Transaction Value: 233
Transaction timestamp: 376
83
Sender Name: C
Receiver Name: W
Transaction Value: 494
Transaction timestamp: 375
84
Sender Name: D
Receiver Name: Z
Transaction Value: 565
Transaction timestamp: 374
85
Sender Name: B
Receiver Name: Z
Transaction Value: 113
Transaction timestamp: 373
86
Sender Name: B
Receiver Name: Y
Transaction Value: 867
Transaction timestamp: 372
87
Sender Name: C
Receiver Name: Y
Transaction Value: 889
Transaction timestamp: 371
88
Sender Name: C
Receiver Name: Y
Transaction Value: 110
Transaction timestamp: 370
89
Sender Name: C
Receiver Name: Z
Transaction Value: 801
Transaction timestamp: 369
90
Sender Name: D
Receiver Name: X
Transaction Value: 786
Transaction timestamp: 368
91
Sender Name: D
Receiver Name: X
Transaction Value: 585
Transaction timestamp: 367
92
Sender Name: C
Receiver Name: Z
Transaction Value: 542
Transaction timestamp: 366
93
Sender Name: D
Receiver Name: Z
Transaction Value: 541
Transaction timestamp: 365
94
Sender Name: D
Receiver Name: X
Transaction Value: 974
Transaction timestamp: 364
95
Sender Name: A
Receiver Name: Y
Transaction Value: 917
Transaction timestamp: 363
96
Sender Name: A
Receiver Name: X
Transaction Value: 28
Transaction timestamp: 362
97
Sender Name: D
Receiver Name: X
Transaction Value: 482
Transaction timestamp: 361
98
Sender Name: D
Receiver Name: Z
Transaction Value: 872
Transaction timestamp: 360
99
Sender Name: B
Receiver Name: X
Transaction Value: 125
Transaction timestamp: 359
100
Sender Name: D
Receiver Name: W
Transaction Value: 364
Transaction timestamp: 358
101
Sender Name: A
Receiver Name: X
Transaction Value: 261
Transaction timestamp: 357
102
Sender Name: B
Receiver Name: X
Transaction Value: 457
Transaction timestamp: 356
103
Sender Name: B
Receiver Name: W
Transaction Value: 142
Transaction timestamp: 355
104
Sender Name: B
Receiver Name: W
Transaction Value: 81
Transaction timestamp: 354
105
Sender Name: D
Receiver Name: Z
Transaction Value: 288
Transaction timestamp: 353
106
Sender Name: A
Receiver Name: X
Transaction Value: 928
Transaction timestamp: 352
107
Sender Name: A
Receiver Name: X
Transaction Value: 709
Transaction timestamp: 351
108
Sender Name: C
Receiver Name: X
Transaction Value: 813
Transaction timestamp: 350
109
Sender Name: D
Receiver Name: W
Transaction Value: 548
Transaction timestamp: 349
110
Sender Name: B
Receiver Name: X
Transaction Value: 615
Transaction timestamp: 348
111
Sender Name: A
Receiver Name: X
Transaction Value: 239
Transaction timestamp: 347
112
Sender Name: B
Receiver Name: W
Transaction Value: 362
Transaction timestamp: 346
113
Sender Name: D
Receiver Name: Z
Transaction Value: 869
Transaction timestamp: 345
114
Sender Name: B
Receiver Name: W
Transaction Value: 585
Transaction timestamp: 344
115
Sender Name: B
Receiver Name: X
Transaction Value: 290
Transaction timestamp: 343
116
Sender Name: D
Receiver Name: X
Transaction Value: 739
Transaction timestamp: 342
117
Sender Name: A
Receiver Name: Z
Transaction Value: 809
Transaction timestamp: 341
118
Sender Name: A
Receiver Name: X
Transaction Value: 137
Transaction timestamp: 340
119
Sender Name: B
Receiver Name: Z
Transaction Value: 599
Transaction timestamp: 339
120
Sender Name: D
Receiver Name: Y
Transaction Value: 409
Transaction timestamp: 338
121
Sender Name: A
Receiver Name: W
Transaction Value: 328
Transaction timestamp: 337
122
Sender Name: D
Receiver Name: X
Transaction Value: 495
Transaction timestamp: 336
123
Sender Name: D
Receiver Name: W
Transaction Value: 647
Transaction timestamp: 335
124
Sender Name: C
Receiver Name: W
Transaction Value: 879
Transaction timestamp: 334
125
Sender Name: D
Receiver Name: Y
Transaction Value: 467
Transaction timestamp: 333
126
Sender Name: A
Receiver Name: Z
Transaction Value: 453
Transaction timestamp: 332
127
Sender Name: D
Receiver Name: X
Transaction Value: 814
Transaction timestamp: 331
128
Sender Name: C
Receiver Name: Y
Transaction Value: 683
Transaction timestamp: 330
129
Sender Name: B
Receiver Name: Y
Transaction Value: 178
Transaction timestamp: 329
130
Sender Name: B
Receiver Name: W
Transaction Value: 791
Transaction timestamp: 328
131
Sender Name: B
Receiver Name: Z
Transaction Value: 284
Transaction timestamp: 327
132
Sender Name: D
Receiver Name: W
Transaction Value: 68
Transaction timestamp: 326
133
Sender Name: D
Receiver Name: X
Transaction Value: 731
Transaction timestamp: 325
134
Sender Name: A
Receiver Name: X
Transaction Value: 833
Transaction timestamp: 324
135
Sender Name: A
Receiver Name: Y
Transaction Value: 211
Transaction timestamp: 323
136
Sender Name: B
Receiver Name: W
Transaction Value: 578
Transaction timestamp: 322
137
Sender Name: D
Receiver Name: X
Transaction Value: 235
Transaction timestamp: 321
138
Sender Name: B
Receiver Name: W
Transaction Value: 507
Transaction timestamp: 320
139
Sender Name: B
Receiver Name: W
Transaction Value: 870
Transaction timestamp: 319
140
Sender Name: D
Receiver Name: Y
Transaction Value: 430
Transaction timestamp: 318
141
Sender Name: B
Receiver Name: Y
Transaction Value: 211
Transaction timestamp: 317
142
Sender Name: D
Receiver Name: W
Transaction Value: 879
Transaction timestamp: 316
143
Sender Name: B
Receiver Name: Z
Transaction Value: 199
Transaction timestamp: 315
144
Sender Name: D
Receiver Name: W
Transaction Value: 301
Transaction timestamp: 314
145
Sender Name: A
Receiver Name: X
Transaction Value: 146
Transaction timestamp: 313
146
Sender Name: A
Receiver Name: Y
Transaction Value: 518
Transaction timestamp: 312
147
Sender Name: A
Receiver Name: X
Transaction Value: 323
Transaction timestamp: 311
148
Sender Name: B
Receiver Name: Z
Transaction Value: 342
Transaction timestamp: 310
149
Sender Name: C
Receiver Name: Y
Transaction Value: 179
Transaction timestamp: 309
150
Sender Name: B
Receiver Name: Y
Transaction Value: 711
Transaction timestamp: 308
151
Sender Name: A
Receiver Name: X
Transaction Value: 463
Transaction timestamp: 307
152
Sender Name: D
Receiver Name: X
Transaction Value: 907
Transaction timestamp: 306
153
Sender Name: D
Receiver Name: W
Transaction Value: 106
Transaction timestamp: 305
154
Sender Name: C
Receiver Name: Z
Transaction Value: 442
Transaction timestamp: 304
155
Sender Name: B
Receiver Name: X
Transaction Value: 257
Transaction timestamp: 303
156
Sender Name: C
Receiver Name: W
Transaction Value: 401
Transaction timestamp: 302
157
Sender Name: B
Receiver Name: Y
Transaction Value: 471
Transaction timestamp: 301
158
Sender Name: B
Receiver Name: Z
Transaction Value: 792
Transaction timestamp: 300
159
Sender Name: B
Receiver Name: Y
Transaction Value: 820
Transaction timestamp: 299
160
Sender Name: D
Receiver Name: Z
Transaction Value: 800
Transaction timestamp: 298
161
Sender Name: A
Receiver Name: Y
Transaction Value: 58
Transaction timestamp: 297
162
Sender Name: B
Receiver Name: W
Transaction Value: 985
Transaction timestamp: 296
163
Sender Name: D
Receiver Name: Z
Transaction Value: 812
Transaction timestamp: 295
164
Sender Name: C
Receiver Name: Z
Transaction Value: 182
Transaction timestamp: 294
165
Sender Name: C
Receiver Name: Y
Transaction Value: 931
Transaction timestamp: 293
166
Sender Name: C
Receiver Name: X
Transaction Value: 990
Transaction timestamp: 292
167
Sender Name: D
Receiver Name: Z
Transaction Value: 520
Transaction timestamp: 291
168
Sender Name: A
Receiver Name: X
Transaction Value: 625
Transaction timestamp: 290
169
Sender Name: A
Receiver Name: W
Transaction Value: 164
Transaction timestamp: 289
170
Sender Name: C
Receiver Name: W
Transaction Value: 252
Transaction timestamp: 288
171
Sender Name: B
Receiver Name: X
Transaction Value: 894
Transaction timestamp: 287
172
Sender Name: D
Receiver Name: Z
Transaction Value: 605
Transaction timestamp: 286
173
Sender Name: C
Receiver Name: Z
Transaction Value: 287
Transaction timestamp: 285
174
Sender Name: C
Receiver Name: W
Transaction Value: 623
Transaction timestamp: 284
175
Sender Name: C
Receiver Name: Y
Transaction Value: 143
Transaction timestamp: 283
176
Sender Name: D
Receiver Name: Z
Transaction Value: 20
Transaction timestamp: 282
177
Sender Name: A
Receiver Name: X
Transaction Value: 866
Transaction timestamp: 281
178
Sender Name: C
Receiver Name: X
Transaction Value: 510
Transaction timestamp: 280
179
Sender Name: C
Receiver Name: W
Transaction Value: 252
Transaction timestamp: 279
180
Sender Name: B
Receiver Name: X
Transaction Value: 210
Transaction timestamp: 278
181
Sender Name: B
Receiver Name: W
Transaction Value: 995
Transaction timestamp: 277
182
Sender Name: A
Receiver Name: X
Transaction Value: 524
Transaction timestamp: 276
183
Sender Name: B
Receiver Name: W
Transaction Value: 614
Transaction timestamp: 275
184
Sender Name: C
Receiver Name: Z
Transaction Value: 757
Transaction timestamp: 274
185
Sender Name: D
Receiver Name: Y
Transaction Value: 400
Transaction timestamp: 273
186
Sender Name: D
Receiver Name: W
Transaction Value: 847
Transaction timestamp: 272
187
Sender Name: C
Receiver Name: X
Transaction Value: 57
Transaction timestamp: 271
188
Sender Name: D
Receiver Name: W
Transaction Value: 659
Transaction timestamp: 270
189
Sender Name: D
Receiver Name: X
Transaction Value: 948
Transaction timestamp: 269
190
Sender Name: C
Receiver Name: Z
Transaction Value: 640
Transaction timestamp: 268
191
Sender Name: B
Receiver Name: Z
Transaction Value: 796
Transaction timestamp: 267
192
Sender Name: D
Receiver Name: Y
Transaction Value: 927
Transaction timestamp: 266
193
Sender Name: B
Receiver Name: Z
Transaction Value: 482
Transaction timestamp: 265
194
Sender Name: B
Receiver Name: X
Transaction Value: 881
Transaction timestamp: 264
195
Sender Name: D
Receiver Name: W
Transaction Value: 378
Transaction timestamp: 263
196
Sender Name: C
Receiver Name: W
Transaction Value: 68
Transaction timestamp: 262
197
Sender Name: B
Receiver Name: X
Transaction Value: 753
Transaction timestamp: 261
198
Sender Name: C
Receiver Name: X
Transaction Value: 343
Transaction timestamp: 260
199
Sender Name: C
Receiver Name: Y
Transaction Value: 270
Transaction timestamp: 259
200
Sender Name: B
Receiver Name: X
Transaction Value: 872
Transaction timestamp: 258
201
Sender Name: A
Receiver Name: W
Transaction Value: 72
Transaction timestamp: 257
202
Sender Name: D
Receiver Name: X
Transaction Value: 208
Transaction timestamp: 256
203
Sender Name: D
Receiver Name: Z
Transaction Value: 865
Transaction timestamp: 255
204
Sender Name: B
Receiver Name: X
Transaction Value: 963
Transaction timestamp: 254
205
Sender Name: A
Receiver Name: X
Transaction Value: 346
Transaction timestamp: 253
206
Sender Name: B
Receiver Name: W
Transaction Value: 172
Transaction timestamp: 252
207
Sender Name: C
Receiver Name: X
Transaction Value: 12
Transaction timestamp: 251
208
Sender Name: D
Receiver Name: X
Transaction Value: 23
Transaction timestamp: 250
209
Sender Name: A
Receiver Name: Y
Transaction Value: 122
Transaction timestamp: 249
210
Sender Name: D
Receiver Name: X
Transaction Value: 688
Transaction timestamp: 248
211
Sender Name: C
Receiver Name: Z
Transaction Value: 572
Transaction timestamp: 247
212
Sender Name: D
Receiver Name: Z
Transaction Value: 624
Transaction timestamp: 246
213
Sender Name: C
Receiver Name: Y
Transaction Value: 365
Transaction timestamp: 245
214
Sender Name: C
Receiver Name: Z
Transaction Value: 773
Transaction timestamp: 244
215
Sender Name: C
Receiver Name: Z
Transaction Value: 549
Transaction timestamp: 243
216
Sender Name: D
Receiver Name: Z
Transaction Value: 804
Transaction timestamp: 242
217
Sender Name: C
Receiver Name: Z
Transaction Value: 946
Transaction timestamp: 241
218
Sender Name: D
Receiver Name: Y
Transaction Value: 712
Transaction timestamp: 240
219
Sender Name: B
Receiver Name: Y
Transaction Value: 503
Transaction timestamp: 239
220
Sender Name: C
Receiver Name: Z
Transaction Value: 690
Transaction timestamp: 238
221
Sender Name: D
Receiver Name: Y
Transaction Value: 549
Transaction timestamp: 237
222
Sender Name: D
Receiver Name: W
Transaction Value: 125
Transaction timestamp: 236
223
Sender Name: C
Receiver Name: W
Transaction Value: 375
Transaction timestamp: 235
224
Sender Name: D
Receiver Name: Y
Transaction Value: 492
Transaction timestamp: 234
225
Sender Name: C
Receiver Name: W
Transaction Value: 401
Transaction timestamp: 233
226
Sender Name: A
Receiver Name: Z
Transaction Value: 954
Transaction timestamp: 232
227
Sender Name: D
Receiver Name: W
Transaction Value: 185
Transaction timestamp: 231
228
Sender Name: B
Receiver Name: W
Transaction Value: 402
Transaction timestamp: 230
229
Sender Name: C
Receiver Name: Z
Transaction Value: 145
Transaction timestamp: 229
230
Sender Name: B
Receiver Name: W
Transaction Value: 141
Transaction timestamp: 228
231
Sender Name: A
Receiver Name: W
Transaction Value: 383
Transaction timestamp: 227
232
Sender Name: B
Receiver Name: Z
Transaction Value: 928
Transaction timestamp: 226
233
Sender Name: D
Receiver Name: Y
Transaction Value: 430
Transaction timestamp: 225
234
Sender Name: C
Receiver Name: W
Transaction Value: 831
Transaction timestamp: 224
235
Sender Name: A
Receiver Name: Y
Transaction Value: 453
Transaction timestamp: 223
236
Sender Name: A
Receiver Name: X
Transaction Value: 730
Transaction timestamp: 222
237
Sender Name: A
Receiver Name: X
Transaction Value: 758
Transaction timestamp: 221
238
Sender Name: D
Receiver Name: Y
Transaction Value: 948
Transaction timestamp: 220
239
Sender Name: A
Receiver Name: X
Transaction Value: 270
Transaction timestamp: 219
240
Sender Name: A
Receiver Name: Z
Transaction Value: 65
Transaction timestamp: 218
241
Sender Name: D
Receiver Name: W
Transaction Value: 258
Transaction timestamp: 217
242
Sender Name: C
Receiver Name: W
Transaction Value: 291
Transaction timestamp: 216
243
Sender Name: B
Receiver Name: Z
Transaction Value: 263
Transaction timestamp: 215
244
Sender Name: D
Receiver Name: Z
Transaction Value: 967
Transaction timestamp: 214
245
Sender Name: D
Receiver Name: Y
Transaction Value: 570
Transaction timestamp: 213
246
Sender Name: A
Receiver Name: Y
Transaction Value: 821
Transaction timestamp: 212
247
Sender Name: B
Receiver Name: Y
Transaction Value: 62
Transaction timestamp: 211
248
Sender Name: D
Receiver Name: W
Transaction Value: 819
Transaction timestamp: 210
249
Sender Name: D
Receiver Name: W
Transaction Value: 187
Transaction timestamp: 209
250
Sender Name: A
Receiver Name: W
Transaction Value: 234
Transaction timestamp: 208
251
Sender Name: B
Receiver Name: W
Transaction Value: 465
Transaction timestamp: 207
252
Sender Name: C
Receiver Name: X
Transaction Value: 848
Transaction timestamp: 206
253
Sender Name: C
Receiver Name: Y
Transaction Value: 563
Transaction timestamp: 205
254
Sender Name: B
Receiver Name: Z
Transaction Value: 660
Transaction timestamp: 204
255
Sender Name: B
Receiver Name: X
Transaction Value: 232
Transaction timestamp: 203
256
Sender Name: C
Receiver Name: X
Transaction Value: 401
Transaction timestamp: 202
257
Sender Name: A
Receiver Name: W
Transaction Value: 84
Transaction timestamp: 201
258
Sender Name: A
Receiver Name: Z
Transaction Value: 12
Transaction timestamp: 200
259
Sender Name: C
Receiver Name: Y
Transaction Value: 75
Transaction timestamp: 199
260
Sender Name: A
Receiver Name: Y
Transaction Value: 841
Transaction timestamp: 198
261
Sender Name: C
Receiver Name: Y
Transaction Value: 180
Transaction timestamp: 197
262
Sender Name: D
Receiver Name: Y
Transaction Value: 842
Transaction timestamp: 196
263
Sender Name: C
Receiver Name: W
Transaction Value: 407
Transaction timestamp: 195
264
Sender Name: B
Receiver Name: Z
Transaction Value: 835
Transaction timestamp: 194
265
Sender Name: A
Receiver Name: Z
Transaction Value: 904
Transaction timestamp: 193
266
Sender Name: B
Receiver Name: Y
Transaction Value: 658
Transaction timestamp: 192
267
Sender Name: D
Receiver Name: X
Transaction Value: 126
Transaction timestamp: 191
268
Sender Name: B
Receiver Name: X
Transaction Value: 63
Transaction timestamp: 190
269
Sender Name: B
Receiver Name: W
Transaction Value: 202
Transaction timestamp: 189
270
Sender Name: A
Receiver Name: W
Transaction Value: 725
Transaction timestamp: 188
271
Sender Name: B
Receiver Name: Y
Transaction Value: 775
Transaction timestamp: 187
272
Sender Name: B
Receiver Name: X
Transaction Value: 26
Transaction timestamp: 186
273
Sender Name: A
Receiver Name: Y
Transaction Value: 1000
Transaction timestamp: 185
274
Sender Name: A
Receiver Name: W
Transaction Value: 317
Transaction timestamp: 184
275
Sender Name: B
Receiver Name: X
Transaction Value: 742
Transaction timestamp: 183
276
Sender Name: B
Receiver Name: Z
Transaction Value: 292
Transaction timestamp: 182
277
Sender Name: B
Receiver Name: W
Transaction Value: 960
Transaction timestamp: 181
278
Sender Name: B
Receiver Name: Z
Transaction Value: 0
Transaction timestamp: 180
279
Sender Name: C
Receiver Name: W
Transaction Value: 689
Transaction timestamp: 179
280
Sender Name: D
Receiver Name: W
Transaction Value: 114
Transaction timestamp: 178
281
Sender Name: B
Receiver Name: W
Transaction Value: 627
Transaction timestamp: 177
282
Sender Name: A
Receiver Name: Y
Transaction Value: 783
Transaction timestamp: 176
283
Sender Name: D
Receiver Name: Z
Transaction Value: 1000
Transaction timestamp: 175
284
Sender Name: D
Receiver Name: Y
Transaction Value: 698
Transaction timestamp: 174
285
Sender Name: A
Receiver Name: Z
Transaction Value: 473
Transaction timestamp: 173
286
Sender Name: A
Receiver Name: X
Transaction Value: 409
Transaction timestamp: 172
287
Sender Name: D
Receiver Name: Y
Transaction Value: 93
Transaction timestamp: 171
288
Sender Name: D
Receiver Name: X
Transaction Value: 501
Transaction timestamp: 170
289
Sender Name: C
Receiver Name: Y
Transaction Value: 718
Transaction timestamp: 169
290
Sender Name: D
Receiver Name: W
Transaction Value: 256
Transaction timestamp: 168
291
Sender Name: B
Receiver Name: Y
Transaction Value: 218
Transaction timestamp: 167
292
Sender Name: C
Receiver Name: Z
Transaction Value: 944
Transaction timestamp: 166
293
Sender Name: A
Receiver Name: W
Transaction Value: 301
Transaction timestamp: 165
294
Sender Name: D
Receiver Name: W
Transaction Value: 68
Transaction timestamp: 164
295
Sender Name: A
Receiver Name: Z
Transaction Value: 72
Transaction timestamp: 163
296
Sender Name: A
Receiver Name: Z
Transaction Value: 329
Transaction timestamp: 162
297
Sender Name: A
Receiver Name: Y
Transaction Value: 323
Transaction timestamp: 161
298
Sender Name: C
Receiver Name: X
Transaction Value: 852
Transaction timestamp: 160
299
Sender Name: D
Receiver Name: W
Transaction Value: 731
Transaction timestamp: 159
300
Sender Name: C
Receiver Name: Z
Transaction Value: 758
Transaction timestamp: 158
301
Sender Name: B
Receiver Name: W
Transaction Value: 657
Transaction timestamp: 157
302
Sender Name: D
Receiver Name: W
Transaction Value: 591
Transaction timestamp: 156
303
Sender Name: B
Receiver Name: W
Transaction Value: 69
Transaction timestamp: 155
304
Sender Name: B
Receiver Name: Y
Transaction Value: 29
Transaction timestamp: 154
305
Sender Name: B
Receiver Name: Y
Transaction Value: 0
Transaction timestamp: 153
306
Sender Name: B
Receiver Name: X
Transaction Value: 861
Transaction timestamp: 152
307
Sender Name: C
Receiver Name: Y
Transaction Value: 715
Transaction timestamp: 151
308
Sender Name: C
Receiver Name: X
Transaction Value: 506
Transaction timestamp: 150
309
Sender Name: A
Receiver Name: W
Transaction Value: 111
Transaction timestamp: 149
310
Sender Name: A
Receiver Name: X
Transaction Value: 363
Transaction timestamp: 148
311
Sender Name: C
Receiver Name: X
Transaction Value: 906
Transaction timestamp: 147
312
Sender Name: D
Receiver Name: Y
Transaction Value: 170
Transaction timestamp: 146
313
Sender Name: B
Receiver Name: Z
Transaction Value: 502
Transaction timestamp: 145
314
Sender Name: C
Receiver Name: X
Transaction Value: 875
Transaction timestamp: 144
315
Sender Name: C
Receiver Name: Z
Transaction Value: 34
Transaction timestamp: 143
316
Sender Name: B
Receiver Name: W
Transaction Value: 651
Transaction timestamp: 142
317
Sender Name: A
Receiver Name: Z
Transaction Value: 259
Transaction timestamp: 141
318
Sender Name: C
Receiver Name: X
Transaction Value: 656
Transaction timestamp: 140
319
Sender Name: A
Receiver Name: Y
Transaction Value: 43
Transaction timestamp: 139
320
Sender Name: B
Receiver Name: Y
Transaction Value: 601
Transaction timestamp: 138
321
Sender Name: B
Receiver Name: Z
Transaction Value: 18
Transaction timestamp: 137
322
Sender Name: A
Receiver Name: X
Transaction Value: 949
Transaction timestamp: 136
323
Sender Name: C
Receiver Name: Z
Transaction Value: 604
Transaction timestamp: 135
324
Sender Name: A
Receiver Name: W
Transaction Value: 115
Transaction timestamp: 134
325
Sender Name: D
Receiver Name: Y
Transaction Value: 39
Transaction timestamp: 133
326
Sender Name: B
Receiver Name: Y
Transaction Value: 162
Transaction timestamp: 132
327
Sender Name: D
Receiver Name: Y
Transaction Value: 734
Transaction timestamp: 131
328
Sender Name: B
Receiver Name: Z
Transaction Value: 14
Transaction timestamp: 130
329
Sender Name: A
Receiver Name: Y
Transaction Value: 243
Transaction timestamp: 129
330
Sender Name: D
Receiver Name: Y
Transaction Value: 725
Transaction timestamp: 128
331
Sender Name: D
Receiver Name: Z
Transaction Value: 167
Transaction timestamp: 127
332
Sender Name: C
Receiver Name: X
Transaction Value: 714
Transaction timestamp: 126
333
Sender Name: B
Receiver Name: Z
Transaction Value: 236
Transaction timestamp: 125
334
Sender Name: D
Receiver Name: X
Transaction Value: 90
Transaction timestamp: 124
335
Sender Name: D
Receiver Name: Y
Transaction Value: 448
Transaction timestamp: 123
336
Sender Name: A
Receiver Name: X
Transaction Value: 152
Transaction timestamp: 122
337
Sender Name: C
Receiver Name: X
Transaction Value: 14
Transaction timestamp: 121
338
Sender Name: B
Receiver Name: W
Transaction Value: 637
Transaction timestamp: 120
339
Sender Name: D
Receiver Name: Z
Transaction Value: 597
Transaction timestamp: 119
340
Sender Name: D
Receiver Name: W
Transaction Value: 96
Transaction timestamp: 118
341
Sender Name: A
Receiver Name: W
Transaction Value: 699
Transaction timestamp: 117
342
Sender Name: A
Receiver Name: X
Transaction Value: 403
Transaction timestamp: 116
343
Sender Name: A
Receiver Name: Y
Transaction Value: 359
Transaction timestamp: 115
344
Sender Name: D
Receiver Name: Y
Transaction Value: 637
Transaction timestamp: 114
345
Sender Name: A
Receiver Name: X
Transaction Value: 595
Transaction timestamp: 113
346
Sender Name: D
Receiver Name: Y
Transaction Value: 93
Transaction timestamp: 112
347
Sender Name: A
Receiver Name: X
Transaction Value: 50
Transaction timestamp: 111
348
Sender Name: A
Receiver Name: W
Transaction Value: 493
Transaction timestamp: 110
349
Sender Name: A
Receiver Name: W
Transaction Value: 39
Transaction timestamp: 109
350
Sender Name: D
Receiver Name: W
Transaction Value: 22
Transaction timestamp: 108
351
Sender Name: C
Receiver Name: W
Transaction Value: 460
Transaction timestamp: 107
352
Sender Name: B
Receiver Name: X
Transaction Value: 217
Transaction timestamp: 106
353
Sender Name: A
Receiver Name: W
Transaction Value: 525
Transaction timestamp: 105
354
Sender Name: C
Receiver Name: X
Transaction Value: 798
Transaction timestamp: 104
355
Sender Name: A
Receiver Name: X
Transaction Value: 60
Transaction timestamp: 103
356
Sender Name: A
Receiver Name: W
Transaction Value: 96
Transaction timestamp: 102
357
Sender Name: A
Receiver Name: W
Transaction Value: 369
Transaction timestamp: 101
358
Sender Name: C
Receiver Name: Z
Transaction Value: 851
Transaction timestamp: 100
359
Sender Name: C
Receiver Name: Z
Transaction Value: 187
Transaction timestamp: 99
360
Sender Name: A
Receiver Name: W
Transaction Value: 116
Transaction timestamp: 98
361
Sender Name: D
Receiver Name: Y
Transaction Value: 319
Transaction timestamp: 97
362
Sender Name: D
Receiver Name: W
Transaction Value: 716
Transaction timestamp: 96
363
Sender Name: A
Receiver Name: Z
Transaction Value: 874
Transaction timestamp: 95
364
Sender Name: C
Receiver Name: X
Transaction Value: 215
Transaction timestamp: 94
365
Sender Name: C
Receiver Name: X
Transaction Value: 811
Transaction timestamp: 93
366
Sender Name: B
Receiver Name: Z
Transaction Value: 993
Transaction timestamp: 92
367
Sender Name: C
Receiver Name: X
Transaction Value: 375
Transaction timestamp: 91
368
Sender Name: C
Receiver Name: Z
Transaction Value: 972
Transaction timestamp: 90
369
Sender Name: B
Receiver Name: Z
Transaction Value: 474
Transaction timestamp: 89
370
Sender Name: D
Receiver Name: Z
Transaction Value: 405
Transaction timestamp: 88
371
Sender Name: A
Receiver Name: W
Transaction Value: 828
Transaction timestamp: 87
372
Sender Name: C
Receiver Name: X
Transaction Value: 924
Transaction timestamp: 86
373
Sender Name: A
Receiver Name: X
Transaction Value: 174
Transaction timestamp: 85
374
Sender Name: C
Receiver Name: Y
Transaction Value: 274
Transaction timestamp: 84
375
Sender Name: C
Receiver Name: X
Transaction Value: 462
Transaction timestamp: 83
376
Sender Name: C
Receiver Name: W
Transaction Value: 93
Transaction timestamp: 82
377
Sender Name: A
Receiver Name: Y
Transaction Value: 724
Transaction timestamp: 81
378
Sender Name: C
Receiver Name: W
Transaction Value: 843
Transaction timestamp: 80
379
Sender Name: C
Receiver Name: W
Transaction Value: 345
Transaction timestamp: 79
380
Sender Name: D
Receiver Name: W
Transaction Value: 757
Transaction timestamp: 78
381
Sender Name: B
Receiver Name: W
Transaction Value: 281
Transaction timestamp: 77
382
Sender Name: C
Receiver Name: W
Transaction Value: 868
Transaction timestamp: 76
383
Sender Name: D
Receiver Name: Z
Transaction Value: 955
Transaction timestamp: 75
384
Sender Name: B
Receiver Name: Y
Transaction Value: 658
Transaction timestamp: 74
385
Sender Name: D
Receiver Name: X
Transaction Value: 902
Transaction timestamp: 73
386
Sender Name: D
Receiver Name: X
Transaction Value: 829
Transaction timestamp: 72
387
Sender Name: D
Receiver Name: X
Transaction Value: 510
Transaction timestamp: 71
388
Sender Name: D
Receiver Name: W
Transaction Value: 21
Transaction timestamp: 70
389
Sender Name: C
Receiver Name: Z
Transaction Value: 927
Transaction timestamp: 69
390
Sender Name: C
Receiver Name: X
Transaction Value: 927
Transaction timestamp: 68
391
Sender Name: B
Receiver Name: Z
Transaction Value: 590
Transaction timestamp: 67
392
Sender Name: D
Receiver Name: Z
Transaction Value: 951
Transaction timestamp: 66
393
Sender Name: C
Receiver Name: Z
Transaction Value: 18
Transaction timestamp: 65
394
Sender Name: C
Receiver Name: Z
Transaction Value: 334
Transaction timestamp: 64
395
Sender Name: A
Receiver Name: W
Transaction Value: 662
Transaction timestamp: 63
396
Sender Name: B
Receiver Name: W
Transaction Value: 523
Transaction timestamp: 62
397
Sender Name: C
Receiver Name: Y
Transaction Value: 243
Transaction timestamp: 61
398
Sender Name: A
Receiver Name: Z
Transaction Value: 945
Transaction timestamp: 60
399
Sender Name: B
Receiver Name: W
Transaction Value: 98
Transaction timestamp: 59
400
Sender Name: A
Receiver Name: X
Transaction Value: 948
Transaction timestamp: 58
401
Sender Name: A
Receiver Name: Y
Transaction Value: 776
Transaction timestamp: 57
402
Sender Name: C
Receiver Name: W
Transaction Value: 3
Transaction timestamp: 56
403
Sender Name: C
Receiver Name: X
Transaction Value: 610
Transaction timestamp: 55
404
Sender Name: D
Receiver Name: W
Transaction Value: 303
Transaction timestamp: 54
405
Sender Name: B
Receiver Name: W
Transaction Value: 134
Transaction timestamp: 53
406
Sender Name: A
Receiver Name: Y
Transaction Value: 3
Transaction timestamp: 52
407
Sender Name: B
Receiver Name: X
Transaction Value: 449
Transaction timestamp: 51
408
Sender Name: B
Receiver Name: W
Transaction Value: 342
Transaction timestamp: 50
409
Sender Name: D
Receiver Name: X
Transaction Value: 568
Transaction timestamp: 49
410
Sender Name: C
Receiver Name: Z
Transaction Value: 394
Transaction timestamp: 48
411
Sender Name: C
Receiver Name: W
Transaction Value: 68
Transaction timestamp: 47
412
Sender Name: C
Receiver Name: X
Transaction Value: 877
Transaction timestamp: 46
413
Sender Name: C
Receiver Name: X
Transaction Value: 541
Transaction timestamp: 45
414
Sender Name: A
Receiver Name: Y
Transaction Value: 733
Transaction timestamp: 44
415
Sender Name: A
Receiver Name: Z
Transaction Value: 300
Transaction timestamp: 43
416
Sender Name: C
Receiver Name: W
Transaction Value: 986
Transaction timestamp: 42
417
Sender Name: C
Receiver Name: X
Transaction Value: 21
Transaction timestamp: 41
418
Sender Name: D
Receiver Name: Y
Transaction Value: 936
Transaction timestamp: 40
419
Sender Name: C
Receiver Name: Z
Transaction Value: 594
Transaction timestamp: 39
420
Sender Name: C
Receiver Name: Y
Transaction Value: 923
Transaction timestamp: 38
421
Sender Name: A
Receiver Name: Y
Transaction Value: 572
Transaction timestamp: 37
422
Sender Name: B
Receiver Name: X
Transaction Value: 546
Transaction timestamp: 36
423
Sender Name: A
Receiver Name: W
Transaction Value: 358
Transaction timestamp: 35
424
Sender Name: C
Receiver Name: W
Transaction Value: 758
Transaction timestamp: 34
425
Sender Name: D
Receiver Name: W
Transaction Value: 428
Transaction timestamp: 33
426
Sender Name: B
Receiver Name: Y
Transaction Value: 96
Transaction timestamp: 32
427
Sender Name: C
Receiver Name: Y
Transaction Value: 995
Transaction timestamp: 31
428
Sender Name: A
Receiver Name: W
Transaction Value: 320
Transaction timestamp: 30
429
Sender Name: D
Receiver Name: X
Transaction Value: 891
Transaction timestamp: 29
430
Sender Name: A
Receiver Name: X
Transaction Value: 588
Transaction timestamp: 28
431
Sender Name: B
Receiver Name: W
Transaction Value: 513
Transaction timestamp: 27
432
Sender Name: C
Receiver Name: Z
Transaction Value: 924
Transaction timestamp: 26
433
Sender Name: D
Receiver Name: Z
Transaction Value: 295
Transaction timestamp: 25
434
Sender Name: A
Receiver Name: Y
Transaction Value: 25
Transaction timestamp: 24
435
Sender Name: A
Receiver Name: Y
Transaction Value: 119
Transaction timestamp: 23
436
Sender Name: B
Receiver Name: X
Transaction Value: 449
Transaction timestamp: 22
437
Sender Name: A
Receiver Name: X
Transaction Value: 499
Transaction timestamp: 21
438
Sender Name: C
Receiver Name: Y
Transaction Value: 18
Transaction timestamp: 20
439
Sender Name: B
Receiver Name: Z
Transaction Value: 757
Transaction timestamp: 19
440
Sender Name: C
Receiver Name: Z
Transaction Value: 848
Transaction timestamp: 18
441
Sender Name: B
Receiver Name: Y
Transaction Value: 205
Transaction timestamp: 17
442
Sender Name: C
Receiver Name: X
Transaction Value: 691
Transaction timestamp: 16
443
Sender Name: C
Receiver Name: Y
Transaction Value: 321
Transaction timestamp: 15
444
Sender Name: A
Receiver Name: X
Transaction Value: 144
Transaction timestamp: 14
445
Sender Name: C
Receiver Name: Y
Transaction Value: 139
Transaction timestamp: 13
446
Sender Name: D
Receiver Name: W
Transaction Value: 37
Transaction timestamp: 12
447
Sender Name: D
Receiver Name: X
Transaction Value: 396
Transaction timestamp: 11
448
Sender Name: B
Receiver Name: X
Transaction Value: 455
Transaction timestamp: 10
449
Sender Name: C
Receiver Name: Z
Transaction Value: 322
Transaction timestamp: 9
450
Sender Name: B
Receiver Name: Z
Transaction Value: 770
Transaction timestamp: 8
451
Sender Name: C
Receiver Name: W
Transaction Value: 886
Transaction timestamp: 7
452
Sender Name: C
Receiver Name: Z
Transaction Value: 112
Transaction timestamp: 6
453
Sender Name: C
Receiver Name: Y
Transaction Value: 886
Transaction timestamp: 5
454
Sender Name: D
Receiver Name: Y
Transaction Value: 835
Transaction timestamp: 4
455
Sender Name: C
Receiver Name: Z
Transaction Value: 790
Transaction timestamp: 3
456
Sender Name: D
Receiver Name: X
Transaction Value: 295
Transaction timestamp: 2
457
Sender Name: B
Receiver Name: Y
Transaction Value: 678
Transaction timestamp: 1