A Y 587 1
A Z 618 2
B Z 23 3
C Y 685 4
C X 140 5
A W 572 6
D Y 69 7
B Z 417 8
B W 430 9
C Y 446 10
B X 291 11
C X 286 12
B X 489 13
D X 479 14
D Z 908 15
D X 820 16
B W 667 17
C W 462 18
A Y 9 19
D W 438 20
A Y 171 21
D X 648 22
D W 897 25
B Z 579 26