Blockchain Info:
1
Sender Name: D
Receiver Name: X
Transaction Value: 911
Transaction timestamp: 322
2
Sender Name: B
Receiver Name: X
Transaction Value: 717
Transaction timestamp: 321
3
Sender Name: D
Receiver Name: Z
Transaction Value: 42
Transaction timestamp: 320
4
Sender Name: C
Receiver Name: X
Transaction Value: 586
Transaction timestamp: 319
5
Sender Name: D
Receiver Name: Y
Transaction Value: 174
Transaction timestamp: 318
6
Sender Name: A
Receiver Name: Z
Transaction Value: 172
Transaction timestamp: 317
7
Sender Name: D
Receiver Name: W
Transaction Value: 101
Transaction timestamp: 316
8
Sender Name: B
Receiver Name: X
Transaction Value: 741
Transaction timestamp: 315
9
Sender Name: B
Receiver Name: W
Transaction Value: 54
Transaction timestamp: 314
10
Sender Name: C
Receiver Name: Y
Transaction Value: 857
Transaction timestamp: 313
11
Sender Name: D
Receiver Name: X
Transaction Value: 90
Transaction timestamp: 312
12
Sender Name: D
Receiver Name: Y
Transaction Value: 589
Transaction timestamp: 311
13
Sender Name: D
Receiver Name: Z
Transaction Value: 583
Transaction timestamp: 310
14
Sender Name: C
Receiver Name: Y
Transaction Value: 90
Transaction timestamp: 309
15
Sender Name: D
Receiver Name: X
Transaction Value: 290
Transaction timestamp: 308
16
Sender Name: C
Receiver Name: W
Transaction Value: 896
Transaction timestamp: 307
17
Sender Name: C
Receiver Name: Z
Transaction Value: 161
Transaction timestamp: 306
18
Sender Name: C
Receiver Name: W
Transaction Value: 438
Transaction timestamp: 305
19
Sender Name: D
Receiver Name: Z
Transaction Value: 768
Transaction timestamp: 304
20
Sender Name: D
Receiver Name: X
Transaction Value: 158
Transaction timestamp: 303
21
Sender Name: B
Receiver Name: Y
Transaction Value: 815
Transaction timestamp: 302
22
Sender Name: C
Receiver Name: Y
Transaction Value: 873
Transaction timestamp: 301
23
Sender Name: A
Receiver Name: X
Transaction Value: 516
Transaction timestamp: 300
24
Sender Name: C
Receiver Name: Y
Transaction Value: 968
Transaction timestamp: 299
25
Sender Name: D
Receiver Name: Z
Transaction Value: 418
Transaction timestamp: 298
26
Sender Name: B
Receiver Name: X
Transaction Value: 416
Transaction timestamp: 297
27
Sender Name: D
Receiver Name: X
Transaction Value: 555
Transaction timestamp: 296
28
Sender Name: A
Receiver Name: W
Transaction Value: 105
Transaction timestamp: 295
29
Sender Name: D
Receiver Name: Z
Transaction Value: 45
Transaction timestamp: 294
30
Sender Name: A
Receiver Name: Z
Transaction Value: 166
Transaction timestamp: 293
31
Sender Name: A
Receiver Name: X
Transaction Value: 2
Transaction timestamp: 292
32
Sender Name: D
Receiver Name: Y
Transaction Value: 611
Transaction timestamp: 291
33
Sender Name: B
Receiver Name: Y
Transaction Value: 68
Transaction timestamp: 290
34
Sender Name: C
Receiver Name: X
Transaction Value: 212
Transaction timestamp: 289
35
Sender Name: C
Receiver Name: X
Transaction Value: 488
Transaction timestamp: 288
36
Sender Name: C
Receiver Name: X
Transaction Value: 790
Transaction timestamp: 287
37
Sender Name: D
Receiver Name: Z
Transaction Value: 382
Transaction timestamp: 286
38
Sender Name: D
Receiver Name: Y
Transaction Value: 299
Transaction timestamp: 285
39
Sender Name: D
Receiver Name: W
Transaction Value: 921
Transaction timestamp: 284
40
Sender Name: A
Receiver Name: W
Transaction Value: 430
Transaction timestamp: 283
41
Sender Name: B
Receiver Name: Z
Transaction Value: 616
Transaction timestamp: 282
42
Sender Name: C
Receiver Name: X
Transaction Value: 422
Transaction timestamp: 281
43
Sender Name: D
Receiver Name: X
Transaction Value: 803
Transaction timestamp: 280
44
Sender Name: C
Receiver Name: W
Transaction Value: 646
Transaction timestamp: 279
45
Sender Name: C
Receiver Name: Y
Transaction Value: 992
Transaction timestamp: 278
46
Sender Name: B
Receiver Name: Y
Transaction Value: 717
Transaction timestamp: 277
47
Sender Name: C
Receiver Name: W
Transaction Value: 789
Transaction timestamp: 276
48
Sender Name: B
Receiver Name: Z
Transaction Value: 217
Transaction timestamp: 275
49
Sender Name: B
Receiver Name: X
Transaction Value: 595
Transaction timestamp: 274
50
Sender Name: A
Receiver Name: X
Transaction Value: 228
Transaction timestamp: 273
51
Sender Name: D
Receiver Name: Y
Transaction Value: 585
Transaction timestamp: 272
52
Sender Name: A
Receiver Name: X
Transaction Value: 972
Transaction timestamp: 271
53
Sender Name: C
Receiver Name: Y
Transaction Value: 440
Transaction timestamp: 270
54
Sender Name: B
Receiver Name: W
Transaction Value: 246
Transaction timestamp: 269
55
Sender Name: D
Receiver Name: X
Transaction Value: 776
Transaction timestamp: 268
56
Sender Name: B
Receiver Name: Z
Transaction Value: 221
Transaction timestamp: 267
57
Sender Name: C
Receiver Name: W
Transaction Value: 322
Transaction timestamp: 266
58
Sender Name: A
Receiver Name: W
Transaction Value: 577
Transaction timestamp: 265
59
Sender Name: C
Receiver Name: W
Transaction Value: 199
Transaction timestamp: 264
60
Sender Name: B
Receiver Name: Z
Transaction Value: 285
Transaction timestamp: 263
61
Sender Name: B
Receiver Name: Y
Transaction Value: 194
Transaction timestamp: 262
62
Sender Name: D
Receiver Name: X
Transaction Value: 34
Transaction timestamp: 261
63
Sender Name: B
Receiver Name: Z
Transaction Value: 107
Transaction timestamp: 260
64
Sender Name: C
Receiver Name: W
Transaction Value: 740
Transaction timestamp: 259
65
Sender Name: C
Receiver Name: X
Transaction Value: 294
Transaction timestamp: 258
66
Sender Name: A
Receiver Name: W
Transaction Value: 65
Transaction timestamp: 257
67
Sender Name: D
Receiver Name: X
Transaction Value: 595
Transaction timestamp: 256
68
Sender Name: C
Receiver Name: Z
Transaction Value: 104
Transaction timestamp: 255
69
Sender Name: A
Receiver Name: Y
Transaction Value: 46
Transaction timestamp: 254
70
Sender Name: A
Receiver Name: Y
Transaction Value: 260
Transaction timestamp: 253
71
Sender Name: D
Receiver Name: Z
Transaction Value: 895
Transaction timestamp: 252
72
Sender Name: A
Receiver Name: Y
Transaction Value: 63
Transaction timestamp: 251
73
Sender Name: D
Receiver Name: W
Transaction Value: 95
Transaction timestamp: 250
74
Sender Name: D
Receiver Name: W
Transaction Value: 611
Transaction timestamp: 249
75
Sender Name: B
Receiver Name: X
Transaction Value: 866
Transaction timestamp: 248
76
Sender Name: C
Receiver Name: Y
Transaction Value: 887
Transaction timestamp: 247
77
Sender Name: C
Receiver Name: Y
Transaction Value: 735
Transaction timestamp: 246
78
Sender Name: D
Receiver Name: W
Transaction Value: 765
Transaction timestamp: 245
79
Sender Name: C
Receiver Name: X
Transaction Value: 101
Transaction timestamp: 244
80
Sender Name: A
Receiver Name: X
Transaction Value: 816
Transaction timestamp: 243
81
Sender Name: A
Receiver Name: W
Transaction Value: 76
Transaction timestamp: 242
82
Sender Name: D
Receiver Name: W
Transaction Value: 759
Transaction timestamp: 241
83
Sender Name: C
Receiver Name: X
Transaction Value: 443
Transaction timestamp: 240
84
Sender Name: C
Receiver Name: Z
Transaction Value: 48
Transaction timestamp: 239
85
Sender Name: D
Receiver Name: W
Transaction Value: 150
Transaction timestamp: 238
86
Sender Name: D
Receiver Name: Y
Transaction Value: 722
Transaction timestamp: 237
87
Sender Name: C
Receiver Name: Z
Transaction Value: 947
Transaction timestamp: 236
88
Sender Name: D
Receiver Name: X
Transaction Value: 950
Transaction timestamp: 235
89
Sender Name: C
Receiver Name: X
Transaction Value: 536
Transaction timestamp: 234
90
Sender Name: A
Receiver Name: Z
Transaction Value: 224
Transaction timestamp: 233
91
Sender Name: C
Receiver Name: X
Transaction Value: 916
Transaction timestamp: 232
92
Sender Name: C
Receiver Name: Y
Transaction Value: 929
Transaction timestamp: 231
93
Sender Name: D
Receiver Name: X
Transaction Value: 748
Transaction timestamp: 230
94
Sender Name: D
Receiver Name: Y
Transaction Value: 519
Transaction timestamp: 229
95
Sender Name: B
Receiver Name: Y
Transaction Value: 678
Transaction timestamp: 228
96
Sender Name: D
Receiver Name: Y
Transaction Value: 351
Transaction timestamp: 227
97
Sender Name: C
Receiver Name: W
Transaction Value: 124
Transaction timestamp: 226
98
Sender Name: A
Receiver Name: Z
Transaction Value: 918
Transaction timestamp: 225
99
Sender Name: C
Receiver Name: X
Transaction Value: 920
Transaction timestamp: 224
100
Sender Name: C
Receiver Name: X
Transaction Value: 86
Transaction timestamp: 223
101
Sender Name: B
Receiver Name: Y
Transaction Value: 621
Transaction timestamp: 222
102
Sender Name: B
Receiver Name: Z
Transaction Value: 77
Transaction timestamp: 221
103
Sender Name: D
Receiver Name: Z
Transaction Value: 817
Transaction timestamp: 220
104
Sender Name: C
Receiver Name: X
Transaction Value: 980
Transaction timestamp: 219
105
Sender Name: A
Receiver Name: Z
Transaction Value: 139
Transaction timestamp: 218
106
Sender Name: C
Receiver Name: W
Transaction Value: 256
Transaction timestamp: 217
107
Sender Name: A
Receiver Name: Y
Transaction Value: 835
Transaction timestamp: 216
108
Sender Name: D
Receiver Name: X
Transaction Value: 878
Transaction timestamp: 215
109
Sender Name: C
Receiver Name: X
Transaction Value: 457
Transaction timestamp: 214
110
Sender Name: B
Receiver Name: W
Transaction Value: 536
Transaction timestamp: 213
111
Sender Name: A
Receiver Name: Y
Transaction Value: 380
Transaction timestamp: 212
112
Sender Name: B
Receiver Name: X
Transaction Value: 199
Transaction timestamp: 211
113
Sender Name: D
Receiver Name: Z
Transaction Value: 747
Transaction timestamp: 210
114
Sender Name: A
Receiver Name: W
Transaction Value: 380
Transaction timestamp: 209
115
Sender Name: B
Receiver Name: Y
Transaction Value: 940
Transaction timestamp: 208
116
Sender Name: B
Receiver Name: Y
Transaction Value: 569
Transaction timestamp: 207
117
Sender Name: B
Receiver Name: X
Transaction Value: 359
Transaction timestamp: 206
118
Sender Name: D
Receiver Name: W
Transaction Value: 661
Transaction timestamp: 205
119
Sender Name: D
Receiver Name: Z
Transaction Value: 35
Transaction timestamp: 204
120
Sender Name: A
Receiver Name: Z
Transaction Value: 695
Transaction timestamp: 203
121
Sender Name: D
Receiver Name: W
Transaction Value: 885
Transaction timestamp: 202
122
Sender Name: B
Receiver Name: W
Transaction Value: 999
Transaction timestamp: 201
123
Sender Name: B
Receiver Name: Z
Transaction Value: 189
Transaction timestamp: 200
124
Sender Name: A
Receiver Name: Y
Transaction Value: 534
Transaction timestamp: 199
125
Sender Name: A
Receiver Name: W
Transaction Value: 50
Transaction timestamp: 198
126
Sender Name: B
Receiver Name: Y
Transaction Value: 692
Transaction timestamp: 197
127
Sender Name: B
Receiver Name: Y
Transaction Value: 95
Transaction timestamp: 196
128
Sender Name: D
Receiver Name: W
Transaction Value: 503
Transaction timestamp: 195
129
Sender Name: D
Receiver Name: W
Transaction Value: 490
Transaction timestamp: 194
130
Sender Name: C
Receiver Name: W
Transaction Value: 617
Transaction timestamp: 193
131
Sender Name: B
Receiver Name: X
Transaction Value: 401
Transaction timestamp: 192
132
Sender Name: C
Receiver Name: W
Transaction Value: 154
Transaction timestamp: 191
133
Sender Name: C
Receiver Name: W
Transaction Value: 61
Transaction timestamp: 190
134
Sender Name: A
Receiver Name: Y
Transaction Value: 292
Transaction timestamp: 189
135
Sender Name: A
Receiver Name: X
Transaction Value: 117
Transaction timestamp: 188
136
Sender Name: B
Receiver Name: W
Transaction Value: 406
Transaction timestamp: 187
137
Sender Name: B
Receiver Name: Y
Transaction Value: 164
Transaction timestamp: 186
138
Sender Name: D
Receiver Name: W
Transaction Value: 587
Transaction timestamp: 185
139
Sender Name: B
Receiver Name: W
Transaction Value: 674
Transaction timestamp: 184
140
Sender Name: D
Receiver Name: X
Transaction Value: 855
Transaction timestamp: 183
141
Sender Name: D
Receiver Name: W
Transaction Value: 846
Transaction timestamp: 182
142
Sender Name: D
Receiver Name: Z
Transaction Value: 106
Transaction timestamp: 181
143
Sender Name: D
Receiver Name: Z
Transaction Value: 356
Transaction timestamp: 180
144
Sender Name: B
Receiver Name: Z
Transaction Value: 880
Transaction timestamp: 179
145
Sender Name: A
Receiver Name: W
Transaction Value: 851
Transaction timestamp: 178
146
Sender Name: B
Receiver Name: Y
Transaction Value: 586
Transaction timestamp: 177
147
Sender Name: C
Receiver Name: W
Transaction Value: 449
Transaction timestamp: 176
148
Sender Name: A
Receiver Name: X
Transaction Value: 149
Transaction timestamp: 175
149
Sender Name: A
Receiver Name: Y
Transaction Value: 154
Transaction timestamp: 174
150
Sender Name: C
Receiver Name: Y
Transaction Value: 851
Transaction timestamp: 173
151
Sender Name: B
Receiver Name: Y
Transaction Value: 828
Transaction timestamp: 172
152
Sender Name: A
Receiver Name: W
Transaction Value: 221
Transaction timestamp: 171
153
Sender Name: D
Receiver Name: W
Transaction Value: 625
Transaction timestamp: 170
154
Sender Name: A
Receiver Name: Z
Transaction Value: 699
Transaction timestamp: 169
155
Sender Name: A
Receiver Name: W
Transaction Value: 55
Transaction timestamp: 168
156
Sender Name: B
Receiver Name: X
Transaction Value: 890
Transaction timestamp: 167
157
Sender Name: A
Receiver Name: X
Transaction Value: 817
Transaction timestamp: 166
158
Sender Name: C
Receiver Name: Y
Transaction Value: 705
Transaction timestamp: 165
159
Sender Name: D
Receiver Name: Y
Transaction Value: 668
Transaction timestamp: 164
160
Sender Name: C
Receiver Name: Z
Transaction Value: 829
Transaction timestamp: 163
161
Sender Name: D
Receiver Name: Y
Transaction Value: 845
Transaction timestamp: 162
162
Sender Name: B
Receiver Name: Z
Transaction Value: 330
Transaction timestamp: 161
163
Sender Name: C
Receiver Name: Z
Transaction Value: 785
Transaction timestamp: 160
164
Sender Name: D
Receiver Name: W
Transaction Value: 459
Transaction timestamp: 159
165
Sender Name: C
Receiver Name: X
Transaction Value: 362
Transaction timestamp: 158
166
Sender Name: C
Receiver Name: X
Transaction Value: 769
Transaction timestamp: 157
167
Sender Name: B
Receiver Name: Z
Transaction Value: 660
Transaction timestamp: 156
168
Sender Name: C
Receiver Name: X
Transaction Value: 889
Transaction timestamp: 155
169
Sender Name: C
Receiver Name: Z
Transaction Value: 702
Transaction timestamp: 154
170
Sender Name: A
Receiver Name: Y
Transaction Value: 816
Transaction timestamp: 153
171
Sender Name: B
Receiver Name: W
Transaction Value: 441
Transaction timestamp: 152
172
Sender Name: D
Receiver Name: W
Transaction Value: 375
Transaction timestamp: 151
173
Sender Name: D
Receiver Name: X
Transaction Value: 668
Transaction timestamp: 150
174
Sender Name: A
Receiver Name: X
Transaction Value: 822
Transaction timestamp: 149
175
Sender Name: D
Receiver Name: Y
Transaction Value: 92
Transaction timestamp: 148
176
Sender Name: C
Receiver Name: W
Transaction Value: 347
Transaction timestamp: 147
177
Sender Name: B
Receiver Name: X
Transaction Value: 798
Transaction timestamp: 146
178
Sender Name: C
Receiver Name: X
Transaction Value: 424
Transaction timestamp: 145
179
Sender Name: C
Receiver Name: Z
Transaction Value: 988
Transaction timestamp: 144
180
Sender Name: C
Receiver Name: Z
Transaction Value: 536
Transaction timestamp: 143
181
Sender Name: D
Receiver Name: W
Transaction Value: 931
Transaction timestamp: 142
182
Sender Name: D
Receiver Name: Z
Transaction Value: 463
Transaction timestamp: 141
183
Sender Name: C
Receiver Name: Y
Transaction Value: 129
Transaction timestamp: 140
184
Sender Name: C
Receiver Name: Z
Transaction Value: 480
Transaction timestamp: 139
185
Sender Name: C
Receiver Name: X
Transaction Value: 831
Transaction timestamp: 138
186
Sender Name: D
Receiver Name: Y
Transaction Value: 164
Transaction timestamp: 137
187
Sender Name: C
Receiver Name: Z
Transaction Value: 85
Transaction timestamp: 136
188
Sender Name: B
Receiver Name: Z
Transaction Value: 9
Transaction timestamp: 135
189
Sender Name: A
Receiver Name: Y
Transaction Value: 330
Transaction timestamp: 134
190
Sender Name: D
Receiver Name: W
Transaction Value: 242
Transaction timestamp: 133
191
Sender Name: A
Receiver Name: Z
Transaction Value: 880
Transaction timestamp: 132
192
Sender Name: B
Receiver Name: W
Transaction Value: 607
Transaction timestamp: 131
193
Sender Name: A
Receiver Name: Z
Transaction Value: 772
Transaction timestamp: 130
194
Sender Name: C
Receiver Name: Z
Transaction Value: 862
Transaction timestamp: 129
195
Sender Name: A
Receiver Name: Y
Transaction Value: 882
Transaction timestamp: 128
196
Sender Name: D
Receiver Name: Y
Transaction Value: 996
Transaction timestamp: 127
197
Sender Name: D
Receiver Name: Z
Transaction Value: 893
Transaction timestamp: 126
198
Sender Name: D
Receiver Name: X
Transaction Value: 681
Transaction timestamp: 125
199
Sender Name: C
Receiver Name: Y
Transaction Value: 851
Transaction timestamp: 124
200
Sender Name: D
Receiver Name: X
Transaction Value: 191
Transaction timestamp: 123
201
Sender Name: B
Receiver Name: X
Transaction Value: 621
Transaction timestamp: 122
202
Sender Name: D
Receiver Name: Z
Transaction Value: 111
Transaction timestamp: 121
203
Sender Name: B
Receiver Name: Z
Transaction Value: 749
Transaction timestamp: 120
204
Sender Name: A
Receiver Name: W
Transaction Value: 481
Transaction timestamp: 119
205
Sender Name: D
Receiver Name: Z
Transaction Value: 760
Transaction timestamp: 118
206
Sender Name: D
Receiver Name: X
Transaction Value: 46
Transaction timestamp: 117
207
Sender Name: B
Receiver Name: Y
Transaction Value: 433
Transaction timestamp: 116
208
Sender Name: B
Receiver Name: Y
Transaction Value: 755
Transaction timestamp: 115
209
Sender Name: D
Receiver Name: Z
Transaction Value: 429
Transaction timestamp: 114
210
Sender Name: C
Receiver Name: X
Transaction Value: 34
Transaction timestamp: 113
211
Sender Name: D
Receiver Name: Z
Transaction Value: 141
Transaction timestamp: 112
212
Sender Name: D
Receiver Name: Z
Transaction Value: 959
Transaction timestamp: 111
213
Sender Name: A
Receiver Name: X
Transaction Value: 605
Transaction timestamp: 110
214
Sender Name: D
Receiver Name: W
Transaction Value: 242
Transaction timestamp: 109
215
Sender Name: D
Receiver Name: Z
Transaction Value: 670
Transaction timestamp: 108
216
Sender Name: C
Receiver Name: X
Transaction Value: 452
Transaction timestamp: 107
217
Sender Name: C
Receiver Name: Y
Transaction Value: 367
Transaction timestamp: 106
218
Sender Name: D
Receiver Name: W
Transaction Value: 375
Transaction timestamp: 105
219
Sender Name: B
Receiver Name: Y
Transaction Value: 641
Transaction timestamp: 104
220
Sender Name: D
Receiver Name: X
Transaction Value: 466
Transaction timestamp: 103
221
Sender Name: C
Receiver Name: Y
Transaction Value: 168
Transaction timestamp: 102
222
Sender Name: A
Receiver Name: X
Transaction Value: 839
Transaction timestamp: 101
223
Sender Name: B
Receiver Name: Y
Transaction Value: 31
Transaction timestamp: 100
224
Sender Name: A
Receiver Name: W
Transaction Value: 795
Transaction timestamp: 99
225
Sender Name: A
Receiver Name: Z
Transaction Value: 22
Transaction timestamp: 98
226
Sender Name: D
Receiver Name: Z
Transaction Value: 442
Transaction timestamp: 97
227
Sender Name: A
Receiver Name: X
Transaction Value: 575
Transaction timestamp: 96
228
Sender Name: C
Receiver Name: Y
Transaction Value: 414
Transaction timestamp: 95
229
Sender Name: B
Receiver Name: Y
Transaction Value: 958
Transaction timestamp: 94
230
Sender Name: A
Receiver Name: X
Transaction Value: 887
Transaction timestamp: 93
231
Sender Name: C
Receiver Name: Z
Transaction Value: 162
Transaction timestamp: 92
232
Sender Name: C
Receiver Name: X
Transaction Value: 188
Transaction timestamp: 91
233
Sender Name: C
Receiver Name: W
Transaction Value: 441
Transaction timestamp: 90
234
Sender Name: C
Receiver Name: Z
Transaction Value: 411
Transaction timestamp: 89
235
Sender Name: C
Receiver Name: W
Transaction Value: 301
Transaction timestamp: 88
236
Sender Name: A
Receiver Name: X
Transaction Value: 180
Transaction timestamp: 87
237
Sender Name: C
Receiver Name: X
Transaction Value: 235
Transaction timestamp: 86
238
Sender Name: C
Receiver Name: Z
Transaction Value: 906
Transaction timestamp: 85
239
Sender Name: C
Receiver Name: Y
Transaction Value: 643
Transaction timestamp: 84
240
Sender Name: A
Receiver Name: Y
Transaction Value: 342
Transaction timestamp: 83
241
Sender Name: D
Receiver Name: Z
Transaction Value: 461
Transaction timestamp: 82
242
Sender Name: C
Receiver Name: X
Transaction Value: 80
Transaction timestamp: 81
243
Sender Name: B
Receiver Name: Y
Transaction Value: 66
Transaction timestamp: 80
244
Sender Name: D
Receiver Name: X
Transaction Value: 948
Transaction timestamp: 79
245
Sender Name: B
Receiver Name: Y
Transaction Value: 263
Transaction timestamp: 78
246
Sender Name: A
Receiver Name: Y
Transaction Value: 635
Transaction timestamp: 77
247
Sender Name: C
Receiver Name: W
Transaction Value: 333
Transaction timestamp: 76
248
Sender Name: C
Receiver Name: X
Transaction Value: 548
Transaction timestamp: 75
249
Sender Name: C
Receiver Name: Z
Transaction Value: 581
Transaction timestamp: 74
250
Sender Name: C
Receiver Name: X
Transaction Value: 337
Transaction timestamp: 73
251
Sender Name: B
Receiver Name: Y
Transaction Value: 591
Transaction timestamp: 72
252
Sender Name: A
Receiver Name: Y
Transaction Value: 324
Transaction timestamp: 71
253
Sender Name: A
Receiver Name: W
Transaction Value: 714
Transaction timestamp: 70
254
Sender Name: D
Receiver Name: Z
Transaction Value: 101
Transaction timestamp: 69
255
Sender Name: C
Receiver Name: W
Transaction Value: 717
Transaction timestamp: 68
256
Sender Name: D
Receiver Name: X
Transaction Value: 28
Transaction timestamp: 67
257
Sender Name: A
Receiver Name: Z
Transaction Value: 902
Transaction timestamp: 66
258
Sender Name: C
Receiver Name: X
Transaction Value: 904
Transaction timestamp: 65
259
Sender Name: B
Receiver Name: Y
Transaction Value: 90
Transaction timestamp: 64
260
Sender Name: D
Receiver Name: W
Transaction Value: 77
Transaction timestamp: 63
261
Sender Name: B
Receiver Name: W
Transaction Value: 826
Transaction timestamp: 62
262
Sender Name: A
Receiver Name: X
Transaction Value: 696
Transaction timestamp: 61
263
Sender Name: D
Receiver Name: Z
Transaction Value: 89
Transaction timestamp: 60
264
Sender Name: B
Receiver Name: W
Transaction Value: 739
Transaction timestamp: 59
265
Sender Name: D
Receiver Name: W
Transaction Value: 273
Transaction timestamp: 58
266
Sender Name: D
Receiver Name: X
Transaction Value: 692
Transaction timestamp: 57
267
Sender Name: D
Receiver Name: Y
Transaction Value: 288
Transaction timestamp: 56
268
Sender Name: D
Receiver Name: Z
Transaction Value: 456
Transaction timestamp: 55
269
Sender Name: C
Receiver Name: W
Transaction Value: 974
Transaction timestamp: 54
270
Sender Name: C
Receiver Name: X
Transaction Value: 910
Transaction timestamp: 53
271
Sender Name: C
Receiver Name: W
Transaction Value: 511
Transaction timestamp: 52
272
Sender Name: D
Receiver Name: W
Transaction Value: 299
Transaction timestamp: 51
273
Sender Name: A
Receiver Name: X
Transaction Value: 758
Transaction timestamp: 50
274
Sender Name: D
Receiver Name: Y
Transaction Value: 426
Transaction timestamp: 49
275
Sender Name: C
Receiver Name: W
Transaction Value: 540
Transaction timestamp: 48
276
Sender Name: C
Receiver Name: Z
Transaction Value: 429
Transaction timestamp: 47
277
Sender Name: A
Receiver Name: X
Transaction Value: 668
Transaction timestamp: 46
278
Sender Name: D
Receiver Name: Y
Transaction Value: 915
Transaction timestamp: 45
279
Sender Name: B
Receiver Name: Z
Transaction Value: 776
Transaction timestamp: 44
280
Sender Name: D
Receiver Name: Y
Transaction Value: 934
Transaction timestamp: 43
281
Sender Name: B
Receiver Name: W
Transaction Value: 696
Transaction timestamp: 42
282
Sender Name: C
Receiver Name: W
Transaction Value: 135
Transaction timestamp: 41
283
Sender Name: B
Receiver Name: Y
Transaction Value: 43
Transaction timestamp: 40
284
Sender Name: D
Receiver Name: W
Transaction Value: 588
Transaction timestamp: 39
285
Sender Name: A
Receiver Name: X
Transaction Value: 29
Transaction timestamp: 38
286
Sender Name: B
Receiver Name: X
Transaction Value: 729
Transaction timestamp: 37
287
Sender Name: A
Receiver Name: W
Transaction Value: 72
Transaction timestamp: 36
288
Sender Name: A
Receiver Name: Y
Transaction Value: 712
Transaction timestamp: 35
289
Sender Name: D
Receiver Name: W
Transaction Value: 172
Transaction timestamp: 34
290
Sender Name: D
Receiver Name: X
Transaction Value: 822
Transaction timestamp: 33
291
Sender Name: D
Receiver Name: Y
Transaction Value: 339
Transaction timestamp: 32
292
Sender Name: B
Receiver Name: Y
Transaction Value: 290
Transaction timestamp: 31
293
Sender Name: C
Receiver Name: Z
Transaction Value: 905
Transaction timestamp: 30
294
Sender Name: A
Receiver Name: Y
Transaction Value: 296
Transaction timestamp: 29
295
Sender Name: D
Receiver Name: W
Transaction Value: 257
Transaction timestamp: 28
296
Sender Name: A
Receiver Name: Y
Transaction Value: 213
Transaction timestamp: 27
297
Sender Name: C
Receiver Name: W
Transaction Value: 947
Transaction timestamp: 26
298
Sender Name: C
Receiver Name: Y
Transaction Value: 724
Transaction timestamp: 25
299
Sender Name: A
Receiver Name: W
Transaction Value: 789
Transaction timestamp: 24
300
Sender Name: C
Receiver Name: X
Transaction Value: 509
Transaction timestamp: 23
301
Sender Name: A
Receiver Name: X
Transaction Value: 213
Transaction timestamp: 22
302
Sender Name: D
Receiver Name: Y
Transaction Value: 46
Transaction timestamp: 21
303
Sender Name: A
Receiver Name: W
Transaction Value: 233
Transaction timestamp: 20
304
Sender Name: B
Receiver Name: X
Transaction Value: 1000
Transaction timestamp: 19
305
Sender Name: B
Receiver Name: W
Transaction Value: 834
Transaction timestamp: 18
306
Sender Name: D
Receiver Name: Z
Transaction Value: 554
Transaction timestamp: 17
307
Sender Name: D
Receiver Name: X
Transaction Value: 618
Transaction timestamp: 16
308
Sender Name: D
Receiver Name: X
Transaction Value: 838
Transaction timestamp: 15
309
Sender Name: D
Receiver Name: X
Transaction Value: 196
Transaction timestamp: 14
310
Sender Name: A
Receiver Name: X
Transaction Value: 774
Transaction timestamp: 13
311
Sender Name: B
Receiver Name: X
Transaction Value: 631
Transaction timestamp: 12
312
Sender Name: C
Receiver Name: Z
Transaction Value: 690
Transaction timestamp: 11
313
Sender Name: C
Receiver Name: X
Transaction Value: 168
Transaction timestamp: 10
314
Sender Name: D
Receiver Name: Z
Transaction Value: 512
Transaction timestamp: 9
315
Sender Name: B
Receiver Name: Z
Transaction Value: 989
Transaction timestamp: 8
316
Sender Name: A
Receiver Name: Y
Transaction Value: 962
Transaction timestamp: 7
317
Sender Name: A
Receiver Name: Y
Transaction Value: 588
Transaction timestamp: 6
318
Sender Name: D
Receiver Name: Y
Transaction Value: 755
Transaction timestamp: 5
319
Sender Name: B
Receiver Name: Z
Transaction Value: 507
Transaction timestamp: 4
320
Sender Name: A
Receiver Name: Y
Transaction Value: 926
Transaction timestamp: 3
321
Sender Name: C
Receiver Name: Z
Transaction Value: 830
Transaction timestamp: 2
322
Sender Name: D
Receiver Name: X
Transaction Value: 423
Transaction timestamp: 1