D Z 305 1
C X 393 2
B X 879 3
B W 957 4
C Z 565 5
D X 281 6
B W 967 7
B X 505 8
C Y 265 9
A X 617 10
D X 714 11
B Z 555 12
D X 492 13
B Z 10 14
C X 480 15
B Z 130 16
C Y 636 17
C X 270 18
B Z 659 19
B X 699 20
A Z 362 21
C Z 638 22
A W 22 23
C Z 214 24
A W 587 25
D X 581 26
B X 657 27
A X 274 28
B Y 810 30
C W 862 31
D X 739 32
A W 840 33
D X 405 34
B X 663 35
A Z 566 36
A W 164 37
B X 611 38
A W 486 39
D X 158 40
A Z 255 41
C Y 969 42
C X 827 43
D Y 398 44
D X 382 45
B X 612 46
C Z 94 47
C W 772 48
D X 532 50
C Y 898 51
C X 976 52
A Y 264 53
B Z 853 54
C Z 1252 57
A Z 252 58
A X 942 59
C Z 473 60
C X 807 61
D Z 897 62
C Y 642 63
A X 365 64
D Y 293 65
C W 647 66
C Z 143 67
D X 148 68
A X 850 69
B X 187 70
C X 404 71
C Y 185 72
C X 822 73
A X 843 74
A Y 787 75
B W 67 76
C Z 224 77
C W 934 78
B W 509 79
A Y 755 80
D X 1350 82
B W 740 83
D X 2 84
C Y 199 85
D Z 912 86
C Y 312 87
D X 637 88
C X 681 89
B Y 712 90
D Y 844 91
C W 951 92
A X 644 94
A Y 931 95
B W 496 96
C Y 211 97
A Z 431 98
B X 407 99
D Y 515 100
C X 1160 102
B Z 530 103
B Y 303 105
A W 533 106
D Y 791 107
D W 132 108
B W 304 109
C Z 97 110
A X 945 112
D Y 761 113
C Y 815 114
B X 363 115
B W 622 116
B X 646 117
C X 844 118
B Y 455 119
B X 447 120
C Z 460 121
B X 770 122
C X 488 123
B Z 624 125
A Y 544 126
C Y 802 127
A W 21 128
C Z 910 129
D X 16 130
A W 915 131
A X 347 132
A W 768 133
D W 365 134
C Y 80 135
A X 1027 137
D Y 436 138
A W 149 139
B Y 905 140
D Y 379 141
D X 747 143
A Y 575 144
D W 901 146
C W 630 147
C Z 738 148
B Z 773 149
A X 372 150
D Y 843 151
C X 369 152
A Y 283 153
B Y 456 154
A Z 545 155
C W 658 156
B Z 932 157
D Y 571 158
A Z 977 159
C W 736 160
B W 621 161
A Y 23 162
C W 659 163
D X 372 164
B Z 965 165
C X 209 166
A X 959 167
A Z 102 168
D Z 547 169
B Z 976 170
A W 219 171
D X 241 172
B X 586 173
D Z 306 174
D Y 52 175
B X 441 176
C X 827 178
C Z 109 179
D X 427 180
A W 375 181
D X 996 182
A Y 545 183
B W 992 184
D W 601 185
C W 795 186
C Y 976 187
D X 135 188
A X 616 189
B Y 924 190
A Y 110 191
B W 508 192
B Y 33 193
C W 330 194
B X 638 195
B Y 456 196
B Z 433 197
A Z 605 198
B Y 571 199
A X 1334 202
B Y 332 203
B Z 150 204
B X 662 205
A Y 390 206
A W 323 207
D X 835 208
A W 519 209
D Y 846 210
A Z 138 211
D X 67 212
B X 975 213
C X 595 214
D X 373 215
A Y 907 216
D Y 863 217
A W 779 218
A Z 845 219
A W 976 220
B X 1052 222
A Z 596 223
B Z 665 225
C Y 619 226
D X 289 227
D W 953 228
D Y 72 229
A W 610 230
A Y 906 231
B Z 641 233
C Y 450 234
B X 415 235
D W 616 236
B X 400 237
B W 276 238
A X 55 239
C Y 203 240
C Z 1037 242
D W 644 243
B X 976 244
D Z 93 245
A Z 555 246
B Z 863 247
A Z 223 248
C Y 516 249
C Z 704 250
A W 75 251
B X 685 252
B W 52 253
A W 445 254
B X 902 255
D Z 695 256
C W 782 257
C Z 795 258
A X 714 259
B Y 450 260
D Z 34 261
B Y 293 262
C Y 929 263
B Y 400 264
D W 31 265
C Z 358 266
A X 154 267
B Z 767 268
C W 625 269
B Y 234 270
A Y 931 271
D W 461 272
A Z 677 273
C W 100 274
B X 877 275
C Y 243 276
C X 173 277
A W 15 278
C Y 199 279
D W 501 280
C X 842 281
C Z 267 282
B Z 624 283
B X 886 284
B W 1247 286
A Z 484 287
D X 694 288
C X 735 290
C Z 311 291
B Y 434 292
D W 278 293
D X 100 294
D Y 1159 296
C W 145 297
D W 529 298
A Y 743 299
C W 293 300
B X 1437 302
B Y 64 303
D Y 910 304
A Y 420 305
C Z 1554 307
A W 774 308
C X 104 309
A Y 602 310
C X 152 311
A W 430 312
D Z 310 313
C Y 313 314
B Z 809 315
B W 579 316
A X 894 317
A Z 58 318
A W 5 319
B W 312 320
C Z 614 321
C W 422 322
C Y 453 323
C X 358 324
A W 378 325
C Z 811 328
A Y 837 329
B X 698 330
B Y 483 331
A W 375 332
D Z 940 333
D W 992 334
C Y 14 335
B Y 1097 337
C Y 228 338
A W 117 339
C Y 828 341
C W 70 342
A W 467 343
D Y 339 344
B Y 573 345
D Z 165 346
A X 1077 348
C Y 986 349
A Y 251 350
D Y 141 351
D X 621 352
B Z 779 353
C Y 462 354
C Z 552 355
C Y 54 356
A Y 360 357
C Y 333 358
D Y 355 359
B X 567 360
B W 967 361
C Z 120 362
A Z 12 363
D Z 918 364
C W 149 365
C Y 275 366
A W 239 367
C W 561 368
A X 172 369
C Y 878 371
B Y 768 372
A Z 884 373
B Y 120 374
B W 282 375
D Y 889 376
C W 109 377
B Y 683 378
D Z 834 379
B X 823 380
C Z 403 381
D W 47 382
B X 793 383
D Y 347 384
A Y 430 385
B X 891 386
B Y 469 387
D Y 285 388
C Y 999 389
A X 664 390
D W 776 391
A Y 125 392
D W 258 393
D Y 598 394
C W 984 395
A W 377 396
C Z 406 397
A W 346 398
D Z 283 399
C Y 605 400
A X 400 401
B Z 967 402
A X 806 403
C Y 290 404
A Y 261 405
A W 793 406
C X 317 407
B Y 711 408
C X 107 409
B X 11 410
C Z 794 411
D Y 721 412
D Z 520 413
A W 280 414
A Y 612 415
C W 785 417
D X 767 418
B Y 705 419
D Y 815 420
D W 100 421
A Z 471 422
B X 758 423
C Y 311 424
D Y 848 425
B Y 908 426
A X 520 427
B Z 684 428
D X 962 429
B Z 35 430
D Y 182 431
A X 302 432
D W 412 433
C Y 829 434
B Y 845 435
C X 562 436
A W 965 437
D W 374 438
A Z 447 439
B X 595 440
A W 758 441
B Y 605 442
B Z 157 443
A Y 159 444
B Z 590 445
D Y 510 446
D Z 748 447
A W 944 448
D Z 520 449
B X 484 450
D Y 669 451
A X 759 453
D W 692 454
A Z 953 455
C Y 220 456
D X 278 457
D Z 755 458
A Y 511 459
D W 319 460
A Z 679 461
C X 516 462
D Y 8 463
D W 605 464
B Y 317 465
A Z 661 466
C Y 342 467
B Y 374 468
D X 58 469
D W 968 470
A W 324 471
D Z 10 472
D X 308 473
C W 536 474
C Z 86 475
A W 422 476
B W 525 477
B Z 732 478
C Z 754 479
D Z 18 480
B Z 911 481
D Z 672 482
B W 230 483
A Y 282 484
B W 627 485
C Z 555 486
B X 768 487
B Z 881 488
D X 790 489
C X 829 490
D Z 483 491
B Y 191 492
D Z 803 493
A Y 695 494
C X 967 495
C W 538 496
A Y 734 497
D W 576 498
B W 961 499
B Y 989 500
C W 213 501
C Z 347 502
C Y 504 503
B Y 1476 505
D Z 716 506
D W 383 507
A Z 2014 510
C Y 827 511
D Y 889 512
B Y 971 513
D Z 222 514
B X 376 515
B W 62 516
C X 1490 518
B Y 560 519
B X 103 520
C X 161 521
A W 833 522
C Z 957 523
B Y 1251 525
B X 389 526
B Z 442 527
B X 551 528
A Y 527 529
B W 82 530
C Z 15 531
C X 600 532
B Y 342 533
A Y 47 534
D Z 645 535
D Y 984 536
C Y 533 537
A Z 338 538
A X 791 539
D W 365 540
B X 842 541
B W 75 542
A W 230 543
B Z 144 544
D Y 170 545
A Y 890 546
D Z 924 547
D W 575 548
A X 745 549
A Y 275 550
C W 468 551
A Z 303 552
B Z 490 553
A W 248 554
D X 816 555
A Y 676 556
A W 997 557
B W 112 558
A Z 834 559
D Y 793 560
B Y 481 561
D Y 963 562
D X 206 563
C Z 647 564
D W 880 565
B X 76 566
D Z 374 567
A Z 10 568
D W 890 569
C W 807 570
B Z 554 571
D Y 1560 574
C Y 772 575
A X 179 576
B W 251 577
B X 316 578
C Y 50 579
B X 647 580
A Z 258 581
C Y 108 582
A W 432 583
A X 190 584
C X 620 585
B Y 861 586
A X 290 587
A W 507 588
B Y 465 590
A Z 759 591
C Y 775 592
D W 999 593
B Z 104 594
B Y 187 595
A W 619 596
B W 780 597
C Y 231 598
A Z 586 599
B Z 176 600
D Z 152 601
B W 500 602
A Z 430 603
A W 36 604
B Z 272 605
C X 813 606
D Y 735 607
D W 240 608
B Y 691 609
B X 758 610
C X 442 611
A Z 95 612
A Y 250 613
A W 129 614
D Z 573 615
C X 5 616
A W 191 617
A Y 217 618
C Z 800 619
B X 503 620
C Z 891 621
D X 538 622
B X 443 623
A Y 930 624
C X 141 625
B Z 323 626
A W 965 627
D Y 935 628
D X 297 629
C X 380 630
D Z 535 631
C Z 953 632
B Z 454 633
B W 944 634
D Z 710 635
B X 430 636
C Y 751 637
A W 590 638
B X 675 639
A X 1506 641
A W 689 642
A Z 857 643
D Y 648 644
A W 696 646
D X 868 647
B X 510 649
C Y 389 650
C Z 986 651
A X 255 652
B Y 223 653
B X 874 654
B Y 400 655
C W 53 656
D Y 78 657
B Z 394 658
C W 325 659
A X 109 660
C Y 804 661
A X 590 662
C W 904 665
B W 702 666
A W 170 667
A X 1344 669
D W 891 670
C Z 677 671
C W 1217 673
C X 514 674
B Y 332 675
C Y 184 676
B W 35 677
D W 478 678
B Z 90 679
A Z 648 680
A Y 974 681
D Z 962 682
A X 774 683
C Z 375 684
C Y 572 685
D Z 109 686
C W 589 687
C Y 241 688
C X 970 689
B W 831 690
D X 90 691
A W 214 692
C W 385 693
D Z 431 694
D X 443 695
D Y 528 696
C Z 393 697
C W 16 698
A X 427 699
C X 467 700
B W 235 701
C Z 926 702
D W 678 703
B X 794 704
D W 546 705
D Y 186 706
B Y 431 707
C Y 633 708
D Z 262 709
B Y 481 710
C Z 314 711