C Z 166 1
C W 261 2
D Z 198 3
B Y 812 4
B Z 833 6
C Y 623 7
A Y 183 8
C Z 1 9
C Y 638 10
D Y 336 11
C W 239 12
B Z 899 13
A W 650 14
D W 342 15
B Y 754 16
D W 966 17
A Y 596 18
D W 65 19
C Y 439 20
D X 259 21
B X 996 22
C W 405 23
C Z 794 24
C X 91 25
D Z 975 26
C W 896 27
D W 721 28
B W 98 29
D X 323 30
C Y 904 31
D Z 498 32
D Y 853 33
D W 63 34
A Z 513 35
C W 256 36
B W 778 37
C Y 654 38
C W 565 39
A X 486 40
B X 872 42
A X 66 43
C X 546 44
B X 608 45
C Y 218 46
D Z 225 47
D X 556 48
C Y 424 49
A Z 30 50
A X 927 51
C Y 1019 53
B Y 454 54
C X 772 55
A Y 570 56
C X 529 57
B X 862 58
A X 330 59
C W 318 60
B Y 699 61
D X 768 62
B Z 376 63
D Y 199 64
A Y 8 65
A W 827 66
B Y 602 67
D Z 918 68
C Z 668 69
D W 395 70
D Y 765 71
C W 970 72
B Z 226 73
D Y 444 74
B Y 408 75
C W 755 76
C Y 622 77
B Y 258 78
D Z 471 79
C Y 952 80
B W 682 81
A X 536 82
D W 215 83
B X 49 84
C W 204 85
C Z 1000 86
A W 12 87
D X 299 88
C X 818 89
D Y 111 90
B X 600 91
D Y 1676 94
D X 808 95
A W 67 96
C W 401 97
C X 248 98
B Z 840 99
B W 405 100
D Y 73 101
B Y 678 103
A W 576 104
D X 911 105
C X 387 106
A X 542 107
B W 182 108
B X 317 109
D Y 141 110
B Z 97 111
D Z 927 112
B X 237 113
D Y 611 114
A Y 422 115
A X 339 116
D X 1580 118
C Y 845 119
C X 385 120
A Z 902 121
A Y 631 122
C Z 981 123
D Y 81 124
D Z 364 125
D Y 791 126
A X 578 127
A W 431 128
B Y 769 129
B Z 128 130
D W 780 131
C W 659 132
B X 635 133
B Z 174 134
D X 268 135
B Y 594 136
B W 38 137
D Y 526 138
C W 403 139
C X 870 140
B Y 688 141
A X 579 142
B Y 481 143
B W 575 144
B Z 995 145
D W 967 146
C W 241 147
B W 415 148
D X 972 149
B Y 309 150
C Z 905 151
B W 499 152
C Y 582 153
D Z 347 154
C X 884 155
B X 478 156
A W 641 157
A X 805 158
C X 460 159
D W 979 160
A Z 33 161
C X 507 162
B Z 556 163
D X 133 164
D Y 156 165
D Z 809 166
B X 924 167
B Y 564 168
A W 78 169
D Y 276 170
A Z 30 171
D Y 282 172
C W 1501 175
D Z 101 176
A Z 726 177
D Z 104 178
B X 61 179
A W 393 180
B W 714 181
A W 650 182
D Z 565 183
D W 1158 185
C W 811 186
C X 417 187
D X 885 188
C W 376 189
D Y 775 190
C W 147 191
A W 245 192
B Y 41 193
B Z 589 194
D Y 25 195
C Y 377 196
B X 358 197
C W 321 198
B X 145 199
D Z 432 201
C Y 333 202
A Y 153 203
B Y 505 204
C Y 408 205
A Z 345 206
D Z 204 207
C X 637 208
C Z 244 209
A Z 514 210
A W 1679 212
A Z 708 213
A Y 995 214
B Y 927 215
C W 288 216
C Z 450 218
A X 289 219
B Y 108 220
A Y 326 222
B W 304 223
B X 662 224
A Z 541 225
C W 742 226
C Y 333 227
C W 877 228
A X 690 229
A W 118 230
B Y 920 231
A W 174 232
B X 439 233
A Y 194 234
D X 377 235
A W 267 236
D W 689 237
A W 578 238
C X 619 239
A Z 809 240
A Y 422 241
B X 244 242
D X 484 243
C Z 357 244
D Z 38 245
B Y 39 246
A Y 948 247
B W 126 248
D X 588 249
A W 819 251
B X 791 252
C W 424 253
A X 427 254
C W 560 255
A W 436 256
C X 518 257
C Z 888 258
C X 697 259
A X 757 260
D W 25 261
B Y 1164 263
C Z 836 264
A Z 677 265
A X 531 266
A Y 163 267
D Y 49 268
D X 55 269
B Z 338 270
A Y 890 271
C Z 491 272
B X 551 273
D Y 790 274
C X 965 275
A X 181 276
A Y 23 277
B W 473 278
A W 32 279
D W 738 280
C Y 698 281
D Z 913 283
A Y 260 284
C Y 905 285
A W 458 286
D X 246 287
C W 818 288
C Z 618 289
D W 858 291
C X 224 292
D W 194 293
A X 255 294
C W 785 295
D Y 123 296
D X 608 297
B X 992 298
C X 951 299
C W 509 300
D W 823 301
C Z 817 303
A W 834 304
B Z 411 305
C Y 602 306
A X 77 307
B W 103 308
C Z 490 309
C W 799 310
C Y 151 311
B Y 883 312
A W 439 313
B X 661 314
A Y 573 315
A W 708 316
D X 126 317
B Z 978 318
D W 757 319
A Y 502 320
B Z 703 321
B W 53 322
B Y 892 323
A Z 595 324
B X 206 325
D W 794 326
B Z 210 328
A X 852 329
C Y 697 330
A Z 646 331
B W 666 332
A X 913 333
B X 490 334
A Y 179 335
A X 562 336
C X 882 338
A Z 810 339
D W 730 340
B X 894 341
A Z 181 342
D X 65 343
C Z 968 344
D Z 54 345
B X 0 346
A Y 175 347
C Y 535 348
C Z 678 349
B Y 336 350
C Z 704 351
C W 667 352
A Y 627 353
C Y 630 354
A Z 244 355
B Z 921 356
B Y 272 357
C X 529 358
D Z 382 359
C X 962 360
B Z 494 361
C Z 87 362
A W 1558 364
B W 42 365
C Y 989 366
A X 2 367
C W 494 368
B Y 918 369
C Y 347 370
B Z 767 371
A W 855 372
B Y 425 373
D Y 91 374
B Z 143 375
B X 838 376
A Y 350 377
B Y 683 378
B W 313 379
B Z 994 380
A Z 511 381
B X 709 382
C Y 276 383
C W 247 384
D W 596 385
B X 641 386
A Z 350 387
D W 215 388
A Y 884 389
B Z 592 390
B Y 362 391
D W 536 392
C Z 241 393
B Y 703 394
C X 79 395
B W 875 396
C W 209 398
A Z 801 399
A Y 387 400
C Y 509 401
C Z 274 402
B X 728 403
B W 389 404
A W 588 405
C Y 713 406
D Z 946 407
C X 592 408
C W 814 409
B Y 972 410
D Z 427 411
A W 144 412
D X 632 413
A Z 453 414
B W 113 415
C W 395 416
A W 972 417
A Y 194 418
B X 420 419
D X 1809 421
D Z 943 422
B W 30 423
C X 38 424
A W 183 425
A Y 388 426
C X 203 427
B W 502 428
B X 354 429
B Z 1277 432
C X 438 433
A Z 656 434
C Z 842 435
A Y 460 436
D Z 658 437
C Y 398 438
B X 47 439
A X 746 440
C Y 897 441
B W 47 442
A Z 174 443
C X 965 444
C W 545 445
C Y 627 446
C W 694 448
A X 981 449
D W 503 450
A X 534 451
B X 918 452
B Y 93 453
C Z 153 454
B Y 505 455
D Z 962 456
C Y 67 457
A X 705 458
D Y 582 459
A Z 184 460
A Y 374 461
B Z 802 462
D X 822 463
C Y 359 464
D Y 707 465
D X 330 466
D W 140 467
C Z 140 468
A X 696 469
B W 937 470
C Z 93 471
B X 13 472
B Z 498 473
D Z 80 474
D Y 251 475
D X 894 476
A X 294 477
C Y 658 478
A X 46 479
A Y 272 480
C W 715 481
D Z 31 482
D W 450 483
A Y 874 484
A X 592 485
D Z 205 486
B Y 751 488
D Z 413 489
B W 544 490
A Z 700 491
B X 411 492
C X 343 493
D Z 261 494
B W 986 495
C Y 68 496
A W 884 497
B X 644 498
C X 208 499
A X 720 500
D Y 951 501
C W 238 502
C X 580 503
D Y 289 504
B Y 678 505
A Z 252 506
C X 180 507
D W 1460 509
B Z 887 510
A X 524 511
D Z 765 512
A W 481 513
D Z 420 514
B Y 709 515
B X 463 516
C Z 538 518
C W 77 519
D Z 392 520
D W 353 521
A X 461 522
C W 806 524
A Z 236 525
B X 972 526
B Z 914 527
A Y 543 528
C Y 144 529
D Y 968 530
A Y 226 531
D Z 213 532
B Z 899 533
C X 47 534
B X 826 535
C Z 432 536
B Z 18 537
C W 536 538
C X 382 539
A Z 475 540
A W 435 541
C X 958 542
A Z 463 543
A Y 226 544
B Z 809 545
D W 407 546
B Z 657 547
A W 550 548
C X 754 549
B X 493 551
C Z 50 552
D Y 793 553
C X 699 554
B Y 889 555
C W 265 556
B Y 769 557
A W 873 558
A X 731 559
C W 883 561
D X 710 562
A Y 784 563
C W 764 564
D Y 839 565
C W 966 566
B W 751 567
C Z 811 568
B Z 281 569
D Y 604 570
A X 98 571
C X 983 572
C W 923 573
B X 1493 575
C Z 318 576
A W 372 577
C Z 880 578
A Z 340 579
B Z 363 580
A X 825 581
B X 92 582
C Y 568 583
D Y 234 584
C Z 453 585
B W 625 586
D W 195 587
C Z 405 588
C Y 1211 590
D X 876 591
A Z 799 592
D Z 519 593
C X 869 594
A Z 99 595
A X 909 596
D Y 566 597
C W 715 598
C Z 884 599
B Z 748 600
D X 26 601
B Z 157 602
C Z 851 603
D W 622 604
B Z 1091 606
A Y 762 607
A X 483 608
B Z 368 609
A Y 336 610
A W 983 611
D Y 1542 613
B X 989 614
C Y 907 615
D X 747 616
A Z 766 617
D W 92 618
D Y 0 619
B Y 686 620
D W 129 621
C X 214 622
B X 478 623
D Y 960 624
D X 120 625
D W 967 626
B Z 229 627
B W 535 628
A Z 721 629
D W 61 630
A Z 183 631
C Z 374 632
D Z 206 633
C W 624 636
D Z 1873 638
A Y 507 639
D Y 606 640
D X 974 641
A Y 1605 643
B Y 500 644
A X 735 645
C Z 659 646
B X 948 647
C W 1231 649
A Z 712 650
C W 973 651
C X 37 652
A X 156 653
D W 373 654
A W 753 655
C Y 228 656
B Z 767 657
D Y 159 658
B W 240 659
B Z 614 660
A Y 836 661
C Z 57 662
D X 647 664
A W 945 665
B X 965 666
D X 510 667
A W 675 668
C Z 858 669
D X 606 670
B Z 839 672
A Z 971 673
A X 5 674
C W 520 675
C X 856 676
B Y 1423 678
B Z 561 679
C X 936 680
B X 793 681
D Z 373 682
C Y 775 683
C W 977 684
B X 451 685
B Y 405 686
C Y 434 687
B W 944 688
C X 601 689
B Z 246 690
B X 950 691
B W 594 693
B Z 253 694
A W 156 695
C Y 857 696
D W 15 697
D Z 520 698
C X 153 699
D X 848 700
D Y 270 701
C W 17 702
D X 973 703
C Y 1140 705
C W 87 706
A Z 184 707
A Y 444 708
A Z 579 709
A Y 141 710
B Z 753 711
D X 954 712
C Z 779 713
A Y 64 714
A W 254 715
C Y 260 716
B Z 57 717
D X 488 718
B X 661 719
D W 69 720
B Y 926 721
B X 394 722
B Z 195 723
D Z 987 725
A Y 235 726
B Z 33 727
C Z 990 728
C X 266 729
A W 546 730
B W 591 731
C W 455 732
A Y 657 734
A X 166 735
B W 613 736
A W 1184 738
D X 295 739
A W 345 740
B Z 485 741
D X 799 742
C W 332 743
D X 879 744
D Z 190 745
B X 414 746
C W 742 747
B Y 198 748
A Y 25 749
B X 805 750
C Y 394 751
B Y 329 752
A X 572 753
D Y 758 754
D X 668 755
D W 493 756
D Z 612 757
C Y 450 758
B W 864 759
D Z 734 760
D W 617 761
C Y 218 762
A W 182 763
D X 611 764
B Y 886 765
C W 874 766
B Y 399 767
B W 908 768
D Y 661 769
B X 840 770
C Y 958 772
A W 486 773
C W 468 774
C X 712 775
B Z 765 776
C X 189 777
B Y 1149 779
B X 17 780
C Y 648 781
A X 286 782
C Y 146 783
A X 103 784
B X 762 785
D Z 671 786
D Y 976 787
B X 441 788
A Y 1634 790
B Z 752 791
A Y 410 792
C Y 971 794
D X 744 795
A Y 33 796
C Z 357 797
A X 328 798
C W 1761 800
C Z 66 801
B Z 857 802
A X 653 803
C W 81 804
A W 235 805
A Y 27 806
D X 208 807
B Y 756 808
B X 211 809
B Z 825 810
A W 208 811
A X 357 812
B Y 793 813
C Y 939 814
B Z 394 815
B W 35 816
A W 798 817
A Y 526 818
B Z 288 819
D W 761 820
D X 45 821
D Z 730 822
A Y 589 823
C W 899 824
C Y 530 825
D Z 246 826
D Y 839 827
C W 350 828
A X 934 829
A Y 235 830
C Y 395 831
B W 398 832
B X 270 833
A Z 82 834
A X 1556 836
C W 559 837
C X 994 838
A Z 1252 840
C Z 469 841
C X 211 842
C Y 401 843
A Z 1 844
D X 488 845
B X 812 846
C Y 53 847
B Y 867 848
D W 656 849
C Y 326 850
B Y 657 853
C W 419 854
A X 953 855
A W 428 856
D Z 178 857
D X 414 858
A Y 697 859
A Z 76 860
D W 923 861
D Z 356 862
D W 335 863
A W 423 864
A Z 933 865
C Y 118 866
B Y 430 867
B Z 882 868
A X 192 869
B X 547 870
D Z 738 871
A Y 553 872
A W 929 873
C W 811 874
C Y 36 875
A W 202 876
B W 168 877
C X 994 878
A Z 17 879
C W 633 880
C X 24 881
B W 434 882
C W 985 883
D X 27 884
B X 699 885
D Y 7 886
C Y 311 887
B X 458 888
B Z 169 889
C W 525 890
A Z 417 891
C Z 701 892
A W 312 893
A Y 477 894
D X 1238 896
A Z 322 897
A X 441 898
A Y 973 899
B Z 100 900
C X 785 902
C Z 67 903
A Y 209 904
D Z 122 905
A Y 22 906
A W 930 907
B W 545 908
A W 221 909
C W 617 910
D X 35 911
C Z 484 912
C W 306 913