C X 276 1
C W 598 2
D Z 1 3
D Y 622 4
C W 164 5
D Y 715 6
B W 926 7
A X 488 8
B X 645 9
C Y 86 10
D Z 655 12
B Y 161 13
B Z 245 14
D W 911 15
D X 451 16
B W 590 17
A Z 946 18
C W 42 19
D W 650 20
B X 414 21
B Y 899 22
A Y 704 23
B W 183 24
D X 244 25
A Y 982 26
B W 820 27
B X 414 28
B W 257 29
C Z 123 30
A Z 600 31
C W 26 32
D Z 997 33
A Y 353 34
D Z 191 35
A W 721 36
C X 98 37
A W 119 38
B X 692 39
B W 872 40
A W 286 41
A Y 235 42
B Y 593 43
C W 950 44
C Z 574 45
B X 94 46
A W 85 47
D X 194 48
A X 432 49
C Y 916 50
B Y 697 51
D Z 853 52
D Y 702 53
D X 45 54
C Z 821 55
B X 577 56
C W 314 57
D Z 892 58
D Y 295 59
D W 416 60
C Z 257 61
B Y 256 62
B X 1218 64
D X 611 65
C W 505 66
C Z 331 67
A X 542 68
D X 409 69
C Y 864 70
D X 483 72
B X 226 73
C Z 232 74
D Y 488 75
A Y 652 76
A Z 85 77
C Y 109 78
C X 272 79
D W 747 80
B W 259 81
D X 405 82
B X 927 83
A W 1539 85
D X 30 86
A W 697 87
D Y 282 88
A Y 491 89
D X 961 90
C Y 186 91
B X 464 92
C Z 384 93
B Z 476 94
B X 82 95
A Y 324 96
C Z 161 97
C Y 585 98
C X 75 99
B X 94 100
D Y 1249 102
A Y 858 103
B Y 132 104
D W 918 105
C Y 459 106
A W 609 107
B W 128 108
B Y 323 109
A Y 297 110
D W 799 111
A Z 684 112
D W 869 113
A W 264 114
C X 807 115
C Z 430 117
D Y 375 119
A Z 896 120
D Y 652 121
C X 538 122
C W 215 123
A W 226 124
D X 198 125
B X 372 126
C Z 836 127
D W 37 128
B Z 204 129
B W 973 130
D Y 249 131
A W 443 132
C Z 390 133
B Z 408 134
A Z 646 135
D W 43 136
B Z 512 137
D Z 631 138
C X 117 139
B Y 668 140
D Y 333 141
D W 554 142
C W 518 144
D X 637 145
D W 512 146
C Y 901 147
A W 862 148
A X 531 149
B Y 527 150
B X 291 151
C X 43 152
C Z 415 153
B W 549 154
A W 835 155
B X 422 156
D Y 599 157
B Y 385 158
D X 64 159
D Y 49 160
D Z 220 161
B W 118 162
D Y 414 163
B W 501 165
C Y 496 166
D X 348 167
C X 987 168
B Y 881 169
A Z 841 170
D X 331 171
C W 622 172
B X 825 173
C Z 93 174
A Z 390 175
D W 584 176
D Y 29 177
C X 949 178
C Z 544 179
D W 27 180
A X 247 181
A Z 566 182
A X 531 183
D W 198 184
A Y 834 185
C W 20 186
A Z 821 187
C W 989 188
D X 763 190
D Z 473 191
D X 1358 193
C Z 298 194
C Y 362 195
D X 390 196
D W 777 197
C Z 744 198
B W 1547 200
C Z 873 201
D X 357 202
A W 231 203
B W 313 204
C Y 263 205
B Y 782 206
A Z 837 207
D X 333 208
B W 873 209
C X 775 210
D Y 338 211
D Z 909 212
B W 538 213
D Y 541 214
A W 986 215
D W 26 216
B X 674 217
C X 386 218
C Z 673 219
B Y 37 220
B X 216 221
A X 607 222
B Y 517 223
A W 400 224
D Z 680 225
D W 109 226
D X 82 227
B Y 829 228
D Z 595 229
C Y 137 230
C X 45 231
C W 975 232
D Z 718 233
A Y 760 234
A Z 800 235
C Z 996 236
B X 230 237
A Z 488 238
A X 586 239
A W 183 240
C X 916 241
A Z 706 242
C X 102 243
C W 772 244
A W 391 245
D W 770 247
C W 481 248
B Y 547 250
C X 164 251
A Y 251 252
D W 964 253
A Y 929 254
B Z 1325 256
C Y 755 257
B Z 666 258
A Y 583 259
D X 379 260
A Z 200 261
A W 397 263
B Y 485 264
B Z 516 265
B W 796 266
A W 970 267
B X 490 268
C Y 910 270
C Z 111 271
D X 339 272
C W 485 273
C Y 126 274
C W 390 275
C X 896 276
D Z 91 277
B Y 241 278
D Z 863 280
B Z 143 281
D Z 445 282
D Y 256 283
C X 742 284
B Z 829 286
A Z 796 287
A W 815 288
A Z 685 289
C Z 395 290
B Z 735 291
A W 920 292
B X 786 293
C Y 653 294
B Y 419 295
D X 79 296
C W 422 297
B Y 934 298
D W 771 299
D Z 511 300
A Y 585 301
A X 33 302
C W 688 303
A Y 574 304
B Z 269 305
B Y 318 306
C X 126 307
D Y 768 308
A W 107 309
D Z 367 310
A W 255 311
A X 160 312
A W 710 313
A Z 473 314
A Y 354 315
A W 174 316
B X 961 317
B Y 129 318
C Z 355 319
B W 949 320
A Z 566 321
D X 300 322
A X 659 323
D Y 300 324
B W 925 325
C Z 58 326
D Y 329 327
B W 338 328
B Z 822 329
D W 1071 331
B Y 769 332
D Z 769 333
B X 817 334
D X 924 335
B Z 651 336
D X 600 337
D Y 48 338
D W 1667 340
A X 230 341
D Z 973 342
A W 886 343
B X 671 344
A W 99 345
B Z 672 346
C W 536 347
B Y 292 348
D Z 336 349
A W 628 350
B Y 217 351
A X 510 352
A Y 458 353
B Y 590 354
D Y 196 355
B Y 488 357
A W 98 358
C Y 172 359
A X 182 360
D Y 1029 362
B X 412 363
B W 169 364
A X 1115 366
C W 477 367
A Y 632 368
A X 267 369
D W 908 370
B Y 693 371
B Z 768 372
D Z 4 373
D X 112 374
B Y 50 375
C Z 621 376
A X 305 377
C Y 485 378
B Z 665 379
D Z 404 380
B W 436 381
A Z 517 382
C W 16 383
A Z 241 384
B X 490 385
B W 799 386
C Z 582 387
B Y 727 388
B W 291 389
D W 871 390
B Z 253 391
A X 5 392
A W 429 393
A Y 658 394
C W 423 395
C Y 920 396
B X 734 397
D Z 169 398
A Z 687 399
B W 594 400
C Z 232 401
C X 684 403
C W 276 404
B X 755 405
D X 493 406
C Y 563 407
A X 761 408
C W 827 409
A Z 989 410