bc9af0de34edc3210765
dafc96b8528ba5476103
16305a749e47698badcf
34127856bc654ba98fed
8fa9c3ed07def0123456
8fa9c3ed07def0123456
43650f21cb123cdef89a
43650f21cb123cdef89a
61472d03e9301efcdab8
34127856bc654ba98fed
25036947ad745ab89efc
8fa9c3ed07def0123456
f8deb49a70a987654321
07214b658f56789abcde
43650f21cb123cdef89a
52741e30da032dcfe98b
9eb8d2fc16cfe1032547
cbed87a9439ab4567012
07214b658f56789abcde
f8deb49a70a987654321
f8deb49a70a987654321
e9cfa58b61b896745230
e9cfa58b61b896745230
8fa9c3ed07def0123456
8fa9c3ed07def0123456
f8deb49a70a987654321
61472d03e9301efcdab8
16305a749e47698badcf
70563c12f8210fedcba9
43650f21cb123cdef89a
07214b658f56789abcde
52741e30da032dcfe98b
ad8be1cf25fcd2301674
9eb8d2fc16cfe1032547
9eb8d2fc16cfe1032547
f8deb49a70a987654321
07214b658f56789abcde
16305a749e47698badcf
61472d03e9301efcdab8
bc9af0de34edc3210765
16305a749e47698badcf
43650f21cb123cdef89a
ad8be1cf25fcd2301674
8fa9c3ed07def0123456
16305a749e47698badcf