C Y 852 1
C W 657 2
B Z 375 3
D W 909 4
A W 553 5
C Y 999 6
B Z 218 7
C Z 981 8
A Y 872 9
A Z 141 10
D Y 625 11
C Z 539 12
A Y 363 13
B Y 555 14
C Y 353 15
A Y 261 16
C Y 804 17
C X 87 18
B X 853 19
A W 819 20
C Y 352 21
D W 556 22
D X 313 23
B Y 126 24
B X 983 25
C Y 980 26
B Y 891 27
D X 447 28
A Z 750 29
C W 975 30
A W 433 31
B X 857 32
D Z 858 33
D X 14 34
A Y 302 35
C Y 977 36
D W 508 37
D Y 0 38
A Y 980 39
A X 558 40
B W 215 41
C Y 976 42
C X 43 43
A Z 553 44
B Z 72 45
A Z 387 46
C X 886 47
B Z 409 48
D Y 892 49
D Z 602 50
B W 661 51
D X 611 52
C X 317 53
D Y 317 54
C Y 471 55
D W 962 56
D Y 755 57
B Y 938 58
D W 484 59
A X 47 60
C Y 609 61
B Y 416 63
A X 907 64
B Z 485 65
A X 989 66
D W 229 67
D Z 728 68
C Z 680 69
C X 631 70
A X 448 71
C W 56 72
C Z 21 73
A Z 886 74
D X 6 75
C Y 507 76
D W 427 77
A Z 466 78
A X 521 79
D X 80 80
B W 512 81
A Y 106 82
D W 746 83
C X 359 84
B W 57 85
B X 23 86
A Z 841 87
C Y 494 88
A Z 683 89
B X 229 90
A Y 893 91
C X 973 92