B X 839 1
A Y 607 2
D Z 1921 4
A W 9 5
B X 105 6
D X 844 7
A W 230 8
A Y 13 9
A X 957 10
C W 49 11
B Z 230 12
A W 243 13
C Y 216 14
C X 297 15
A Y 734 16
A X 294 17
A Z 972 18
D W 452 19
C W 613 20
D X 631 21
C X 642 22
A W 83 23
C Y 494 24
B X 941 25
B W 907 26
D Y 873 27
C Z 863 28
D Z 405 29
C W 350 30
A X 646 31
C X 240 32
A Z 471 33
B Y 499 34
A Y 191 35
B Y 180 36
A Z 671 37
D Z 871 38
C Y 239 39
D X 867 40
C Z 467 41
D Z 774 42
C Z 524 43
B Y 250 44
B W 936 45
A W 997 46
D X 648 47
D Y 735 48
D X 507 49
C X 741 50
B X 502 51
B W 144 52
B Y 216 53
D W 796 54
B X 852 55
B Z 393 56
C X 299 57
A X 445 58
D W 646 59
C Y 286 60
C W 90 61
B Z 538 62
C Z 476 63
C Y 933 64
B Y 362 65
A W 540 66
C Z 57 67
A Z 13 68
D X 291 69
C X 474 70
A Z 333 71
B X 565 72
C Z 450 73
A W 597 74
A X 859 75
A W 898 76
D Y 799 77
C Y 296 78
C X 41 79
C Z 10 80
B X 680 81
D Y 504 82
D X 355 83
B W 127 84
C Z 120 85
D Z 159 86
D Y 941 87
B Z 20 88
B Y 1689 90
A Z 298 91
C Z 457 92
A W 70 93
C Y 73 94
A W 561 95
C Z 275 96
B Z 757 97
A Y 775 98
D X 855 99
D Y 630 100
B X 61 101
D Y 484 103
A X 76 104
A Z 473 105
A W 815 106
D Y 890 107
A X 840 108
C Z 999 109
B W 101 110
B Y 923 111
C X 369 112
D Z 233 113
C Z 865 114
C W 443 115
B Y 743 116
D Z 764 117
A Y 531 118
B W 369 119
D Y 948 120
C Y 52 121
B Y 947 122
C Y 946 123
A Y 444 124
D W 980 125
D X 947 126
B X 734 127
C Z 707 128
A W 708 129
C W 264 130
A Y 20 131
D W 332 132
C W 316 133
B Y 1452 135
C Y 140 136
A X 158 137
C X 483 138
C Z 473 139
A X 555 140
C X 831 141
D X 941 142
D Z 507 143
B X 210 144
C X 513 145
A X 637 146
C Z 786 147
D X 885 148
D W 152 149
D Z 119 150
D W 830 151
D Z 479 153
C W 771 154
D Y 556 155
C Z 849 156
C W 88 157
B Z 452 158
C Y 158 159
B Y 845 160
D Y 788 161
A Y 545 162
D W 333 163
C Z 614 164
C X 492 165
B Y 205 166
A Z 820 167
C X 683 168
A Z 88 169
A W 232 170
C Z 505 171
C W 123 172
D Y 175 173
C X 148 174
C Z 375 175
D Y 477 176
C Y 991 177
D W 613 178
C Z 21 179
B Z 424 180
D W 890 181
B Z 989 182
B X 622 183
D Z 976 184
C W 800 185
A X 444 186
C W 590 187
C Z 527 188
D Y 425 190
D W 119 191
B Z 704 192
B X 324 193
B W 916 194
D X 996 196
A X 255 197
D X 397 198
B X 485 199
C Y 601 200
B Z 864 201
A X 634 202
C Z 287 204
C Y 155 205
D X 875 206
C W 1196 208
A Y 907 209
B W 55 210
C Z 516 211
B W 620 212
D W 748 213
C X 491 214
D Y 609 215
B Z 189 216
A Y 532 217
C W 809 218
B X 379 219
D Z 207 220
C W 324 221
D X 57 222
C Y 529 223
A Z 679 224
C Y 320 225
A W 991 226
A Y 130 227
A X 769 228
C W 102 229
D Y 891 230
C Z 40 231
B Z 665 232
C W 409 234
B X 570 235
C Y 194 236
A Z 186 237
D X 747 238
A Z 45 239
B Y 593 240
C X 178 241
B Y 381 242
A Z 904 243
B Z 472 244
C W 923 245
A Z 452 246
D W 1670 249
D Y 132 250
B W 570 251
B Y 171 252
A W 25 253
B W 538 254
D Z 129 255
A Y 977 256
B W 482 257
A W 763 258
A X 652 259
C X 478 260
D W 10 261
C Y 31 262
B W 934 263
B Z 912 264
B Y 6 265
D W 420 266
D Y 2222 269
D Z 418 270
C Y 405 271
A W 306 272
D Y 459 273
C Z 711 274
B Z 378 275
D Z 428 276
C X 319 277
A Y 228 278
B Y 738 279
C Z 1716 281
B X 636 282
C W 211 283
C X 866 284
B Y 453 285
B Z 273 286
D Z 282 287
C X 981 288
C W 638 289
C Z 8 290
D X 404 291
D W 693 292
C W 354 293
C Z 116 294
D Z 509 295
C Z 472 296
D Y 206 297
C Y 820 298
D Y 366 299
D X 78 300
A X 959 301
B Z 713 303
D X 611 304
C Z 965 305
B W 822 306
C Z 856 307
D X 498 308
B X 34 309
C Y 837 310
A Y 718 311
B Y 475 312
D W 839 313
C W 952 314
B Z 817 315
D W 581 317
C Y 644 318
C Z 120 319
A Y 647 320
B W 469 321
A Y 448 322
D X 156 323
C Y 794 324
C X 1693 326
A W 112 327
A X 159 328
C Y 680 329
B X 215 330
B Y 128 331
D Y 185 332
B Y 193 333
C W 96 334
B W 730 335
B Y 613 336
C X 997 337
A X 653 338
B W 931 339
C Z 571 340
B W 972 341
D X 1 342
A X 859 343
C W 148 344
A Z 1167 346
B Y 217 347
D X 1 348
C X 757 349
D X 496 350
B Z 449 351
C Z 31 352
A Y 362 353
B W 706 354
A Z 589 355
C X 350 356
A W 560 357
A Z 637 358
D X 580 359
A X 748 360
A Y 790 361
C W 642 362
D Z 653 363
D Y 640 364
D Z 854 365
C W 477 366
A W 440 367
B X 700 368
D X 245 369
B W 664 370
C X 137 371
B Z 138 372
C W 541 373
D X 1022 375
B X 997 376
D Y 709 377
A W 56 378
A X 573 379
A Y 248 380
D Y 562 381
C Z 969 382
A Y 789 383
C Y 281 384
B Z 328 385
D Z 873 386
C Y 914 387
D X 169 388
B Y 992 389
A W 916 390
C Z 975 391
A X 724 392
C W 122 393
D X 293 394
B W 644 395
B X 32 396
A X 156 397
A Y 437 398
B Y 639 399
B Z 303 400
D W 605 401
A Z 850 402
A Y 739 403
C W 770 404
A X 599 406
D W 858 407
C Z 661 408
D Z 940 409
A Z 167 410
B Z 971 411
D Z 873 412
B Y 576 413
B Z 150 414
C W 214 415
C Z 340 416
D Z 740 417
A Z 741 419
A W 428 420
A Y 86 421
C Y 252 422
B W 233 423
D Z 580 424
A Z 463 425
C Z 76 426
C W 807 427
C Z 381 428
C Y 903 429
A W 900 430
C Y 2 431
C W 598 432
B Y 215 433
D W 924 434
C Y 351 435
D W 115 436
C Y 182 437
B Z 416 438
A Z 620 439
C W 491 440
A W 758 441
A Y 523 442
B Y 618 443
D Z 6 444
B Y 570 445
C X 684 446
A X 1088 448
A W 1197 450
D Z 508 451
A W 310 452
B W 307 453
C Z 806 454
C W 100 455
B X 898 456
B W 942 458
D Y 604 459
D W 1320 461
D Y 260 462
B Y 644 463
D X 343 464
C Z 614 465
A Y 120 466
A Z 686 467
B W 486 468
C Y 326 469
D W 135 470
B X 1657 472
B W 919 473
D Z 904 474
B X 44 475
C W 22 476
D Z 626 477
A Z 105 478
D Y 610 479
D W 208 480
C Z 75 481
A Y 338 482
D Z 182 484
D Y 833 485
A Y 402 486
B X 881 487
C Z 425 488
C W 1184 490
B W 847 491
A Y 609 492
B X 600 493
A Y 917 494
A X 630 495
C W 877 496
A X 29 497
B Y 850 498
C Y 188 499
B Y 884 500
B X 397 501
B W 827 502
C W 717 504
A W 108 505
B Z 792 506
C W 183 507
A Z 554 508
C Z 888 509
C Y 902 510
B Z 993 511
D Y 833 512
C Z 34 513
B Z 1076 515
A W 881 516
D W 313 517
A Z 722 518
D X 182 519
A Y 58 520
D X 608 521
C Z 475 522
D Y 1399 524
A Z 380 525
B Y 760 526
B W 68 527
D Y 614 528
A Z 511 529
A Y 1525 531
D X 975 533
A X 829 534
B X 338 535
B W 554 536
C W 751 537
C Y 703 538
A X 393 539
D Y 347 540
D X 161 541
A Y 59 542
A X 546 543
C Y 122 544
A Z 13 545
A X 603 546
B Y 986 547
A W 686 548