B Y 1195 2
D Z 981 3
D X 787 4
C X 151 5
B X 756 7
C Y 248 8
B X 46 9
A W 833 10
D Y 377 11
A W 997 12
D X 139 13
B Z 410 14
A W 510 15
D W 292 16
B Y 512 17
C Y 652 19
C X 283 20
A X 359 21
C W 523 22
D Z 415 23
A Y 756 24
B Y 735 25
A Y 853 26
B Y 531 27
A X 274 28
D Z 34 29
A W 344 30
A Z 550 31
C W 902 33
D X 771 34
A Z 950 35
A W 911 37
C X 899 38
D W 204 39
C W 993 40
A X 252 41
D Y 480 42
A W 680 43
B Z 1119 45
A W 570 46
A Z 448 47
B W 28 48
D Y 600 49
B W 319 50
D Y 416 51
D X 557 52
D W 83 53
A W 897 54
D X 291 55
C X 158 56
A W 199 57
C X 569 58
B X 408 59
A Y 663 60
A X 400 61
B Z 182 62
C Y 804 63
B X 378 64
A Y 469 65
B Y 595 66
D W 357 67
D X 803 68
D W 1023 70
A Y 193 71
C W 759 73
A Z 636 74
C X 495 75
B W 37 76
A Z 101 77
B Z 643 78
A W 769 79
B X 325 80
C X 756 81
A Z 565 82
A W 216 83
C W 420 84
A X 760 85
C X 362 86
B W 711 87
C W 962 88
C Z 457 89
B W 956 90
A W 892 91
C Y 447 92
C W 982 93
A Z 77 94
B Z 155 95
A Z 861 96
B W 414 97
D Z 734 98
A Z 883 99
D X 377 100
D W 918 101
A W 150 102
A Z 533 103
B W 135 104
D Y 644 106
C Z 602 107
D Y 580 108
D X 241 109
C X 970 110
A X 146 111
C X 906 112
A Z 340 113
A W 66 114
A Y 146 115
B X 938 116
C X 47 117
D X 893 118
A W 843 119
D Y 433 120
C Z 923 121
A X 155 122
B W 499 123
D X 634 124
D Z 786 125
C Z 16 126
D W 593 127
A Y 981 128
C W 11 129
C Y 553 130
A Z 509 131
D Y 754 132
D W 166 133
C W 916 134
B Z 954 136
A Z 371 137
C W 183 138
B Z 559 139
B X 1755 141
C Z 551 142
B Z 50 143
A Y 558 144
D W 670 145
D X 103 146
B W 959 147
D W 283 148
B X 378 149
B Z 918 150
A X 391 151
C X 697 152
D Y 484 153
A X 541 154
C Z 639 155
D Z 89 156
B Y 473 157
A Y 336 158
C Z 92 159
A X 745 161
A W 811 162
B X 98 163
A Y 899 165
B Z 597 166
A X 856 167
B Y 63 168
B X 658 169
A Y 384 170
D Y 484 171
A W 287 172
B W 769 173
D W 328 174
C Y 479 175
D Z 509 176
B Z 278 178
A W 684 179
D Z 683 180
D W 89 181
B Y 122 182
A X 606 183
D X 58 184
B Y 43 185
D Z 640 186
D Y 339 187
A W 360 188
A Y 609 189
C X 890 191
B W 169 192
C W 556 193
C X 342 194
D X 241 195
A W 347 196
C Z 478 197
B W 172 198
A W 975 199
C Z 616 200
D Y 551 201
C W 997 202
D Y 91 203
C Z 541 204
D Y 607 205
A Z 609 206
B X 711 208
C X 895 209
C Y 40 210
A W 794 211
A X 544 212
C X 116 213
A Y 153 214
C Y 178 215
B W 893 217
A Z 190 218
C W 64 219
C Z 544 220
B Y 787 221
B W 737 222
D Y 863 223
D W 984 224
A Y 624 225
A Z 99 226
D Z 850 227
C Z 956 228
A Z 860 229
B Z 231 230
C Y 533 231
C W 844 232
A X 910 233
D W 928 234
C W 861 235
D Y 763 236
C Z 37 237
B X 703 238
B Z 626 239
B Y 47 240
A W 742 241
C W 993 242
B X 442 243
C Z 169 244
D X 788 245
C Y 827 246
C X 820 247
A Z 899 248
B X 968 249
C Z 815 250
B Z 254 252
C W 333 253
A W 904 254
C W 778 255
D Y 214 256
D W 759 257
D X 629 258
D W 716 260
D Y 368 261
C X 89 262
D W 11 263
C Y 747 265
B X 513 266
D X 689 267
C W 880 268
C Y 775 269
A Z 424 270
B Z 632 271
B Y 793 272
D X 993 273
C X 519 274
C Y 705 275
D Y 761 276
A X 13 277
C X 299 278
D X 210 279
B Y 77 280
C X 505 281
D Y 257 282
C X 110 283
D Z 203 284
C Y 617 285
A Z 148 286
C Y 416 287
A Y 526 288
A X 418 289
B Z 369 290
B Y 408 291
B W 419 292
A Y 920 293
A Z 175 294