D Z 115 1
A W 670 3
C W 824 4
D W 514 5
D Y 1710 7
D W 556 8
B W 265 9
B Y 48 10
C X 426 11
C Z 6 12
B Y 524 13
D W 236 14
A Y 370 15
C Z 295 16
D Y 24 17
A W 275 18
D Z 182 19
B Y 65 20
B X 298 21
A X 842 22
D Z 292 23
A Z 339 24
D X 840 25
A W 844 26
B W 271 27
C Z 103 28
D Y 271 29
A X 170 30
B W 741 31
B X 80 32
C W 540 33
A W 876 34
D W 180 35
A W 693 36
A Z 662 37
A Y 131 38
B Y 338 39
A W 308 40
B Z 85 41
D X 131 42
D Y 202 43
A Y 487 44
D Y 722 45
B Z 188 46
D W 617 47
C Z 160 48
D Y 13 49
A Z 76 50
D Y 495 51
B W 791 52
C Z 994 53
A Z 197 54
C X 15 55
B Y 781 56
B X 3 57
C Y 66 58
D W 367 59
C X 173 60
C W 57 61
C Z 456 62
A Z 752 63
D X 293 64
C Z 814 65
C W 322 66
C Z 153 67
D W 959 68
D X 397 69
D Y 195 70
D W 120 71
C W 9 72
B W 922 73
D X 921 74
C Z 200 75
D W 784 76
C Y 881 77
D Z 283 78
A W 720 79
D Y 101 80
D W 155 81
B Y 404 82
B X 922 83
D Y 734 84
B X 354 85
C W 260 86
B Z 997 87
D Z 893 88
A W 135 89
D Z 796 90
A Y 311 91
D W 107 92
A Z 588 93
D W 238 94
B X 368 95
C Z 636 96
C Y 401 97
C X 811 98
B X 381 99
C W 601 100
A Y 236 101
D X 861 102
A Y 772 104
B Z 951 105
D X 17 106
C Z 681 107
B Z 158 108
A Z 465 109
A W 380 110
D Z 1520 112
A W 202 113
C X 653 114
B W 123 115
D Z 453 116
A Y 9 117
A Z 691 118
D Z 720 119
C W 540 120
D W 1365 122
A Z 367 123
B Y 605 124
A Z 631 125
D Y 824 126
A X 569 127
D X 356 128
D W 628 129
A Y 548 130
A X 182 131
C W 737 132
A Z 906 133
C W 346 134
C Y 675 135
A Y 15 136
A W 475 137
D Y 853 138
C X 52 139
A Z 769 141
D Y 832 143
A W 640 144
D X 924 145
D W 996 146
A X 295 147
B Z 60 148
D Z 405 149
A Z 794 150
B X 811 151
A X 113 152
A W 642 153
C Y 782 154
A Z 781 155
B Z 647 156
B Y 873 157
B X 207 158
B Z 350 159
A W 730 160
D Y 1 161
C Z 935 162
A Y 1430 164
C W 270 165
A Y 103 166
C Z 358 167
C W 418 168
B Y 376 169
A W 770 170
B W 361 171
D Y 762 172
C Z 306 173
B Z 735 174
C Z 247 175
B X 721 176
A Y 18 177
B X 1637 179
C X 136 180
C W 758 181
B W 109 182
D Z 392 183
C W 927 184
C Z 932 185
A Y 713 186
B X 226 187
B Y 160 188
C X 39 189
D W 362 190
D X 272 191
D Z 156 192
A Z 933 193
B Z 434 194
D W 525 195
B W 534 196
C Z 147 197
B X 110 198
C W 264 199
A Z 805 200
D Z 754 201
D Y 889 203
C W 974 204
C X 683 205
D X 201 206
C W 86 207
D X 953 208
C Y 773 209
C X 464 210
A X 92 211
C Z 945 212
B Y 207 213
C X 512 214
D X 866 215
C Y 237 216
A Y 347 217
B W 960 218
C Z 120 219
C Y 797 220
C Z 26 221
A Z 310 222
A W 167 223
D Y 530 224
D W 387 225
D Y 74 226
D Z 311 227
C X 353 228
A Y 445 229
C X 244 230
B Y 635 231
C Z 21 232
A W 421 233
B Y 353 234
D X 905 235
C Y 120 236
B Z 260 237
A Y 419 238
C W 797 239
A Z 338 240
D Z 511 241
C Z 696 242
B W 331 243
C X 973 244
A X 52 245
A Z 677 246
A X 450 247
B W 877 248
C Z 715 249
C Y 584 250
D Z 689 251
A Y 457 252
D Z 746 253
A Y 928 255
D X 146 256
A Y 915 257
A W 865 258
D X 944 259
B W 384 260
C Y 450 261
C Z 206 262
A Y 784 263
B W 951 264
D Z 921 265
A Z 392 266
C W 972 267
A Y 588 268
B Y 797 269
B Z 739 270
D X 505 271
D Y 371 272
B X 23 273
B Y 912 274
A Y 409 275
D W 566 276
A Z 912 277
B W 102 278
C X 843 279
B Z 376 280
D X 975 281
D Z 531 282
B Z 687 283
D X 766 284
A Y 357 286
C W 213 287
B Y 418 288
D W 997 289
B Z 222 290
D W 987 291
B Y 181 292
D Y 191 293
C Z 411 294
B X 843 295
D Z 159 296
B X 41 297
B W 478 298
C Z 1041 300
C W 143 301
D Z 505 302
A X 864 303
C Z 514 304
C Y 107 305
C Z 448 306
C W 532 307
B X 519 308
B W 781 309
D W 548 310
D X 829 311
B Z 166 312
A Z 566 313
D X 157 314
A X 990 316
A W 51 317
C X 237 318
A Z 303 319
D X 549 320
B W 594 321
C X 978 322
C W 469 323
A Y 132 324
B Y 311 325
A Z 15 326
D W 139 327
A Y 312 328
D Y 458 329
B Z 692 330
D Z 61 331
D X 835 332
D Z 31 333
A Z 633 334
C Z 449 335
B Y 373 336
B W 1059 338
D X 1596 340
A X 644 341
D W 518 342
A X 654 343
A W 543 344
C Y 278 345
B Y 149 346
A Z 533 347
C Z 275 348
D W 273 349
C Z 738 350
D W 158 351
D X 408 352
B Z 58 353
B X 555 354
D Z 664 355
D X 582 356
B Y 416 357
A W 488 358
C W 202 359
D X 857 360
C X 1132 362
D W 318 363
C X 869 364
D Z 793 365
B W 250 366
A Z 93 367
B W 693 368
A X 104 369
C Y 449 370
C W 423 371
C X 487 372
D X 776 373
C Z 181 374
C X 220 375
A W 324 376
D W 688 377
A Y 525 378
C X 941 379
A X 21 380
C W 337 381
C X 889 383
C W 743 384
B Y 11 385
C X 513 386
A Y 746 387
B Z 787 388
B Y 885 389
A Y 617 390
A W 3 391
D Y 817 392
D W 988 393
A X 284 394
D Y 979 396
C Y 589 397
C Z 714 398
A W 804 399
A X 988 400
D X 146 401
B W 774 402
B X 843 403
B Y 72 404
C X 513 405
D Y 315 406
D W 423 407
B Y 232 408
A X 894 409
B Y 621 410
D Z 863 412
C Z 239 413
A W 790 414
A X 670 415
C W 863 416
A Y 508 417
D Y 35 418
B X 518 419
A W 185 420
A X 188 421
B Z 452 422
D Y 75 423
A Z 455 424
C Z 9 425
A X 773 426
C Z 949 427
C X 857 428
D Y 103 429
A X 29 430
C X 56 431
C W 251 432
A Z 298 433
C Z 781 434
C Y 351 435
A W 929 436
C Z 246 437
C Y 192 438
C X 473 439
C Y 576 440
D W 149 441
A X 242 442
B Y 218 443
B X 933 444
B W 92 445
A Y 927 446
A Z 846 447
D W 854 448
A Z 970 449
C Y 82 450
B W 777 451
A Y 541 452
B X 640 453
D X 267 454
C W 523 455
A Y 78 456
D W 868 457
C X 872 458
A X 212 459
D W 212 460
A X 515 461
D X 367 462
D Y 171 463
A W 728 464
C W 134 465
C Y 130 466
D W 69 467
B X 48 468
C Z 508 469
C X 371 470
A W 884 471
D Y 752 472
A X 897 473
B X 797 474
A X 997 475
A W 598 476
C X 599 477
A X 948 478
C X 18 479
D X 421 480
C X 168 481
C Z 533 482
A Y 909 483
C W 921 484
D X 858 485
A Z 306 486
C Y 904 487
A Y 794 488
D Y 526 489
C Y 397 490
A W 948 491
B W 692 492
D Y 216 493
A Y 466 494
C X 619 495
D X 722 496
D Z 698 497
B Z 990 498
D W 404 499
C W 740 500
D Z 521 501
C W 464 502
A W 823 503
A Y 381 504
C X 804 505
B X 760 506
A Y 225 507
D Y 200 508
C Y 241 509
A X 332 510
D Y 942 511
A Z 153 512
D Z 627 513
A Z 452 514
A Y 907 515
A X 915 516
C X 968 517
A W 247 518
D X 697 519
C Z 38 520
D X 747 521
A Z 148 522
B X 168 523
C X 84 524
A Y 736 525
C X 824 526
C W 588 527
A Y 507 528
C Y 293 529
D Z 727 530
C Y 884 531
C Z 895 532
B W 1266 534
A W 1223 536
D Z 872 537
C Y 834 538
A Z 815 539
D Y 701 540
D W 151 541
A Z 257 542
B Z 733 543
D Z 900 544
A W 970 545
D Z 342 546
D Y 642 547
A Y 48 548
C X 843 549
D Z 899 550
A X 41 551
B Z 520 552
D Z 342 553
A Z 444 554
B Y 77 555
D Y 186 556
A Y 923 557
C Y 462 558
A Z 429 559
C Y 186 560
B X 962 561
C Y 1039 563
B X 424 564
D Y 259 565
A Z 753 566
A W 140 567
D X 725 568
C X 127 569
A X 899 571
C W 747 572
C X 539 573
C Y 444 574
D Y 577 575
B W 455 576
D Y 366 577
A Z 354 578
A X 1618 580
D Z 640 581
A W 483 582
C X 263 583
C Z 772 584
B W 170 585
D W 331 586
C Z 212 587
D Z 386 588
A X 805 589
A W 251 590
D X 695 591
B W 491 592
D Y 235 593
A Y 599 594
D Y 334 595
D Z 188 596
B X 451 597
B Y 329 598
C Y 641 599
A Y 116 600
C W 150 601
C X 390 602
D W 919 604
C Y 741 605
D W 738 606
D Y 338 607
B X 295 608
B Y 422 609
A W 54 610
A Y 805 611
C Z 898 612
B Y 1188 614
C Y 670 615
A W 871 616
C X 201 617
A X 439 618
A W 810 619
A Y 672 620
B X 956 621
D W 929 622
A Z 601 623
A X 744 624
A Y 629 625
B Z 130 626
A Y 696 627
C W 833 628
B X 343 629
A Y 644 630
D X 188 631
C X 488 632
D W 274 633
C W 499 634
B Y 180 635
D W 277 636
B W 1401 638
A Z 355 639
D X 104 640
C X 297 641
A Z 323 642
A Y 700 643
B Z 264 644
B X 685 645
B W 757 646
D Y 600 647
D X 503 648
B Z 536 649
A Z 209 650
C Z 852 651
B W 677 652
A Z 642 653
A X 270 654
A W 335 655
C X 884 656
B X 438 657
A X 484 658
C X 995 659
A X 915 660
C Y 654 661
D X 159 662
B W 653 663
B X 238 664
A Z 580 665
B W 380 666
C Z 474 667
A X 161 668
C X 497 669
A W 1192 671
B W 269 672
A W 1544 674
A Y 910 675
C Z 607 676
C W 769 677
C Y 631 678
D W 641 679
A W 308 680
C Y 452 681
D Y 335 682
D X 531 683
A Y 574 684
D Z 55 685
B X 444 686
A Y 510 687
D X 620 688
B Z 50 689
C Y 494 690
D X 388 691
A Z 290 692
D X 611 693
A Y 1035 695
B Z 1249 697
B W 433 698
C W 1678 700
B X 654 701
D Z 995 702
A Z 453 703
B X 950 704
A Y 916 705
D X 112 706
A W 177 707
A Y 661 708
A W 279 709
A Y 214 710
C W 478 711
C Z 931 712
A W 425 713
C W 414 714
A X 1377 716
D W 408 717
D Y 788 718
B Y 846 719
D Y 247 720
C Z 1696 722
B Z 960 723
A Y 958 724
B Z 645 725
B W 482 726
B Z 96 727
D W 40 728
C Z 447 729
A X 324 730
A W 999 731
B Y 460 732
A W 417 733
C X 111 734
D X 24 735
B X 782 736
B Z 984 737
B W 1411 739
A Z 133 740
A W 634 741
C Z 580 742
A X 40 743
B X 33 744
C X 351 745
B X 644 746
B W 657 747
B Z 621 748
C W 262 749
C Y 68 750
A W 847 751
D Y 74 752
B Y 676 753
A Y 476 754
B X 293 755
D Y 455 756
C W 213 757
C Y 285 758
A Y 75 759
C X 331 760
B Z 753 761
B X 308 762
C Y 630 763
C W 734 764
C Y 192 765
D X 355 766
D Y 359 767
D Z 18 768
D X 939 769
D Y 698 770
B Z 499 771
A W 873 772
C X 864 773
B Y 980 774
A X 34 775
D Y 170 776
B X 540 777
D X 700 778
B Y 409 779
D X 377 780
A Y 521 781
C W 920 782
C Z 571 783
D W 166 784
A Y 357 785
A Z 552 786
A X 924 787
B W 45 788
D W 507 789
A X 471 790
B W 66 791
D Y 799 792
B W 46 793
C Y 577 794
B W 167 795
A Y 188 796
C Y 786 797
D Y 545 798
B Y 809 799
A Y 213 800
C Z 209 801
C W 623 802
A W 768 803
C W 997 804
B W 356 805
B Z 910 806
D Y 291 807
A Z 127 808
B Z 621 809
A Y 1334 811
A X 995 812
D Z 540 813
D W 532 814
C Z 984 815
D Z 994 816
A X 503 817
C W 744 818
C X 468 819
D Y 79 820
D X 630 821
D Y 194 822
A Y 660 823
C W 502 824
A X 356 825
C X 739 826
C Z 498 827
A W 141 828
C X 846 829
B X 1206 831
C X 142 832
A Z 108 833
D W 240 834
B Y 707 835
D Z 715 836
B W 308 837
A X 161 838
C Y 5 839
D Z 856 840
D W 368 841
B W 72 842
A Z 312 843
C Z 973 844
B W 461 845
A Z 1022 847
C W 374 848
D X 284 849
B X 911 850
A W 937 851
A Y 231 852
B Z 803 853
B W 564 854
C X 815 855
B Y 447 856
B X 974 857
C Z 17 858
A Y 80 859
B Z 1617 861
D Z 565 862
C Z 878 863
D X 692 864
A Y 231 865
D Y 375 866
C X 92 867
B Z 999 868
C W 172 869
A X 212 870
D W 553 871
C W 571 872
A Y 352 873
D X 676 874
C X 528 875
D Z 860 876
C Y 49 877
A Z 372 878
B Z 134 879
D Z 297 880
A Y 811 881
D X 521 882
A X 524 883
C X 859 884
C Y 960 885
A W 171 886
A Z 555 887
D Y 363 888
D X 5 889
C Z 61 890
B Y 141 891
B W 856 892
C W 253 893
A W 294 894
C Y 308 895
A Y 9 896
D X 630 897
A W 622 898
D Z 95 899
C Z 937 900
C W 314 901
D Z 835 902
C X 471 903
A X 139 904
C X 934 905
A Z 813 906
D Z 849 907
B Y 138 908
D Y 1038 910
A X 421 911
C W 907 912
A X 273 913
D W 889 914
B Z 902 915
C Z 75 916
B Y 393 917
A Y 215 918
C W 101 919
D Y 882 920
D X 490 921
B Z 311 922
C Y 265 923
B W 854 924
B Y 721 925
B X 646 926
C W 869 927
B W 12 928
D X 427 929
B X 677 930
B Z 913 931
D W 274 932
D Z 494 933
B X 278 934