e9cfa58b61b896745230
bc9af0de34edc3210765
52741e30da032dcfe98b
ad8be1cf25fcd2301674
43650f21cb123cdef89a
43650f21cb123cdef89a
61472d03e9301efcdab8
52741e30da032dcfe98b
34127856bc654ba98fed
f8deb49a70a987654321
cbed87a9439ab4567012
43650f21cb123cdef89a
e9cfa58b61b896745230
e9cfa58b61b896745230
9eb8d2fc16cfe1032547
9eb8d2fc16cfe1032547
07214b658f56789abcde
25036947ad745ab89efc
f8deb49a70a987654321
ad8be1cf25fcd2301674
52741e30da032dcfe98b
07214b658f56789abcde
07214b658f56789abcde
16305a749e47698badcf
dafc96b8528ba5476103
61472d03e9301efcdab8
bc9af0de34edc3210765
cbed87a9439ab4567012
16305a749e47698badcf
25036947ad745ab89efc
34127856bc654ba98fed
61472d03e9301efcdab8
bc9af0de34edc3210765
70563c12f8210fedcba9
f8deb49a70a987654321
25036947ad745ab89efc
bc9af0de34edc3210765
52741e30da032dcfe98b
16305a749e47698badcf
e9cfa58b61b896745230
bc9af0de34edc3210765
bc9af0de34edc3210765
e9cfa58b61b896745230
70563c12f8210fedcba9
dafc96b8528ba5476103
16305a749e47698badcf
dafc96b8528ba5476103
16305a749e47698badcf
25036947ad745ab89efc
61472d03e9301efcdab8
34127856bc654ba98fed
f8deb49a70a987654321
9eb8d2fc16cfe1032547
16305a749e47698badcf
52741e30da032dcfe98b
ad8be1cf25fcd2301674
f8deb49a70a987654321
61472d03e9301efcdab8
bc9af0de34edc3210765
dafc96b8528ba5476103
f8deb49a70a987654321
07214b658f56789abcde
ad8be1cf25fcd2301674
ad8be1cf25fcd2301674
8fa9c3ed07def0123456
dafc96b8528ba5476103
61472d03e9301efcdab8
70563c12f8210fedcba9
bc9af0de34edc3210765
61472d03e9301efcdab8
8fa9c3ed07def0123456
dafc96b8528ba5476103
43650f21cb123cdef89a
dafc96b8528ba5476103
70563c12f8210fedcba9
bc9af0de34edc3210765
07214b658f56789abcde
16305a749e47698badcf
70563c12f8210fedcba9
70563c12f8210fedcba9
ad8be1cf25fcd2301674
16305a749e47698badcf
cbed87a9439ab4567012
f8deb49a70a987654321
70563c12f8210fedcba9
e9cfa58b61b896745230
cbed87a9439ab4567012
07214b658f56789abcde
07214b658f56789abcde
f8deb49a70a987654321
9eb8d2fc16cfe1032547
61472d03e9301efcdab8
cbed87a9439ab4567012
07214b658f56789abcde
16305a749e47698badcf
34127856bc654ba98fed
61472d03e9301efcdab8
8fa9c3ed07def0123456
07214b658f56789abcde
f8deb49a70a987654321
07214b658f56789abcde
f8deb49a70a987654321
61472d03e9301efcdab8
52741e30da032dcfe98b
43650f21cb123cdef89a
61472d03e9301efcdab8
52741e30da032dcfe98b
e9cfa58b61b896745230
f8deb49a70a987654321
07214b658f56789abcde
8fa9c3ed07def0123456
9eb8d2fc16cfe1032547
cbed87a9439ab4567012
cbed87a9439ab4567012
f8deb49a70a987654321
61472d03e9301efcdab8
07214b658f56789abcde
07214b658f56789abcde
52741e30da032dcfe98b
dafc96b8528ba5476103
cbed87a9439ab4567012
16305a749e47698badcf
70563c12f8210fedcba9
16305a749e47698badcf
cbed87a9439ab4567012