A Z 96 1
B Z 876 2
A Z 534 3
D Z 601 4
A Y 316 5
D X 576 6
A Z 765 7
D Z 961 8
C Z 520 9
C X 545 10
D W 264 11
B X 31 12
C Y 641 13
B Z 865 14
A X 437 15
A W 1147 17
B X 598 18
D Y 706 19
C Y 190 20
D X 1686 24
C X 743 25
A X 853 26
D Z 357 27
D X 830 28
B X 597 29
D W 976 30
B Y 810 31
D Z 391 32
B Y 339 33
C Z 23 34
A Z 671 35
B W 294 36
A Y 7 37
C Z 573 38
B X 313 39
A Z 261 40
D W 386 41
A Z 333 42
B Y 962 43
B W 549 44
B X 305 45
D Z 206 46
B X 761 47
B W 421 48
B X 810 49
C Z 883 50
A X 617 51
D Y 982 52
A X 852 53
C Y 653 54
D Z 797 55
D W 968 56
B W 873 57
D X 594 58
B W 824 59
D Z 926 60
A Y 884 61
D W 384 62
A Z 23 63
B Y 425 64
A X 406 65
D W 620 66
B Z 293 67
A X 115 68
C W 595 69
C X 554 70
B Z 344 71
A W 135 72
C Y 846 73
A Y 127 74
D Y 553 75
A Z 754 76
B X 776 77
C W 214 78
B Z 170 79
A X 754 80
B Y 485 81
D W 1193 83
D Y 999 84
A X 329 85
C X 395 86
B Y 567 87
C Z 661 90
D Z 424 91
C Z 933 92
D Y 1062 94
C Z 58 95
D W 148 96
B Z 495 97
B X 143 98
D W 280 99
A X 933 100
C X 92 101
C Y 345 102
B Z 117 103
D Y 495 104
D Z 218 105
C W 230 106