Blockchain Info:
1
Sender Name: D
Receiver Name: Z
Transaction Value: 46
Transaction timestamp: 53
2
Sender Name: D
Receiver Name: Y
Transaction Value: 287
Transaction timestamp: 52
3
Sender Name: D
Receiver Name: Y
Transaction Value: 908
Transaction timestamp: 51
4
Sender Name: A
Receiver Name: Y
Transaction Value: 984
Transaction timestamp: 50
5
Sender Name: A
Receiver Name: Z
Transaction Value: 773
Transaction timestamp: 49
6
Sender Name: D
Receiver Name: X
Transaction Value: 206
Transaction timestamp: 48
7
Sender Name: A
Receiver Name: X
Transaction Value: 177
Transaction timestamp: 47
8
Sender Name: D
Receiver Name: Z
Transaction Value: 874
Transaction timestamp: 46
9
Sender Name: C
Receiver Name: Y
Transaction Value: 726
Transaction timestamp: 45
10
Sender Name: C
Receiver Name: Z
Transaction Value: 517
Transaction timestamp: 44
11
Sender Name: C
Receiver Name: Y
Transaction Value: 139
Transaction timestamp: 43
12
Sender Name: C
Receiver Name: Y
Transaction Value: 179
Transaction timestamp: 42
13
Sender Name: A
Receiver Name: Y
Transaction Value: 322
Transaction timestamp: 41
14
Sender Name: C
Receiver Name: Y
Transaction Value: 895
Transaction timestamp: 40
15
Sender Name: C
Receiver Name: X
Transaction Value: 481
Transaction timestamp: 39
16
Sender Name: A
Receiver Name: Y
Transaction Value: 33
Transaction timestamp: 38
17
Sender Name: A
Receiver Name: X
Transaction Value: 572
Transaction timestamp: 37
18
Sender Name: A
Receiver Name: Y
Transaction Value: 765
Transaction timestamp: 36
19
Sender Name: D
Receiver Name: Y
Transaction Value: 421
Transaction timestamp: 35
20
Sender Name: B
Receiver Name: X
Transaction Value: 709
Transaction timestamp: 34
21
Sender Name: B
Receiver Name: W
Transaction Value: 822
Transaction timestamp: 33
22
Sender Name: A
Receiver Name: W
Transaction Value: 705
Transaction timestamp: 32
23
Sender Name: A
Receiver Name: X
Transaction Value: 785
Transaction timestamp: 31
24
Sender Name: C
Receiver Name: W
Transaction Value: 231
Transaction timestamp: 30
25
Sender Name: D
Receiver Name: Z
Transaction Value: 649
Transaction timestamp: 29
26
Sender Name: A
Receiver Name: Y
Transaction Value: 488
Transaction timestamp: 28
27
Sender Name: B
Receiver Name: X
Transaction Value: 48
Transaction timestamp: 27
28
Sender Name: B
Receiver Name: W
Transaction Value: 683
Transaction timestamp: 26
29
Sender Name: A
Receiver Name: W
Transaction Value: 630
Transaction timestamp: 25
30
Sender Name: B
Receiver Name: X
Transaction Value: 454
Transaction timestamp: 24
31
Sender Name: C
Receiver Name: Z
Transaction Value: 257
Transaction timestamp: 23
32
Sender Name: D
Receiver Name: W
Transaction Value: 299
Transaction timestamp: 22
33
Sender Name: B
Receiver Name: W
Transaction Value: 258
Transaction timestamp: 21
34
Sender Name: B
Receiver Name: Z
Transaction Value: 363
Transaction timestamp: 20
35
Sender Name: D
Receiver Name: W
Transaction Value: 108
Transaction timestamp: 19
36
Sender Name: C
Receiver Name: W
Transaction Value: 995
Transaction timestamp: 18
37
Sender Name: A
Receiver Name: Z
Transaction Value: 508
Transaction timestamp: 17
38
Sender Name: C
Receiver Name: W
Transaction Value: 283
Transaction timestamp: 16
39
Sender Name: B
Receiver Name: Y
Transaction Value: 794
Transaction timestamp: 15
40
Sender Name: B
Receiver Name: Y
Transaction Value: 410
Transaction timestamp: 14
41
Sender Name: A
Receiver Name: X
Transaction Value: 369
Transaction timestamp: 13
42
Sender Name: D
Receiver Name: W
Transaction Value: 285
Transaction timestamp: 12
43
Sender Name: C
Receiver Name: Z
Transaction Value: 957
Transaction timestamp: 11
44
Sender Name: B
Receiver Name: W
Transaction Value: 681
Transaction timestamp: 10
45
Sender Name: C
Receiver Name: Z
Transaction Value: 108
Transaction timestamp: 9
46
Sender Name: A
Receiver Name: Z
Transaction Value: 325
Transaction timestamp: 8
47
Sender Name: A
Receiver Name: X
Transaction Value: 128
Transaction timestamp: 7
48
Sender Name: A
Receiver Name: X
Transaction Value: 797
Transaction timestamp: 6
49
Sender Name: D
Receiver Name: X
Transaction Value: 347
Transaction timestamp: 5
50
Sender Name: C
Receiver Name: W
Transaction Value: 277
Transaction timestamp: 4
51
Sender Name: C
Receiver Name: Y
Transaction Value: 276
Transaction timestamp: 3
52
Sender Name: A
Receiver Name: W
Transaction Value: 293
Transaction timestamp: 2
53
Sender Name: D
Receiver Name: Y
Transaction Value: 876
Transaction timestamp: 1