B X 320 1
B Z 773 2
C Z 921 3
C Y 41 4
D W 826 5
A W 884 6
A Z 730 7
B Y 82 8
D Z 204 9
A X 400 10
C Y 846 11
C Z 866 12
D X 564 14
B W 163 15
D Z 119 16
A W 237 17
B X 921 18
D W 1260 20
C Z 473 21
C W 863 22
B Z 252 23
B X 560 24
C Z 268 25
D X 194 26
D W 524 27
A Y 987 28
D W 858 29
D Y 508 30
B X 901 31
D W 1252 33
A W 455 34
C Z 723 35
A X 556 36
C Z 824 37
D X 160 38
C W 604 39
C Y 743 40
D X 945 41
C W 824 42
B W 477 43
C W 989 44
A Z 882 45
D W 41 46
C Z 187 47
C X 973 48
D W 641 49
B X 57 50
D Z 314 51
A X 707 52
A Y 744 53
B W 61 54
A W 258 55
A X 997 56
C X 81 57
A Y 12 58
C W 232 59
A Y 700 60
D X 16 61
B X 1830 63
C X 603 64
B W 687 65
D Y 730 66
C Y 394 67
B Y 884 68
C X 637 69
D X 553 70
C X 578 71
A W 86 72
D Z 865 73
C X 99 74
C Z 885 75
B Y 626 76
A W 512 77
A Z 96 78
D Y 766 79
B W 259 80
A Y 461 81
D X 270 82
B X 507 83
D W 523 84
B Z 754 85
D W 725 86
D Y 984 87
B Z 199 88
A X 866 89
A Z 948 90
A X 942 91
D Z 601 92
B Z 841 93
C Z 293 94
C X 31 95
C Y 180 96
C Z 322 97
C Y 312 98
A X 1341 100
A Y 338 101
C W 522 102
B W 910 103
B Y 178 104
C W 511 105
C Z 776 106
B X 728 107
D W 399 108
C W 761 109
B Y 560 110
C X 1492 112
A Z 304 113
D W 214 114
C X 880 115
B Z 787 116
D Z 927 117
B Y 34 118
C X 1651 120
D W 175 121
B W 597 122
D Z 146 123
A W 231 124
D W 389 125
B Y 990 126
A Y 785 127
B W 33 128
B X 934 129
C X 233 131
D Z 502 132
A X 819 133
A Z 702 134
D X 234 135
C X 152 136
D Z 466 137
C Z 522 138
B Z 159 139
C X 831 140
D Z 895 141
C W 283 142
D W 891 143
B Z 452 144
B Y 162 145
D W 754 146
B Z 581 147
D W 458 148
C W 749 149
B W 362 150
A W 860 151
B W 913 152
B X 577 153
C Y 312 154
C W 767 155
C Z 163 156
C Y 365 158
A W 760 159
C X 324 160
C Z 766 161
D Z 823 162
B W 264 163
A W 757 164
C Y 667 165
B Y 55 166
C Z 444 167
B Y 235 168
B W 932 169
D W 843 170
B X 510 171
A Z 65 172
B Z 548 173
D X 165 174
A X 568 175
A Y 101 176
C X 783 177
D W 816 178
C Y 852 179
D Z 149 180
A Y 155 181
C Z 832 182
D Y 937 183
C W 235 184
C Y 603 185
B X 114 186
C Y 582 187
D W 753 188
C X 378 189
A W 248 190
C X 432 191
B Z 110 192
D Z 179 193
D X 307 194
C X 55 195
A Y 323 196
B Z 826 197
D W 801 198
A X 449 199
A Z 704 200
A X 3 201
C X 1661 203
D X 270 204
C Z 74 205
D X 892 206
B W 572 207
A Y 494 208
D W 716 209
D Z 503 210
B W 878 211
A W 789 212
A Y 301 213
A W 843 214
D Y 399 215
C W 881 217
C Z 342 218
B W 380 219
C X 867 220
A Z 887 221
A X 560 222
B W 930 223
C Z 525 224
C W 716 225
B W 607 226
A Z 516 227
C Z 58 228
C X 47 229
D Z 182 230
C Z 136 231
D Z 476 232
B Z 576 233
B W 544 234
A Y 844 235
D Y 378 236
D W 478 237
A X 71 238
C Z 588 239
A W 587 240
C Y 49 241
C X 1311 243
A W 707 244
D Y 741 245
D X 206 246
B X 968 247
D W 774 248