C Z 1290 2
A Y 481 3
D W 778 4
D Y 72 5
A X 162 6
D Y 517 7
B Z 226 8
A W 477 9
D Z 670 10
B Y 258 11
C Z 577 12
A W 659 13
B Y 433 14
C X 662 15
B W 228 16
C Z 978 17
D Y 994 18
D W 374 19
A Z 820 21
C Y 45 22
B Z 737 23
C Y 1126 25
A X 574 26
D W 287 27
B Z 563 28
A X 852 30
B X 750 31
B Y 528 32
D W 56 33
B Z 955 34
C Z 82 35
B Z 381 36
A Z 374 37
A Y 667 38
B Z 500 39
C Y 496 40
A Y 517 41
C X 433 42
D X 1552 44
B W 494 45
D X 457 46
B X 628 47
D Y 817 48
B Y 676 49
C Y 1505 51
D Y 741 52
B Z 550 53
D Z 197 54
A Z 912 55
B W 84 56
A Z 501 57
C Y 299 58
A W 419 59
C Y 704 61
D X 958 62
C X 514 63
A Y 844 64
A W 756 65
C W 290 66
D X 741 67
A Y 432 68
C X 740 69
A Z 907 70
C X 421 71
B X 348 72
D W 781 73
D Y 140 74
B W 45 75
A W 594 76
B Y 59 77
D X 501 78
A X 919 79
D Z 288 80
C Y 184 81
A Y 197 82
C Z 1217 84
B Z 172 85
C Z 655 86
B X 370 87
C Y 195 88
A W 584 89
A Z 199 90
D W 232 91
B W 348 92
A Z 627 93
B Z 413 94
B Y 2 95
C Y 523 96
B Y 909 97
C Z 825 98
C X 766 99
C W 1449 101
C Z 431 102
C W 287 103
B X 870 104
A Z 720 105
A W 681 106
C X 967 107
D Y 758 108
C Y 719 109
B Z 829 110
C X 748 111
B X 725 112
D X 989 113
A Z 422 114
D Z 655 115
A W 654 116
A X 436 117
D Y 209 118
D Z 645 119
B Y 93 120
A Y 347 121
A X 314 122
C Z 835 123
C Y 874 124
B Y 637 125
A Z 121 126
A X 82 127
D Y 1391 129
B W 156 130
D X 171 131
C Y 477 132
A Z 801 133
A W 355 134
D W 155 135
A X 956 136
C W 815 137
A Z 69 138
B X 1405 140
C Z 1132 142
D W 204 143
A Y 941 144
A X 716 145
B W 299 146
A Y 383 147
A X 758 148
B Z 377 149
B W 685 150
C X 941 151
B W 1158 153
D Y 978 154
B W 826 155
A Y 866 156
A Z 192 157
C X 703 158
B Z 302 159
B X 984 160
C Z 21 161
A Y 148 162
D W 834 163
A Y 349 164
C W 675 165
C X 818 166
D Y 178 167
C X 268 168
A W 401 169
D Y 806 170
C W 711 171
A Y 329 172
D Z 169 173
B Y 45 174
C Y 594 175
B Z 29 176
B Y 814 177
A Y 76 178
C Z 577 179
B X 495 180
D Z 834 181
C X 202 182
C Y 982 183
A Z 696 184
C Y 800 185
B Y 508 186
D Z 125 187
B Z 715 188
B X 18 189
B W 314 190
A Z 599 191
B Y 387 192
B Z 22 193
A X 258 194
C W 762 195
B W 115 196
C Z 129 197
B W 731 198
A W 1106 200
B W 678 201
D Z 955 202
C X 311 203
D Y 175 204
D Z 775 205
B X 792 206
A Z 735 207
D W 581 208
A X 657 209
C X 336 210
C Y 348 211
C W 216 212
B Z 174 213
A X 834 214
C Y 768 215
C W 167 216
D X 785 217
A X 88 218
A W 908 219
A Y 638 220
A X 305 221
A Z 710 222
B X 677 223
B Z 411 224
C Z 904 225
B W 559 226
D W 724 227
C X 888 228
A X 399 229
C W 158 230
A X 700 231
D W 155 232
B W 44 233
A Z 68 234
C W 673 235
A Z 343 236
C Z 1226 238
B Z 220 239
A Z 30 240
C Z 825 241
A W 9 242
D W 240 243
D Y 1255 245
C Y 925 246
D X 915 247
A Z 855 248
B W 994 249
C Z 36 250
C X 158 251
B Y 477 252
D Y 650 253
C Y 957 254
A Z 754 255
D W 413 256
A X 863 257
B Z 208 258
C Z 750 259
A Y 1297 261
A W 703 262
C W 688 263
A W 557 264
A Z 841 265
D X 656 266
B W 96 267
A W 887 268
B W 672 269
D Y 42 270
A Y 500 271
D W 945 272
A Y 856 273
C Y 152 274
A W 546 275
B Z 612 277
C Y 155 278
D Z 231 279
B W 616 280
D Z 445 281
D X 49 282
B Y 100 283
B Z 429 284
A Y 565 285
D Z 321 286
B Z 877 287
D W 285 288
C Y 676 289
C W 683 290
C Y 1631 292
A Y 54 293
D Z 239 294
C X 767 295
D Z 26 296
B Y 908 297
A Y 123 298
B X 167 299
B Z 228 300
C Y 302 301
D W 644 302
A Y 250 303
A X 840 304
D Z 1008 306
A W 180 307
A Z 349 308
A Y 19 309
C W 324 310
B Z 800 311
B X 740 312
B Y 385 313
C W 851 314
B Z 666 315
B W 880 316
D X 770 317
B Y 753 318
A Z 281 319
D Z 256 320
A X 535 321
B W 649 322
D Z 743 323
C X 795 324
D Y 316 325
A X 941 326
B W 907 327
A W 706 328
C X 54 329
B X 668 330
B Y 801 331
D Z 908 332
A W 229 333
A Y 778 334
C W 964 335
D Y 865 336
B X 425 337
B Y 602 338
B Z 163 339
A Y 710 340
C W 324 341
B W 149 342
D X 7 343
C W 899 344
B Z 833 345
B W 174 346
A W 989 347
D W 507 348
D Y 247 349
A X 749 350
C Y 588 351
D Z 852 352
C Z 863 353
A W 296 354
D X 223 355
A Z 763 356
C W 214 357
C X 18 358
A Z 718 359
A W 829 360
B Z 714 361
D W 414 362
A X 550 363
A Y 685 365
D W 95 366
D Z 31 367
A Z 50 368
D X 485 369
C Y 578 370
A Z 473 371
A X 939 372
A Y 431 374
C X 257 375
B X 905 376
D Y 587 377
A Z 452 378
D W 393 379
A Y 151 380
B Z 714 381
D W 730 382
B Y 592 383
D X 710 384
A X 751 385
C Y 196 386
C X 870 387
C W 536 388
A X 21 389
A W 503 390
C W 36 391
A Z 133 392
C Y 209 393
B W 785 394
D Y 118 395
D X 87 396
B Z 783 397
D W 488 398
C Y 558 399
B Z 231 400
B W 508 401
C Z 90 402
B X 627 403
C W 401 404
A Z 629 405
B W 387 406
A Y 709 407
D X 776 408
B X 851 409
A X 828 411
A Y 105 412
C Z 304 413
A Y 455 414
C W 751 416
A X 729 417
A Z 281 418
D W 804 419
A W 86 420
D X 141 421
C X 736 422
C Z 823 423
D Y 272 424
D X 894 425
C W 514 426
D X 375 427
A Y 548 428
B X 225 429
A Z 663 430
D Y 154 431
D Z 233 432
C W 473 433
C Z 523 434
B Y 908 435
C Z 62 436
C Y 780 437
C W 117 438
C X 516 440
C W 502 442
B Z 712 443
A X 368 444
B Y 289 446
D Y 48 447
C Y 993 448
C W 134 449
B Z 491 450
A X 334 451
D Z 971 452
A X 795 454
A Z 428 455
C Z 342 456
D Y 209 457
A Y 521 458
D Y 374 459
A Y 41 461
C W 492 462
A W 676 463
B W 70 464
C Z 209 465
A X 988 466
B W 228 467
C X 616 468
C Z 415 469
C X 756 470
B Y 1131 472
B W 96 473
A Z 982 474
A Y 511 475
D W 259 476
D X 883 477
A X 88 478
B X 248 479
A Z 184 480
A W 891 481
D X 339 482
B X 765 483
A X 1508 485
D X 709 486
D W 62 487
B Y 469 488
C Y 278 489
A X 950 490
C W 619 492
A Z 945 493
B W 400 494
D Z 588 495
B Y 826 496
C X 549 497
A Z 912 498
B Z 56 499
C Z 615 500
D Y 854 501
C Z 953 502
B Z 508 503
A Z 108 504
B Z 665 505
D Y 191 506
A W 251 507
D X 718 508
B W 1083 510
D Y 853 511
D X 873 512
C Y 280 513
D W 108 514
B Y 300 515
C X 970 517
B Y 383 518
B Z 709 519
B X 539 520
C Z 377 521
B W 975 522
C X 742 523
A Z 1061 525
C X 881 526
A X 194 527
B X 841 528
C X 51 529
D Y 883 530
B X 1000 531
C Z 520 532
C W 580 533
C X 583 534
B Z 950 535
A Y 949 537
B X 22 538
A X 284 539
C X 731 540
A Z 1377 543
A X 308 544
B Z 879 545
A Y 353 546
D W 899 547
D Y 951 548
D W 599 549
B X 910 550
A W 704 551
D Z 377 552
D W 1070 554
C W 717 555
D X 194 556
D Z 446 557
C Z 667 558
B W 444 559
A Z 83 560
A Y 965 561
D X 86 562
B X 248 563
B Z 59 564
D W 127 565
D X 257 566
A X 521 567
D Z 278 568
A Y 22 569
B Y 8 570
B W 712 571
C Y 165 572
A X 222 573
A Y 100 574
B Z 313 575
C Y 563 576
B X 798 577
B Z 781 578
C W 508 579
A X 1137 581
C W 260 582
A Y 367 583
A Z 1366 585
B X 113 586
B Y 947 587
A Z 916 588
C X 934 589
A W 906 590
D W 1428 592
A W 905 593
A Z 198 594
D Y 656 595
B Z 141 596
A X 733 597
B X 439 598
A W 398 599
B Y 748 600
B X 688 601
B W 39 602
D X 576 603
D Z 709 604
C Y 52 605
B W 30 606
B Y 172 607
C X 404 609
B X 794 610
B Y 413 611
B W 639 612
B Z 209 613
D W 561 614
D Z 768 615
B Y 251 616
A X 147 617
D Z 390 618
A W 618 619
A Y 992 620