C Z 705 1
A Z 454 2
D Y 104 3
D W 758 4
B Y 153 5
D W 367 6
A Z 920 7
A W 456 8
A Z 598 9
B Y 815 10
A X 749 11
B W 295 12
D Z 806 13
C X 305 14
D Z 265 15
B X 653 16
C Z 491 17
C X 707 18
D W 613 19
B Z 854 20
C Z 175 21
D Z 939 22
D W 441 23
A Z 140 24
B Z 23 25
C W 218 26
B X 998 27
B Y 193 28
B X 978 29
B W 350 30
A W 25 31
A Y 99 32
D W 413 33
B Z 198 34
D Z 1611 36
B X 190 37
C Z 341 38
A Y 993 39
B Z 174 40
A W 175 41
D Y 669 42
B Y 923 43
C X 875 44
B X 951 45
A W 825 46
D X 481 47
D W 910 48
C Z 999 49
D W 29 50
B Y 824 51
B W 963 52
D W 856 53
C W 644 54
D Z 994 55
D W 444 56
A X 939 57
B Z 601 58
D W 610 59
A X 806 60
B X 1685 62
B W 882 63
D Z 20 64
C W 208 65
A X 230 66
D W 918 67
B Z 87 68
B Y 1 69
C X 733 70
D Y 107 71
B X 114 72
D Y 877 73
C Z 137 74
A W 30 75
B X 467 76
B Z 273 77
C X 685 78
C Y 119 79
C Z 512 80
C X 978 81
B W 485 82
A X 739 83
B Z 144 84
C Y 192 85
B W 759 86
A Z 293 87
A Y 365 88
A X 965 89
D Y 830 90
D X 334 91
D Z 953 92
B X 226 93
D X 242 94
A Y 234 95
D X 860 96
D Y 334 97
B Y 921 98
D Y 790 99
D X 50 100
C Y 230 101
B X 664 102
A Z 858 104
B W 1140 106
A X 132 107
D X 585 108
A X 777 109
B Y 203 110
A Y 773 111
C Z 812 112
D X 146 113
C Z 508 114
D Y 924 116
C Z 99 117
D W 290 118
A W 605 119
D Z 802 120
C Y 696 121
D X 150 122
B W 582 123
C Z 684 124
A W 687 125
B Z 537 126
A Z 33 127
C X 860 128
C Z 790 129
A Z 861 130
D Y 667 131
C X 249 132
D W 25 133
C Z 229 134
B Z 729 135
B Y 869 136
A W 893 137
B Z 208 138
C X 520 139
A X 260 140
C Z 626 141
B W 989 142
A Y 458 143
C W 750 145
B Y 390 146
B X 56 147
B W 336 148
D Z 679 149
D W 163 150
C W 73 151
B X 196 152
D X 929 153
D Y 944 154
A W 1075 156
B Z 319 157
D X 840 158
B Y 272 159
C X 889 160
A X 516 161
B Z 384 162
B W 812 163
A Y 777 164
C Z 600 165
C Y 121 166
B W 654 167
C Z 703 168
A Y 997 169
B W 55 170
A Z 162 171
D Y 820 172
D X 304 173
D Y 326 174
C Z 995 175
D Y 665 176
B Z 609 177
D Y 292 178
D Z 386 179
C Z 925 180
D X 434 181
C W 729 182
A X 442 184
B X 921 185
A W 795 186
B Y 913 187
C Z 789 188
C Y 607 189
A Z 208 190
A Y 89 191
C X 226 192
A Y 255 193
D Y 7 194
A Z 695 195
D W 227 196
C W 495 197
A W 665 198
C Z 908 200
A X 442 201
A Y 222 202
C W 1670 205
C Z 984 206
C X 768 207
D W 1720 209
A X 394 210
D X 578 211
A Y 953 212
D X 263 213
B W 208 214
C X 613 215
B Y 951 216
B W 546 218
D X 1783 220
A W 803 221
A Y 127 222
D W 43 223
D X 351 224
C W 657 225
D X 574 226
C W 81 227
C Y 648 228
D Y 88 229
B X 800 230
B Y 318 231
C X 754 232
A W 76 233
D X 453 234
A Y 746 236
C Y 933 237
D X 544 238
B Y 3 239
A Z 531 240
D W 553 242
B X 270 243
A X 683 244
A Y 615 245
B X 109 246
D Z 213 247
A W 528 248
A Z 243 249
D W 97 250
D Y 239 251
C X 260 252
D W 482 253
B W 460 254
D Z 167 255
C X 933 256
D Y 1642 258
B W 251 259
D X 536 260
D Y 614 261
B W 998 262
D Y 336 263
C X 748 264
C Z 183 265
B W 802 267
C W 194 268
B Z 35 269
C Y 587 270
C Z 469 271
D Y 706 272
B X 75 273
B Z 21 274
A Y 36 275
C X 304 276
C W 484 277
C Y 443 278
C W 836 279
B Y 53 280
D W 727 281
B Z 10 282
D Z 614 283
B Y 363 284
C X 802 285
B Z 622 286
D X 393 287
D Y 755 288
A W 667 289
A X 46 290
C X 587 291
B W 185 292
A X 745 293
C Y 761 294
A X 654 295
C Y 960 296
D Y 974 297
B Z 565 298
D X 194 299
A Y 968 301
D X 923 302
B Z 516 304
D Y 595 305
A Z 781 306
B W 750 307
A X 258 308
D W 740 309
D X 756 310
B Z 912 311
D W 305 312
A W 386 313
B Y 621 314
B Z 359 315
B Y 785 316
C Y 498 317
D Y 7 318
A Z 928 319
A W 283 320
A Y 47 321
A Z 43 322
B X 29 323
D Y 950 324
C Y 752 325
D Z 677 326
C Z 409 327
C W 594 328
B Z 1176 330
D X 79 331
C X 936 333
B X 903 334
C Y 368 335
D W 933 336
B W 823 337
A Z 735 338
B X 114 339
B Y 582 340
A W 104 341
B X 1521 343
C X 702 344
A X 707 345
A Y 422 346
A X 378 347
B X 931 348
D Y 73 349
B Y 494 350
D Y 904 351
A X 406 352
A W 48 353
D W 273 354
B Y 41 355
C Y 507 356
B Y 661 357
B Z 901 358
A W 167 359
D W 873 360
D X 975 361
B Y 711 362
A W 134 363
C Z 553 364
B X 540 365
C X 859 366
A W 986 367
C Y 715 368
C W 720 369
B W 386 370
B X 771 371
A Z 911 372
C Z 815 373
C Y 88 374
A X 990 375
A Z 23 376
A Y 602 377
D Y 1284 379
A W 70 380
B W 784 381
D Z 102 382
A X 796 383
D Z 386 384
B W 859 385
D W 95 386
A Y 37 387
B W 271 388
D W 87 389
D Z 331 390
B Y 971 391
A Z 534 392
B X 622 393
A Y 763 394
C W 884 395
C Y 726 396
B W 353 397
A Y 788 398
C Y 1551 400
A X 622 401
B Y 363 402
A W 836 403
C Z 784 404
C X 945 405
D X 164 406
B X 554 407
D W 730 408
B W 567 409
D W 450 410
B W 413 411
C Y 858 412
B W 509 413
D Z 1069 415
D X 627 416
D Z 307 417
A W 560 418
A Y 522 419
C X 740 420
C Y 309 421
C X 660 422
D Z 751 423
A Z 63 424
A W 17 425
A Y 232 426
C W 238 427
D X 141 428
D W 374 429
A X 236 430
B X 637 431
D X 171 432
B W 371 433
A X 110 434
C Z 696 435
B Y 125 436
B Z 996 438
C X 492 439
C W 50 440
D Z 895 441
B Y 358 442
A Z 956 443
A W 770 444
A Y 878 445
B X 159 446
C Y 381 447
D X 216 448
D Z 315 449
D Y 393 450
A Z 345 451
C Y 503 452
A Z 734 453
C Y 604 454
D Z 673 455
B Y 451 456
D W 445 457
A Y 650 458
C X 163 459
C W 412 460
D Y 756 461
A W 917 462
A Y 465 463
D Z 929 464
C Y 538 465
B Y 35 466
A X 296 467
A Y 839 468
A W 971 469
A Y 736 470
A Z 619 471
D Y 722 472
C X 2190 475
C W 707 476
D Y 615 477
D W 842 478
A X 138 479
D X 255 480
A Z 824 481
B W 226 482
B Z 118 483
B Y 117 484
C Y 829 485
A X 962 486
D W 503 487
B W 817 488
B X 541 489
C W 958 490
D Y 9 491
B W 201 492
C W 170 493
B Y 215 494
A X 701 495
D X 978 496
B Y 893 497
B X 575 498
A Z 362 499
C Z 139 500
C W 679 501
D Y 804 502
C Z 58 503
A Z 782 504
A X 693 505
C W 719 506
A Y 519 507
A Z 491 508
C X 473 509
B Z 204 510
D Z 157 511
B W 978 512
A W 585 513
B X 1107 516
D Z 410 517
A Z 382 518
B W 508 519
D W 886 520
A Y 727 521
B W 305 522
A Y 313 523
C W 581 524
C Y 1647 526
B Y 975 527
D Y 557 528
B Y 947 530
A Y 783 532
A X 271 533
C W 311 534
B W 623 535
A Y 163 536
C X 148 537
D X 938 538
A W 739 539
D Y 1068 541
B W 284 542
A Y 874 543
C Y 340 544
A Y 750 545
D W 798 546
D Z 1287 548
D W 259 549
C X 1103 551
D W 34 552
C Z 404 553
B X 401 554
C W 986 555
B Z 998 556
B Y 1176 558
A Z 605 559
D Z 848 560
B W 690 561
A Y 437 562
C Y 567 563
C X 969 565
D X 161 566
B W 613 567
B Y 741 568
D Y 109 569
A Y 397 571
B Z 713 572
C W 150 573
A Y 364 574
A X 744 575
A Y 447 576
D X 750 577
A X 297 578
B Y 840 579
A W 350 580
C W 2 581
A W 840 582
C X 248 583
D Z 988 584
D W 739 585
A W 708 586
C Z 456 587
B W 440 588
B Y 44 589
A W 661 590
C X 923 592
A X 923 593
B W 462 594
A Y 460 596
D Y 18 597
B X 686 598
D W 902 599
B Z 236 600
B Y 862 601
A Y 540 602
D Y 847 603
B X 644 604
A Y 63 605
B W 186 606
A Y 1519 608
C Y 103 609
B W 607 611
A Z 859 612
A W 921 613
C W 337 614
B Y 1121 616
C W 859 617
D Y 694 618
B W 265 619
B Z 26 620
A Z 963 621
C Z 497 622
C X 731 623
C W 528 624
A Z 25 625
D X 932 626
C X 242 627
A W 162 628
C W 224 629
A Z 187 630
B Y 962 631
B X 818 632
D Z 318 633
B Y 673 634
A Z 562 635
C Z 205 636
C Y 32 637
C W 265 638
C Z 570 639
C Y 982 640
A Y 887 641
B Z 101 642
B Y 567 643
A Y 24 644
D X 329 645
D Y 916 646
B W 606 647
A Z 865 648
B Z 329 649
A W 742 650
C Z 151 651
C X 201 652
C Y 805 653
D X 574 654
A X 967 655
D Z 885 656
B X 962 657
A W 601 658
B Z 414 659
D Y 491 660
B Z 735 661
C Z 370 662
B X 852 663
D X 653 664
B Y 817 665
D X 836 666
B Z 260 667
A W 474 668
D W 395 669
D Y 316 670
A Z 548 671
C Z 889 672
B W 626 673
D W 217 674
C Y 693 675
D X 939 676
D Y 106 677
C X 822 678
B W 766 679
D Z 463 680
B Y 36 681
C Y 534 682
D X 741 683
D Y 946 684
B W 365 685
A W 672 686
A X 262 687
C Z 579 688
A X 948 689
D Z 618 690
C W 273 691
C X 358 692
B Y 135 693
D X 459 694
C W 547 695
C X 584 696
C W 490 697
D W 838 698
A Z 121 699
A Y 1213 701
C X 337 702
B W 862 703
C Z 116 704
B Z 51 705
C Y 224 706
A Z 417 707
A Y 969 708
B X 39 709
D Y 132 710
D X 584 711
C Z 992 712
D X 888 713
C Z 829 714
A Z 521 715
C X 298 716
D Y 878 718
D X 892 719
B X 605 720
C W 703 721
D W 824 722
C Z 188 723
A Y 67 724
D X 208 725
A Z 724 726
C W 792 727
D Y 175 728
C X 81 729
D W 689 730
B Y 322 731
A Y 717 732
A X 103 733
C X 290 734
D X 132 735
B Z 382 736
D W 67 737
B W 190 738
C X 743 739
D X 608 740
C W 592 741
B X 823 742
D Z 786 743
C Y 959 744
C Z 80 745
B Y 938 746
C Z 450 747
A X 787 748
B W 217 749
C Z 539 750
D W 772 751
B Y 679 752
B Z 563 753
A Y 257 754
C X 325 755
C W 56 756
D W 715 757
A X 815 758
B X 198 759
C X 364 760
A W 11 761
C Z 390 762
D W 698 763
B W 402 764
A X 738 765
C Y 487 766
C X 389 767
C Z 744 768
B X 509 769
D Y 470 770
A W 676 771
C Y 947 772
B W 320 773
A W 11 774
D W 406 775
A W 546 776
B Z 60 777
D Y 390 778
C X 197 779
D Z 858 780
A Z 482 781
C W 985 782
B Z 281 783
D X 936 784
B W 863 785
D Y 151 786
B X 83 787
A Z 145 788
A W 725 789
B Y 980 790
A W 346 791
A Y 1605 793
A X 740 794
B Y 897 795
D W 654 796
D Z 758 797
B Y 968 798
D Y 438 799
D X 774 800
D W 1645 802
D Z 1447 804
C W 791 805
D W 351 806
C X 138 807
A Z 960 808
C W 1797 810
A Y 964 811
B Y 330 812
D X 22 813
A W 479 814
A Z 478 815
C W 903 816
B W 53 817
A X 249 818
A W 154 819
D Y 879 820
D Z 837 821
C Z 686 822
D X 600 825
D Y 211 826
C W 881 827
D W 423 828
C Z 349 829
D W 467 830
C Z 267 831
B W 1338 833
A W 271 834
C Y 946 835
C Z 157 836
B W 239 837
A Z 41 838
C Y 208 839
B Y 576 841
D Z 73 842
B Z 69 843
B W 794 844
C X 187 845
B X 399 846
C Y 88 847
B Y 1753 849
B Z 437 850
D Z 434 851
A W 103 852
A X 675 853
D Z 703 855
A Z 897 856
A X 28 857
C Z 356 858
D Z 572 859
A W 7 860
C Z 788 861
D Y 1184 863
B Z 475 864
C W 646 865
A X 996 866
B X 817 868
A Z 251 869
C W 70 870
B Y 568 871
A W 69 872
C Z 16 873
B W 1403 875
D Z 46 876
C X 765 877
B Y 997 878
D Y 265 879
B X 476 880
A Y 634 881
D Z 98 882
A X 640 883
B Z 288 884
A X 72 885
D Y 308 886
D W 899 887
C W 713 888
D W 472 889
A Z 329 890
D Y 307 891
D Z 818 892
C W 143 893
B Y 975 894
B W 955 895
D X 290 896
A Y 806 897
C Z 271 899
B X 924 900
B W 168 901
C Z 926 902
C Y 779 903
D Z 94 904
D X 24 905
C X 574 906
B Z 797 907
A Z 521 908
C X 800 909
B Z 348 910
D Y 87 911
D Z 134 912
A Y 969 913
B X 617 914
B Z 86 915
A W 480 916
B Z 827 917
B W 907 918
C Y 665 919
C W 738 920
C Z 1052 922
A W 126 923
A Z 756 924
C W 10 925
D X 236 926
B Y 20 927
D X 431 928
A X 990 929
C Z 701 930
D Z 613 931
C W 1643 933
A W 359 934
A Y 244 935
C Y 469 936
D Y 523 937
D X 784 938
B X 169 939
D X 243 940
A W 477 941
D Z 444 942
A X 78 944
C Z 359 945
A Z 796 946
A W 504 947
B Y 170 948
C Y 330 949
A Y 690 950
C Y 70 951
C W 542 952
D Y 166 953
B X 142 954
B Y 104 955
D W 997 956
C X 449 957
C W 716 958
B W 133 959
B Y 13 960
B W 107 961
D W 221 962
A X 740 963
D Y 217 964
D Z 79 965
A Z 861 966
D Y 31 967
C Z 566 968
B X 801 969
C Z 563 970
B Z 298 971
B Y 137 972
A Y 903 973