Blockchain Info:
1
Sender Name: D
Receiver Name: X
Transaction Value: 87
Transaction timestamp: 335
2
Sender Name: D
Receiver Name: Y
Transaction Value: 693
Transaction timestamp: 334
3
Sender Name: A
Receiver Name: Y
Transaction Value: 445
Transaction timestamp: 333
4
Sender Name: A
Receiver Name: Y
Transaction Value: 994
Transaction timestamp: 332
5
Sender Name: A
Receiver Name: X
Transaction Value: 752
Transaction timestamp: 331
6
Sender Name: D
Receiver Name: X
Transaction Value: 187
Transaction timestamp: 330
7
Sender Name: D
Receiver Name: Z
Transaction Value: 279
Transaction timestamp: 329
8
Sender Name: B
Receiver Name: Y
Transaction Value: 72
Transaction timestamp: 328
9
Sender Name: D
Receiver Name: Z
Transaction Value: 662
Transaction timestamp: 327
10
Sender Name: D
Receiver Name: X
Transaction Value: 296
Transaction timestamp: 326
11
Sender Name: D
Receiver Name: X
Transaction Value: 235
Transaction timestamp: 325
12
Sender Name: C
Receiver Name: Y
Transaction Value: 42
Transaction timestamp: 324
13
Sender Name: C
Receiver Name: X
Transaction Value: 470
Transaction timestamp: 323
14
Sender Name: C
Receiver Name: Z
Transaction Value: 503
Transaction timestamp: 322
15
Sender Name: A
Receiver Name: X
Transaction Value: 46
Transaction timestamp: 321
16
Sender Name: C
Receiver Name: W
Transaction Value: 250
Transaction timestamp: 320
17
Sender Name: B
Receiver Name: W
Transaction Value: 563
Transaction timestamp: 319
18
Sender Name: A
Receiver Name: W
Transaction Value: 27
Transaction timestamp: 318
19
Sender Name: C
Receiver Name: Z
Transaction Value: 208
Transaction timestamp: 317
20
Sender Name: A
Receiver Name: X
Transaction Value: 450
Transaction timestamp: 316
21
Sender Name: A
Receiver Name: X
Transaction Value: 395
Transaction timestamp: 315
22
Sender Name: C
Receiver Name: X
Transaction Value: 706
Transaction timestamp: 314
23
Sender Name: A
Receiver Name: X
Transaction Value: 812
Transaction timestamp: 313
24
Sender Name: D
Receiver Name: W
Transaction Value: 310
Transaction timestamp: 312
25
Sender Name: C
Receiver Name: Z
Transaction Value: 329
Transaction timestamp: 311
26
Sender Name: C
Receiver Name: W
Transaction Value: 472
Transaction timestamp: 310
27
Sender Name: D
Receiver Name: W
Transaction Value: 497
Transaction timestamp: 309
28
Sender Name: B
Receiver Name: Y
Transaction Value: 589
Transaction timestamp: 308
29
Sender Name: B
Receiver Name: Z
Transaction Value: 446
Transaction timestamp: 307
30
Sender Name: A
Receiver Name: Y
Transaction Value: 222
Transaction timestamp: 306
31
Sender Name: D
Receiver Name: Y
Transaction Value: 83
Transaction timestamp: 305
32
Sender Name: C
Receiver Name: W
Transaction Value: 575
Transaction timestamp: 304
33
Sender Name: A
Receiver Name: X
Transaction Value: 2
Transaction timestamp: 303
34
Sender Name: B
Receiver Name: X
Transaction Value: 338
Transaction timestamp: 302
35
Sender Name: D
Receiver Name: Y
Transaction Value: 212
Transaction timestamp: 301
36
Sender Name: B
Receiver Name: Z
Transaction Value: 837
Transaction timestamp: 300
37
Sender Name: B
Receiver Name: X
Transaction Value: 480
Transaction timestamp: 299
38
Sender Name: B
Receiver Name: W
Transaction Value: 51
Transaction timestamp: 298
39
Sender Name: C
Receiver Name: Z
Transaction Value: 375
Transaction timestamp: 297
40
Sender Name: A
Receiver Name: Y
Transaction Value: 295
Transaction timestamp: 296
41
Sender Name: C
Receiver Name: X
Transaction Value: 488
Transaction timestamp: 295
42
Sender Name: D
Receiver Name: W
Transaction Value: 858
Transaction timestamp: 294
43
Sender Name: B
Receiver Name: Y
Transaction Value: 588
Transaction timestamp: 293
44
Sender Name: D
Receiver Name: Y
Transaction Value: 535
Transaction timestamp: 292
45
Sender Name: D
Receiver Name: Z
Transaction Value: 985
Transaction timestamp: 291
46
Sender Name: D
Receiver Name: W
Transaction Value: 997
Transaction timestamp: 290
47
Sender Name: B
Receiver Name: W
Transaction Value: 942
Transaction timestamp: 289
48
Sender Name: B
Receiver Name: X
Transaction Value: 991
Transaction timestamp: 288
49
Sender Name: C
Receiver Name: Z
Transaction Value: 596
Transaction timestamp: 287
50
Sender Name: A
Receiver Name: Z
Transaction Value: 134
Transaction timestamp: 286
51
Sender Name: A
Receiver Name: W
Transaction Value: 117
Transaction timestamp: 285
52
Sender Name: D
Receiver Name: Y
Transaction Value: 53
Transaction timestamp: 284
53
Sender Name: C
Receiver Name: Z
Transaction Value: 163
Transaction timestamp: 283
54
Sender Name: A
Receiver Name: W
Transaction Value: 349
Transaction timestamp: 282
55
Sender Name: A
Receiver Name: X
Transaction Value: 170
Transaction timestamp: 281
56
Sender Name: A
Receiver Name: X
Transaction Value: 769
Transaction timestamp: 280
57
Sender Name: A
Receiver Name: X
Transaction Value: 106
Transaction timestamp: 279
58
Sender Name: A
Receiver Name: X
Transaction Value: 292
Transaction timestamp: 278
59
Sender Name: D
Receiver Name: W
Transaction Value: 670
Transaction timestamp: 277
60
Sender Name: B
Receiver Name: W
Transaction Value: 561
Transaction timestamp: 276
61
Sender Name: B
Receiver Name: X
Transaction Value: 873
Transaction timestamp: 275
62
Sender Name: B
Receiver Name: Y
Transaction Value: 306
Transaction timestamp: 274
63
Sender Name: D
Receiver Name: W
Transaction Value: 551
Transaction timestamp: 273
64
Sender Name: C
Receiver Name: Z
Transaction Value: 391
Transaction timestamp: 272
65
Sender Name: A
Receiver Name: Y
Transaction Value: 735
Transaction timestamp: 271
66
Sender Name: D
Receiver Name: X
Transaction Value: 39
Transaction timestamp: 270
67
Sender Name: D
Receiver Name: X
Transaction Value: 645
Transaction timestamp: 269
68
Sender Name: C
Receiver Name: W
Transaction Value: 313
Transaction timestamp: 268
69
Sender Name: A
Receiver Name: X
Transaction Value: 492
Transaction timestamp: 267
70
Sender Name: A
Receiver Name: Y
Transaction Value: 138
Transaction timestamp: 266
71
Sender Name: A
Receiver Name: Y
Transaction Value: 995
Transaction timestamp: 265
72
Sender Name: B
Receiver Name: W
Transaction Value: 661
Transaction timestamp: 264
73
Sender Name: A
Receiver Name: Z
Transaction Value: 412
Transaction timestamp: 263
74
Sender Name: A
Receiver Name: Y
Transaction Value: 739
Transaction timestamp: 262
75
Sender Name: B
Receiver Name: Z
Transaction Value: 658
Transaction timestamp: 261
76
Sender Name: A
Receiver Name: Y
Transaction Value: 631
Transaction timestamp: 260
77
Sender Name: D
Receiver Name: X
Transaction Value: 67
Transaction timestamp: 259
78
Sender Name: D
Receiver Name: Y
Transaction Value: 995
Transaction timestamp: 258
79
Sender Name: B
Receiver Name: W
Transaction Value: 158
Transaction timestamp: 257
80
Sender Name: C
Receiver Name: Z
Transaction Value: 717
Transaction timestamp: 256
81
Sender Name: A
Receiver Name: W
Transaction Value: 981
Transaction timestamp: 255
82
Sender Name: C
Receiver Name: Z
Transaction Value: 790
Transaction timestamp: 254
83
Sender Name: B
Receiver Name: Z
Transaction Value: 945
Transaction timestamp: 253
84
Sender Name: A
Receiver Name: Z
Transaction Value: 716
Transaction timestamp: 252
85
Sender Name: A
Receiver Name: W
Transaction Value: 61
Transaction timestamp: 251
86
Sender Name: C
Receiver Name: X
Transaction Value: 508
Transaction timestamp: 250
87
Sender Name: C
Receiver Name: Z
Transaction Value: 854
Transaction timestamp: 249
88
Sender Name: B
Receiver Name: Z
Transaction Value: 491
Transaction timestamp: 248
89
Sender Name: D
Receiver Name: Y
Transaction Value: 255
Transaction timestamp: 247
90
Sender Name: D
Receiver Name: Z
Transaction Value: 560
Transaction timestamp: 246
91
Sender Name: B
Receiver Name: X
Transaction Value: 608
Transaction timestamp: 245
92
Sender Name: D
Receiver Name: Z
Transaction Value: 789
Transaction timestamp: 244
93
Sender Name: B
Receiver Name: X
Transaction Value: 520
Transaction timestamp: 243
94
Sender Name: A
Receiver Name: Y
Transaction Value: 525
Transaction timestamp: 242
95
Sender Name: B
Receiver Name: X
Transaction Value: 570
Transaction timestamp: 241
96
Sender Name: C
Receiver Name: W
Transaction Value: 425
Transaction timestamp: 240
97
Sender Name: D
Receiver Name: X
Transaction Value: 177
Transaction timestamp: 239
98
Sender Name: A
Receiver Name: X
Transaction Value: 340
Transaction timestamp: 238
99
Sender Name: A
Receiver Name: Y
Transaction Value: 900
Transaction timestamp: 237
100
Sender Name: B
Receiver Name: Z
Transaction Value: 271
Transaction timestamp: 236
101
Sender Name: C
Receiver Name: Z
Transaction Value: 846
Transaction timestamp: 235
102
Sender Name: B
Receiver Name: W
Transaction Value: 154
Transaction timestamp: 234
103
Sender Name: D
Receiver Name: W
Transaction Value: 841
Transaction timestamp: 233
104
Sender Name: D
Receiver Name: Z
Transaction Value: 565
Transaction timestamp: 232
105
Sender Name: A
Receiver Name: X
Transaction Value: 15
Transaction timestamp: 231
106
Sender Name: D
Receiver Name: X
Transaction Value: 655
Transaction timestamp: 230
107
Sender Name: A
Receiver Name: X
Transaction Value: 760
Transaction timestamp: 229
108
Sender Name: D
Receiver Name: X
Transaction Value: 134
Transaction timestamp: 228
109
Sender Name: D
Receiver Name: W
Transaction Value: 585
Transaction timestamp: 227
110
Sender Name: A
Receiver Name: Y
Transaction Value: 962
Transaction timestamp: 226
111
Sender Name: C
Receiver Name: W
Transaction Value: 749
Transaction timestamp: 225
112
Sender Name: B
Receiver Name: X
Transaction Value: 376
Transaction timestamp: 224
113
Sender Name: B
Receiver Name: Y
Transaction Value: 971
Transaction timestamp: 223
114
Sender Name: D
Receiver Name: X
Transaction Value: 36
Transaction timestamp: 222
115
Sender Name: C
Receiver Name: W
Transaction Value: 971
Transaction timestamp: 221
116
Sender Name: A
Receiver Name: Z
Transaction Value: 42
Transaction timestamp: 220
117
Sender Name: B
Receiver Name: X
Transaction Value: 124
Transaction timestamp: 219
118
Sender Name: D
Receiver Name: W
Transaction Value: 635
Transaction timestamp: 218
119
Sender Name: D
Receiver Name: Y
Transaction Value: 308
Transaction timestamp: 217
120
Sender Name: B
Receiver Name: X
Transaction Value: 222
Transaction timestamp: 216
121
Sender Name: C
Receiver Name: X
Transaction Value: 849
Transaction timestamp: 215
122
Sender Name: B
Receiver Name: Y
Transaction Value: 296
Transaction timestamp: 214
123
Sender Name: A
Receiver Name: Z
Transaction Value: 733
Transaction timestamp: 213
124
Sender Name: D
Receiver Name: Z
Transaction Value: 567
Transaction timestamp: 212
125
Sender Name: A
Receiver Name: Y
Transaction Value: 535
Transaction timestamp: 211
126
Sender Name: D
Receiver Name: Z
Transaction Value: 992
Transaction timestamp: 210
127
Sender Name: C
Receiver Name: W
Transaction Value: 299
Transaction timestamp: 209
128
Sender Name: B
Receiver Name: W
Transaction Value: 727
Transaction timestamp: 208
129
Sender Name: C
Receiver Name: X
Transaction Value: 921
Transaction timestamp: 207
130
Sender Name: D
Receiver Name: W
Transaction Value: 945
Transaction timestamp: 206
131
Sender Name: C
Receiver Name: X
Transaction Value: 265
Transaction timestamp: 205
132
Sender Name: D
Receiver Name: W
Transaction Value: 630
Transaction timestamp: 204
133
Sender Name: A
Receiver Name: X
Transaction Value: 696
Transaction timestamp: 203
134
Sender Name: A
Receiver Name: Y
Transaction Value: 419
Transaction timestamp: 202
135
Sender Name: B
Receiver Name: X
Transaction Value: 757
Transaction timestamp: 201
136
Sender Name: D
Receiver Name: Z
Transaction Value: 44
Transaction timestamp: 200
137
Sender Name: A
Receiver Name: X
Transaction Value: 284
Transaction timestamp: 199
138
Sender Name: C
Receiver Name: X
Transaction Value: 621
Transaction timestamp: 198
139
Sender Name: B
Receiver Name: W
Transaction Value: 775
Transaction timestamp: 197
140
Sender Name: D
Receiver Name: Z
Transaction Value: 209
Transaction timestamp: 196
141
Sender Name: C
Receiver Name: Y
Transaction Value: 958
Transaction timestamp: 195
142
Sender Name: C
Receiver Name: W
Transaction Value: 205
Transaction timestamp: 194
143
Sender Name: A
Receiver Name: X
Transaction Value: 129
Transaction timestamp: 193
144
Sender Name: C
Receiver Name: Z
Transaction Value: 431
Transaction timestamp: 192
145
Sender Name: C
Receiver Name: Y
Transaction Value: 761
Transaction timestamp: 191
146
Sender Name: C
Receiver Name: W
Transaction Value: 453
Transaction timestamp: 190
147
Sender Name: B
Receiver Name: Y
Transaction Value: 65
Transaction timestamp: 189
148
Sender Name: A
Receiver Name: X
Transaction Value: 579
Transaction timestamp: 188
149
Sender Name: C
Receiver Name: X
Transaction Value: 557
Transaction timestamp: 187
150
Sender Name: B
Receiver Name: X
Transaction Value: 628
Transaction timestamp: 186
151
Sender Name: B
Receiver Name: X
Transaction Value: 80
Transaction timestamp: 185
152
Sender Name: C
Receiver Name: Z
Transaction Value: 422
Transaction timestamp: 184
153
Sender Name: C
Receiver Name: X
Transaction Value: 719
Transaction timestamp: 183
154
Sender Name: D
Receiver Name: W
Transaction Value: 292
Transaction timestamp: 182
155
Sender Name: D
Receiver Name: Y
Transaction Value: 586
Transaction timestamp: 181
156
Sender Name: C
Receiver Name: X
Transaction Value: 255
Transaction timestamp: 180
157
Sender Name: B
Receiver Name: W
Transaction Value: 122
Transaction timestamp: 179
158
Sender Name: A
Receiver Name: W
Transaction Value: 505
Transaction timestamp: 178
159
Sender Name: C
Receiver Name: W
Transaction Value: 943
Transaction timestamp: 177
160
Sender Name: A
Receiver Name: W
Transaction Value: 347
Transaction timestamp: 176
161
Sender Name: C
Receiver Name: Y
Transaction Value: 210
Transaction timestamp: 175
162
Sender Name: D
Receiver Name: W
Transaction Value: 904
Transaction timestamp: 174
163
Sender Name: C
Receiver Name: W
Transaction Value: 675
Transaction timestamp: 173
164
Sender Name: D
Receiver Name: Y
Transaction Value: 954
Transaction timestamp: 172
165
Sender Name: C
Receiver Name: W
Transaction Value: 813
Transaction timestamp: 171
166
Sender Name: D
Receiver Name: Y
Transaction Value: 18
Transaction timestamp: 170
167
Sender Name: A
Receiver Name: Y
Transaction Value: 540
Transaction timestamp: 169
168
Sender Name: C
Receiver Name: W
Transaction Value: 589
Transaction timestamp: 168
169
Sender Name: D
Receiver Name: X
Transaction Value: 381
Transaction timestamp: 167
170
Sender Name: B
Receiver Name: W
Transaction Value: 817
Transaction timestamp: 166
171
Sender Name: A
Receiver Name: W
Transaction Value: 794
Transaction timestamp: 165
172
Sender Name: B
Receiver Name: W
Transaction Value: 51
Transaction timestamp: 164
173
Sender Name: D
Receiver Name: X
Transaction Value: 135
Transaction timestamp: 163
174
Sender Name: B
Receiver Name: X
Transaction Value: 893
Transaction timestamp: 162
175
Sender Name: D
Receiver Name: Z
Transaction Value: 850
Transaction timestamp: 161
176
Sender Name: D
Receiver Name: X
Transaction Value: 275
Transaction timestamp: 160
177
Sender Name: C
Receiver Name: X
Transaction Value: 558
Transaction timestamp: 159
178
Sender Name: C
Receiver Name: X
Transaction Value: 189
Transaction timestamp: 158
179
Sender Name: C
Receiver Name: Z
Transaction Value: 22
Transaction timestamp: 157
180
Sender Name: A
Receiver Name: X
Transaction Value: 196
Transaction timestamp: 156
181
Sender Name: A
Receiver Name: X
Transaction Value: 361
Transaction timestamp: 155
182
Sender Name: A
Receiver Name: X
Transaction Value: 397
Transaction timestamp: 154
183
Sender Name: C
Receiver Name: X
Transaction Value: 933
Transaction timestamp: 153
184
Sender Name: D
Receiver Name: Y
Transaction Value: 196
Transaction timestamp: 152
185
Sender Name: C
Receiver Name: Y
Transaction Value: 776
Transaction timestamp: 151
186
Sender Name: B
Receiver Name: Y
Transaction Value: 34
Transaction timestamp: 150
187
Sender Name: B
Receiver Name: X
Transaction Value: 40
Transaction timestamp: 149
188
Sender Name: B
Receiver Name: W
Transaction Value: 261
Transaction timestamp: 148
189
Sender Name: B
Receiver Name: Z
Transaction Value: 164
Transaction timestamp: 147
190
Sender Name: D
Receiver Name: Z
Transaction Value: 447
Transaction timestamp: 146
191
Sender Name: A
Receiver Name: X
Transaction Value: 664
Transaction timestamp: 145
192
Sender Name: B
Receiver Name: Y
Transaction Value: 839
Transaction timestamp: 144
193
Sender Name: A
Receiver Name: X
Transaction Value: 480
Transaction timestamp: 143
194
Sender Name: A
Receiver Name: Z
Transaction Value: 190
Transaction timestamp: 142
195
Sender Name: D
Receiver Name: Z
Transaction Value: 789
Transaction timestamp: 141
196
Sender Name: C
Receiver Name: Z
Transaction Value: 961
Transaction timestamp: 140
197
Sender Name: A
Receiver Name: Z
Transaction Value: 708
Transaction timestamp: 139
198
Sender Name: A
Receiver Name: Y
Transaction Value: 353
Transaction timestamp: 138
199
Sender Name: B
Receiver Name: X
Transaction Value: 912
Transaction timestamp: 137
200
Sender Name: A
Receiver Name: X
Transaction Value: 646
Transaction timestamp: 136
201
Sender Name: A
Receiver Name: Y
Transaction Value: 854
Transaction timestamp: 135
202
Sender Name: C
Receiver Name: X
Transaction Value: 829
Transaction timestamp: 134
203
Sender Name: A
Receiver Name: Y
Transaction Value: 967
Transaction timestamp: 133
204
Sender Name: A
Receiver Name: Z
Transaction Value: 578
Transaction timestamp: 132
205
Sender Name: B
Receiver Name: Z
Transaction Value: 209
Transaction timestamp: 131
206
Sender Name: A
Receiver Name: X
Transaction Value: 56
Transaction timestamp: 130
207
Sender Name: D
Receiver Name: W
Transaction Value: 625
Transaction timestamp: 129
208
Sender Name: B
Receiver Name: W
Transaction Value: 87
Transaction timestamp: 128
209
Sender Name: B
Receiver Name: X
Transaction Value: 838
Transaction timestamp: 127
210
Sender Name: D
Receiver Name: Y
Transaction Value: 158
Transaction timestamp: 126
211
Sender Name: D
Receiver Name: Y
Transaction Value: 31
Transaction timestamp: 125
212
Sender Name: D
Receiver Name: Y
Transaction Value: 353
Transaction timestamp: 124
213
Sender Name: C
Receiver Name: X
Transaction Value: 214
Transaction timestamp: 123
214
Sender Name: D
Receiver Name: W
Transaction Value: 764
Transaction timestamp: 122
215
Sender Name: C
Receiver Name: Y
Transaction Value: 207
Transaction timestamp: 121
216
Sender Name: C
Receiver Name: Z
Transaction Value: 311
Transaction timestamp: 120
217
Sender Name: A
Receiver Name: Y
Transaction Value: 576
Transaction timestamp: 119
218
Sender Name: D
Receiver Name: W
Transaction Value: 807
Transaction timestamp: 118
219
Sender Name: B
Receiver Name: Y
Transaction Value: 994
Transaction timestamp: 117
220
Sender Name: B
Receiver Name: Y
Transaction Value: 26
Transaction timestamp: 116
221
Sender Name: B
Receiver Name: Y
Transaction Value: 712
Transaction timestamp: 115
222
Sender Name: C
Receiver Name: W
Transaction Value: 134
Transaction timestamp: 114
223
Sender Name: C
Receiver Name: Y
Transaction Value: 335
Transaction timestamp: 113
224
Sender Name: B
Receiver Name: Y
Transaction Value: 21
Transaction timestamp: 112
225
Sender Name: B
Receiver Name: Y
Transaction Value: 903
Transaction timestamp: 111
226
Sender Name: B
Receiver Name: Y
Transaction Value: 9
Transaction timestamp: 110
227
Sender Name: A
Receiver Name: X
Transaction Value: 928
Transaction timestamp: 109
228
Sender Name: B
Receiver Name: Y
Transaction Value: 561
Transaction timestamp: 108
229
Sender Name: D
Receiver Name: Y
Transaction Value: 241
Transaction timestamp: 107
230
Sender Name: B
Receiver Name: Y
Transaction Value: 665
Transaction timestamp: 106
231
Sender Name: D
Receiver Name: Y
Transaction Value: 404
Transaction timestamp: 105
232
Sender Name: A
Receiver Name: W
Transaction Value: 80
Transaction timestamp: 104
233
Sender Name: A
Receiver Name: X
Transaction Value: 196
Transaction timestamp: 103
234
Sender Name: A
Receiver Name: Y
Transaction Value: 548
Transaction timestamp: 102
235
Sender Name: D
Receiver Name: Y
Transaction Value: 1
Transaction timestamp: 101
236
Sender Name: D
Receiver Name: X
Transaction Value: 678
Transaction timestamp: 100
237
Sender Name: A
Receiver Name: Z
Transaction Value: 441
Transaction timestamp: 99
238
Sender Name: D
Receiver Name: Y
Transaction Value: 880
Transaction timestamp: 98
239
Sender Name: A
Receiver Name: Y
Transaction Value: 592
Transaction timestamp: 97
240
Sender Name: C
Receiver Name: Z
Transaction Value: 809
Transaction timestamp: 96
241
Sender Name: A
Receiver Name: W
Transaction Value: 294
Transaction timestamp: 95
242
Sender Name: D
Receiver Name: X
Transaction Value: 390
Transaction timestamp: 94
243
Sender Name: C
Receiver Name: Y
Transaction Value: 799
Transaction timestamp: 93
244
Sender Name: B
Receiver Name: Z
Transaction Value: 19
Transaction timestamp: 92
245
Sender Name: A
Receiver Name: Y
Transaction Value: 520
Transaction timestamp: 91
246
Sender Name: C
Receiver Name: Z
Transaction Value: 225
Transaction timestamp: 90
247
Sender Name: A
Receiver Name: Y
Transaction Value: 909
Transaction timestamp: 89
248
Sender Name: C
Receiver Name: X
Transaction Value: 51
Transaction timestamp: 88
249
Sender Name: D
Receiver Name: W
Transaction Value: 487
Transaction timestamp: 87
250
Sender Name: C
Receiver Name: W
Transaction Value: 932
Transaction timestamp: 86
251
Sender Name: A
Receiver Name: W
Transaction Value: 278
Transaction timestamp: 85
252
Sender Name: B
Receiver Name: W
Transaction Value: 486
Transaction timestamp: 84
253
Sender Name: A
Receiver Name: X
Transaction Value: 652
Transaction timestamp: 83
254
Sender Name: C
Receiver Name: Y
Transaction Value: 266
Transaction timestamp: 82
255
Sender Name: D
Receiver Name: W
Transaction Value: 983
Transaction timestamp: 81
256
Sender Name: A
Receiver Name: W
Transaction Value: 25
Transaction timestamp: 80
257
Sender Name: C
Receiver Name: Y
Transaction Value: 498
Transaction timestamp: 79
258
Sender Name: B
Receiver Name: X
Transaction Value: 278
Transaction timestamp: 78
259
Sender Name: A
Receiver Name: Y
Transaction Value: 121
Transaction timestamp: 77
260
Sender Name: C
Receiver Name: W
Transaction Value: 388
Transaction timestamp: 76
261
Sender Name: B
Receiver Name: Z
Transaction Value: 390
Transaction timestamp: 75
262
Sender Name: A
Receiver Name: Y
Transaction Value: 659
Transaction timestamp: 74
263
Sender Name: D
Receiver Name: W
Transaction Value: 576
Transaction timestamp: 73
264
Sender Name: C
Receiver Name: Z
Transaction Value: 907
Transaction timestamp: 72
265
Sender Name: D
Receiver Name: Z
Transaction Value: 263
Transaction timestamp: 71
266
Sender Name: B
Receiver Name: Z
Transaction Value: 275
Transaction timestamp: 70
267
Sender Name: A
Receiver Name: Y
Transaction Value: 530
Transaction timestamp: 69
268
Sender Name: D
Receiver Name: X
Transaction Value: 520
Transaction timestamp: 68
269
Sender Name: A
Receiver Name: X
Transaction Value: 625
Transaction timestamp: 67
270
Sender Name: D
Receiver Name: W
Transaction Value: 218
Transaction timestamp: 66
271
Sender Name: C
Receiver Name: W
Transaction Value: 605
Transaction timestamp: 65
272
Sender Name: A
Receiver Name: W
Transaction Value: 833
Transaction timestamp: 64
273
Sender Name: D
Receiver Name: Y
Transaction Value: 597
Transaction timestamp: 63
274
Sender Name: C
Receiver Name: Y
Transaction Value: 479
Transaction timestamp: 62
275
Sender Name: D
Receiver Name: Z
Transaction Value: 237
Transaction timestamp: 61
276
Sender Name: A
Receiver Name: X
Transaction Value: 297
Transaction timestamp: 60
277
Sender Name: D
Receiver Name: Z
Transaction Value: 872
Transaction timestamp: 59
278
Sender Name: B
Receiver Name: Y
Transaction Value: 225
Transaction timestamp: 58
279
Sender Name: C
Receiver Name: W
Transaction Value: 494
Transaction timestamp: 57
280
Sender Name: B
Receiver Name: Z
Transaction Value: 47
Transaction timestamp: 56
281
Sender Name: A
Receiver Name: X
Transaction Value: 779
Transaction timestamp: 55
282
Sender Name: C
Receiver Name: X
Transaction Value: 250
Transaction timestamp: 54
283
Sender Name: B
Receiver Name: X
Transaction Value: 164
Transaction timestamp: 53
284
Sender Name: D
Receiver Name: Z
Transaction Value: 757
Transaction timestamp: 52
285
Sender Name: D
Receiver Name: Y
Transaction Value: 191
Transaction timestamp: 51
286
Sender Name: A
Receiver Name: X
Transaction Value: 469
Transaction timestamp: 50
287
Sender Name: C
Receiver Name: Z
Transaction Value: 466
Transaction timestamp: 49
288
Sender Name: B
Receiver Name: W
Transaction Value: 380
Transaction timestamp: 48
289
Sender Name: D
Receiver Name: X
Transaction Value: 143
Transaction timestamp: 47
290
Sender Name: C
Receiver Name: W
Transaction Value: 881
Transaction timestamp: 46
291
Sender Name: C
Receiver Name: Z
Transaction Value: 83
Transaction timestamp: 45
292
Sender Name: C
Receiver Name: W
Transaction Value: 435
Transaction timestamp: 44
293
Sender Name: C
Receiver Name: Z
Transaction Value: 81
Transaction timestamp: 43
294
Sender Name: A
Receiver Name: Y
Transaction Value: 657
Transaction timestamp: 42
295
Sender Name: D
Receiver Name: X
Transaction Value: 617
Transaction timestamp: 41
296
Sender Name: D
Receiver Name: Z
Transaction Value: 954
Transaction timestamp: 40
297
Sender Name: B
Receiver Name: X
Transaction Value: 406
Transaction timestamp: 39
298
Sender Name: B
Receiver Name: Z
Transaction Value: 972
Transaction timestamp: 38
299
Sender Name: B
Receiver Name: X
Transaction Value: 878
Transaction timestamp: 37
300
Sender Name: C
Receiver Name: Y
Transaction Value: 490
Transaction timestamp: 36
301
Sender Name: C
Receiver Name: W
Transaction Value: 190
Transaction timestamp: 35
302
Sender Name: A
Receiver Name: Y
Transaction Value: 821
Transaction timestamp: 34
303
Sender Name: C
Receiver Name: Z
Transaction Value: 780
Transaction timestamp: 33
304
Sender Name: D
Receiver Name: W
Transaction Value: 141
Transaction timestamp: 32
305
Sender Name: C
Receiver Name: Y
Transaction Value: 517
Transaction timestamp: 31
306
Sender Name: D
Receiver Name: Z
Transaction Value: 649
Transaction timestamp: 30
307
Sender Name: A
Receiver Name: Z
Transaction Value: 184
Transaction timestamp: 29
308
Sender Name: B
Receiver Name: W
Transaction Value: 565
Transaction timestamp: 28
309
Sender Name: C
Receiver Name: Y
Transaction Value: 815
Transaction timestamp: 27
310
Sender Name: B
Receiver Name: W
Transaction Value: 485
Transaction timestamp: 26
311
Sender Name: A
Receiver Name: X
Transaction Value: 459
Transaction timestamp: 25
312
Sender Name: C
Receiver Name: W
Transaction Value: 839
Transaction timestamp: 24
313
Sender Name: B
Receiver Name: Y
Transaction Value: 545
Transaction timestamp: 23
314
Sender Name: B
Receiver Name: W
Transaction Value: 651
Transaction timestamp: 22
315
Sender Name: C
Receiver Name: Z
Transaction Value: 754
Transaction timestamp: 21
316
Sender Name: C
Receiver Name: Z
Transaction Value: 474
Transaction timestamp: 20
317
Sender Name: D
Receiver Name: Z
Transaction Value: 300
Transaction timestamp: 19
318
Sender Name: C
Receiver Name: X
Transaction Value: 587
Transaction timestamp: 18
319
Sender Name: D
Receiver Name: W
Transaction Value: 573
Transaction timestamp: 17
320
Sender Name: C
Receiver Name: X
Transaction Value: 270
Transaction timestamp: 16
321
Sender Name: D
Receiver Name: W
Transaction Value: 821
Transaction timestamp: 15
322
Sender Name: A
Receiver Name: Y
Transaction Value: 921
Transaction timestamp: 14
323
Sender Name: C
Receiver Name: X
Transaction Value: 272
Transaction timestamp: 13
324
Sender Name: A
Receiver Name: W
Transaction Value: 149
Transaction timestamp: 12
325
Sender Name: A
Receiver Name: W
Transaction Value: 110
Transaction timestamp: 11
326
Sender Name: D
Receiver Name: Y
Transaction Value: 373
Transaction timestamp: 10
327
Sender Name: B
Receiver Name: Y
Transaction Value: 313
Transaction timestamp: 9
328
Sender Name: B
Receiver Name: Z
Transaction Value: 483
Transaction timestamp: 8
329
Sender Name: B
Receiver Name: X
Transaction Value: 11
Transaction timestamp: 7
330
Sender Name: A
Receiver Name: Y
Transaction Value: 363
Transaction timestamp: 6
331
Sender Name: A
Receiver Name: X
Transaction Value: 836
Transaction timestamp: 5
332
Sender Name: D
Receiver Name: Y
Transaction Value: 706
Transaction timestamp: 4
333
Sender Name: B
Receiver Name: X
Transaction Value: 224
Transaction timestamp: 3
334
Sender Name: A
Receiver Name: W
Transaction Value: 214
Transaction timestamp: 2
335
Sender Name: B
Receiver Name: W
Transaction Value: 944
Transaction timestamp: 1