Blockchain Info:
1
Sender Name: B
Receiver Name: X
Transaction Value: 738
Transaction timestamp: 404
2
Sender Name: A
Receiver Name: W
Transaction Value: 119
Transaction timestamp: 403
3
Sender Name: B
Receiver Name: Y
Transaction Value: 190
Transaction timestamp: 402
4
Sender Name: D
Receiver Name: Y
Transaction Value: 73
Transaction timestamp: 401
5
Sender Name: A
Receiver Name: Z
Transaction Value: 905
Transaction timestamp: 400
6
Sender Name: A
Receiver Name: W
Transaction Value: 621
Transaction timestamp: 399
7
Sender Name: D
Receiver Name: Y
Transaction Value: 69
Transaction timestamp: 398
8
Sender Name: D
Receiver Name: Y
Transaction Value: 656
Transaction timestamp: 397
9
Sender Name: A
Receiver Name: Z
Transaction Value: 145
Transaction timestamp: 396
10
Sender Name: B
Receiver Name: W
Transaction Value: 707
Transaction timestamp: 395
11
Sender Name: B
Receiver Name: Y
Transaction Value: 468
Transaction timestamp: 394
12
Sender Name: B
Receiver Name: Z
Transaction Value: 599
Transaction timestamp: 393
13
Sender Name: A
Receiver Name: X
Transaction Value: 23
Transaction timestamp: 392
14
Sender Name: C
Receiver Name: X
Transaction Value: 107
Transaction timestamp: 391
15
Sender Name: A
Receiver Name: Y
Transaction Value: 927
Transaction timestamp: 390
16
Sender Name: A
Receiver Name: W
Transaction Value: 188
Transaction timestamp: 389
17
Sender Name: D
Receiver Name: Y
Transaction Value: 596
Transaction timestamp: 388
18
Sender Name: B
Receiver Name: W
Transaction Value: 277
Transaction timestamp: 387
19
Sender Name: D
Receiver Name: Y
Transaction Value: 692
Transaction timestamp: 386
20
Sender Name: C
Receiver Name: W
Transaction Value: 31
Transaction timestamp: 385
21
Sender Name: D
Receiver Name: Z
Transaction Value: 535
Transaction timestamp: 384
22
Sender Name: A
Receiver Name: X
Transaction Value: 286
Transaction timestamp: 383
23
Sender Name: B
Receiver Name: X
Transaction Value: 900
Transaction timestamp: 382
24
Sender Name: A
Receiver Name: Z
Transaction Value: 365
Transaction timestamp: 381
25
Sender Name: A
Receiver Name: X
Transaction Value: 34
Transaction timestamp: 380
26
Sender Name: A
Receiver Name: Y
Transaction Value: 758
Transaction timestamp: 379
27
Sender Name: C
Receiver Name: W
Transaction Value: 869
Transaction timestamp: 378
28
Sender Name: B
Receiver Name: W
Transaction Value: 421
Transaction timestamp: 377
29
Sender Name: C
Receiver Name: Z
Transaction Value: 683
Transaction timestamp: 376
30
Sender Name: D
Receiver Name: Z
Transaction Value: 290
Transaction timestamp: 375
31
Sender Name: D
Receiver Name: Z
Transaction Value: 815
Transaction timestamp: 374
32
Sender Name: B
Receiver Name: X
Transaction Value: 164
Transaction timestamp: 373
33
Sender Name: A
Receiver Name: W
Transaction Value: 820
Transaction timestamp: 372
34
Sender Name: B
Receiver Name: Z
Transaction Value: 264
Transaction timestamp: 371
35
Sender Name: C
Receiver Name: W
Transaction Value: 365
Transaction timestamp: 370
36
Sender Name: C
Receiver Name: W
Transaction Value: 318
Transaction timestamp: 369
37
Sender Name: C
Receiver Name: Y
Transaction Value: 442
Transaction timestamp: 368
38
Sender Name: B
Receiver Name: X
Transaction Value: 364
Transaction timestamp: 367
39
Sender Name: B
Receiver Name: Z
Transaction Value: 712
Transaction timestamp: 366
40
Sender Name: B
Receiver Name: Y
Transaction Value: 974
Transaction timestamp: 365
41
Sender Name: B
Receiver Name: X
Transaction Value: 907
Transaction timestamp: 364
42
Sender Name: B
Receiver Name: Z
Transaction Value: 398
Transaction timestamp: 363
43
Sender Name: D
Receiver Name: Z
Transaction Value: 982
Transaction timestamp: 362
44
Sender Name: B
Receiver Name: X
Transaction Value: 55
Transaction timestamp: 361
45
Sender Name: C
Receiver Name: X
Transaction Value: 274
Transaction timestamp: 360
46
Sender Name: B
Receiver Name: Z
Transaction Value: 341
Transaction timestamp: 359
47
Sender Name: D
Receiver Name: Y
Transaction Value: 681
Transaction timestamp: 358
48
Sender Name: B
Receiver Name: W
Transaction Value: 751
Transaction timestamp: 357
49
Sender Name: C
Receiver Name: W
Transaction Value: 98
Transaction timestamp: 356
50
Sender Name: C
Receiver Name: Y
Transaction Value: 892
Transaction timestamp: 355
51
Sender Name: C
Receiver Name: Y
Transaction Value: 469
Transaction timestamp: 354
52
Sender Name: B
Receiver Name: W
Transaction Value: 920
Transaction timestamp: 353
53
Sender Name: D
Receiver Name: Y
Transaction Value: 718
Transaction timestamp: 352
54
Sender Name: A
Receiver Name: Y
Transaction Value: 297
Transaction timestamp: 351
55
Sender Name: A
Receiver Name: X
Transaction Value: 857
Transaction timestamp: 350
56
Sender Name: C
Receiver Name: W
Transaction Value: 590
Transaction timestamp: 349
57
Sender Name: B
Receiver Name: X
Transaction Value: 277
Transaction timestamp: 348
58
Sender Name: A
Receiver Name: Z
Transaction Value: 334
Transaction timestamp: 347
59
Sender Name: D
Receiver Name: Y
Transaction Value: 672
Transaction timestamp: 346
60
Sender Name: B
Receiver Name: Y
Transaction Value: 823
Transaction timestamp: 345
61
Sender Name: B
Receiver Name: W
Transaction Value: 444
Transaction timestamp: 344
62
Sender Name: D
Receiver Name: Z
Transaction Value: 590
Transaction timestamp: 343
63
Sender Name: C
Receiver Name: X
Transaction Value: 829
Transaction timestamp: 342
64
Sender Name: D
Receiver Name: X
Transaction Value: 558
Transaction timestamp: 341
65
Sender Name: D
Receiver Name: W
Transaction Value: 230
Transaction timestamp: 340
66
Sender Name: B
Receiver Name: Z
Transaction Value: 200
Transaction timestamp: 339
67
Sender Name: C
Receiver Name: Y
Transaction Value: 222
Transaction timestamp: 338
68
Sender Name: C
Receiver Name: X
Transaction Value: 418
Transaction timestamp: 337
69
Sender Name: A
Receiver Name: Y
Transaction Value: 852
Transaction timestamp: 336
70
Sender Name: B
Receiver Name: Z
Transaction Value: 978
Transaction timestamp: 335
71
Sender Name: D
Receiver Name: Z
Transaction Value: 235
Transaction timestamp: 334
72
Sender Name: A
Receiver Name: W
Transaction Value: 792
Transaction timestamp: 333
73
Sender Name: B
Receiver Name: Y
Transaction Value: 581
Transaction timestamp: 332
74
Sender Name: A
Receiver Name: Z
Transaction Value: 847
Transaction timestamp: 331
75
Sender Name: A
Receiver Name: Z
Transaction Value: 807
Transaction timestamp: 330
76
Sender Name: B
Receiver Name: Y
Transaction Value: 866
Transaction timestamp: 329
77
Sender Name: C
Receiver Name: W
Transaction Value: 260
Transaction timestamp: 328
78
Sender Name: C
Receiver Name: X
Transaction Value: 730
Transaction timestamp: 327
79
Sender Name: C
Receiver Name: X
Transaction Value: 36
Transaction timestamp: 326
80
Sender Name: D
Receiver Name: Z
Transaction Value: 182
Transaction timestamp: 325
81
Sender Name: D
Receiver Name: Y
Transaction Value: 259
Transaction timestamp: 324
82
Sender Name: C
Receiver Name: X
Transaction Value: 434
Transaction timestamp: 323
83
Sender Name: C
Receiver Name: Z
Transaction Value: 208
Transaction timestamp: 322
84
Sender Name: C
Receiver Name: W
Transaction Value: 353
Transaction timestamp: 321
85
Sender Name: A
Receiver Name: X
Transaction Value: 316
Transaction timestamp: 320
86
Sender Name: D
Receiver Name: W
Transaction Value: 779
Transaction timestamp: 319
87
Sender Name: A
Receiver Name: X
Transaction Value: 176
Transaction timestamp: 318
88
Sender Name: C
Receiver Name: X
Transaction Value: 621
Transaction timestamp: 317
89
Sender Name: C
Receiver Name: Z
Transaction Value: 963
Transaction timestamp: 316
90
Sender Name: D
Receiver Name: X
Transaction Value: 877
Transaction timestamp: 315
91
Sender Name: B
Receiver Name: Z
Transaction Value: 270
Transaction timestamp: 314
92
Sender Name: D
Receiver Name: X
Transaction Value: 379
Transaction timestamp: 313
93
Sender Name: D
Receiver Name: Y
Transaction Value: 938
Transaction timestamp: 312
94
Sender Name: C
Receiver Name: W
Transaction Value: 518
Transaction timestamp: 311
95
Sender Name: B
Receiver Name: X
Transaction Value: 506
Transaction timestamp: 310
96
Sender Name: B
Receiver Name: X
Transaction Value: 902
Transaction timestamp: 309
97
Sender Name: B
Receiver Name: X
Transaction Value: 914
Transaction timestamp: 308
98
Sender Name: D
Receiver Name: W
Transaction Value: 318
Transaction timestamp: 307
99
Sender Name: B
Receiver Name: X
Transaction Value: 113
Transaction timestamp: 306
100
Sender Name: D
Receiver Name: X
Transaction Value: 788
Transaction timestamp: 305
101
Sender Name: C
Receiver Name: Z
Transaction Value: 30
Transaction timestamp: 304
102
Sender Name: C
Receiver Name: Y
Transaction Value: 731
Transaction timestamp: 303
103
Sender Name: C
Receiver Name: Y
Transaction Value: 172
Transaction timestamp: 302
104
Sender Name: B
Receiver Name: W
Transaction Value: 489
Transaction timestamp: 301
105
Sender Name: C
Receiver Name: X
Transaction Value: 375
Transaction timestamp: 300
106
Sender Name: B
Receiver Name: W
Transaction Value: 855
Transaction timestamp: 299
107
Sender Name: D
Receiver Name: X
Transaction Value: 858
Transaction timestamp: 298
108
Sender Name: D
Receiver Name: W
Transaction Value: 782
Transaction timestamp: 297
109
Sender Name: D
Receiver Name: Y
Transaction Value: 984
Transaction timestamp: 296
110
Sender Name: D
Receiver Name: W
Transaction Value: 248
Transaction timestamp: 295
111
Sender Name: C
Receiver Name: Z
Transaction Value: 28
Transaction timestamp: 294
112
Sender Name: D
Receiver Name: X
Transaction Value: 662
Transaction timestamp: 293
113
Sender Name: B
Receiver Name: X
Transaction Value: 964
Transaction timestamp: 292
114
Sender Name: D
Receiver Name: Z
Transaction Value: 955
Transaction timestamp: 291
115
Sender Name: D
Receiver Name: Y
Transaction Value: 282
Transaction timestamp: 290
116
Sender Name: C
Receiver Name: Y
Transaction Value: 977
Transaction timestamp: 289
117
Sender Name: B
Receiver Name: X
Transaction Value: 926
Transaction timestamp: 288
118
Sender Name: D
Receiver Name: X
Transaction Value: 88
Transaction timestamp: 287
119
Sender Name: C
Receiver Name: Z
Transaction Value: 702
Transaction timestamp: 286
120
Sender Name: C
Receiver Name: Z
Transaction Value: 6
Transaction timestamp: 285
121
Sender Name: D
Receiver Name: Z
Transaction Value: 47
Transaction timestamp: 284
122
Sender Name: C
Receiver Name: X
Transaction Value: 226
Transaction timestamp: 283
123
Sender Name: B
Receiver Name: Z
Transaction Value: 166
Transaction timestamp: 282
124
Sender Name: D
Receiver Name: X
Transaction Value: 283
Transaction timestamp: 281
125
Sender Name: B
Receiver Name: X
Transaction Value: 439
Transaction timestamp: 280
126
Sender Name: A
Receiver Name: Z
Transaction Value: 712
Transaction timestamp: 279
127
Sender Name: D
Receiver Name: W
Transaction Value: 584
Transaction timestamp: 278
128
Sender Name: B
Receiver Name: W
Transaction Value: 191
Transaction timestamp: 277
129
Sender Name: C
Receiver Name: W
Transaction Value: 282
Transaction timestamp: 276
130
Sender Name: C
Receiver Name: Z
Transaction Value: 933
Transaction timestamp: 275
131
Sender Name: A
Receiver Name: X
Transaction Value: 438
Transaction timestamp: 274
132
Sender Name: A
Receiver Name: Z
Transaction Value: 268
Transaction timestamp: 273
133
Sender Name: B
Receiver Name: W
Transaction Value: 951
Transaction timestamp: 272
134
Sender Name: A
Receiver Name: Y
Transaction Value: 495
Transaction timestamp: 271
135
Sender Name: D
Receiver Name: X
Transaction Value: 386
Transaction timestamp: 270
136
Sender Name: D
Receiver Name: W
Transaction Value: 846
Transaction timestamp: 269
137
Sender Name: C
Receiver Name: Z
Transaction Value: 480
Transaction timestamp: 268
138
Sender Name: D
Receiver Name: W
Transaction Value: 411
Transaction timestamp: 267
139
Sender Name: B
Receiver Name: Z
Transaction Value: 548
Transaction timestamp: 266
140
Sender Name: B
Receiver Name: Y
Transaction Value: 926
Transaction timestamp: 265
141
Sender Name: B
Receiver Name: W
Transaction Value: 816
Transaction timestamp: 264
142
Sender Name: C
Receiver Name: Z
Transaction Value: 776
Transaction timestamp: 263
143
Sender Name: A
Receiver Name: Y
Transaction Value: 194
Transaction timestamp: 262
144
Sender Name: B
Receiver Name: X
Transaction Value: 193
Transaction timestamp: 261
145
Sender Name: C
Receiver Name: Z
Transaction Value: 67
Transaction timestamp: 260
146
Sender Name: B
Receiver Name: Z
Transaction Value: 248
Transaction timestamp: 259
147
Sender Name: B
Receiver Name: X
Transaction Value: 738
Transaction timestamp: 258
148
Sender Name: D
Receiver Name: W
Transaction Value: 312
Transaction timestamp: 257
149
Sender Name: C
Receiver Name: X
Transaction Value: 141
Transaction timestamp: 256
150
Sender Name: C
Receiver Name: X
Transaction Value: 370
Transaction timestamp: 255
151
Sender Name: B
Receiver Name: Z
Transaction Value: 951
Transaction timestamp: 254
152
Sender Name: D
Receiver Name: W
Transaction Value: 178
Transaction timestamp: 253
153
Sender Name: C
Receiver Name: Z
Transaction Value: 65
Transaction timestamp: 252
154
Sender Name: D
Receiver Name: X
Transaction Value: 8
Transaction timestamp: 251
155
Sender Name: D
Receiver Name: W
Transaction Value: 919
Transaction timestamp: 250
156
Sender Name: C
Receiver Name: Z
Transaction Value: 356
Transaction timestamp: 249
157
Sender Name: A
Receiver Name: X
Transaction Value: 744
Transaction timestamp: 248
158
Sender Name: A
Receiver Name: Z
Transaction Value: 956
Transaction timestamp: 247
159
Sender Name: C
Receiver Name: X
Transaction Value: 794
Transaction timestamp: 246
160
Sender Name: D
Receiver Name: X
Transaction Value: 70
Transaction timestamp: 245
161
Sender Name: A
Receiver Name: X
Transaction Value: 32
Transaction timestamp: 244
162
Sender Name: D
Receiver Name: Y
Transaction Value: 5
Transaction timestamp: 243
163
Sender Name: A
Receiver Name: Z
Transaction Value: 785
Transaction timestamp: 242
164
Sender Name: C
Receiver Name: Y
Transaction Value: 975
Transaction timestamp: 241
165
Sender Name: A
Receiver Name: Z
Transaction Value: 381
Transaction timestamp: 240
166
Sender Name: D
Receiver Name: Y
Transaction Value: 344
Transaction timestamp: 239
167
Sender Name: A
Receiver Name: Y
Transaction Value: 275
Transaction timestamp: 238
168
Sender Name: B
Receiver Name: X
Transaction Value: 832
Transaction timestamp: 237
169
Sender Name: A
Receiver Name: X
Transaction Value: 952
Transaction timestamp: 236
170
Sender Name: B
Receiver Name: W
Transaction Value: 215
Transaction timestamp: 235
171
Sender Name: D
Receiver Name: X
Transaction Value: 676
Transaction timestamp: 234
172
Sender Name: B
Receiver Name: Y
Transaction Value: 395
Transaction timestamp: 233
173
Sender Name: D
Receiver Name: W
Transaction Value: 665
Transaction timestamp: 232
174
Sender Name: C
Receiver Name: X
Transaction Value: 614
Transaction timestamp: 231
175
Sender Name: B
Receiver Name: Z
Transaction Value: 327
Transaction timestamp: 230
176
Sender Name: D
Receiver Name: Z
Transaction Value: 861
Transaction timestamp: 229
177
Sender Name: B
Receiver Name: Y
Transaction Value: 350
Transaction timestamp: 228
178
Sender Name: D
Receiver Name: X
Transaction Value: 701
Transaction timestamp: 227
179
Sender Name: B
Receiver Name: Z
Transaction Value: 811
Transaction timestamp: 226
180
Sender Name: A
Receiver Name: W
Transaction Value: 198
Transaction timestamp: 225
181
Sender Name: C
Receiver Name: Y
Transaction Value: 392
Transaction timestamp: 224
182
Sender Name: D
Receiver Name: Z
Transaction Value: 651
Transaction timestamp: 223
183
Sender Name: B
Receiver Name: W
Transaction Value: 837
Transaction timestamp: 222
184
Sender Name: D
Receiver Name: X
Transaction Value: 188
Transaction timestamp: 221
185
Sender Name: C
Receiver Name: Y
Transaction Value: 666
Transaction timestamp: 220
186
Sender Name: B
Receiver Name: Z
Transaction Value: 93
Transaction timestamp: 219
187
Sender Name: B
Receiver Name: W
Transaction Value: 224
Transaction timestamp: 218
188
Sender Name: B
Receiver Name: Z
Transaction Value: 219
Transaction timestamp: 217
189
Sender Name: A
Receiver Name: X
Transaction Value: 571
Transaction timestamp: 216
190
Sender Name: B
Receiver Name: Z
Transaction Value: 62
Transaction timestamp: 215
191
Sender Name: A
Receiver Name: Z
Transaction Value: 306
Transaction timestamp: 214
192
Sender Name: C
Receiver Name: Z
Transaction Value: 387
Transaction timestamp: 213
193
Sender Name: C
Receiver Name: X
Transaction Value: 289
Transaction timestamp: 212
194
Sender Name: B
Receiver Name: W
Transaction Value: 272
Transaction timestamp: 211
195
Sender Name: B
Receiver Name: W
Transaction Value: 39
Transaction timestamp: 210
196
Sender Name: A
Receiver Name: Z
Transaction Value: 995
Transaction timestamp: 209
197
Sender Name: D
Receiver Name: Z
Transaction Value: 701
Transaction timestamp: 208
198
Sender Name: B
Receiver Name: Z
Transaction Value: 996
Transaction timestamp: 207
199
Sender Name: B
Receiver Name: Y
Transaction Value: 955
Transaction timestamp: 206
200
Sender Name: C
Receiver Name: X
Transaction Value: 814
Transaction timestamp: 205
201
Sender Name: C
Receiver Name: W
Transaction Value: 330
Transaction timestamp: 204
202
Sender Name: C
Receiver Name: Y
Transaction Value: 577
Transaction timestamp: 203
203
Sender Name: D
Receiver Name: X
Transaction Value: 160
Transaction timestamp: 202
204
Sender Name: C
Receiver Name: Z
Transaction Value: 796
Transaction timestamp: 201
205
Sender Name: D
Receiver Name: X
Transaction Value: 276
Transaction timestamp: 200
206
Sender Name: B
Receiver Name: X
Transaction Value: 471
Transaction timestamp: 199
207
Sender Name: A
Receiver Name: Z
Transaction Value: 372
Transaction timestamp: 198
208
Sender Name: A
Receiver Name: Y
Transaction Value: 510
Transaction timestamp: 197
209
Sender Name: D
Receiver Name: Z
Transaction Value: 944
Transaction timestamp: 196
210
Sender Name: B
Receiver Name: X
Transaction Value: 298
Transaction timestamp: 195
211
Sender Name: A
Receiver Name: W
Transaction Value: 996
Transaction timestamp: 194
212
Sender Name: C
Receiver Name: Y
Transaction Value: 615
Transaction timestamp: 193
213
Sender Name: D
Receiver Name: Z
Transaction Value: 386
Transaction timestamp: 192
214
Sender Name: A
Receiver Name: W
Transaction Value: 307
Transaction timestamp: 191
215
Sender Name: B
Receiver Name: Y
Transaction Value: 515
Transaction timestamp: 190
216
Sender Name: D
Receiver Name: Z
Transaction Value: 724
Transaction timestamp: 189
217
Sender Name: B
Receiver Name: W
Transaction Value: 372
Transaction timestamp: 188
218
Sender Name: D
Receiver Name: W
Transaction Value: 98
Transaction timestamp: 187
219
Sender Name: A
Receiver Name: X
Transaction Value: 537
Transaction timestamp: 186
220
Sender Name: C
Receiver Name: W
Transaction Value: 232
Transaction timestamp: 185
221
Sender Name: A
Receiver Name: Z
Transaction Value: 227
Transaction timestamp: 184
222
Sender Name: A
Receiver Name: X
Transaction Value: 426
Transaction timestamp: 183
223
Sender Name: B
Receiver Name: Y
Transaction Value: 616
Transaction timestamp: 182
224
Sender Name: B
Receiver Name: W
Transaction Value: 314
Transaction timestamp: 181
225
Sender Name: C
Receiver Name: Y
Transaction Value: 107
Transaction timestamp: 180
226
Sender Name: D
Receiver Name: Y
Transaction Value: 337
Transaction timestamp: 179
227
Sender Name: D
Receiver Name: W
Transaction Value: 208
Transaction timestamp: 178
228
Sender Name: C
Receiver Name: Z
Transaction Value: 215
Transaction timestamp: 177
229
Sender Name: A
Receiver Name: Z
Transaction Value: 435
Transaction timestamp: 176
230
Sender Name: A
Receiver Name: W
Transaction Value: 763
Transaction timestamp: 175
231
Sender Name: C
Receiver Name: X
Transaction Value: 709
Transaction timestamp: 174
232
Sender Name: B
Receiver Name: X
Transaction Value: 909
Transaction timestamp: 173
233
Sender Name: D
Receiver Name: X
Transaction Value: 338
Transaction timestamp: 172
234
Sender Name: A
Receiver Name: Z
Transaction Value: 483
Transaction timestamp: 171
235
Sender Name: D
Receiver Name: Y
Transaction Value: 668
Transaction timestamp: 170
236
Sender Name: A
Receiver Name: X
Transaction Value: 896
Transaction timestamp: 169
237
Sender Name: C
Receiver Name: W
Transaction Value: 496
Transaction timestamp: 168
238
Sender Name: D
Receiver Name: X
Transaction Value: 617
Transaction timestamp: 167
239
Sender Name: B
Receiver Name: Y
Transaction Value: 875
Transaction timestamp: 166
240
Sender Name: A
Receiver Name: Z
Transaction Value: 531
Transaction timestamp: 165
241
Sender Name: B
Receiver Name: Y
Transaction Value: 281
Transaction timestamp: 164
242
Sender Name: C
Receiver Name: W
Transaction Value: 218
Transaction timestamp: 163
243
Sender Name: B
Receiver Name: Y
Transaction Value: 439
Transaction timestamp: 162
244
Sender Name: B
Receiver Name: Z
Transaction Value: 669
Transaction timestamp: 161
245
Sender Name: B
Receiver Name: W
Transaction Value: 610
Transaction timestamp: 160
246
Sender Name: D
Receiver Name: Y
Transaction Value: 433
Transaction timestamp: 159
247
Sender Name: B
Receiver Name: X
Transaction Value: 271
Transaction timestamp: 158
248
Sender Name: B
Receiver Name: X
Transaction Value: 10
Transaction timestamp: 157
249
Sender Name: D
Receiver Name: Z
Transaction Value: 824
Transaction timestamp: 156
250
Sender Name: B
Receiver Name: Z
Transaction Value: 703
Transaction timestamp: 155
251
Sender Name: B
Receiver Name: X
Transaction Value: 235
Transaction timestamp: 154
252
Sender Name: B
Receiver Name: X
Transaction Value: 989
Transaction timestamp: 153
253
Sender Name: C
Receiver Name: W
Transaction Value: 803
Transaction timestamp: 152
254
Sender Name: A
Receiver Name: Y
Transaction Value: 641
Transaction timestamp: 151
255
Sender Name: D
Receiver Name: W
Transaction Value: 800
Transaction timestamp: 150
256
Sender Name: C
Receiver Name: Y
Transaction Value: 154
Transaction timestamp: 149
257
Sender Name: D
Receiver Name: Z
Transaction Value: 384
Transaction timestamp: 148
258
Sender Name: A
Receiver Name: W
Transaction Value: 953
Transaction timestamp: 147
259
Sender Name: C
Receiver Name: Z
Transaction Value: 931
Transaction timestamp: 146
260
Sender Name: C
Receiver Name: X
Transaction Value: 984
Transaction timestamp: 145
261
Sender Name: D
Receiver Name: X
Transaction Value: 862
Transaction timestamp: 144
262
Sender Name: D
Receiver Name: Y
Transaction Value: 213
Transaction timestamp: 143
263
Sender Name: C
Receiver Name: Y
Transaction Value: 753
Transaction timestamp: 142
264
Sender Name: A
Receiver Name: X
Transaction Value: 444
Transaction timestamp: 141
265
Sender Name: A
Receiver Name: Y
Transaction Value: 934
Transaction timestamp: 140
266
Sender Name: C
Receiver Name: Y
Transaction Value: 952
Transaction timestamp: 139
267
Sender Name: C
Receiver Name: X
Transaction Value: 88
Transaction timestamp: 138
268
Sender Name: D
Receiver Name: Y
Transaction Value: 25
Transaction timestamp: 137
269
Sender Name: A
Receiver Name: Y
Transaction Value: 230
Transaction timestamp: 136
270
Sender Name: B
Receiver Name: Z
Transaction Value: 59
Transaction timestamp: 135
271
Sender Name: D
Receiver Name: Y
Transaction Value: 163
Transaction timestamp: 134
272
Sender Name: D
Receiver Name: X
Transaction Value: 110
Transaction timestamp: 133
273
Sender Name: C
Receiver Name: W
Transaction Value: 549
Transaction timestamp: 132
274
Sender Name: B
Receiver Name: Z
Transaction Value: 370
Transaction timestamp: 131
275
Sender Name: C
Receiver Name: W
Transaction Value: 711
Transaction timestamp: 130
276
Sender Name: C
Receiver Name: X
Transaction Value: 699
Transaction timestamp: 129
277
Sender Name: C
Receiver Name: Y
Transaction Value: 355
Transaction timestamp: 128
278
Sender Name: B
Receiver Name: X
Transaction Value: 994
Transaction timestamp: 127
279
Sender Name: C
Receiver Name: Y
Transaction Value: 794
Transaction timestamp: 126
280
Sender Name: B
Receiver Name: W
Transaction Value: 451
Transaction timestamp: 125
281
Sender Name: A
Receiver Name: W
Transaction Value: 897
Transaction timestamp: 124
282
Sender Name: A
Receiver Name: Y
Transaction Value: 341
Transaction timestamp: 123
283
Sender Name: C
Receiver Name: X
Transaction Value: 696
Transaction timestamp: 122
284
Sender Name: A
Receiver Name: Z
Transaction Value: 916
Transaction timestamp: 121
285
Sender Name: C
Receiver Name: W
Transaction Value: 22
Transaction timestamp: 120
286
Sender Name: D
Receiver Name: X
Transaction Value: 628
Transaction timestamp: 119
287
Sender Name: D
Receiver Name: Y
Transaction Value: 598
Transaction timestamp: 118
288
Sender Name: D
Receiver Name: Y
Transaction Value: 40
Transaction timestamp: 117
289
Sender Name: A
Receiver Name: Y
Transaction Value: 604
Transaction timestamp: 116
290
Sender Name: A
Receiver Name: Y
Transaction Value: 454
Transaction timestamp: 115
291
Sender Name: A
Receiver Name: X
Transaction Value: 449
Transaction timestamp: 114
292
Sender Name: B
Receiver Name: X
Transaction Value: 84
Transaction timestamp: 113
293
Sender Name: B
Receiver Name: W
Transaction Value: 480
Transaction timestamp: 112
294
Sender Name: B
Receiver Name: Z
Transaction Value: 100
Transaction timestamp: 111
295
Sender Name: D
Receiver Name: Y
Transaction Value: 919
Transaction timestamp: 110
296
Sender Name: C
Receiver Name: Z
Transaction Value: 915
Transaction timestamp: 109
297
Sender Name: A
Receiver Name: Y
Transaction Value: 817
Transaction timestamp: 108
298
Sender Name: C
Receiver Name: Y
Transaction Value: 301
Transaction timestamp: 107
299
Sender Name: B
Receiver Name: X
Transaction Value: 287
Transaction timestamp: 106
300
Sender Name: A
Receiver Name: Y
Transaction Value: 957
Transaction timestamp: 105
301
Sender Name: D
Receiver Name: Z
Transaction Value: 368
Transaction timestamp: 104
302
Sender Name: D
Receiver Name: Y
Transaction Value: 393
Transaction timestamp: 103
303
Sender Name: D
Receiver Name: W
Transaction Value: 69
Transaction timestamp: 102
304
Sender Name: D
Receiver Name: W
Transaction Value: 375
Transaction timestamp: 101
305
Sender Name: A
Receiver Name: X
Transaction Value: 330
Transaction timestamp: 100
306
Sender Name: D
Receiver Name: W
Transaction Value: 360
Transaction timestamp: 99
307
Sender Name: C
Receiver Name: Z
Transaction Value: 386
Transaction timestamp: 98
308
Sender Name: B
Receiver Name: X
Transaction Value: 991
Transaction timestamp: 97
309
Sender Name: D
Receiver Name: X
Transaction Value: 240
Transaction timestamp: 96
310
Sender Name: A
Receiver Name: W
Transaction Value: 158
Transaction timestamp: 95
311
Sender Name: D
Receiver Name: Y
Transaction Value: 710
Transaction timestamp: 94
312
Sender Name: C
Receiver Name: Z
Transaction Value: 402
Transaction timestamp: 93
313
Sender Name: C
Receiver Name: Y
Transaction Value: 799
Transaction timestamp: 92
314
Sender Name: B
Receiver Name: Y
Transaction Value: 863
Transaction timestamp: 91
315
Sender Name: C
Receiver Name: X
Transaction Value: 566
Transaction timestamp: 90
316
Sender Name: D
Receiver Name: W
Transaction Value: 20
Transaction timestamp: 89
317
Sender Name: A
Receiver Name: Y
Transaction Value: 346
Transaction timestamp: 88
318
Sender Name: D
Receiver Name: W
Transaction Value: 265
Transaction timestamp: 87
319
Sender Name: D
Receiver Name: W
Transaction Value: 770
Transaction timestamp: 86
320
Sender Name: D
Receiver Name: X
Transaction Value: 942
Transaction timestamp: 85
321
Sender Name: D
Receiver Name: W
Transaction Value: 325
Transaction timestamp: 84
322
Sender Name: C
Receiver Name: W
Transaction Value: 465
Transaction timestamp: 83
323
Sender Name: B
Receiver Name: Z
Transaction Value: 252
Transaction timestamp: 82
324
Sender Name: B
Receiver Name: Z
Transaction Value: 323
Transaction timestamp: 81
325
Sender Name: D
Receiver Name: Y
Transaction Value: 256
Transaction timestamp: 80
326
Sender Name: A
Receiver Name: Z
Transaction Value: 633
Transaction timestamp: 79
327
Sender Name: D
Receiver Name: Z
Transaction Value: 592
Transaction timestamp: 78
328
Sender Name: C
Receiver Name: Z
Transaction Value: 817
Transaction timestamp: 77
329
Sender Name: C
Receiver Name: Z
Transaction Value: 382
Transaction timestamp: 76
330
Sender Name: B
Receiver Name: W
Transaction Value: 226
Transaction timestamp: 75
331
Sender Name: D
Receiver Name: W
Transaction Value: 803
Transaction timestamp: 74
332
Sender Name: D
Receiver Name: Y
Transaction Value: 956
Transaction timestamp: 73
333
Sender Name: D
Receiver Name: X
Transaction Value: 690
Transaction timestamp: 72
334
Sender Name: D
Receiver Name: W
Transaction Value: 534
Transaction timestamp: 71
335
Sender Name: A
Receiver Name: Z
Transaction Value: 769
Transaction timestamp: 70
336
Sender Name: B
Receiver Name: W
Transaction Value: 29
Transaction timestamp: 69
337
Sender Name: D
Receiver Name: Y
Transaction Value: 855
Transaction timestamp: 68
338
Sender Name: B
Receiver Name: Y
Transaction Value: 108
Transaction timestamp: 67
339
Sender Name: D
Receiver Name: Z
Transaction Value: 598
Transaction timestamp: 66
340
Sender Name: C
Receiver Name: X
Transaction Value: 281
Transaction timestamp: 65
341
Sender Name: A
Receiver Name: Z
Transaction Value: 601
Transaction timestamp: 64
342
Sender Name: C
Receiver Name: Z
Transaction Value: 746
Transaction timestamp: 63
343
Sender Name: D
Receiver Name: Y
Transaction Value: 28
Transaction timestamp: 62
344
Sender Name: A
Receiver Name: W
Transaction Value: 156
Transaction timestamp: 61
345
Sender Name: A
Receiver Name: X
Transaction Value: 253
Transaction timestamp: 60
346
Sender Name: C
Receiver Name: W
Transaction Value: 74
Transaction timestamp: 59
347
Sender Name: B
Receiver Name: Z
Transaction Value: 475
Transaction timestamp: 58
348
Sender Name: D
Receiver Name: Z
Transaction Value: 814
Transaction timestamp: 57
349
Sender Name: D
Receiver Name: W
Transaction Value: 637
Transaction timestamp: 56
350
Sender Name: B
Receiver Name: X
Transaction Value: 508
Transaction timestamp: 55
351
Sender Name: D
Receiver Name: Z
Transaction Value: 110
Transaction timestamp: 54
352
Sender Name: A
Receiver Name: Y
Transaction Value: 746
Transaction timestamp: 53
353
Sender Name: A
Receiver Name: Y
Transaction Value: 127
Transaction timestamp: 52
354
Sender Name: B
Receiver Name: W
Transaction Value: 694
Transaction timestamp: 51
355
Sender Name: A
Receiver Name: Y
Transaction Value: 429
Transaction timestamp: 50
356
Sender Name: B
Receiver Name: Y
Transaction Value: 269
Transaction timestamp: 49
357
Sender Name: A
Receiver Name: X
Transaction Value: 657
Transaction timestamp: 48
358
Sender Name: D
Receiver Name: Z
Transaction Value: 123
Transaction timestamp: 47
359
Sender Name: B
Receiver Name: X
Transaction Value: 583
Transaction timestamp: 46
360
Sender Name: B
Receiver Name: Y
Transaction Value: 895
Transaction timestamp: 45
361
Sender Name: B
Receiver Name: X
Transaction Value: 862
Transaction timestamp: 44
362
Sender Name: C
Receiver Name: Z
Transaction Value: 114
Transaction timestamp: 43
363
Sender Name: C
Receiver Name: W
Transaction Value: 731
Transaction timestamp: 42
364
Sender Name: C
Receiver Name: W
Transaction Value: 116
Transaction timestamp: 41
365
Sender Name: B
Receiver Name: W
Transaction Value: 850
Transaction timestamp: 40
366
Sender Name: A
Receiver Name: Z
Transaction Value: 460
Transaction timestamp: 39
367
Sender Name: B
Receiver Name: Y
Transaction Value: 307
Transaction timestamp: 38
368
Sender Name: B
Receiver Name: X
Transaction Value: 716
Transaction timestamp: 37
369
Sender Name: A
Receiver Name: Z
Transaction Value: 407
Transaction timestamp: 36
370
Sender Name: D
Receiver Name: Y
Transaction Value: 306
Transaction timestamp: 35
371
Sender Name: B
Receiver Name: W
Transaction Value: 433
Transaction timestamp: 34
372
Sender Name: C
Receiver Name: Z
Transaction Value: 555
Transaction timestamp: 33
373
Sender Name: B
Receiver Name: X
Transaction Value: 947
Transaction timestamp: 32
374
Sender Name: C
Receiver Name: W
Transaction Value: 559
Transaction timestamp: 31
375
Sender Name: D
Receiver Name: X
Transaction Value: 451
Transaction timestamp: 30
376
Sender Name: D
Receiver Name: X
Transaction Value: 483
Transaction timestamp: 29
377
Sender Name: D
Receiver Name: Y
Transaction Value: 561
Transaction timestamp: 28
378
Sender Name: C
Receiver Name: X
Transaction Value: 73
Transaction timestamp: 27
379
Sender Name: A
Receiver Name: Z
Transaction Value: 335
Transaction timestamp: 26
380
Sender Name: D
Receiver Name: Z
Transaction Value: 384
Transaction timestamp: 25
381
Sender Name: B
Receiver Name: Z
Transaction Value: 136
Transaction timestamp: 24
382
Sender Name: D
Receiver Name: Z
Transaction Value: 122
Transaction timestamp: 23
383
Sender Name: D
Receiver Name: Y
Transaction Value: 993
Transaction timestamp: 22
384
Sender Name: C
Receiver Name: Y
Transaction Value: 94
Transaction timestamp: 21
385
Sender Name: A
Receiver Name: X
Transaction Value: 813
Transaction timestamp: 20
386
Sender Name: C
Receiver Name: X
Transaction Value: 9
Transaction timestamp: 19
387
Sender Name: D
Receiver Name: X
Transaction Value: 826
Transaction timestamp: 18
388
Sender Name: D
Receiver Name: Z
Transaction Value: 165
Transaction timestamp: 17
389
Sender Name: B
Receiver Name: W
Transaction Value: 334
Transaction timestamp: 16
390
Sender Name: A
Receiver Name: X
Transaction Value: 823
Transaction timestamp: 15
391
Sender Name: C
Receiver Name: W
Transaction Value: 698
Transaction timestamp: 14
392
Sender Name: D
Receiver Name: X
Transaction Value: 53
Transaction timestamp: 13
393
Sender Name: C
Receiver Name: Y
Transaction Value: 861
Transaction timestamp: 12
394
Sender Name: B
Receiver Name: Z
Transaction Value: 460
Transaction timestamp: 11
395
Sender Name: A
Receiver Name: W
Transaction Value: 323
Transaction timestamp: 10
396
Sender Name: B
Receiver Name: W
Transaction Value: 512
Transaction timestamp: 9
397
Sender Name: D
Receiver Name: Y
Transaction Value: 549
Transaction timestamp: 8
398
Sender Name: D
Receiver Name: W
Transaction Value: 272
Transaction timestamp: 7
399
Sender Name: C
Receiver Name: W
Transaction Value: 321
Transaction timestamp: 6
400
Sender Name: C
Receiver Name: X
Transaction Value: 167
Transaction timestamp: 5
401
Sender Name: C
Receiver Name: Y
Transaction Value: 603
Transaction timestamp: 4
402
Sender Name: A
Receiver Name: Z
Transaction Value: 295
Transaction timestamp: 3
403
Sender Name: C
Receiver Name: Y
Transaction Value: 784
Transaction timestamp: 2
404
Sender Name: D
Receiver Name: X
Transaction Value: 526
Transaction timestamp: 1