C Z 214 1
A Z 973 2
B W 476 3
B X 328 4
B Z 365 5
B X 400 6
D Y 977 7
C X 490 9
B Z 524 10
A W 363 11
D Z 428 12
A Y 176 13
A Z 465 14
B W 296 15
C W 714 16
B W 152 17
D W 83 18
B Z 829 19
D W 72 20
A X 870 21
A Y 918 22
D Z 970 23
B X 595 24
B Z 616 25
A Z 606 26
C Y 668 27
A Y 896 28
D W 32 29
B Z 285 30
A W 243 31
D W 516 32
C X 196 34
C W 629 35
B Y 80 36
C X 372 37
D Z 788 38
D W 3 39
D Z 222 40
A X 246 41
A W 398 42
B X 814 43
B Z 190 44
D W 946 45
B Z 699 46
A W 361 47
A Z 459 48
B Y 706 49
C Y 377 50
D Y 505 51
C X 493 52
A W 549 53
B W 551 54
C W 277 55
D Y 399 56
A W 642 57
C X 864 58
B W 227 59
A X 418 60
B W 671 61
D Z 121 62
B Z 1135 64
B X 826 65
C Z 29 66
D Y 624 67
B X 65 68
A X 1509 70
C Y 32 71
C X 714 72
C Y 858 73
A W 431 74
D Z 135 75
A Z 458 76
D Z 774 77
B W 524 78
A W 472 79
A Z 143 80
C Y 932 81
D Y 744 82
B Y 778 83
C X 541 84
B Y 489 85
B Z 17 86
A Y 313 87
C Y 972 88
A W 834 89
D Y 606 90
C W 377 91
D X 380 92
A Z 800 93
D W 622 94
A W 119 95
D W 320 96
C X 695 97
B Y 262 98
D X 529 99
B Z 250 100
D X 197 101
A Z 487 102
C Y 129 103
A W 259 104
C X 886 105
D Y 589 107
C X 663 108
B Z 804 109
C W 141 110
D W 212 111
B Z 437 112
C X 529 113
B W 665 114
D W 959 115
D Z 442 116
D W 932 117
B W 707 118
A Y 119 119
D W 409 120
D Z 821 122
D X 887 123
C X 319 124
D Y 560 125
B W 314 126
A X 349 127
D W 553 128
D Y 168 129
C Z 748 130
A W 376 131
B W 64 132
C X 116 133
A W 212 134
A X 812 135
D Z 637 136
B Z 213 137
C Y 558 138
C X 798 139
D X 618 140
A Z 885 141
C W 965 142
A W 108 143
D Z 341 144
A W 964 145
B Z 97 146
D W 32 147
B Z 572 148
D Z 69 149
B Z 890 150
B X 960 151
C X 18 152
B W 600 153
C Y 942 154
D W 307 155
A Y 397 156
D Z 534 157
C Z 723 158
B W 333 159
A Y 94 160
D X 88 161
C X 752 162
C Y 1753 164
A W 483 165
C Y 836 166
A X 741 167
B Y 502 168
D Z 246 169
B Y 597 170
D W 262 171
A Y 230 172
B Y 830 173
B W 753 174
D X 325 175
B X 779 176
A W 521 177
C X 111 178
A Z 218 179
D W 767 180
C X 747 181
B X 958 182
A X 950 183
A Y 538 184
C X 787 185
B X 230 186
A W 990 187
A Y 107 188
B X 672 189
B Y 479 191
A X 18 192
D Y 619 193
C X 752 194
D Z 1648 196
D Y 67 197
D Z 364 198
A Y 413 199
C Z 404 200
A X 25 201
C W 823 202
A W 455 203
D X 403 204
B Y 410 205
C X 706 206
D Y 648 207
A W 833 208
D Y 906 209
C Y 497 210
D W 471 211
D Z 538 212
B X 697 213
A Z 837 214
B Y 636 215
A Z 950 216
D Y 231 217
C W 315 218
C Y 660 219
C X 414 220
B W 369 221
B Y 972 222
A Y 46 223
A X 656 224
C X 899 225
A Z 789 226
A W 577 227
C Y 322 228
A Y 301 229
C W 821 230
C Y 966 231
B X 111 232
D Y 712 233
D Z 650 234
C W 708 235
A X 543 236
A Y 160 237
B Z 92 238
A X 909 239
C Z 276 240
B X 394 241
D W 875 242
D Z 169 243
B X 996 244
C Z 703 245
D W 233 246
D Y 145 247
B X 513 248
C Z 38 249
D Z 532 250
B Z 630 251
C W 282 252
A Y 76 253
B Z 90 254
A Y 695 256
D Z 562 257
C X 494 258
B W 780 259
A W 455 260
B Z 926 261
A Y 709 262
C Z 460 263
D X 41 264
D Z 1003 266
D W 825 267
A Z 452 268
C Z 777 269
C W 154 270
D W 763 271
D X 1177 273
C X 704 274
B X 1127 276
C W 195 277
A Z 806 278
C X 178 279
A W 71 280
B Z 503 281
A Z 53 282
A W 447 283
C Y 220 284
D Z 136 285
A W 188 286
C Y 487 287
A Z 110 288
B W 297 289
C W 1036 291
D W 843 292
A Y 610 293
C W 199 294
C Y 770 295
B Y 279 296
A Y 664 297
C W 349 298
B X 942 299
B Z 278 300
D Y 968 301
A X 399 302
C W 32 303
B Y 201 304
A W 150 305
D X 712 306
D W 937 307
B Y 45 308
C Y 199 309
B X 153 310
A Y 1480 312
C X 943 314
B Z 225 316
A X 288 317
B X 681 318
B Z 558 319
A W 764 320
D Y 8 321
C Z 973 322
A W 458 323
D Z 422 324
A X 90 325
C Y 42 326
D Y 897 327
C W 828 328
A X 605 329
D Z 581 330
B W 478 331
D W 806 332
D Y 340 333
D X 254 334
B Y 881 335
D Z 163 336
D X 801 337
A Y 609 338
C Y 500 339
D Z 1619 341
A Y 212 342
B X 546 343
C Z 813 344
A Y 791 345
A X 818 346
D X 403 348
B Y 757 349
D W 217 350
C X 254 351
A Y 766 352
D W 767 353
B Z 229 354
B W 404 355
B Y 377 356
D Y 673 357
A Z 107 358
A W 214 359
A Z 317 360
B Y 912 361
A Z 752 362
A W 59 363
B Z 156 364
C W 338 365
D Y 719 366
B W 446 367
D X 976 368
A W 190 369
D X 861 370
C W 73 371
D Y 505 372
D W 673 373
A Y 265 374
C X 673 375
C Z 250 376
A X 652 377
D W 303 378
B X 62 379
C X 807 380
B Y 976 381
D X 413 382
D Z 502 383
D Y 526 384
A W 712 385
A Z 615 386
B W 366 387
C W 156 388
A X 58 389
D X 236 390
A Z 663 391
B Z 660 392
C Z 863 393
B Y 432 394
D X 844 395
B Z 336 396
D Z 304 397
A X 579 398
D W 764 399
C W 813 401
D Y 73 402
C Y 705 403
D Y 851 404
C Z 282 405
B Z 350 406
D X 339 407
A W 592 408
C Y 696 409
A W 905 410
A Y 636 411
B Y 1351 413
D Z 668 414
D X 330 415
B Z 364 416
C Z 757 417
D Z 1016 419
D W 37 420
B Y 984 421
C Z 716 422
D Z 268 423
C X 697 424
A Y 114 425
C W 514 426
B Y 442 427
C Z 91 428
B X 284 429
A Z 665 430
B Y 686 431
A Z 225 432
B W 733 433
D X 847 434
C Z 273 435
B Y 528 436
C X 525 437
B W 950 438
D Y 546 439
B X 59 440
C W 429 441
A X 86 442
B Y 326 443
A W 762 444
A X 341 445
A Z 731 446
D X 884 447
D W 609 448
C Z 376 449
D Y 600 450
A X 43 451
C X 800 452
B Y 265 453
B W 680 454
C X 474 455
B Y 283 456
A Z 340 457
B W 605 458
B Y 438 459
D X 570 460
C X 237 462
B W 781 463
B Y 384 464
A X 920 465
A Y 156 466
B Z 157 467
B X 265 468
A Z 438 469
A Y 257 470
A X 739 471
D Z 963 472
C Z 833 473
D Z 420 474
A X 534 475
B W 78 476
A Y 1727 478
B Z 607 479
A W 202 480
D Y 296 481
C X 869 482
D W 880 483
C X 71 484
D Z 136 485
D W 265 486
D X 126 487
A X 403 488
B W 60 489
C W 658 490
D W 1021 492
A Z 515 493
D Y 275 494
A W 282 495
C Z 252 496
D W 744 497
B W 982 498
B X 461 499
C X 857 500
D Y 790 501
C Y 1019 503
B Y 847 504
C W 687 505
C Z 54 506
D W 679 507
B Y 442 508