B W 904 1
A W 547 2
D X 518 3
C W 936 4
C Y 466 5
A Y 796 6
D W 605 7
B W 772 8
A Y 852 9
D Z 727 10
B X 241 11
A Z 1000 12
B Y 898 13
A Z 42 14
C W 512 15
A X 703 16
C X 622 17
D Y 161 18
D W 92 19
C Y 270 20
D X 280 21
C W 904 22
B Y 950 23
C Z 311 24
D Z 928 25
D Y 327 26
D W 795 27
D X 47 28
B Z 718 29
C X 158 30
A X 712 31
B Y 353 33
C W 564 34
B X 397 35
A X 388 37
D X 116 38
B Z 997 39
A X 557 40
C Y 689 41
D W 747 42
D Z 234 43
C Z 128 44
B Z 122 45
C Z 248 46
D W 271 47
A Z 593 48
D Z 841 49
D Y 103 50
A Y 26 51
D W 591 52
B W 530 54
D X 78 55
B X 714 56
C Y 716 57
B Z 760 58
D Z 182 59
D W 378 60
D Y 391 61
D X 331 62
D Z 275 63
B Z 330 64
D Z 287 65
D W 828 67
A Z 366 68
D X 262 69
A X 470 70
D W 643 71
A Z 868 72
C Z 135 73
D Y 971 74
B W 608 75
C Z 67 76
A Z 622 77
A W 455 78
B Y 653 79
D X 271 80
C W 665 81
A Z 848 82
B X 954 83
B Z 703 84
B Y 905 85
C Z 349 86
D Z 98 87
D Y 764 88
A Z 461 89
A W 302 90
C Z 834 91
B Y 409 92
C Y 693 93
B Y 844 94
A Z 481 95
B X 523 96
A X 80 97
D Y 359 98
B W 221 99
C Z 399 100
B X 229 101
A Z 894 102
B X 1573 105
B Z 292 106
C Y 320 107
B X 973 108
A Z 496 109
D X 719 110
B Y 949 111
B W 388 112
C W 392 113
C Y 790 114
A W 73 115
B Z 413 116
D X 236 117
A Z 791 119
B Z 69 120
C X 682 121
B W 220 122
D W 51 123
A X 604 124
B Z 605 125
C X 134 126
B X 88 127
B W 234 128
D Z 215 129
A Z 1068 131
B Z 1488 133
C X 1451 135
A X 498 136
A Y 983 137
A X 116 138
B Y 689 139
D Y 860 140
B Y 745 142
B W 807 143
A Z 742 144
A Y 193 145
D Y 227 146
A X 562 147
D X 976 148
D Y 799 150
C X 825 151
D Z 41 152
B Y 118 153
D W 780 154
B W 533 155
A Y 614 156
D Y 254 157
A Z 663 158
B Z 293 159
D Z 417 160
A X 305 161
B X 558 162
C W 747 163
A Y 375 164
C Y 939 165
A X 1268 167
A Y 545 168
D Y 979 169
B Y 99 170
A W 123 171
C Y 123 172
C X 911 173
D X 467 174
C X 925 175
A X 887 176
A Z 815 177
A X 349 178
A Z 307 179
D Z 502 180
C W 15 181
A W 484 182
D X 162 183
B X 839 184
D Y 914 185
D Z 174 186
C Z 834 187
D W 743 188
D Y 837 189
A Y 889 190
B X 1505 193
D X 77 194
A Y 815 195
D Y 703 196
C X 346 197
A Y 923 198
A X 890 199
B Y 650 200
B Z 512 201
D Z 449 202
A Z 912 203
A X 758 204
B Y 958 205
D Z 551 206
C Z 564 207
A Z 22 208
D X 650 209
B W 444 210
A Z 103 211
B W 674 212
D W 353 213
C X 150 214
C Y 152 215
D W 41 216
A Z 778 217
B W 621 218
C Z 275 219
C W 346 220
B Z 455 221
B W 303 222
D Z 604 223
D Y 153 224
A X 221 225
A Y 841 226
B Z 1372 228
B Y 836 229
A Y 321 230
B W 218 231
B Y 291 232
C W 535 233
D Y 425 234
C W 612 235
A Z 458 236
D W 1563 238
C Y 246 239
D Z 996 240
D X 492 241
C X 941 242
B X 610 243
A Z 756 244
D W 103 245
C Z 697 246
C Y 439 247
A Y 66 248
A Z 221 249
D Z 200 250
B Y 990 251
A Z 258 252
A Y 525 253
C W 474 254
A Y 659 255
D Y 173 256
A X 179 257
B Z 468 258
C Z 357 259
A W 274 260
B X 162 261
A X 135 262
B W 312 263
D X 114 264
B X 582 265
D W 328 266
B X 462 267
D Y 997 268
B Y 346 269
B X 881 271
D X 303 272
D Z 210 273
A X 659 274
C W 973 275
A Z 864 276
C W 362 277
B Z 529 278
C Z 784 279
A W 866 280
C W 317 281
B Z 153 282
B W 180 283
A Z 322 285
C Y 237 286
A Z 838 287
C W 829 288
D W 159 289
B Y 134 290
D Y 937 291
D W 203 292
D Z 172 293
A Z 507 294
B Z 556 295
B X 964 296
B Z 831 297
B X 952 298
C X 659 299