Blockchain Info:
1
Sender Name: C
Receiver Name: X
Transaction Value: 976
Transaction timestamp: 324
2
Sender Name: B
Receiver Name: Z
Transaction Value: 802
Transaction timestamp: 323
3
Sender Name: B
Receiver Name: Z
Transaction Value: 781
Transaction timestamp: 322
4
Sender Name: B
Receiver Name: Z
Transaction Value: 601
Transaction timestamp: 321
5
Sender Name: D
Receiver Name: W
Transaction Value: 169
Transaction timestamp: 320
6
Sender Name: C
Receiver Name: Z
Transaction Value: 370
Transaction timestamp: 319
7
Sender Name: D
Receiver Name: Z
Transaction Value: 771
Transaction timestamp: 318
8
Sender Name: C
Receiver Name: Z
Transaction Value: 809
Transaction timestamp: 317
9
Sender Name: D
Receiver Name: X
Transaction Value: 492
Transaction timestamp: 316
10
Sender Name: A
Receiver Name: Z
Transaction Value: 444
Transaction timestamp: 315
11
Sender Name: D
Receiver Name: W
Transaction Value: 359
Transaction timestamp: 314
12
Sender Name: C
Receiver Name: Z
Transaction Value: 177
Transaction timestamp: 313
13
Sender Name: D
Receiver Name: Z
Transaction Value: 740
Transaction timestamp: 312
14
Sender Name: C
Receiver Name: Z
Transaction Value: 946
Transaction timestamp: 311
15
Sender Name: A
Receiver Name: Y
Transaction Value: 942
Transaction timestamp: 310
16
Sender Name: C
Receiver Name: Z
Transaction Value: 326
Transaction timestamp: 309
17
Sender Name: C
Receiver Name: X
Transaction Value: 871
Transaction timestamp: 308
18
Sender Name: D
Receiver Name: X
Transaction Value: 627
Transaction timestamp: 307
19
Sender Name: B
Receiver Name: Z
Transaction Value: 791
Transaction timestamp: 306
20
Sender Name: C
Receiver Name: W
Transaction Value: 639
Transaction timestamp: 305
21
Sender Name: D
Receiver Name: W
Transaction Value: 641
Transaction timestamp: 304
22
Sender Name: B
Receiver Name: W
Transaction Value: 795
Transaction timestamp: 303
23
Sender Name: B
Receiver Name: X
Transaction Value: 166
Transaction timestamp: 302
24
Sender Name: B
Receiver Name: Y
Transaction Value: 306
Transaction timestamp: 301
25
Sender Name: D
Receiver Name: X
Transaction Value: 691
Transaction timestamp: 300
26
Sender Name: B
Receiver Name: Y
Transaction Value: 198
Transaction timestamp: 299
27
Sender Name: B
Receiver Name: Y
Transaction Value: 177
Transaction timestamp: 298
28
Sender Name: A
Receiver Name: X
Transaction Value: 831
Transaction timestamp: 297
29
Sender Name: B
Receiver Name: Z
Transaction Value: 739
Transaction timestamp: 296
30
Sender Name: C
Receiver Name: Y
Transaction Value: 741
Transaction timestamp: 295
31
Sender Name: B
Receiver Name: Y
Transaction Value: 421
Transaction timestamp: 294
32
Sender Name: B
Receiver Name: Z
Transaction Value: 881
Transaction timestamp: 293
33
Sender Name: B
Receiver Name: X
Transaction Value: 637
Transaction timestamp: 292
34
Sender Name: A
Receiver Name: Z
Transaction Value: 752
Transaction timestamp: 291
35
Sender Name: D
Receiver Name: X
Transaction Value: 953
Transaction timestamp: 290
36
Sender Name: C
Receiver Name: X
Transaction Value: 556
Transaction timestamp: 289
37
Sender Name: A
Receiver Name: Z
Transaction Value: 977
Transaction timestamp: 288
38
Sender Name: D
Receiver Name: Z
Transaction Value: 401
Transaction timestamp: 287
39
Sender Name: D
Receiver Name: X
Transaction Value: 198
Transaction timestamp: 286
40
Sender Name: B
Receiver Name: X
Transaction Value: 116
Transaction timestamp: 285
41
Sender Name: B
Receiver Name: Z
Transaction Value: 930
Transaction timestamp: 284
42
Sender Name: D
Receiver Name: W
Transaction Value: 660
Transaction timestamp: 283
43
Sender Name: C
Receiver Name: Y
Transaction Value: 304
Transaction timestamp: 282
44
Sender Name: A
Receiver Name: Y
Transaction Value: 975
Transaction timestamp: 281
45
Sender Name: A
Receiver Name: X
Transaction Value: 489
Transaction timestamp: 280
46
Sender Name: C
Receiver Name: W
Transaction Value: 834
Transaction timestamp: 279
47
Sender Name: B
Receiver Name: W
Transaction Value: 781
Transaction timestamp: 278
48
Sender Name: B
Receiver Name: Z
Transaction Value: 733
Transaction timestamp: 277
49
Sender Name: A
Receiver Name: W
Transaction Value: 658
Transaction timestamp: 276
50
Sender Name: C
Receiver Name: Y
Transaction Value: 39
Transaction timestamp: 275
51
Sender Name: B
Receiver Name: Z
Transaction Value: 897
Transaction timestamp: 274
52
Sender Name: A
Receiver Name: Y
Transaction Value: 163
Transaction timestamp: 273
53
Sender Name: A
Receiver Name: Z
Transaction Value: 413
Transaction timestamp: 272
54
Sender Name: C
Receiver Name: W
Transaction Value: 684
Transaction timestamp: 271
55
Sender Name: C
Receiver Name: X
Transaction Value: 700
Transaction timestamp: 270
56
Sender Name: C
Receiver Name: X
Transaction Value: 76
Transaction timestamp: 269
57
Sender Name: B
Receiver Name: W
Transaction Value: 183
Transaction timestamp: 268
58
Sender Name: B
Receiver Name: W
Transaction Value: 497
Transaction timestamp: 267
59
Sender Name: C
Receiver Name: W
Transaction Value: 600
Transaction timestamp: 266
60
Sender Name: C
Receiver Name: X
Transaction Value: 25
Transaction timestamp: 265
61
Sender Name: C
Receiver Name: Y
Transaction Value: 662
Transaction timestamp: 264
62
Sender Name: A
Receiver Name: W
Transaction Value: 898
Transaction timestamp: 263
63
Sender Name: D
Receiver Name: Y
Transaction Value: 943
Transaction timestamp: 262
64
Sender Name: B
Receiver Name: Z
Transaction Value: 766
Transaction timestamp: 261
65
Sender Name: A
Receiver Name: Z
Transaction Value: 921
Transaction timestamp: 260
66
Sender Name: D
Receiver Name: X
Transaction Value: 967
Transaction timestamp: 259
67
Sender Name: D
Receiver Name: W
Transaction Value: 537
Transaction timestamp: 258
68
Sender Name: D
Receiver Name: Z
Transaction Value: 353
Transaction timestamp: 257
69
Sender Name: A
Receiver Name: Y
Transaction Value: 205
Transaction timestamp: 256
70
Sender Name: D
Receiver Name: W
Transaction Value: 595
Transaction timestamp: 255
71
Sender Name: C
Receiver Name: Y
Transaction Value: 42
Transaction timestamp: 254
72
Sender Name: C
Receiver Name: Z
Transaction Value: 153
Transaction timestamp: 253
73
Sender Name: A
Receiver Name: Z
Transaction Value: 394
Transaction timestamp: 252
74
Sender Name: B
Receiver Name: Y
Transaction Value: 189
Transaction timestamp: 251
75
Sender Name: A
Receiver Name: W
Transaction Value: 510
Transaction timestamp: 250
76
Sender Name: A
Receiver Name: X
Transaction Value: 839
Transaction timestamp: 249
77
Sender Name: B
Receiver Name: Z
Transaction Value: 966
Transaction timestamp: 248
78
Sender Name: A
Receiver Name: X
Transaction Value: 426
Transaction timestamp: 247
79
Sender Name: A
Receiver Name: Y
Transaction Value: 122
Transaction timestamp: 246
80
Sender Name: A
Receiver Name: X
Transaction Value: 340
Transaction timestamp: 245
81
Sender Name: C
Receiver Name: W
Transaction Value: 168
Transaction timestamp: 244
82
Sender Name: D
Receiver Name: X
Transaction Value: 362
Transaction timestamp: 243
83
Sender Name: C
Receiver Name: Z
Transaction Value: 294
Transaction timestamp: 242
84
Sender Name: B
Receiver Name: W
Transaction Value: 220
Transaction timestamp: 241
85
Sender Name: A
Receiver Name: Y
Transaction Value: 842
Transaction timestamp: 240
86
Sender Name: D
Receiver Name: X
Transaction Value: 524
Transaction timestamp: 239
87
Sender Name: D
Receiver Name: Z
Transaction Value: 39
Transaction timestamp: 238
88
Sender Name: C
Receiver Name: Y
Transaction Value: 893
Transaction timestamp: 237
89
Sender Name: C
Receiver Name: X
Transaction Value: 823
Transaction timestamp: 236
90
Sender Name: D
Receiver Name: Y
Transaction Value: 45
Transaction timestamp: 235
91
Sender Name: B
Receiver Name: Y
Transaction Value: 301
Transaction timestamp: 234
92
Sender Name: C
Receiver Name: Y
Transaction Value: 100
Transaction timestamp: 233
93
Sender Name: D
Receiver Name: Y
Transaction Value: 428
Transaction timestamp: 232
94
Sender Name: D
Receiver Name: X
Transaction Value: 12
Transaction timestamp: 231
95
Sender Name: A
Receiver Name: Y
Transaction Value: 888
Transaction timestamp: 230
96
Sender Name: C
Receiver Name: X
Transaction Value: 503
Transaction timestamp: 229
97
Sender Name: C
Receiver Name: W
Transaction Value: 539
Transaction timestamp: 228
98
Sender Name: C
Receiver Name: Y
Transaction Value: 826
Transaction timestamp: 227
99
Sender Name: B
Receiver Name: Z
Transaction Value: 600
Transaction timestamp: 226
100
Sender Name: A
Receiver Name: Z
Transaction Value: 512
Transaction timestamp: 225
101
Sender Name: B
Receiver Name: W
Transaction Value: 841
Transaction timestamp: 224
102
Sender Name: B
Receiver Name: X
Transaction Value: 948
Transaction timestamp: 223
103
Sender Name: B
Receiver Name: Z
Transaction Value: 398
Transaction timestamp: 222
104
Sender Name: C
Receiver Name: Y
Transaction Value: 944
Transaction timestamp: 221
105
Sender Name: D
Receiver Name: Y
Transaction Value: 510
Transaction timestamp: 220
106
Sender Name: D
Receiver Name: X
Transaction Value: 933
Transaction timestamp: 219
107
Sender Name: D
Receiver Name: X
Transaction Value: 869
Transaction timestamp: 218
108
Sender Name: C
Receiver Name: W
Transaction Value: 253
Transaction timestamp: 217
109
Sender Name: A
Receiver Name: Y
Transaction Value: 160
Transaction timestamp: 216
110
Sender Name: C
Receiver Name: X
Transaction Value: 484
Transaction timestamp: 215
111
Sender Name: D
Receiver Name: Y
Transaction Value: 66
Transaction timestamp: 214
112
Sender Name: D
Receiver Name: Z
Transaction Value: 232
Transaction timestamp: 213
113
Sender Name: D
Receiver Name: Z
Transaction Value: 507
Transaction timestamp: 212
114
Sender Name: A
Receiver Name: Y
Transaction Value: 784
Transaction timestamp: 211
115
Sender Name: C
Receiver Name: Y
Transaction Value: 669
Transaction timestamp: 210
116
Sender Name: C
Receiver Name: Z
Transaction Value: 550
Transaction timestamp: 209
117
Sender Name: A
Receiver Name: W
Transaction Value: 84
Transaction timestamp: 208
118
Sender Name: D
Receiver Name: W
Transaction Value: 738
Transaction timestamp: 207
119
Sender Name: C
Receiver Name: X
Transaction Value: 934
Transaction timestamp: 206
120
Sender Name: C
Receiver Name: X
Transaction Value: 310
Transaction timestamp: 205
121
Sender Name: A
Receiver Name: Y
Transaction Value: 730
Transaction timestamp: 204
122
Sender Name: D
Receiver Name: Y
Transaction Value: 585
Transaction timestamp: 203
123
Sender Name: D
Receiver Name: X
Transaction Value: 948
Transaction timestamp: 202
124
Sender Name: B
Receiver Name: Z
Transaction Value: 89
Transaction timestamp: 201
125
Sender Name: B
Receiver Name: X
Transaction Value: 614
Transaction timestamp: 200
126
Sender Name: A
Receiver Name: Y
Transaction Value: 823
Transaction timestamp: 199
127
Sender Name: B
Receiver Name: Z
Transaction Value: 240
Transaction timestamp: 198
128
Sender Name: A
Receiver Name: Z
Transaction Value: 761
Transaction timestamp: 197
129
Sender Name: B
Receiver Name: Y
Transaction Value: 428
Transaction timestamp: 196
130
Sender Name: D
Receiver Name: W
Transaction Value: 980
Transaction timestamp: 195
131
Sender Name: C
Receiver Name: Z
Transaction Value: 537
Transaction timestamp: 194
132
Sender Name: C
Receiver Name: Y
Transaction Value: 951
Transaction timestamp: 193
133
Sender Name: B
Receiver Name: Y
Transaction Value: 291
Transaction timestamp: 192
134
Sender Name: C
Receiver Name: Z
Transaction Value: 694
Transaction timestamp: 191
135
Sender Name: A
Receiver Name: Y
Transaction Value: 955
Transaction timestamp: 190
136
Sender Name: D
Receiver Name: Y
Transaction Value: 6
Transaction timestamp: 189
137
Sender Name: D
Receiver Name: X
Transaction Value: 292
Transaction timestamp: 188
138
Sender Name: C
Receiver Name: Z
Transaction Value: 355
Transaction timestamp: 187
139
Sender Name: A
Receiver Name: W
Transaction Value: 788
Transaction timestamp: 186
140
Sender Name: A
Receiver Name: Z
Transaction Value: 200
Transaction timestamp: 185
141
Sender Name: A
Receiver Name: X
Transaction Value: 41
Transaction timestamp: 184
142
Sender Name: D
Receiver Name: Z
Transaction Value: 724
Transaction timestamp: 183
143
Sender Name: D
Receiver Name: Z
Transaction Value: 952
Transaction timestamp: 182
144
Sender Name: B
Receiver Name: Z
Transaction Value: 155
Transaction timestamp: 181
145
Sender Name: A
Receiver Name: W
Transaction Value: 97
Transaction timestamp: 180
146
Sender Name: B
Receiver Name: X
Transaction Value: 103
Transaction timestamp: 179
147
Sender Name: A
Receiver Name: Z
Transaction Value: 908
Transaction timestamp: 178
148
Sender Name: A
Receiver Name: W
Transaction Value: 759
Transaction timestamp: 177
149
Sender Name: A
Receiver Name: W
Transaction Value: 123
Transaction timestamp: 176
150
Sender Name: D
Receiver Name: Z
Transaction Value: 434
Transaction timestamp: 175
151
Sender Name: B
Receiver Name: Y
Transaction Value: 805
Transaction timestamp: 174
152
Sender Name: D
Receiver Name: Z
Transaction Value: 440
Transaction timestamp: 173
153
Sender Name: C
Receiver Name: X
Transaction Value: 277
Transaction timestamp: 172
154
Sender Name: A
Receiver Name: W
Transaction Value: 277
Transaction timestamp: 171
155
Sender Name: C
Receiver Name: W
Transaction Value: 212
Transaction timestamp: 170
156
Sender Name: D
Receiver Name: Y
Transaction Value: 669
Transaction timestamp: 169
157
Sender Name: A
Receiver Name: X
Transaction Value: 889
Transaction timestamp: 168
158
Sender Name: D
Receiver Name: W
Transaction Value: 369
Transaction timestamp: 167
159
Sender Name: B
Receiver Name: X
Transaction Value: 210
Transaction timestamp: 166
160
Sender Name: C
Receiver Name: Y
Transaction Value: 796
Transaction timestamp: 165
161
Sender Name: C
Receiver Name: Z
Transaction Value: 486
Transaction timestamp: 164
162
Sender Name: A
Receiver Name: Y
Transaction Value: 532
Transaction timestamp: 163
163
Sender Name: B
Receiver Name: Y
Transaction Value: 531
Transaction timestamp: 162
164
Sender Name: A
Receiver Name: Z
Transaction Value: 270
Transaction timestamp: 161
165
Sender Name: C
Receiver Name: Z
Transaction Value: 235
Transaction timestamp: 160
166
Sender Name: D
Receiver Name: Z
Transaction Value: 743
Transaction timestamp: 159
167
Sender Name: C
Receiver Name: X
Transaction Value: 83
Transaction timestamp: 158
168
Sender Name: D
Receiver Name: X
Transaction Value: 170
Transaction timestamp: 157
169
Sender Name: D
Receiver Name: Z
Transaction Value: 415
Transaction timestamp: 156
170
Sender Name: C
Receiver Name: X
Transaction Value: 54
Transaction timestamp: 155
171
Sender Name: D
Receiver Name: Y
Transaction Value: 597
Transaction timestamp: 154
172
Sender Name: A
Receiver Name: X
Transaction Value: 476
Transaction timestamp: 153
173
Sender Name: D
Receiver Name: Z
Transaction Value: 761
Transaction timestamp: 152
174
Sender Name: D
Receiver Name: W
Transaction Value: 235
Transaction timestamp: 151
175
Sender Name: D
Receiver Name: Y
Transaction Value: 224
Transaction timestamp: 150
176
Sender Name: A
Receiver Name: W
Transaction Value: 129
Transaction timestamp: 149
177
Sender Name: C
Receiver Name: X
Transaction Value: 689
Transaction timestamp: 148
178
Sender Name: B
Receiver Name: W
Transaction Value: 239
Transaction timestamp: 147
179
Sender Name: A
Receiver Name: Y
Transaction Value: 636
Transaction timestamp: 146
180
Sender Name: C
Receiver Name: Y
Transaction Value: 46
Transaction timestamp: 145
181
Sender Name: D
Receiver Name: W
Transaction Value: 596
Transaction timestamp: 144
182
Sender Name: D
Receiver Name: Z
Transaction Value: 47
Transaction timestamp: 143
183
Sender Name: D
Receiver Name: X
Transaction Value: 403
Transaction timestamp: 142
184
Sender Name: C
Receiver Name: Y
Transaction Value: 928
Transaction timestamp: 141
185
Sender Name: A
Receiver Name: X
Transaction Value: 222
Transaction timestamp: 140
186
Sender Name: C
Receiver Name: W
Transaction Value: 533
Transaction timestamp: 139
187
Sender Name: D
Receiver Name: X
Transaction Value: 447
Transaction timestamp: 138
188
Sender Name: B
Receiver Name: Z
Transaction Value: 64
Transaction timestamp: 137
189
Sender Name: A
Receiver Name: X
Transaction Value: 831
Transaction timestamp: 136
190
Sender Name: A
Receiver Name: X
Transaction Value: 487
Transaction timestamp: 135
191
Sender Name: D
Receiver Name: X
Transaction Value: 494
Transaction timestamp: 134
192
Sender Name: C
Receiver Name: Y
Transaction Value: 187
Transaction timestamp: 133
193
Sender Name: D
Receiver Name: X
Transaction Value: 610
Transaction timestamp: 132
194
Sender Name: A
Receiver Name: Z
Transaction Value: 418
Transaction timestamp: 131
195
Sender Name: B
Receiver Name: Z
Transaction Value: 879
Transaction timestamp: 130
196
Sender Name: B
Receiver Name: W
Transaction Value: 417
Transaction timestamp: 129
197
Sender Name: D
Receiver Name: X
Transaction Value: 491
Transaction timestamp: 128
198
Sender Name: A
Receiver Name: Z
Transaction Value: 10
Transaction timestamp: 127
199
Sender Name: C
Receiver Name: X
Transaction Value: 407
Transaction timestamp: 126
200
Sender Name: B
Receiver Name: Z
Transaction Value: 112
Transaction timestamp: 125
201
Sender Name: B
Receiver Name: Y
Transaction Value: 543
Transaction timestamp: 124
202
Sender Name: D
Receiver Name: W
Transaction Value: 888
Transaction timestamp: 123
203
Sender Name: D
Receiver Name: W
Transaction Value: 442
Transaction timestamp: 122
204
Sender Name: A
Receiver Name: Y
Transaction Value: 388
Transaction timestamp: 121
205
Sender Name: A
Receiver Name: Z
Transaction Value: 772
Transaction timestamp: 120
206
Sender Name: D
Receiver Name: Z
Transaction Value: 368
Transaction timestamp: 119
207
Sender Name: D
Receiver Name: Y
Transaction Value: 502
Transaction timestamp: 118
208
Sender Name: A
Receiver Name: X
Transaction Value: 416
Transaction timestamp: 117
209
Sender Name: B
Receiver Name: Z
Transaction Value: 206
Transaction timestamp: 116
210
Sender Name: D
Receiver Name: Y
Transaction Value: 193
Transaction timestamp: 115
211
Sender Name: A
Receiver Name: W
Transaction Value: 437
Transaction timestamp: 114
212
Sender Name: B
Receiver Name: Y
Transaction Value: 682
Transaction timestamp: 113
213
Sender Name: A
Receiver Name: X
Transaction Value: 737
Transaction timestamp: 112
214
Sender Name: D
Receiver Name: Z
Transaction Value: 909
Transaction timestamp: 111
215
Sender Name: C
Receiver Name: W
Transaction Value: 249
Transaction timestamp: 110
216
Sender Name: C
Receiver Name: Y
Transaction Value: 703
Transaction timestamp: 109
217
Sender Name: D
Receiver Name: W
Transaction Value: 959
Transaction timestamp: 108
218
Sender Name: B
Receiver Name: X
Transaction Value: 872
Transaction timestamp: 107
219
Sender Name: D
Receiver Name: W
Transaction Value: 8
Transaction timestamp: 106
220
Sender Name: C
Receiver Name: W
Transaction Value: 838
Transaction timestamp: 105
221
Sender Name: B
Receiver Name: W
Transaction Value: 636
Transaction timestamp: 104
222
Sender Name: C
Receiver Name: Z
Transaction Value: 464
Transaction timestamp: 103
223
Sender Name: D
Receiver Name: Y
Transaction Value: 189
Transaction timestamp: 102
224
Sender Name: D
Receiver Name: Z
Transaction Value: 302
Transaction timestamp: 101
225
Sender Name: C
Receiver Name: Z
Transaction Value: 983
Transaction timestamp: 100
226
Sender Name: B
Receiver Name: X
Transaction Value: 863
Transaction timestamp: 99
227
Sender Name: B
Receiver Name: Z
Transaction Value: 446
Transaction timestamp: 98
228
Sender Name: D
Receiver Name: Y
Transaction Value: 850
Transaction timestamp: 97
229
Sender Name: C
Receiver Name: Y
Transaction Value: 358
Transaction timestamp: 96
230
Sender Name: B
Receiver Name: Z
Transaction Value: 140
Transaction timestamp: 95
231
Sender Name: B
Receiver Name: X
Transaction Value: 734
Transaction timestamp: 94
232
Sender Name: B
Receiver Name: X
Transaction Value: 330
Transaction timestamp: 93
233
Sender Name: C
Receiver Name: W
Transaction Value: 241
Transaction timestamp: 92
234
Sender Name: A
Receiver Name: X
Transaction Value: 948
Transaction timestamp: 91
235
Sender Name: A
Receiver Name: X
Transaction Value: 610
Transaction timestamp: 90
236
Sender Name: C
Receiver Name: Y
Transaction Value: 971
Transaction timestamp: 89
237
Sender Name: B
Receiver Name: Z
Transaction Value: 199
Transaction timestamp: 88
238
Sender Name: A
Receiver Name: Z
Transaction Value: 755
Transaction timestamp: 87
239
Sender Name: A
Receiver Name: Y
Transaction Value: 371
Transaction timestamp: 86
240
Sender Name: B
Receiver Name: X
Transaction Value: 166
Transaction timestamp: 85
241
Sender Name: B
Receiver Name: W
Transaction Value: 740
Transaction timestamp: 84
242
Sender Name: C
Receiver Name: X
Transaction Value: 822
Transaction timestamp: 83
243
Sender Name: D
Receiver Name: Y
Transaction Value: 930
Transaction timestamp: 82
244
Sender Name: B
Receiver Name: Z
Transaction Value: 254
Transaction timestamp: 81
245
Sender Name: B
Receiver Name: W
Transaction Value: 289
Transaction timestamp: 80
246
Sender Name: C
Receiver Name: W
Transaction Value: 151
Transaction timestamp: 79
247
Sender Name: B
Receiver Name: Y
Transaction Value: 628
Transaction timestamp: 78
248
Sender Name: A
Receiver Name: X
Transaction Value: 117
Transaction timestamp: 77
249
Sender Name: A
Receiver Name: X
Transaction Value: 549
Transaction timestamp: 76
250
Sender Name: A
Receiver Name: Z
Transaction Value: 305
Transaction timestamp: 75
251
Sender Name: C
Receiver Name: X
Transaction Value: 703
Transaction timestamp: 74
252
Sender Name: A
Receiver Name: Y
Transaction Value: 844
Transaction timestamp: 73
253
Sender Name: C
Receiver Name: Y
Transaction Value: 547
Transaction timestamp: 72
254
Sender Name: A
Receiver Name: Z
Transaction Value: 125
Transaction timestamp: 71
255
Sender Name: A
Receiver Name: X
Transaction Value: 162
Transaction timestamp: 70
256
Sender Name: C
Receiver Name: Z
Transaction Value: 488
Transaction timestamp: 69
257
Sender Name: C
Receiver Name: W
Transaction Value: 526
Transaction timestamp: 68
258
Sender Name: C
Receiver Name: Z
Transaction Value: 453
Transaction timestamp: 67
259
Sender Name: C
Receiver Name: Y
Transaction Value: 680
Transaction timestamp: 66
260
Sender Name: B
Receiver Name: Z
Transaction Value: 311
Transaction timestamp: 65
261
Sender Name: C
Receiver Name: Z
Transaction Value: 697
Transaction timestamp: 64
262
Sender Name: D
Receiver Name: X
Transaction Value: 558
Transaction timestamp: 63
263
Sender Name: B
Receiver Name: Y
Transaction Value: 269
Transaction timestamp: 62
264
Sender Name: A
Receiver Name: W
Transaction Value: 62
Transaction timestamp: 61
265
Sender Name: C
Receiver Name: Y
Transaction Value: 530
Transaction timestamp: 60
266
Sender Name: A
Receiver Name: X
Transaction Value: 282
Transaction timestamp: 59
267
Sender Name: D
Receiver Name: W
Transaction Value: 469
Transaction timestamp: 58
268
Sender Name: C
Receiver Name: X
Transaction Value: 199
Transaction timestamp: 57
269
Sender Name: C
Receiver Name: X
Transaction Value: 751
Transaction timestamp: 56
270
Sender Name: A
Receiver Name: Z
Transaction Value: 133
Transaction timestamp: 55
271
Sender Name: D
Receiver Name: W
Transaction Value: 685
Transaction timestamp: 54
272
Sender Name: B
Receiver Name: X
Transaction Value: 287
Transaction timestamp: 53
273
Sender Name: D
Receiver Name: Z
Transaction Value: 80
Transaction timestamp: 52
274
Sender Name: B
Receiver Name: Y
Transaction Value: 450
Transaction timestamp: 51
275
Sender Name: C
Receiver Name: W
Transaction Value: 484
Transaction timestamp: 50
276
Sender Name: B
Receiver Name: Y
Transaction Value: 581
Transaction timestamp: 49
277
Sender Name: D
Receiver Name: W
Transaction Value: 159
Transaction timestamp: 48
278
Sender Name: B
Receiver Name: Y
Transaction Value: 213
Transaction timestamp: 47
279
Sender Name: C
Receiver Name: W
Transaction Value: 910
Transaction timestamp: 46
280
Sender Name: C
Receiver Name: Z
Transaction Value: 211
Transaction timestamp: 45
281
Sender Name: A
Receiver Name: W
Transaction Value: 500
Transaction timestamp: 44
282
Sender Name: A
Receiver Name: Y
Transaction Value: 208
Transaction timestamp: 43
283
Sender Name: D
Receiver Name: Z
Transaction Value: 575
Transaction timestamp: 42
284
Sender Name: C
Receiver Name: X
Transaction Value: 911
Transaction timestamp: 41
285
Sender Name: C
Receiver Name: W
Transaction Value: 851
Transaction timestamp: 40
286
Sender Name: D
Receiver Name: X
Transaction Value: 115
Transaction timestamp: 39
287
Sender Name: D
Receiver Name: X
Transaction Value: 87
Transaction timestamp: 38
288
Sender Name: B
Receiver Name: X
Transaction Value: 737
Transaction timestamp: 37
289
Sender Name: D
Receiver Name: W
Transaction Value: 39
Transaction timestamp: 36
290
Sender Name: B
Receiver Name: Z
Transaction Value: 966
Transaction timestamp: 35
291
Sender Name: C
Receiver Name: W
Transaction Value: 545
Transaction timestamp: 34
292
Sender Name: A
Receiver Name: Y
Transaction Value: 678
Transaction timestamp: 33
293
Sender Name: A
Receiver Name: Z
Transaction Value: 264
Transaction timestamp: 32
294
Sender Name: C
Receiver Name: W
Transaction Value: 488
Transaction timestamp: 31
295
Sender Name: A
Receiver Name: Z
Transaction Value: 281
Transaction timestamp: 30
296
Sender Name: D
Receiver Name: Z
Transaction Value: 419
Transaction timestamp: 29
297
Sender Name: D
Receiver Name: Z
Transaction Value: 486
Transaction timestamp: 28
298
Sender Name: B
Receiver Name: Z
Transaction Value: 172
Transaction timestamp: 27
299
Sender Name: C
Receiver Name: W
Transaction Value: 681
Transaction timestamp: 26
300
Sender Name: A
Receiver Name: Y
Transaction Value: 420
Transaction timestamp: 25
301
Sender Name: B
Receiver Name: X
Transaction Value: 224
Transaction timestamp: 24
302
Sender Name: B
Receiver Name: Y
Transaction Value: 217
Transaction timestamp: 23
303
Sender Name: C
Receiver Name: W
Transaction Value: 692
Transaction timestamp: 22
304
Sender Name: C
Receiver Name: Y
Transaction Value: 0
Transaction timestamp: 21
305
Sender Name: A
Receiver Name: Y
Transaction Value: 514
Transaction timestamp: 20
306
Sender Name: A
Receiver Name: Y
Transaction Value: 276
Transaction timestamp: 19
307
Sender Name: A
Receiver Name: Z
Transaction Value: 678
Transaction timestamp: 18
308
Sender Name: D
Receiver Name: X
Transaction Value: 433
Transaction timestamp: 17
309
Sender Name: A
Receiver Name: X
Transaction Value: 891
Transaction timestamp: 16
310
Sender Name: B
Receiver Name: Z
Transaction Value: 449
Transaction timestamp: 15
311
Sender Name: A
Receiver Name: W
Transaction Value: 26
Transaction timestamp: 14
312
Sender Name: D
Receiver Name: Z
Transaction Value: 781
Transaction timestamp: 13
313
Sender Name: D
Receiver Name: X
Transaction Value: 317
Transaction timestamp: 12
314
Sender Name: B
Receiver Name: Y
Transaction Value: 852
Transaction timestamp: 11
315
Sender Name: C
Receiver Name: Y
Transaction Value: 407
Transaction timestamp: 10
316
Sender Name: D
Receiver Name: X
Transaction Value: 856
Transaction timestamp: 9
317
Sender Name: B
Receiver Name: W
Transaction Value: 714
Transaction timestamp: 8
318
Sender Name: C
Receiver Name: W
Transaction Value: 124
Transaction timestamp: 7
319
Sender Name: C
Receiver Name: W
Transaction Value: 375
Transaction timestamp: 6
320
Sender Name: A
Receiver Name: Z
Transaction Value: 166
Transaction timestamp: 5
321
Sender Name: C
Receiver Name: X
Transaction Value: 980
Transaction timestamp: 4
322
Sender Name: A
Receiver Name: W
Transaction Value: 798
Transaction timestamp: 3
323
Sender Name: B
Receiver Name: X
Transaction Value: 183
Transaction timestamp: 2
324
Sender Name: C
Receiver Name: Z
Transaction Value: 62
Transaction timestamp: 1