Blockchain Info:
1
Sender Name: C
Receiver Name: Z
Transaction Value: 676
Transaction timestamp: 15
2
Sender Name: D
Receiver Name: Y
Transaction Value: 941
Transaction timestamp: 14
3
Sender Name: B
Receiver Name: W
Transaction Value: 835
Transaction timestamp: 13
4
Sender Name: C
Receiver Name: X
Transaction Value: 912
Transaction timestamp: 12
5
Sender Name: B
Receiver Name: X
Transaction Value: 133
Transaction timestamp: 11
6
Sender Name: C
Receiver Name: W
Transaction Value: 722
Transaction timestamp: 10
7
Sender Name: B
Receiver Name: Y
Transaction Value: 236
Transaction timestamp: 9
8
Sender Name: C
Receiver Name: Z
Transaction Value: 224
Transaction timestamp: 8
9
Sender Name: B
Receiver Name: Z
Transaction Value: 506
Transaction timestamp: 7
10
Sender Name: B
Receiver Name: X
Transaction Value: 683
Transaction timestamp: 6
11
Sender Name: B
Receiver Name: Z
Transaction Value: 163
Transaction timestamp: 5
12
Sender Name: B
Receiver Name: X
Transaction Value: 10
Transaction timestamp: 4
13
Sender Name: C
Receiver Name: X
Transaction Value: 769
Transaction timestamp: 3
14
Sender Name: A
Receiver Name: Y
Transaction Value: 149
Transaction timestamp: 2
15
Sender Name: D
Receiver Name: Z
Transaction Value: 393
Transaction timestamp: 1