A Z 656 1
A X 277 2
B X 980 3
B W 511 4
B Y 515 5
B W 445 6
D Z 605 7
A Z 1205 9
C W 509 10
A Y 27 11
D X 676 12
C W 133 13
A Y 296 14
A X 900 15
D W 79 16
D Z 608 17
B W 960 18
D X 309 19
A X 476 20
D W 896 21
D Y 11 22
B X 989 23
C X 623 24
C W 848 25
C X 364 26
C Z 470 27
C Y 305 28
A Z 399 29
A Y 990 30
C X 183 31
C W 739 32
D Y 94 33
C W 84 34
A Z 117 35
B Z 866 36
C Z 906 37
B W 355 38
D W 881 39
B X 226 40
B Y 658 41
D Z 706 42
C Z 926 43
D X 94 44
B Y 847 45
D W 584 46
A X 799 47
D X 87 48
C W 35 49
D W 964 50
B Z 338 51
D X 269 52
D Z 48 53
A Z 660 54
D Y 372 55
B W 341 56
B X 452 57
C Z 200 58
B W 866 59
A Y 181 60
B Y 310 61
D W 805 62
A X 389 63
B W 363 64
C X 928 65
A X 367 66
D X 1470 68
B Y 302 69
A Z 1245 71
D W 438 72
A X 350 73
A W 650 74
D X 461 75
C Z 305 76
A Y 692 77
B W 775 78
C W 747 79
B Z 190 80
B Y 7 81
A X 508 82
C Y 336 83
B Y 166 84
A W 936 86
B W 391 87
A X 700 88
C Z 364 89
A Y 1 90
D Z 971 91
A Y 540 92
B Z 556 93
D Z 89 94
A Y 960 95
D X 796 96
B Z 907 97
A Z 686 98
D Y 136 99
C Z 455 100
A W 316 101
C W 195 102
B X 527 103
B Z 838 104
C Z 918 105
B Y 524 106
C Z 419 107
C W 11 108
B X 368 109
A X 431 110
A W 341 111
C Z 463 112
C Y 649 113
C W 404 114
A Z 583 115
D Z 191 116
C Z 953 117
A Y 81 118
D X 969 119
B W 545 120
B Y 787 121
B W 939 122
A W 410 123
B X 762 124
A Y 1105 126
D Z 523 127
D Y 355 128
B X 602 129
D Z 204 130
C Z 524 131
B Z 289 132
B X 23 133
B Y 313 134
C Y 925 135
C Z 882 136
C X 282 137
A X 102 138
C Y 125 139
A Y 709 140
D Z 928 141
A W 221 142
A X 24 143
A Y 852 144
C X 931 145
D Z 625 146
C Z 292 147
A W 948 148
C Y 77 149
B X 873 150
C Z 981 151
C Y 565 152
B X 694 153
A Z 708 154
D X 640 155
B W 530 156
C Z 366 157
B Z 301 158
D X 1218 160
A W 408 161
C Y 112 162
C W 256 163
C X 71 164
A Y 253 165
B Y 106 166
D Y 745 167
D W 233 168
C Y 180 169
A X 998 170
C W 214 171
C Y 411 172
C W 20 173
D Z 486 174
B W 26 175
D Y 409 176
C W 966 177
D Y 256 178
D Z 636 179
C Z 213 180
B W 534 181
A Z 314 182
C X 649 183
D Z 719 184
B X 857 185
C Z 1632 187
D Y 496 188
B W 836 189
A X 153 190
A Y 700 191
A W 1062 193
B Y 854 194
B W 159 195
D X 11 196
A X 185 197
C Y 724 198
A Y 439 199
A Z 979 200
A Y 152 201
D Y 114 202
D X 373 203
C Z 681 204
D Y 207 205
C X 907 206
A X 636 207
B Z 109 208
A W 923 209
D Y 538 210
C W 534 211
A W 409 212
B Y 970 213
B Z 586 214
B W 384 215
D X 355 216
C W 991 217
B Z 89 218
C W 469 219
D Z 338 220
B W 87 221
A Z 990 222
A X 113 223
D W 789 224
B Y 521 225
A X 421 226
D Y 1092 228
D Z 449 229
A Z 428 230
D Z 620 231
A W 549 232
B X 949 235
D W 626 236
A Y 654 237
B Y 860 238
A Y 562 239
D X 823 240
C W 489 241
D Y 903 242
C X 59 243
C W 645 244
C Z 45 245
B Y 217 246
A Y 980 247
C Y 915 248
B W 797 249
A W 853 250
A Y 205 251
B Y 444 252
D Z 301 253
B W 752 254
A Y 189 255
C Y 505 256
A W 129 257
B W 960 258
D Y 120 259
C X 580 261
C W 644 262
C Z 567 263
B W 681 264
D Z 64 265
B Y 15 266
A W 581 267
C Y 254 268
C W 1283 270
D X 507 271
C Y 965 273
C Z 850 274
D Z 440 275
A Z 28 276
B X 498 277
C W 757 278
D X 30 279
B Z 160 280
C Z 25 281
D Z 85 282
D Y 531 283
D Z 484 284
A X 940 285
D X 738 287
C Z 53 288
B X 414 289
C Y 86 290
A X 3 291
B W 144 292
D Z 609 293
A Y 497 294
A Z 692 295
B Z 756 296
D Z 501 297
D Y 397 298
C Z 248 299
B W 839 300
C W 368 301
C Y 727 302
D Y 432 303
C W 483 304
B Z 927 305
A W 593 307
C X 55 308
B W 294 309
D Y 230 310
C W 315 311
D W 913 312
A Z 932 313
C X 503 314
A X 813 315
D X 596 316
B X 874 317
C Y 801 319
B X 1112 321
A Z 228 322
A X 260 323
A Y 439 324
D Z 950 325
A Z 907 326
C Y 905 327
B W 83 328
D X 590 329
D W 956 330
B X 80 331
C Z 675 332
D Y 790 333
A W 964 334
C W 229 335
A Z 728 336
D Z 612 337
C W 556 338
D W 911 339
D X 169 340
D Y 310 341
B W 205 342
D Y 605 343
A Z 640 344
D W 766 345
A Z 52 346
B Y 706 347
B Z 79 348
A Z 1143 350
A W 711 351
D Y 35 352
B X 714 353
C W 479 354
C Z 823 355
B Y 397 356
C X 594 357
D Z 462 358
B Y 372 359
A Y 429 360
C X 56 361
A Z 948 362
B Y 398 363
A X 935 364
D X 141 366
D Z 979 367
C Z 159 368
C X 680 369
B X 760 370
A Z 287 371
C Y 696 372
B W 173 373
D Y 170 374
B W 954 376
B Z 390 377
D Y 130 378
A X 18 379
C Z 926 380
A Z 116 381
B Y 387 382
D W 318 383