B Z 246 1
C W 751 2
B X 959 3
D Z 853 4
D Y 180 5
C W 819 6
C Z 33 7
B W 84 8
B Y 830 9
A W 910 10
D Y 964 11
A Y 411 13
B X 221 14
C X 610 15
A X 1665 17
D W 805 18
C Z 883 19
A W 376 20
B Y 79 21
A X 983 22
C Y 396 23
A X 502 24
B X 810 25
D X 665 26
D Z 502 27
B Z 168 28
B W 582 29
B Z 46 30
A Y 159 31
D W 67 32
C W 175 33
D Z 415 34
D W 349 35
C W 921 36
B Z 886 37
D X 315 38
A W 297 39
C X 57 40
D Z 818 41
A Z 257 42
C Y 219 43
D Y 727 44
C X 806 45
D X 813 46
A W 906 47
A X 329 48
B Z 484 49
B Y 822 50
B X 618 51
A Z 525 52
A Y 515 53
B X 723 54
A Y 466 55
A X 696 56
C Y 782 57
B Z 625 58
A W 650 59
B Z 875 60
C Y 354 61
B X 479 62
C Y 818 63
B X 716 64
A X 257 65
A Y 624 66
A W 361 68
D Y 157 69
C X 78 70
B Y 941 71
D W 895 72
C Z 986 73
C W 906 74
C X 218 75
A Z 586 76
B Z 725 77
D X 495 78
B W 698 79
A Z 1554 81
C W 28 82
D Y 1026 84