A Y 112 1
B X 571 2
B Z 75 3
B X 930 4
A Z 853 5
A X 217 6
B Z 507 7
B W 292 8
C W 541 9
A Y 672 10
B Z 114 11
D Y 211 12
C X 132 13
C Z 751 14
B Z 96 15
D X 549 16
B Y 363 17
D Y 635 18
A Y 745 19
D W 24 20
B Z 775 21
A Z 293 22
D W 869 23
C X 94 24
D Y 8 25
B Y 979 26
D Z 94 27
D X 37 28
B Y 487 29
D Z 897 30
B X 909 31
D X 795 32
A W 799 33
D W 983 34
D Z 370 35
A X 291 36
C X 751 37
D X 679 38
B W 907 39
A X 1225 41
D Y 711 42
C X 974 43
A Y 629 45
D X 844 46
B W 677 47
C Z 492 49
A X 1552 51
A Z 317 52
D X 901 53
B X 189 54
C W 225 56
C Y 807 57
B Y 885 58
A Y 169 59
D W 399 60
C W 261 61
C Y 53 62
D Y 985 63
D Z 262 64
D Y 479 65
B Y 420 66
B X 167 67
B Z 111 68
C W 488 69
C X 150 70
B W 462 71
B X 955 72
D Y 64 73
C W 665 74
D X 84 75
D Y 539 76
C Y 0 77
A Z 604 78
D W 628 79
A W 1657 81
D Z 887 82
A W 955 83
B Z 711 84
D Z 734 85
C Z 187 86
A Y 350 87
A W 801 88
B X 750 89
D Y 813 90
A W 709 91
C X 536 92
B W 756 93
D X 696 94
D Y 976 95
C Z 350 96
C Y 593 97
A W 805 98
C Y 446 99
A X 77 100
A Z 507 101
A Y 934 102
D X 1240 104
C Y 454 105
C X 407 106
A W 269 107
A X 334 108
B W 693 109
D W 334 110
A Z 630 111
B Y 954 112
C Y 983 113
D Y 576 114
A Z 423 115
A X 734 116
A Y 386 117
C X 1123 119
A Z 438 120
C W 168 121
A W 409 122
B Z 51 123
D X 256 124
A Z 594 125
B Y 162 126
B X 769 127
A Z 58 128
D W 752 129
D X 473 130
A X 961 131
C Y 161 132
D X 761 133
A W 111 134
B W 493 136
D Z 71 137
C Z 890 138
B X 292 139
A X 636 140
D X 233 141
B X 506 142
D Y 611 143
C X 494 144
D Z 331 145
D W 461 146
B Z 240 147
B Y 581 148
A W 538 149
D Y 776 150
B Z 523 151
A Z 904 152
D Y 944 153
D Z 956 154
A Y 744 155
D Y 317 156
B W 573 157
A Z 230 158
D W 407 159
C Y 957 160
D W 635 161
B X 667 162
D Z 277 163
D Y 26 164
D Z 303 165
C W 502 166
A X 994 167
D X 336 168
C X 557 169
C Z 618 170
C X 360 171
C W 337 172
A Y 1419 174
C Y 21 175
C W 955 176
D Z 155 177
D W 156 178
D Z 486 179
D W 13 180
A X 300 181
D Z 965 182
B W 588 183
A Z 314 184
D Y 251 185
D W 769 186
B X 36 187
B Z 453 188
C W 51 189
A Z 99 190
C X 99 191
C W 154 192
D Z 335 193
A X 255 194
D X 237 195
D Z 241 196
A Z 144 197
A W 200 198
B Z 263 199
A X 310 200
B Z 534 201
B W 540 202
C Z 377 203
C Y 655 204
D X 161 205
C W 1093 207
D X 190 208
D Y 201 209
C Y 784 210
D Z 796 211
D Y 189 212
D X 924 214
B W 206 215
D Y 744 216
A X 606 217
C W 963 218
B Y 746 219
B X 613 220
A X 346 221
D X 33 222
D W 768 223
A W 254 224
D X 701 225
B Z 0 226
A X 700 227
B X 198 228
A Z 820 229
D Y 674 230
B Z 337 231
C W 868 232
D Y 867 233
B W 522 234
A X 485 235
D Y 231 236
A Z 872 237
D Z 669 238
D Y 18 239
C X 773 240
C W 663 241
B Y 528 242
C Y 951 243
B X 337 244
A Z 455 245
C Y 291 246