Blockchain Info:
1
Sender Name: B
Receiver Name: Z
Transaction Value: 192
Transaction timestamp: 296
2
Sender Name: D
Receiver Name: Y
Transaction Value: 17
Transaction timestamp: 295
3
Sender Name: B
Receiver Name: Y
Transaction Value: 467
Transaction timestamp: 294
4
Sender Name: D
Receiver Name: W
Transaction Value: 490
Transaction timestamp: 293
5
Sender Name: D
Receiver Name: Y
Transaction Value: 879
Transaction timestamp: 292
6
Sender Name: A
Receiver Name: W
Transaction Value: 649
Transaction timestamp: 291
7
Sender Name: D
Receiver Name: Z
Transaction Value: 509
Transaction timestamp: 290
8
Sender Name: C
Receiver Name: Z
Transaction Value: 720
Transaction timestamp: 289
9
Sender Name: D
Receiver Name: W
Transaction Value: 819
Transaction timestamp: 288
10
Sender Name: D
Receiver Name: Z
Transaction Value: 886
Transaction timestamp: 287
11
Sender Name: B
Receiver Name: W
Transaction Value: 901
Transaction timestamp: 286
12
Sender Name: A
Receiver Name: W
Transaction Value: 903
Transaction timestamp: 285
13
Sender Name: D
Receiver Name: Z
Transaction Value: 922
Transaction timestamp: 284
14
Sender Name: C
Receiver Name: Z
Transaction Value: 917
Transaction timestamp: 283
15
Sender Name: A
Receiver Name: Z
Transaction Value: 283
Transaction timestamp: 282
16
Sender Name: A
Receiver Name: W
Transaction Value: 784
Transaction timestamp: 281
17
Sender Name: C
Receiver Name: X
Transaction Value: 694
Transaction timestamp: 280
18
Sender Name: A
Receiver Name: X
Transaction Value: 66
Transaction timestamp: 279
19
Sender Name: C
Receiver Name: Y
Transaction Value: 534
Transaction timestamp: 278
20
Sender Name: B
Receiver Name: Y
Transaction Value: 641
Transaction timestamp: 277
21
Sender Name: D
Receiver Name: Y
Transaction Value: 882
Transaction timestamp: 276
22
Sender Name: C
Receiver Name: Y
Transaction Value: 485
Transaction timestamp: 275
23
Sender Name: D
Receiver Name: W
Transaction Value: 872
Transaction timestamp: 274
24
Sender Name: D
Receiver Name: Z
Transaction Value: 711
Transaction timestamp: 273
25
Sender Name: C
Receiver Name: X
Transaction Value: 126
Transaction timestamp: 272
26
Sender Name: D
Receiver Name: Y
Transaction Value: 974
Transaction timestamp: 271
27
Sender Name: D
Receiver Name: Y
Transaction Value: 762
Transaction timestamp: 270
28
Sender Name: C
Receiver Name: Y
Transaction Value: 791
Transaction timestamp: 269
29
Sender Name: B
Receiver Name: Y
Transaction Value: 414
Transaction timestamp: 268
30
Sender Name: A
Receiver Name: Y
Transaction Value: 150
Transaction timestamp: 267
31
Sender Name: D
Receiver Name: Y
Transaction Value: 487
Transaction timestamp: 266
32
Sender Name: D
Receiver Name: W
Transaction Value: 646
Transaction timestamp: 265
33
Sender Name: D
Receiver Name: Y
Transaction Value: 819
Transaction timestamp: 264
34
Sender Name: D
Receiver Name: X
Transaction Value: 489
Transaction timestamp: 263
35
Sender Name: B
Receiver Name: W
Transaction Value: 527
Transaction timestamp: 262
36
Sender Name: B
Receiver Name: X
Transaction Value: 351
Transaction timestamp: 261
37
Sender Name: C
Receiver Name: Z
Transaction Value: 197
Transaction timestamp: 260
38
Sender Name: B
Receiver Name: W
Transaction Value: 440
Transaction timestamp: 259
39
Sender Name: B
Receiver Name: Y
Transaction Value: 132
Transaction timestamp: 258
40
Sender Name: D
Receiver Name: Y
Transaction Value: 186
Transaction timestamp: 257
41
Sender Name: D
Receiver Name: Z
Transaction Value: 15
Transaction timestamp: 256
42
Sender Name: A
Receiver Name: X
Transaction Value: 789
Transaction timestamp: 255
43
Sender Name: D
Receiver Name: Y
Transaction Value: 728
Transaction timestamp: 254
44
Sender Name: A
Receiver Name: W
Transaction Value: 938
Transaction timestamp: 253
45
Sender Name: A
Receiver Name: Y
Transaction Value: 178
Transaction timestamp: 252
46
Sender Name: C
Receiver Name: W
Transaction Value: 953
Transaction timestamp: 251
47
Sender Name: D
Receiver Name: Y
Transaction Value: 116
Transaction timestamp: 250
48
Sender Name: A
Receiver Name: Y
Transaction Value: 921
Transaction timestamp: 249
49
Sender Name: C
Receiver Name: Z
Transaction Value: 425
Transaction timestamp: 248
50
Sender Name: C
Receiver Name: Y
Transaction Value: 274
Transaction timestamp: 247
51
Sender Name: A
Receiver Name: X
Transaction Value: 841
Transaction timestamp: 246
52
Sender Name: A
Receiver Name: Z
Transaction Value: 565
Transaction timestamp: 245
53
Sender Name: D
Receiver Name: X
Transaction Value: 691
Transaction timestamp: 244
54
Sender Name: A
Receiver Name: Y
Transaction Value: 864
Transaction timestamp: 243
55
Sender Name: B
Receiver Name: W
Transaction Value: 980
Transaction timestamp: 242
56
Sender Name: D
Receiver Name: Y
Transaction Value: 49
Transaction timestamp: 241
57
Sender Name: A
Receiver Name: W
Transaction Value: 982
Transaction timestamp: 240
58
Sender Name: A
Receiver Name: Z
Transaction Value: 623
Transaction timestamp: 239
59
Sender Name: B
Receiver Name: Z
Transaction Value: 179
Transaction timestamp: 238
60
Sender Name: D
Receiver Name: X
Transaction Value: 135
Transaction timestamp: 237
61
Sender Name: A
Receiver Name: Z
Transaction Value: 360
Transaction timestamp: 236
62
Sender Name: D
Receiver Name: X
Transaction Value: 133
Transaction timestamp: 235
63
Sender Name: C
Receiver Name: Z
Transaction Value: 438
Transaction timestamp: 234
64
Sender Name: B
Receiver Name: X
Transaction Value: 37
Transaction timestamp: 233
65
Sender Name: C
Receiver Name: Y
Transaction Value: 899
Transaction timestamp: 232
66
Sender Name: B
Receiver Name: W
Transaction Value: 649
Transaction timestamp: 231
67
Sender Name: C
Receiver Name: X
Transaction Value: 825
Transaction timestamp: 230
68
Sender Name: A
Receiver Name: Y
Transaction Value: 456
Transaction timestamp: 229
69
Sender Name: A
Receiver Name: X
Transaction Value: 643
Transaction timestamp: 228
70
Sender Name: A
Receiver Name: Y
Transaction Value: 928
Transaction timestamp: 227
71
Sender Name: D
Receiver Name: Z
Transaction Value: 762
Transaction timestamp: 226
72
Sender Name: C
Receiver Name: Z
Transaction Value: 129
Transaction timestamp: 225
73
Sender Name: A
Receiver Name: W
Transaction Value: 363
Transaction timestamp: 224
74
Sender Name: B
Receiver Name: W
Transaction Value: 689
Transaction timestamp: 223
75
Sender Name: B
Receiver Name: W
Transaction Value: 114
Transaction timestamp: 222
76
Sender Name: A
Receiver Name: Y
Transaction Value: 781
Transaction timestamp: 221
77
Sender Name: B
Receiver Name: Z
Transaction Value: 35
Transaction timestamp: 220
78
Sender Name: C
Receiver Name: X
Transaction Value: 541
Transaction timestamp: 219
79
Sender Name: D
Receiver Name: Y
Transaction Value: 98
Transaction timestamp: 218
80
Sender Name: A
Receiver Name: Y
Transaction Value: 323
Transaction timestamp: 217
81
Sender Name: B
Receiver Name: W
Transaction Value: 258
Transaction timestamp: 216
82
Sender Name: B
Receiver Name: W
Transaction Value: 240
Transaction timestamp: 215
83
Sender Name: C
Receiver Name: Y
Transaction Value: 648
Transaction timestamp: 214
84
Sender Name: B
Receiver Name: W
Transaction Value: 635
Transaction timestamp: 213
85
Sender Name: B
Receiver Name: Y
Transaction Value: 44
Transaction timestamp: 212
86
Sender Name: C
Receiver Name: W
Transaction Value: 272
Transaction timestamp: 211
87
Sender Name: B
Receiver Name: X
Transaction Value: 105
Transaction timestamp: 210
88
Sender Name: B
Receiver Name: Y
Transaction Value: 466
Transaction timestamp: 209
89
Sender Name: B
Receiver Name: Y
Transaction Value: 758
Transaction timestamp: 208
90
Sender Name: D
Receiver Name: X
Transaction Value: 370
Transaction timestamp: 207
91
Sender Name: D
Receiver Name: X
Transaction Value: 248
Transaction timestamp: 206
92
Sender Name: A
Receiver Name: Y
Transaction Value: 696
Transaction timestamp: 205
93
Sender Name: D
Receiver Name: W
Transaction Value: 61
Transaction timestamp: 204
94
Sender Name: A
Receiver Name: X
Transaction Value: 150
Transaction timestamp: 203
95
Sender Name: A
Receiver Name: X
Transaction Value: 702
Transaction timestamp: 202
96
Sender Name: C
Receiver Name: Y
Transaction Value: 682
Transaction timestamp: 201
97
Sender Name: D
Receiver Name: W
Transaction Value: 673
Transaction timestamp: 200
98
Sender Name: D
Receiver Name: X
Transaction Value: 498
Transaction timestamp: 199
99
Sender Name: C
Receiver Name: X
Transaction Value: 650
Transaction timestamp: 198
100
Sender Name: D
Receiver Name: Z
Transaction Value: 393
Transaction timestamp: 197
101
Sender Name: C
Receiver Name: W
Transaction Value: 780
Transaction timestamp: 196
102
Sender Name: A
Receiver Name: X
Transaction Value: 738
Transaction timestamp: 195
103
Sender Name: B
Receiver Name: X
Transaction Value: 50
Transaction timestamp: 194
104
Sender Name: B
Receiver Name: Y
Transaction Value: 890
Transaction timestamp: 193
105
Sender Name: D
Receiver Name: Z
Transaction Value: 927
Transaction timestamp: 192
106
Sender Name: C
Receiver Name: X
Transaction Value: 101
Transaction timestamp: 191
107
Sender Name: B
Receiver Name: Y
Transaction Value: 985
Transaction timestamp: 190
108
Sender Name: C
Receiver Name: Y
Transaction Value: 685
Transaction timestamp: 189
109
Sender Name: C
Receiver Name: W
Transaction Value: 363
Transaction timestamp: 188
110
Sender Name: C
Receiver Name: W
Transaction Value: 465
Transaction timestamp: 187
111
Sender Name: C
Receiver Name: W
Transaction Value: 807
Transaction timestamp: 186
112
Sender Name: B
Receiver Name: W
Transaction Value: 630
Transaction timestamp: 185
113
Sender Name: B
Receiver Name: Y
Transaction Value: 981
Transaction timestamp: 184
114
Sender Name: A
Receiver Name: W
Transaction Value: 733
Transaction timestamp: 183
115
Sender Name: C
Receiver Name: W
Transaction Value: 897
Transaction timestamp: 182
116
Sender Name: A
Receiver Name: X
Transaction Value: 280
Transaction timestamp: 181
117
Sender Name: A
Receiver Name: Z
Transaction Value: 538
Transaction timestamp: 180
118
Sender Name: B
Receiver Name: Z
Transaction Value: 241
Transaction timestamp: 179
119
Sender Name: D
Receiver Name: W
Transaction Value: 116
Transaction timestamp: 178
120
Sender Name: C
Receiver Name: Z
Transaction Value: 313
Transaction timestamp: 177
121
Sender Name: A
Receiver Name: Z
Transaction Value: 929
Transaction timestamp: 176
122
Sender Name: C
Receiver Name: Z
Transaction Value: 82
Transaction timestamp: 175
123
Sender Name: D
Receiver Name: Y
Transaction Value: 926
Transaction timestamp: 174
124
Sender Name: D
Receiver Name: W
Transaction Value: 802
Transaction timestamp: 173
125
Sender Name: D
Receiver Name: X
Transaction Value: 452
Transaction timestamp: 172
126
Sender Name: A
Receiver Name: W
Transaction Value: 273
Transaction timestamp: 171
127
Sender Name: A
Receiver Name: X
Transaction Value: 571
Transaction timestamp: 170
128
Sender Name: A
Receiver Name: X
Transaction Value: 856
Transaction timestamp: 169
129
Sender Name: B
Receiver Name: W
Transaction Value: 927
Transaction timestamp: 168
130
Sender Name: B
Receiver Name: X
Transaction Value: 392
Transaction timestamp: 167
131
Sender Name: C
Receiver Name: W
Transaction Value: 767
Transaction timestamp: 166
132
Sender Name: B
Receiver Name: Z
Transaction Value: 482
Transaction timestamp: 165
133
Sender Name: B
Receiver Name: Y
Transaction Value: 456
Transaction timestamp: 164
134
Sender Name: B
Receiver Name: W
Transaction Value: 694
Transaction timestamp: 163
135
Sender Name: C
Receiver Name: X
Transaction Value: 35
Transaction timestamp: 162
136
Sender Name: C
Receiver Name: X
Transaction Value: 536
Transaction timestamp: 161
137
Sender Name: B
Receiver Name: Z
Transaction Value: 941
Transaction timestamp: 160
138
Sender Name: C
Receiver Name: Z
Transaction Value: 590
Transaction timestamp: 159
139
Sender Name: D
Receiver Name: X
Transaction Value: 907
Transaction timestamp: 158
140
Sender Name: C
Receiver Name: X
Transaction Value: 657
Transaction timestamp: 157
141
Sender Name: D
Receiver Name: Y
Transaction Value: 660
Transaction timestamp: 156
142
Sender Name: A
Receiver Name: Y
Transaction Value: 143
Transaction timestamp: 155
143
Sender Name: A
Receiver Name: Z
Transaction Value: 223
Transaction timestamp: 154
144
Sender Name: C
Receiver Name: Z
Transaction Value: 383
Transaction timestamp: 153
145
Sender Name: C
Receiver Name: Z
Transaction Value: 680
Transaction timestamp: 152
146
Sender Name: A
Receiver Name: Y
Transaction Value: 758
Transaction timestamp: 151
147
Sender Name: D
Receiver Name: Y
Transaction Value: 550
Transaction timestamp: 150
148
Sender Name: A
Receiver Name: W
Transaction Value: 239
Transaction timestamp: 149
149
Sender Name: D
Receiver Name: X
Transaction Value: 807
Transaction timestamp: 148
150
Sender Name: A
Receiver Name: Y
Transaction Value: 565
Transaction timestamp: 147
151
Sender Name: D
Receiver Name: Z
Transaction Value: 213
Transaction timestamp: 146
152
Sender Name: B
Receiver Name: Y
Transaction Value: 985
Transaction timestamp: 145
153
Sender Name: C
Receiver Name: X
Transaction Value: 237
Transaction timestamp: 144
154
Sender Name: D
Receiver Name: X
Transaction Value: 79
Transaction timestamp: 143
155
Sender Name: C
Receiver Name: Y
Transaction Value: 34
Transaction timestamp: 142
156
Sender Name: A
Receiver Name: Y
Transaction Value: 757
Transaction timestamp: 141
157
Sender Name: D
Receiver Name: Z
Transaction Value: 617
Transaction timestamp: 140
158
Sender Name: B
Receiver Name: X
Transaction Value: 132
Transaction timestamp: 139
159
Sender Name: D
Receiver Name: W
Transaction Value: 609
Transaction timestamp: 138
160
Sender Name: D
Receiver Name: X
Transaction Value: 649
Transaction timestamp: 137
161
Sender Name: C
Receiver Name: W
Transaction Value: 742
Transaction timestamp: 136
162
Sender Name: C
Receiver Name: X
Transaction Value: 101
Transaction timestamp: 135
163
Sender Name: C
Receiver Name: Z
Transaction Value: 543
Transaction timestamp: 134
164
Sender Name: A
Receiver Name: Y
Transaction Value: 665
Transaction timestamp: 133
165
Sender Name: A
Receiver Name: X
Transaction Value: 949
Transaction timestamp: 132
166
Sender Name: D
Receiver Name: W
Transaction Value: 748
Transaction timestamp: 131
167
Sender Name: B
Receiver Name: Z
Transaction Value: 556
Transaction timestamp: 130
168
Sender Name: D
Receiver Name: W
Transaction Value: 580
Transaction timestamp: 129
169
Sender Name: B
Receiver Name: Z
Transaction Value: 310
Transaction timestamp: 128
170
Sender Name: C
Receiver Name: Z
Transaction Value: 877
Transaction timestamp: 127
171
Sender Name: B
Receiver Name: Y
Transaction Value: 248
Transaction timestamp: 126
172
Sender Name: A
Receiver Name: Y
Transaction Value: 830
Transaction timestamp: 125
173
Sender Name: C
Receiver Name: X
Transaction Value: 138
Transaction timestamp: 124
174
Sender Name: D
Receiver Name: X
Transaction Value: 728
Transaction timestamp: 123
175
Sender Name: D
Receiver Name: X
Transaction Value: 578
Transaction timestamp: 122
176
Sender Name: B
Receiver Name: W
Transaction Value: 350
Transaction timestamp: 121
177
Sender Name: A
Receiver Name: Z
Transaction Value: 350
Transaction timestamp: 120
178
Sender Name: B
Receiver Name: Z
Transaction Value: 527
Transaction timestamp: 119
179
Sender Name: C
Receiver Name: Y
Transaction Value: 699
Transaction timestamp: 118
180
Sender Name: B
Receiver Name: Z
Transaction Value: 577
Transaction timestamp: 117
181
Sender Name: C
Receiver Name: W
Transaction Value: 525
Transaction timestamp: 116
182
Sender Name: C
Receiver Name: Z
Transaction Value: 65
Transaction timestamp: 115
183
Sender Name: C
Receiver Name: X
Transaction Value: 393
Transaction timestamp: 114
184
Sender Name: A
Receiver Name: X
Transaction Value: 48
Transaction timestamp: 113
185
Sender Name: B
Receiver Name: X
Transaction Value: 846
Transaction timestamp: 112
186
Sender Name: C
Receiver Name: Z
Transaction Value: 39
Transaction timestamp: 111
187
Sender Name: D
Receiver Name: X
Transaction Value: 479
Transaction timestamp: 110
188
Sender Name: B
Receiver Name: W
Transaction Value: 255
Transaction timestamp: 109
189
Sender Name: C
Receiver Name: W
Transaction Value: 875
Transaction timestamp: 108
190
Sender Name: A
Receiver Name: W
Transaction Value: 997
Transaction timestamp: 107
191
Sender Name: C
Receiver Name: W
Transaction Value: 411
Transaction timestamp: 106
192
Sender Name: A
Receiver Name: Z
Transaction Value: 477
Transaction timestamp: 105
193
Sender Name: A
Receiver Name: Y
Transaction Value: 35
Transaction timestamp: 104
194
Sender Name: B
Receiver Name: X
Transaction Value: 796
Transaction timestamp: 103
195
Sender Name: B
Receiver Name: X
Transaction Value: 272
Transaction timestamp: 102
196
Sender Name: C
Receiver Name: Y
Transaction Value: 466
Transaction timestamp: 101
197
Sender Name: C
Receiver Name: X
Transaction Value: 592
Transaction timestamp: 100
198
Sender Name: A
Receiver Name: X
Transaction Value: 740
Transaction timestamp: 99
199
Sender Name: C
Receiver Name: X
Transaction Value: 469
Transaction timestamp: 98
200
Sender Name: D
Receiver Name: W
Transaction Value: 69
Transaction timestamp: 97
201
Sender Name: B
Receiver Name: Z
Transaction Value: 325
Transaction timestamp: 96
202
Sender Name: A
Receiver Name: X
Transaction Value: 177
Transaction timestamp: 95
203
Sender Name: A
Receiver Name: Y
Transaction Value: 735
Transaction timestamp: 94
204
Sender Name: A
Receiver Name: Z
Transaction Value: 841
Transaction timestamp: 93
205
Sender Name: B
Receiver Name: Z
Transaction Value: 143
Transaction timestamp: 92
206
Sender Name: C
Receiver Name: X
Transaction Value: 33
Transaction timestamp: 91
207
Sender Name: A
Receiver Name: X
Transaction Value: 656
Transaction timestamp: 90
208
Sender Name: B
Receiver Name: Y
Transaction Value: 871
Transaction timestamp: 89
209
Sender Name: C
Receiver Name: W
Transaction Value: 655
Transaction timestamp: 88
210
Sender Name: D
Receiver Name: Z
Transaction Value: 277
Transaction timestamp: 87
211
Sender Name: B
Receiver Name: W
Transaction Value: 152
Transaction timestamp: 86
212
Sender Name: D
Receiver Name: Z
Transaction Value: 295
Transaction timestamp: 85
213
Sender Name: B
Receiver Name: W
Transaction Value: 598
Transaction timestamp: 84
214
Sender Name: D
Receiver Name: X
Transaction Value: 941
Transaction timestamp: 83
215
Sender Name: D
Receiver Name: X
Transaction Value: 448
Transaction timestamp: 82
216
Sender Name: C
Receiver Name: Z
Transaction Value: 569
Transaction timestamp: 81
217
Sender Name: D
Receiver Name: Y
Transaction Value: 312
Transaction timestamp: 80
218
Sender Name: A
Receiver Name: Z
Transaction Value: 414
Transaction timestamp: 79
219
Sender Name: A
Receiver Name: Y
Transaction Value: 589
Transaction timestamp: 78
220
Sender Name: D
Receiver Name: Z
Transaction Value: 694
Transaction timestamp: 77
221
Sender Name: A
Receiver Name: Y
Transaction Value: 940
Transaction timestamp: 76
222
Sender Name: C
Receiver Name: X
Transaction Value: 292
Transaction timestamp: 75
223
Sender Name: C
Receiver Name: X
Transaction Value: 684
Transaction timestamp: 74
224
Sender Name: D
Receiver Name: Y
Transaction Value: 966
Transaction timestamp: 73
225
Sender Name: C
Receiver Name: X
Transaction Value: 980
Transaction timestamp: 72
226
Sender Name: C
Receiver Name: Z
Transaction Value: 239
Transaction timestamp: 71
227
Sender Name: B
Receiver Name: X
Transaction Value: 22
Transaction timestamp: 70
228
Sender Name: A
Receiver Name: Z
Transaction Value: 312
Transaction timestamp: 69
229
Sender Name: B
Receiver Name: Y
Transaction Value: 7
Transaction timestamp: 68
230
Sender Name: A
Receiver Name: X
Transaction Value: 341
Transaction timestamp: 67
231
Sender Name: B
Receiver Name: W
Transaction Value: 243
Transaction timestamp: 66
232
Sender Name: C
Receiver Name: Y
Transaction Value: 959
Transaction timestamp: 65
233
Sender Name: C
Receiver Name: Y
Transaction Value: 36
Transaction timestamp: 64
234
Sender Name: D
Receiver Name: Z
Transaction Value: 924
Transaction timestamp: 63
235
Sender Name: C
Receiver Name: Z
Transaction Value: 191
Transaction timestamp: 62
236
Sender Name: D
Receiver Name: Z
Transaction Value: 83
Transaction timestamp: 61
237
Sender Name: D
Receiver Name: Z
Transaction Value: 787
Transaction timestamp: 60
238
Sender Name: C
Receiver Name: Z
Transaction Value: 190
Transaction timestamp: 59
239
Sender Name: D
Receiver Name: X
Transaction Value: 61
Transaction timestamp: 58
240
Sender Name: D
Receiver Name: Z
Transaction Value: 683
Transaction timestamp: 57
241
Sender Name: A
Receiver Name: W
Transaction Value: 181
Transaction timestamp: 56
242
Sender Name: A
Receiver Name: X
Transaction Value: 369
Transaction timestamp: 55
243
Sender Name: D
Receiver Name: W
Transaction Value: 396
Transaction timestamp: 54
244
Sender Name: A
Receiver Name: X
Transaction Value: 123
Transaction timestamp: 53
245
Sender Name: B
Receiver Name: X
Transaction Value: 815
Transaction timestamp: 52
246
Sender Name: A
Receiver Name: W
Transaction Value: 138
Transaction timestamp: 51
247
Sender Name: A
Receiver Name: X
Transaction Value: 563
Transaction timestamp: 50
248
Sender Name: C
Receiver Name: Y
Transaction Value: 727
Transaction timestamp: 49
249
Sender Name: C
Receiver Name: Y
Transaction Value: 3
Transaction timestamp: 48
250
Sender Name: D
Receiver Name: W
Transaction Value: 61
Transaction timestamp: 47
251
Sender Name: B
Receiver Name: X
Transaction Value: 414
Transaction timestamp: 46
252
Sender Name: B
Receiver Name: X
Transaction Value: 360
Transaction timestamp: 45
253
Sender Name: A
Receiver Name: W
Transaction Value: 887
Transaction timestamp: 44
254
Sender Name: C
Receiver Name: Z
Transaction Value: 449
Transaction timestamp: 43
255
Sender Name: C
Receiver Name: W
Transaction Value: 742
Transaction timestamp: 42
256
Sender Name: D
Receiver Name: X
Transaction Value: 279
Transaction timestamp: 41
257
Sender Name: D
Receiver Name: Z
Transaction Value: 537
Transaction timestamp: 40
258
Sender Name: B
Receiver Name: Y
Transaction Value: 457
Transaction timestamp: 39
259
Sender Name: B
Receiver Name: X
Transaction Value: 894
Transaction timestamp: 38
260
Sender Name: C
Receiver Name: W
Transaction Value: 389
Transaction timestamp: 37
261
Sender Name: B
Receiver Name: X
Transaction Value: 711
Transaction timestamp: 36
262
Sender Name: B
Receiver Name: Z
Transaction Value: 889
Transaction timestamp: 35
263
Sender Name: B
Receiver Name: W
Transaction Value: 934
Transaction timestamp: 34
264
Sender Name: B
Receiver Name: Z
Transaction Value: 773
Transaction timestamp: 33
265
Sender Name: D
Receiver Name: Z
Transaction Value: 262
Transaction timestamp: 32
266
Sender Name: D
Receiver Name: Y
Transaction Value: 726
Transaction timestamp: 31
267
Sender Name: C
Receiver Name: W
Transaction Value: 414
Transaction timestamp: 30
268
Sender Name: B
Receiver Name: W
Transaction Value: 62
Transaction timestamp: 29
269
Sender Name: B
Receiver Name: X
Transaction Value: 22
Transaction timestamp: 28
270
Sender Name: A
Receiver Name: Z
Transaction Value: 542
Transaction timestamp: 27
271
Sender Name: C
Receiver Name: Z
Transaction Value: 229
Transaction timestamp: 26
272
Sender Name: C
Receiver Name: X
Transaction Value: 668
Transaction timestamp: 25
273
Sender Name: B
Receiver Name: Y
Transaction Value: 153
Transaction timestamp: 24
274
Sender Name: A
Receiver Name: W
Transaction Value: 447
Transaction timestamp: 23
275
Sender Name: D
Receiver Name: Y
Transaction Value: 45
Transaction timestamp: 22
276
Sender Name: A
Receiver Name: W
Transaction Value: 700
Transaction timestamp: 21
277
Sender Name: D
Receiver Name: W
Transaction Value: 560
Transaction timestamp: 20
278
Sender Name: A
Receiver Name: Y
Transaction Value: 192
Transaction timestamp: 19
279
Sender Name: C
Receiver Name: W
Transaction Value: 362
Transaction timestamp: 18
280
Sender Name: C
Receiver Name: Z
Transaction Value: 254
Transaction timestamp: 17
281
Sender Name: B
Receiver Name: Y
Transaction Value: 661
Transaction timestamp: 16
282
Sender Name: B
Receiver Name: Y
Transaction Value: 452
Transaction timestamp: 15
283
Sender Name: B
Receiver Name: Z
Transaction Value: 16
Transaction timestamp: 14
284
Sender Name: A
Receiver Name: X
Transaction Value: 954
Transaction timestamp: 13
285
Sender Name: A
Receiver Name: X
Transaction Value: 927
Transaction timestamp: 12
286
Sender Name: B
Receiver Name: X
Transaction Value: 911
Transaction timestamp: 11
287
Sender Name: B
Receiver Name: X
Transaction Value: 518
Transaction timestamp: 10
288
Sender Name: C
Receiver Name: Z
Transaction Value: 954
Transaction timestamp: 9
289
Sender Name: C
Receiver Name: Y
Transaction Value: 159
Transaction timestamp: 8
290
Sender Name: C
Receiver Name: W
Transaction Value: 9
Transaction timestamp: 7
291
Sender Name: B
Receiver Name: Y
Transaction Value: 119
Transaction timestamp: 6
292
Sender Name: B
Receiver Name: X
Transaction Value: 895
Transaction timestamp: 5
293
Sender Name: A
Receiver Name: Z
Transaction Value: 895
Transaction timestamp: 4
294
Sender Name: A
Receiver Name: Z
Transaction Value: 304
Transaction timestamp: 3
295
Sender Name: D
Receiver Name: Z
Transaction Value: 422
Transaction timestamp: 2
296
Sender Name: A
Receiver Name: Y
Transaction Value: 122
Transaction timestamp: 1