Blockchain Info:
1
Sender Name: B
Receiver Name: W
Transaction Value: 603
Transaction timestamp: 462
2
Sender Name: A
Receiver Name: Y
Transaction Value: 4
Transaction timestamp: 461
3
Sender Name: C
Receiver Name: Y
Transaction Value: 345
Transaction timestamp: 460
4
Sender Name: C
Receiver Name: Y
Transaction Value: 284
Transaction timestamp: 459
5
Sender Name: A
Receiver Name: W
Transaction Value: 649
Transaction timestamp: 458
6
Sender Name: B
Receiver Name: X
Transaction Value: 981
Transaction timestamp: 457
7
Sender Name: C
Receiver Name: W
Transaction Value: 112
Transaction timestamp: 456
8
Sender Name: A
Receiver Name: X
Transaction Value: 108
Transaction timestamp: 455
9
Sender Name: A
Receiver Name: Y
Transaction Value: 700
Transaction timestamp: 454
10
Sender Name: C
Receiver Name: Y
Transaction Value: 983
Transaction timestamp: 453
11
Sender Name: C
Receiver Name: Y
Transaction Value: 808
Transaction timestamp: 452
12
Sender Name: B
Receiver Name: X
Transaction Value: 464
Transaction timestamp: 451
13
Sender Name: D
Receiver Name: Y
Transaction Value: 889
Transaction timestamp: 450
14
Sender Name: A
Receiver Name: Y
Transaction Value: 38
Transaction timestamp: 449
15
Sender Name: D
Receiver Name: Z
Transaction Value: 502
Transaction timestamp: 448
16
Sender Name: C
Receiver Name: W
Transaction Value: 211
Transaction timestamp: 447
17
Sender Name: C
Receiver Name: Y
Transaction Value: 681
Transaction timestamp: 446
18
Sender Name: A
Receiver Name: W
Transaction Value: 135
Transaction timestamp: 445
19
Sender Name: C
Receiver Name: X
Transaction Value: 143
Transaction timestamp: 444
20
Sender Name: C
Receiver Name: W
Transaction Value: 357
Transaction timestamp: 443
21
Sender Name: B
Receiver Name: Z
Transaction Value: 869
Transaction timestamp: 442
22
Sender Name: C
Receiver Name: Y
Transaction Value: 627
Transaction timestamp: 441
23
Sender Name: B
Receiver Name: W
Transaction Value: 984
Transaction timestamp: 440
24
Sender Name: A
Receiver Name: W
Transaction Value: 24
Transaction timestamp: 439
25
Sender Name: D
Receiver Name: Y
Transaction Value: 52
Transaction timestamp: 438
26
Sender Name: D
Receiver Name: W
Transaction Value: 583
Transaction timestamp: 437
27
Sender Name: A
Receiver Name: Z
Transaction Value: 234
Transaction timestamp: 436
28
Sender Name: D
Receiver Name: W
Transaction Value: 338
Transaction timestamp: 435
29
Sender Name: B
Receiver Name: W
Transaction Value: 330
Transaction timestamp: 434
30
Sender Name: D
Receiver Name: W
Transaction Value: 412
Transaction timestamp: 433
31
Sender Name: A
Receiver Name: Y
Transaction Value: 275
Transaction timestamp: 432
32
Sender Name: B
Receiver Name: W
Transaction Value: 574
Transaction timestamp: 431
33
Sender Name: D
Receiver Name: W
Transaction Value: 606
Transaction timestamp: 430
34
Sender Name: B
Receiver Name: Y
Transaction Value: 67
Transaction timestamp: 429
35
Sender Name: A
Receiver Name: Y
Transaction Value: 363
Transaction timestamp: 428
36
Sender Name: D
Receiver Name: Z
Transaction Value: 80
Transaction timestamp: 427
37
Sender Name: C
Receiver Name: Z
Transaction Value: 232
Transaction timestamp: 426
38
Sender Name: C
Receiver Name: W
Transaction Value: 58
Transaction timestamp: 425
39
Sender Name: C
Receiver Name: Z
Transaction Value: 306
Transaction timestamp: 424
40
Sender Name: C
Receiver Name: W
Transaction Value: 748
Transaction timestamp: 423
41
Sender Name: B
Receiver Name: Z
Transaction Value: 80
Transaction timestamp: 422
42
Sender Name: B
Receiver Name: Y
Transaction Value: 777
Transaction timestamp: 421
43
Sender Name: C
Receiver Name: Z
Transaction Value: 340
Transaction timestamp: 420
44
Sender Name: B
Receiver Name: Y
Transaction Value: 477
Transaction timestamp: 419
45
Sender Name: A
Receiver Name: X
Transaction Value: 435
Transaction timestamp: 418
46
Sender Name: D
Receiver Name: W
Transaction Value: 678
Transaction timestamp: 417
47
Sender Name: C
Receiver Name: W
Transaction Value: 384
Transaction timestamp: 416
48
Sender Name: B
Receiver Name: X
Transaction Value: 747
Transaction timestamp: 415
49
Sender Name: A
Receiver Name: Z
Transaction Value: 365
Transaction timestamp: 414
50
Sender Name: A
Receiver Name: Y
Transaction Value: 167
Transaction timestamp: 413
51
Sender Name: C
Receiver Name: Y
Transaction Value: 606
Transaction timestamp: 412
52
Sender Name: B
Receiver Name: Y
Transaction Value: 96
Transaction timestamp: 411
53
Sender Name: A
Receiver Name: W
Transaction Value: 980
Transaction timestamp: 410
54
Sender Name: B
Receiver Name: Z
Transaction Value: 906
Transaction timestamp: 409
55
Sender Name: A
Receiver Name: Z
Transaction Value: 429
Transaction timestamp: 408
56
Sender Name: B
Receiver Name: Y
Transaction Value: 847
Transaction timestamp: 407
57
Sender Name: C
Receiver Name: Y
Transaction Value: 107
Transaction timestamp: 406
58
Sender Name: D
Receiver Name: X
Transaction Value: 280
Transaction timestamp: 405
59
Sender Name: D
Receiver Name: W
Transaction Value: 184
Transaction timestamp: 404
60
Sender Name: C
Receiver Name: W
Transaction Value: 855
Transaction timestamp: 403
61
Sender Name: A
Receiver Name: Z
Transaction Value: 488
Transaction timestamp: 402
62
Sender Name: A
Receiver Name: Z
Transaction Value: 678
Transaction timestamp: 401
63
Sender Name: B
Receiver Name: Y
Transaction Value: 498
Transaction timestamp: 400
64
Sender Name: C
Receiver Name: W
Transaction Value: 657
Transaction timestamp: 399
65
Sender Name: C
Receiver Name: Z
Transaction Value: 85
Transaction timestamp: 398
66
Sender Name: B
Receiver Name: W
Transaction Value: 395
Transaction timestamp: 397
67
Sender Name: D
Receiver Name: W
Transaction Value: 695
Transaction timestamp: 396
68
Sender Name: D
Receiver Name: Z
Transaction Value: 393
Transaction timestamp: 395
69
Sender Name: B
Receiver Name: Y
Transaction Value: 539
Transaction timestamp: 394
70
Sender Name: A
Receiver Name: Y
Transaction Value: 836
Transaction timestamp: 393
71
Sender Name: C
Receiver Name: W
Transaction Value: 841
Transaction timestamp: 392
72
Sender Name: A
Receiver Name: X
Transaction Value: 150
Transaction timestamp: 391
73
Sender Name: A
Receiver Name: Y
Transaction Value: 41
Transaction timestamp: 390
74
Sender Name: C
Receiver Name: Z
Transaction Value: 695
Transaction timestamp: 389
75
Sender Name: C
Receiver Name: W
Transaction Value: 94
Transaction timestamp: 388
76
Sender Name: B
Receiver Name: Y
Transaction Value: 554
Transaction timestamp: 387
77
Sender Name: B
Receiver Name: W
Transaction Value: 610
Transaction timestamp: 386
78
Sender Name: C
Receiver Name: X
Transaction Value: 515
Transaction timestamp: 385
79
Sender Name: D
Receiver Name: X
Transaction Value: 227
Transaction timestamp: 384
80
Sender Name: C
Receiver Name: Z
Transaction Value: 448
Transaction timestamp: 383
81
Sender Name: B
Receiver Name: Z
Transaction Value: 918
Transaction timestamp: 382
82
Sender Name: D
Receiver Name: X
Transaction Value: 583
Transaction timestamp: 381
83
Sender Name: C
Receiver Name: W
Transaction Value: 21
Transaction timestamp: 380
84
Sender Name: B
Receiver Name: W
Transaction Value: 591
Transaction timestamp: 379
85
Sender Name: B
Receiver Name: X
Transaction Value: 302
Transaction timestamp: 378
86
Sender Name: A
Receiver Name: X
Transaction Value: 648
Transaction timestamp: 377
87
Sender Name: A
Receiver Name: W
Transaction Value: 28
Transaction timestamp: 376
88
Sender Name: D
Receiver Name: Z
Transaction Value: 537
Transaction timestamp: 375
89
Sender Name: D
Receiver Name: Z
Transaction Value: 167
Transaction timestamp: 374
90
Sender Name: A
Receiver Name: Y
Transaction Value: 848
Transaction timestamp: 373
91
Sender Name: C
Receiver Name: Z
Transaction Value: 449
Transaction timestamp: 372
92
Sender Name: C
Receiver Name: W
Transaction Value: 97
Transaction timestamp: 371
93
Sender Name: A
Receiver Name: Z
Transaction Value: 47
Transaction timestamp: 370
94
Sender Name: C
Receiver Name: Z
Transaction Value: 686
Transaction timestamp: 369
95
Sender Name: A
Receiver Name: Y
Transaction Value: 542
Transaction timestamp: 368
96
Sender Name: C
Receiver Name: Z
Transaction Value: 49
Transaction timestamp: 367
97
Sender Name: B
Receiver Name: W
Transaction Value: 930
Transaction timestamp: 366
98
Sender Name: B
Receiver Name: Y
Transaction Value: 305
Transaction timestamp: 365
99
Sender Name: C
Receiver Name: X
Transaction Value: 118
Transaction timestamp: 364
100
Sender Name: A
Receiver Name: W
Transaction Value: 325
Transaction timestamp: 363
101
Sender Name: B
Receiver Name: W
Transaction Value: 321
Transaction timestamp: 362
102
Sender Name: B
Receiver Name: Y
Transaction Value: 759
Transaction timestamp: 361
103
Sender Name: B
Receiver Name: W
Transaction Value: 450
Transaction timestamp: 360
104
Sender Name: C
Receiver Name: X
Transaction Value: 793
Transaction timestamp: 359
105
Sender Name: C
Receiver Name: Y
Transaction Value: 802
Transaction timestamp: 358
106
Sender Name: A
Receiver Name: Z
Transaction Value: 695
Transaction timestamp: 357
107
Sender Name: A
Receiver Name: Z
Transaction Value: 80
Transaction timestamp: 356
108
Sender Name: D
Receiver Name: Z
Transaction Value: 213
Transaction timestamp: 355
109
Sender Name: B
Receiver Name: Z
Transaction Value: 521
Transaction timestamp: 354
110
Sender Name: B
Receiver Name: X
Transaction Value: 972
Transaction timestamp: 353
111
Sender Name: A
Receiver Name: X
Transaction Value: 375
Transaction timestamp: 352
112
Sender Name: B
Receiver Name: X
Transaction Value: 21
Transaction timestamp: 351
113
Sender Name: D
Receiver Name: Z
Transaction Value: 376
Transaction timestamp: 350
114
Sender Name: A
Receiver Name: Z
Transaction Value: 849
Transaction timestamp: 349
115
Sender Name: B
Receiver Name: X
Transaction Value: 472
Transaction timestamp: 348
116
Sender Name: D
Receiver Name: X
Transaction Value: 805
Transaction timestamp: 347
117
Sender Name: B
Receiver Name: X
Transaction Value: 485
Transaction timestamp: 346
118
Sender Name: A
Receiver Name: W
Transaction Value: 384
Transaction timestamp: 345
119
Sender Name: B
Receiver Name: W
Transaction Value: 807
Transaction timestamp: 344
120
Sender Name: C
Receiver Name: X
Transaction Value: 12
Transaction timestamp: 343
121
Sender Name: B
Receiver Name: X
Transaction Value: 189
Transaction timestamp: 342
122
Sender Name: B
Receiver Name: Z
Transaction Value: 448
Transaction timestamp: 341
123
Sender Name: A
Receiver Name: Y
Transaction Value: 667
Transaction timestamp: 340
124
Sender Name: A
Receiver Name: X
Transaction Value: 417
Transaction timestamp: 339
125
Sender Name: D
Receiver Name: Y
Transaction Value: 128
Transaction timestamp: 338
126
Sender Name: B
Receiver Name: Y
Transaction Value: 536
Transaction timestamp: 337
127
Sender Name: C
Receiver Name: Y
Transaction Value: 248
Transaction timestamp: 336
128
Sender Name: A
Receiver Name: Y
Transaction Value: 131
Transaction timestamp: 335
129
Sender Name: A
Receiver Name: X
Transaction Value: 946
Transaction timestamp: 334
130
Sender Name: D
Receiver Name: Y
Transaction Value: 486
Transaction timestamp: 333
131
Sender Name: A
Receiver Name: X
Transaction Value: 697
Transaction timestamp: 332
132
Sender Name: B
Receiver Name: Z
Transaction Value: 60
Transaction timestamp: 331
133
Sender Name: C
Receiver Name: Z
Transaction Value: 583
Transaction timestamp: 330
134
Sender Name: D
Receiver Name: Y
Transaction Value: 207
Transaction timestamp: 329
135
Sender Name: C
Receiver Name: Y
Transaction Value: 76
Transaction timestamp: 328
136
Sender Name: B
Receiver Name: W
Transaction Value: 202
Transaction timestamp: 327
137
Sender Name: C
Receiver Name: W
Transaction Value: 270
Transaction timestamp: 326
138
Sender Name: C
Receiver Name: W
Transaction Value: 807
Transaction timestamp: 325
139
Sender Name: B
Receiver Name: W
Transaction Value: 166
Transaction timestamp: 324
140
Sender Name: D
Receiver Name: Z
Transaction Value: 738
Transaction timestamp: 323
141
Sender Name: C
Receiver Name: W
Transaction Value: 323
Transaction timestamp: 322
142
Sender Name: D
Receiver Name: Y
Transaction Value: 388
Transaction timestamp: 321
143
Sender Name: A
Receiver Name: W
Transaction Value: 954
Transaction timestamp: 320
144
Sender Name: A
Receiver Name: Y
Transaction Value: 39
Transaction timestamp: 319
145
Sender Name: B
Receiver Name: X
Transaction Value: 739
Transaction timestamp: 318
146
Sender Name: C
Receiver Name: Z
Transaction Value: 519
Transaction timestamp: 317
147
Sender Name: C
Receiver Name: W
Transaction Value: 533
Transaction timestamp: 316
148
Sender Name: D
Receiver Name: Y
Transaction Value: 956
Transaction timestamp: 315
149
Sender Name: C
Receiver Name: Y
Transaction Value: 243
Transaction timestamp: 314
150
Sender Name: B
Receiver Name: X
Transaction Value: 51
Transaction timestamp: 313
151
Sender Name: D
Receiver Name: Y
Transaction Value: 370
Transaction timestamp: 312
152
Sender Name: C
Receiver Name: X
Transaction Value: 295
Transaction timestamp: 311
153
Sender Name: A
Receiver Name: Y
Transaction Value: 116
Transaction timestamp: 310
154
Sender Name: C
Receiver Name: X
Transaction Value: 987
Transaction timestamp: 309
155
Sender Name: A
Receiver Name: Z
Transaction Value: 411
Transaction timestamp: 308
156
Sender Name: D
Receiver Name: Y
Transaction Value: 442
Transaction timestamp: 307
157
Sender Name: B
Receiver Name: Z
Transaction Value: 490
Transaction timestamp: 306
158
Sender Name: B
Receiver Name: X
Transaction Value: 942
Transaction timestamp: 305
159
Sender Name: A
Receiver Name: Z
Transaction Value: 181
Transaction timestamp: 304
160
Sender Name: D
Receiver Name: Z
Transaction Value: 313
Transaction timestamp: 303
161
Sender Name: C
Receiver Name: W
Transaction Value: 849
Transaction timestamp: 302
162
Sender Name: D
Receiver Name: X
Transaction Value: 583
Transaction timestamp: 301
163
Sender Name: D
Receiver Name: W
Transaction Value: 270
Transaction timestamp: 300
164
Sender Name: D
Receiver Name: Y
Transaction Value: 997
Transaction timestamp: 299
165
Sender Name: A
Receiver Name: Z
Transaction Value: 805
Transaction timestamp: 298
166
Sender Name: D
Receiver Name: X
Transaction Value: 482
Transaction timestamp: 297
167
Sender Name: B
Receiver Name: X
Transaction Value: 815
Transaction timestamp: 296
168
Sender Name: B
Receiver Name: W
Transaction Value: 55
Transaction timestamp: 295
169
Sender Name: D
Receiver Name: Y
Transaction Value: 972
Transaction timestamp: 294
170
Sender Name: D
Receiver Name: Y
Transaction Value: 894
Transaction timestamp: 293
171
Sender Name: B
Receiver Name: Y
Transaction Value: 206
Transaction timestamp: 292
172
Sender Name: D
Receiver Name: Z
Transaction Value: 351
Transaction timestamp: 291
173
Sender Name: C
Receiver Name: W
Transaction Value: 769
Transaction timestamp: 290
174
Sender Name: B
Receiver Name: Z
Transaction Value: 734
Transaction timestamp: 289
175
Sender Name: D
Receiver Name: Z
Transaction Value: 307
Transaction timestamp: 288
176
Sender Name: A
Receiver Name: Z
Transaction Value: 936
Transaction timestamp: 287
177
Sender Name: C
Receiver Name: Z
Transaction Value: 57
Transaction timestamp: 286
178
Sender Name: A
Receiver Name: X
Transaction Value: 153
Transaction timestamp: 285
179
Sender Name: C
Receiver Name: X
Transaction Value: 866
Transaction timestamp: 284
180
Sender Name: B
Receiver Name: Y
Transaction Value: 963
Transaction timestamp: 283
181
Sender Name: C
Receiver Name: X
Transaction Value: 76
Transaction timestamp: 282
182
Sender Name: B
Receiver Name: W
Transaction Value: 358
Transaction timestamp: 281
183
Sender Name: B
Receiver Name: Y
Transaction Value: 91
Transaction timestamp: 280
184
Sender Name: A
Receiver Name: X
Transaction Value: 49
Transaction timestamp: 279
185
Sender Name: C
Receiver Name: Y
Transaction Value: 248
Transaction timestamp: 278
186
Sender Name: C
Receiver Name: Z
Transaction Value: 603
Transaction timestamp: 277
187
Sender Name: A
Receiver Name: W
Transaction Value: 448
Transaction timestamp: 276
188
Sender Name: D
Receiver Name: X
Transaction Value: 221
Transaction timestamp: 275
189
Sender Name: B
Receiver Name: X
Transaction Value: 291
Transaction timestamp: 274
190
Sender Name: D
Receiver Name: X
Transaction Value: 601
Transaction timestamp: 273
191
Sender Name: B
Receiver Name: Z
Transaction Value: 393
Transaction timestamp: 272
192
Sender Name: A
Receiver Name: X
Transaction Value: 617
Transaction timestamp: 271
193
Sender Name: A
Receiver Name: Y
Transaction Value: 770
Transaction timestamp: 270
194
Sender Name: C
Receiver Name: Y
Transaction Value: 706
Transaction timestamp: 269
195
Sender Name: B
Receiver Name: W
Transaction Value: 105
Transaction timestamp: 268
196
Sender Name: A
Receiver Name: W
Transaction Value: 816
Transaction timestamp: 267
197
Sender Name: B
Receiver Name: W
Transaction Value: 803
Transaction timestamp: 266
198
Sender Name: C
Receiver Name: X
Transaction Value: 726
Transaction timestamp: 265
199
Sender Name: D
Receiver Name: Y
Transaction Value: 598
Transaction timestamp: 264
200
Sender Name: A
Receiver Name: Y
Transaction Value: 51
Transaction timestamp: 263
201
Sender Name: D
Receiver Name: W
Transaction Value: 590
Transaction timestamp: 262
202
Sender Name: D
Receiver Name: Z
Transaction Value: 499
Transaction timestamp: 261
203
Sender Name: C
Receiver Name: W
Transaction Value: 888
Transaction timestamp: 260
204
Sender Name: D
Receiver Name: Y
Transaction Value: 875
Transaction timestamp: 259
205
Sender Name: A
Receiver Name: Y
Transaction Value: 991
Transaction timestamp: 258
206
Sender Name: D
Receiver Name: X
Transaction Value: 941
Transaction timestamp: 257
207
Sender Name: D
Receiver Name: Y
Transaction Value: 475
Transaction timestamp: 256
208
Sender Name: B
Receiver Name: X
Transaction Value: 520
Transaction timestamp: 255
209
Sender Name: A
Receiver Name: W
Transaction Value: 161
Transaction timestamp: 254
210
Sender Name: B
Receiver Name: X
Transaction Value: 825
Transaction timestamp: 253
211
Sender Name: D
Receiver Name: Y
Transaction Value: 367
Transaction timestamp: 252
212
Sender Name: D
Receiver Name: X
Transaction Value: 486
Transaction timestamp: 251
213
Sender Name: B
Receiver Name: W
Transaction Value: 249
Transaction timestamp: 250
214
Sender Name: A
Receiver Name: Y
Transaction Value: 282
Transaction timestamp: 249
215
Sender Name: B
Receiver Name: X
Transaction Value: 204
Transaction timestamp: 248
216
Sender Name: D
Receiver Name: Y
Transaction Value: 604
Transaction timestamp: 247
217
Sender Name: D
Receiver Name: Z
Transaction Value: 563
Transaction timestamp: 246
218
Sender Name: C
Receiver Name: Y
Transaction Value: 702
Transaction timestamp: 245
219
Sender Name: B
Receiver Name: Z
Transaction Value: 847
Transaction timestamp: 244
220
Sender Name: D
Receiver Name: W
Transaction Value: 711
Transaction timestamp: 243
221
Sender Name: B
Receiver Name: X
Transaction Value: 620
Transaction timestamp: 242
222
Sender Name: D
Receiver Name: Z
Transaction Value: 881
Transaction timestamp: 241
223
Sender Name: D
Receiver Name: W
Transaction Value: 547
Transaction timestamp: 240
224
Sender Name: C
Receiver Name: Z
Transaction Value: 491
Transaction timestamp: 239
225
Sender Name: D
Receiver Name: X
Transaction Value: 745
Transaction timestamp: 238
226
Sender Name: A
Receiver Name: W
Transaction Value: 445
Transaction timestamp: 237
227
Sender Name: A
Receiver Name: Z
Transaction Value: 372
Transaction timestamp: 236
228
Sender Name: D
Receiver Name: Y
Transaction Value: 625
Transaction timestamp: 235
229
Sender Name: D
Receiver Name: Y
Transaction Value: 923
Transaction timestamp: 234
230
Sender Name: B
Receiver Name: W
Transaction Value: 171
Transaction timestamp: 233
231
Sender Name: B
Receiver Name: Y
Transaction Value: 310
Transaction timestamp: 232
232
Sender Name: C
Receiver Name: W
Transaction Value: 231
Transaction timestamp: 231
233
Sender Name: D
Receiver Name: W
Transaction Value: 114
Transaction timestamp: 230
234
Sender Name: A
Receiver Name: Z
Transaction Value: 110
Transaction timestamp: 229
235
Sender Name: D
Receiver Name: W
Transaction Value: 387
Transaction timestamp: 228
236
Sender Name: B
Receiver Name: Z
Transaction Value: 679
Transaction timestamp: 227
237
Sender Name: B
Receiver Name: Z
Transaction Value: 155
Transaction timestamp: 226
238
Sender Name: D
Receiver Name: Z
Transaction Value: 883
Transaction timestamp: 225
239
Sender Name: C
Receiver Name: Z
Transaction Value: 996
Transaction timestamp: 224
240
Sender Name: A
Receiver Name: Y
Transaction Value: 537
Transaction timestamp: 223
241
Sender Name: C
Receiver Name: Z
Transaction Value: 367
Transaction timestamp: 222
242
Sender Name: B
Receiver Name: W
Transaction Value: 520
Transaction timestamp: 221
243
Sender Name: D
Receiver Name: Y
Transaction Value: 142
Transaction timestamp: 220
244
Sender Name: D
Receiver Name: X
Transaction Value: 229
Transaction timestamp: 219
245
Sender Name: D
Receiver Name: W
Transaction Value: 169
Transaction timestamp: 218
246
Sender Name: B
Receiver Name: Z
Transaction Value: 482
Transaction timestamp: 217
247
Sender Name: B
Receiver Name: Y
Transaction Value: 756
Transaction timestamp: 216
248
Sender Name: A
Receiver Name: X
Transaction Value: 730
Transaction timestamp: 215
249
Sender Name: C
Receiver Name: Z
Transaction Value: 862
Transaction timestamp: 214
250
Sender Name: C
Receiver Name: W
Transaction Value: 89
Transaction timestamp: 213
251
Sender Name: A
Receiver Name: Z
Transaction Value: 897
Transaction timestamp: 212
252
Sender Name: D
Receiver Name: W
Transaction Value: 234
Transaction timestamp: 211
253
Sender Name: D
Receiver Name: Z
Transaction Value: 958
Transaction timestamp: 210
254
Sender Name: D
Receiver Name: Y
Transaction Value: 162
Transaction timestamp: 209
255
Sender Name: A
Receiver Name: Z
Transaction Value: 15
Transaction timestamp: 208
256
Sender Name: D
Receiver Name: Y
Transaction Value: 687
Transaction timestamp: 207
257
Sender Name: D
Receiver Name: X
Transaction Value: 675
Transaction timestamp: 206
258
Sender Name: D
Receiver Name: Y
Transaction Value: 35
Transaction timestamp: 205
259
Sender Name: D
Receiver Name: W
Transaction Value: 363
Transaction timestamp: 204
260
Sender Name: D
Receiver Name: X
Transaction Value: 935
Transaction timestamp: 203
261
Sender Name: B
Receiver Name: W
Transaction Value: 232
Transaction timestamp: 202
262
Sender Name: B
Receiver Name: Z
Transaction Value: 725
Transaction timestamp: 201
263
Sender Name: A
Receiver Name: X
Transaction Value: 710
Transaction timestamp: 200
264
Sender Name: A
Receiver Name: Y
Transaction Value: 660
Transaction timestamp: 199
265
Sender Name: B
Receiver Name: Y
Transaction Value: 553
Transaction timestamp: 198
266
Sender Name: A
Receiver Name: Z
Transaction Value: 153
Transaction timestamp: 197
267
Sender Name: A
Receiver Name: Z
Transaction Value: 605
Transaction timestamp: 196
268
Sender Name: B
Receiver Name: W
Transaction Value: 235
Transaction timestamp: 195
269
Sender Name: D
Receiver Name: Z
Transaction Value: 693
Transaction timestamp: 194
270
Sender Name: B
Receiver Name: X
Transaction Value: 274
Transaction timestamp: 193
271
Sender Name: A
Receiver Name: Z
Transaction Value: 901
Transaction timestamp: 192
272
Sender Name: A
Receiver Name: Z
Transaction Value: 74
Transaction timestamp: 191
273
Sender Name: A
Receiver Name: Y
Transaction Value: 186
Transaction timestamp: 190
274
Sender Name: D
Receiver Name: X
Transaction Value: 695
Transaction timestamp: 189
275
Sender Name: C
Receiver Name: Z
Transaction Value: 208
Transaction timestamp: 188
276
Sender Name: C
Receiver Name: Y
Transaction Value: 55
Transaction timestamp: 187
277
Sender Name: C
Receiver Name: Z
Transaction Value: 832
Transaction timestamp: 186
278
Sender Name: B
Receiver Name: X
Transaction Value: 475
Transaction timestamp: 185
279
Sender Name: C
Receiver Name: Z
Transaction Value: 646
Transaction timestamp: 184
280
Sender Name: A
Receiver Name: Y
Transaction Value: 401
Transaction timestamp: 183
281
Sender Name: D
Receiver Name: Y
Transaction Value: 600
Transaction timestamp: 182
282
Sender Name: A
Receiver Name: Z
Transaction Value: 168
Transaction timestamp: 181
283
Sender Name: B
Receiver Name: Z
Transaction Value: 400
Transaction timestamp: 180
284
Sender Name: A
Receiver Name: Y
Transaction Value: 543
Transaction timestamp: 179
285
Sender Name: C
Receiver Name: W
Transaction Value: 847
Transaction timestamp: 178
286
Sender Name: D
Receiver Name: W
Transaction Value: 9
Transaction timestamp: 177
287
Sender Name: B
Receiver Name: Y
Transaction Value: 646
Transaction timestamp: 176
288
Sender Name: C
Receiver Name: W
Transaction Value: 309
Transaction timestamp: 175
289
Sender Name: D
Receiver Name: X
Transaction Value: 615
Transaction timestamp: 174
290
Sender Name: B
Receiver Name: Z
Transaction Value: 717
Transaction timestamp: 173
291
Sender Name: A
Receiver Name: W
Transaction Value: 253
Transaction timestamp: 172
292
Sender Name: B
Receiver Name: W
Transaction Value: 653
Transaction timestamp: 171
293
Sender Name: D
Receiver Name: Z
Transaction Value: 583
Transaction timestamp: 170
294
Sender Name: D
Receiver Name: Y
Transaction Value: 377
Transaction timestamp: 169
295
Sender Name: C
Receiver Name: W
Transaction Value: 818
Transaction timestamp: 168
296
Sender Name: C
Receiver Name: Y
Transaction Value: 799
Transaction timestamp: 167
297
Sender Name: A
Receiver Name: X
Transaction Value: 83
Transaction timestamp: 166
298
Sender Name: C
Receiver Name: Y
Transaction Value: 344
Transaction timestamp: 165
299
Sender Name: D
Receiver Name: W
Transaction Value: 38
Transaction timestamp: 164
300
Sender Name: D
Receiver Name: X
Transaction Value: 0
Transaction timestamp: 163
301
Sender Name: C
Receiver Name: W
Transaction Value: 446
Transaction timestamp: 162
302
Sender Name: B
Receiver Name: W
Transaction Value: 26
Transaction timestamp: 161
303
Sender Name: C
Receiver Name: W
Transaction Value: 408
Transaction timestamp: 160
304
Sender Name: B
Receiver Name: Z
Transaction Value: 651
Transaction timestamp: 159
305
Sender Name: B
Receiver Name: Y
Transaction Value: 585
Transaction timestamp: 158
306
Sender Name: D
Receiver Name: Z
Transaction Value: 297
Transaction timestamp: 157
307
Sender Name: A
Receiver Name: Y
Transaction Value: 100
Transaction timestamp: 156
308
Sender Name: D
Receiver Name: X
Transaction Value: 979
Transaction timestamp: 155
309
Sender Name: B
Receiver Name: Y
Transaction Value: 133
Transaction timestamp: 154
310
Sender Name: D
Receiver Name: X
Transaction Value: 222
Transaction timestamp: 153
311
Sender Name: B
Receiver Name: Y
Transaction Value: 733
Transaction timestamp: 152
312
Sender Name: D
Receiver Name: W
Transaction Value: 301
Transaction timestamp: 151
313
Sender Name: D
Receiver Name: W
Transaction Value: 478
Transaction timestamp: 150
314
Sender Name: C
Receiver Name: X
Transaction Value: 727
Transaction timestamp: 149
315
Sender Name: D
Receiver Name: W
Transaction Value: 683
Transaction timestamp: 148
316
Sender Name: A
Receiver Name: Z
Transaction Value: 424
Transaction timestamp: 147
317
Sender Name: A
Receiver Name: X
Transaction Value: 883
Transaction timestamp: 146
318
Sender Name: A
Receiver Name: X
Transaction Value: 803
Transaction timestamp: 145
319
Sender Name: A
Receiver Name: Y
Transaction Value: 553
Transaction timestamp: 144
320
Sender Name: B
Receiver Name: Y
Transaction Value: 812
Transaction timestamp: 143
321
Sender Name: B
Receiver Name: Z
Transaction Value: 616
Transaction timestamp: 142
322
Sender Name: A
Receiver Name: Z
Transaction Value: 188
Transaction timestamp: 141
323
Sender Name: A
Receiver Name: W
Transaction Value: 343
Transaction timestamp: 140
324
Sender Name: D
Receiver Name: Y
Transaction Value: 977
Transaction timestamp: 139
325
Sender Name: B
Receiver Name: Z
Transaction Value: 753
Transaction timestamp: 138
326
Sender Name: C
Receiver Name: X
Transaction Value: 12
Transaction timestamp: 137
327
Sender Name: B
Receiver Name: Y
Transaction Value: 248
Transaction timestamp: 136
328
Sender Name: B
Receiver Name: Y
Transaction Value: 609
Transaction timestamp: 135
329
Sender Name: B
Receiver Name: W
Transaction Value: 201
Transaction timestamp: 134
330
Sender Name: B
Receiver Name: Z
Transaction Value: 116
Transaction timestamp: 133
331
Sender Name: C
Receiver Name: Z
Transaction Value: 839
Transaction timestamp: 132
332
Sender Name: D
Receiver Name: Z
Transaction Value: 200
Transaction timestamp: 131
333
Sender Name: D
Receiver Name: W
Transaction Value: 675
Transaction timestamp: 130
334
Sender Name: B
Receiver Name: Y
Transaction Value: 132
Transaction timestamp: 129
335
Sender Name: B
Receiver Name: Y
Transaction Value: 281
Transaction timestamp: 128
336
Sender Name: B
Receiver Name: Y
Transaction Value: 778
Transaction timestamp: 127
337
Sender Name: C
Receiver Name: X
Transaction Value: 483
Transaction timestamp: 126
338
Sender Name: C
Receiver Name: X
Transaction Value: 461
Transaction timestamp: 125
339
Sender Name: A
Receiver Name: Y
Transaction Value: 472
Transaction timestamp: 124
340
Sender Name: A
Receiver Name: X
Transaction Value: 944
Transaction timestamp: 123
341
Sender Name: B
Receiver Name: X
Transaction Value: 106
Transaction timestamp: 122
342
Sender Name: B
Receiver Name: Z
Transaction Value: 725
Transaction timestamp: 121
343
Sender Name: B
Receiver Name: Y
Transaction Value: 97
Transaction timestamp: 120
344
Sender Name: B
Receiver Name: W
Transaction Value: 367
Transaction timestamp: 119
345
Sender Name: C
Receiver Name: Z
Transaction Value: 393
Transaction timestamp: 118
346
Sender Name: C
Receiver Name: W
Transaction Value: 468
Transaction timestamp: 117
347
Sender Name: A
Receiver Name: Y
Transaction Value: 4
Transaction timestamp: 116
348
Sender Name: C
Receiver Name: Y
Transaction Value: 388
Transaction timestamp: 115
349
Sender Name: C
Receiver Name: Z
Transaction Value: 154
Transaction timestamp: 114
350
Sender Name: A
Receiver Name: W
Transaction Value: 515
Transaction timestamp: 113
351
Sender Name: B
Receiver Name: Z
Transaction Value: 538
Transaction timestamp: 112
352
Sender Name: C
Receiver Name: W
Transaction Value: 615
Transaction timestamp: 111
353
Sender Name: C
Receiver Name: X
Transaction Value: 352
Transaction timestamp: 110
354
Sender Name: D
Receiver Name: Y
Transaction Value: 958
Transaction timestamp: 109
355
Sender Name: B
Receiver Name: X
Transaction Value: 558
Transaction timestamp: 108
356
Sender Name: D
Receiver Name: Z
Transaction Value: 718
Transaction timestamp: 107
357
Sender Name: D
Receiver Name: Z
Transaction Value: 243
Transaction timestamp: 106
358
Sender Name: C
Receiver Name: Z
Transaction Value: 787
Transaction timestamp: 105
359
Sender Name: A
Receiver Name: X
Transaction Value: 697
Transaction timestamp: 104
360
Sender Name: D
Receiver Name: X
Transaction Value: 950
Transaction timestamp: 103
361
Sender Name: C
Receiver Name: W
Transaction Value: 511
Transaction timestamp: 102
362
Sender Name: A
Receiver Name: Y
Transaction Value: 222
Transaction timestamp: 101
363
Sender Name: A
Receiver Name: Y
Transaction Value: 44
Transaction timestamp: 100
364
Sender Name: C
Receiver Name: Y
Transaction Value: 609
Transaction timestamp: 99
365
Sender Name: A
Receiver Name: Z
Transaction Value: 277
Transaction timestamp: 98
366
Sender Name: A
Receiver Name: W
Transaction Value: 393
Transaction timestamp: 97
367
Sender Name: C
Receiver Name: Y
Transaction Value: 484
Transaction timestamp: 96
368
Sender Name: C
Receiver Name: W
Transaction Value: 777
Transaction timestamp: 95
369
Sender Name: A
Receiver Name: W
Transaction Value: 500
Transaction timestamp: 94
370
Sender Name: B
Receiver Name: Z
Transaction Value: 577
Transaction timestamp: 93
371
Sender Name: C
Receiver Name: X
Transaction Value: 357
Transaction timestamp: 92
372
Sender Name: D
Receiver Name: X
Transaction Value: 979
Transaction timestamp: 91
373
Sender Name: A
Receiver Name: Z
Transaction Value: 927
Transaction timestamp: 90
374
Sender Name: D
Receiver Name: Z
Transaction Value: 814
Transaction timestamp: 89
375
Sender Name: A
Receiver Name: X
Transaction Value: 276
Transaction timestamp: 88
376
Sender Name: A
Receiver Name: X
Transaction Value: 486
Transaction timestamp: 87
377
Sender Name: D
Receiver Name: W
Transaction Value: 911
Transaction timestamp: 86
378
Sender Name: C
Receiver Name: X
Transaction Value: 663
Transaction timestamp: 85
379
Sender Name: D
Receiver Name: X
Transaction Value: 274
Transaction timestamp: 84
380
Sender Name: D
Receiver Name: X
Transaction Value: 679
Transaction timestamp: 83
381
Sender Name: D
Receiver Name: Z
Transaction Value: 536
Transaction timestamp: 82
382
Sender Name: C
Receiver Name: Z
Transaction Value: 681
Transaction timestamp: 81
383
Sender Name: B
Receiver Name: W
Transaction Value: 226
Transaction timestamp: 80
384
Sender Name: A
Receiver Name: W
Transaction Value: 811
Transaction timestamp: 79
385
Sender Name: A
Receiver Name: X
Transaction Value: 413
Transaction timestamp: 78
386
Sender Name: D
Receiver Name: Z
Transaction Value: 910
Transaction timestamp: 77
387
Sender Name: B
Receiver Name: Y
Transaction Value: 37
Transaction timestamp: 76
388
Sender Name: C
Receiver Name: W
Transaction Value: 124
Transaction timestamp: 75
389
Sender Name: A
Receiver Name: X
Transaction Value: 265
Transaction timestamp: 74
390
Sender Name: B
Receiver Name: W
Transaction Value: 24
Transaction timestamp: 73
391
Sender Name: C
Receiver Name: X
Transaction Value: 772
Transaction timestamp: 72
392
Sender Name: C
Receiver Name: X
Transaction Value: 223
Transaction timestamp: 71
393
Sender Name: A
Receiver Name: Z
Transaction Value: 525
Transaction timestamp: 70
394
Sender Name: B
Receiver Name: Y
Transaction Value: 918
Transaction timestamp: 69
395
Sender Name: A
Receiver Name: Y
Transaction Value: 952
Transaction timestamp: 68
396
Sender Name: C
Receiver Name: Z
Transaction Value: 284
Transaction timestamp: 67
397
Sender Name: D
Receiver Name: W
Transaction Value: 525
Transaction timestamp: 66
398
Sender Name: D
Receiver Name: Z
Transaction Value: 697
Transaction timestamp: 65
399
Sender Name: A
Receiver Name: Z
Transaction Value: 858
Transaction timestamp: 64
400
Sender Name: A
Receiver Name: Y
Transaction Value: 199
Transaction timestamp: 63
401
Sender Name: C
Receiver Name: Y
Transaction Value: 356
Transaction timestamp: 62
402
Sender Name: A
Receiver Name: X
Transaction Value: 304
Transaction timestamp: 61
403
Sender Name: D
Receiver Name: Y
Transaction Value: 873
Transaction timestamp: 60
404
Sender Name: A
Receiver Name: Y
Transaction Value: 650
Transaction timestamp: 59
405
Sender Name: A
Receiver Name: Y
Transaction Value: 174
Transaction timestamp: 58
406
Sender Name: C
Receiver Name: Y
Transaction Value: 797
Transaction timestamp: 57
407
Sender Name: C
Receiver Name: W
Transaction Value: 374
Transaction timestamp: 56
408
Sender Name: A
Receiver Name: W
Transaction Value: 492
Transaction timestamp: 55
409
Sender Name: D
Receiver Name: Y
Transaction Value: 124
Transaction timestamp: 54
410
Sender Name: D
Receiver Name: Z
Transaction Value: 591
Transaction timestamp: 53
411
Sender Name: C
Receiver Name: X
Transaction Value: 620
Transaction timestamp: 52
412
Sender Name: C
Receiver Name: W
Transaction Value: 25
Transaction timestamp: 51
413
Sender Name: B
Receiver Name: X
Transaction Value: 305
Transaction timestamp: 50
414
Sender Name: C
Receiver Name: X
Transaction Value: 77
Transaction timestamp: 49
415
Sender Name: D
Receiver Name: Y
Transaction Value: 825
Transaction timestamp: 48
416
Sender Name: C
Receiver Name: W
Transaction Value: 434
Transaction timestamp: 47
417
Sender Name: B
Receiver Name: Z
Transaction Value: 499
Transaction timestamp: 46
418
Sender Name: D
Receiver Name: Z
Transaction Value: 515
Transaction timestamp: 45
419
Sender Name: D
Receiver Name: X
Transaction Value: 223
Transaction timestamp: 44
420
Sender Name: A
Receiver Name: Y
Transaction Value: 681
Transaction timestamp: 43
421
Sender Name: A
Receiver Name: Z
Transaction Value: 464
Transaction timestamp: 42
422
Sender Name: C
Receiver Name: Y
Transaction Value: 513
Transaction timestamp: 41
423
Sender Name: A
Receiver Name: Z
Transaction Value: 773
Transaction timestamp: 40
424
Sender Name: A
Receiver Name: X
Transaction Value: 445
Transaction timestamp: 39
425
Sender Name: C
Receiver Name: W
Transaction Value: 160
Transaction timestamp: 38
426
Sender Name: D
Receiver Name: X
Transaction Value: 933
Transaction timestamp: 37
427
Sender Name: B
Receiver Name: Z
Transaction Value: 597
Transaction timestamp: 36
428
Sender Name: A
Receiver Name: Y
Transaction Value: 244
Transaction timestamp: 35
429
Sender Name: B
Receiver Name: X
Transaction Value: 738
Transaction timestamp: 34
430
Sender Name: C
Receiver Name: X
Transaction Value: 412
Transaction timestamp: 33
431
Sender Name: B
Receiver Name: W
Transaction Value: 644
Transaction timestamp: 32
432
Sender Name: B
Receiver Name: W
Transaction Value: 411
Transaction timestamp: 31
433
Sender Name: D
Receiver Name: X
Transaction Value: 134
Transaction timestamp: 30
434
Sender Name: C
Receiver Name: Z
Transaction Value: 259
Transaction timestamp: 29
435
Sender Name: B
Receiver Name: Y
Transaction Value: 409
Transaction timestamp: 28
436
Sender Name: B
Receiver Name: W
Transaction Value: 686
Transaction timestamp: 27
437
Sender Name: C
Receiver Name: Y
Transaction Value: 719
Transaction timestamp: 26
438
Sender Name: B
Receiver Name: X
Transaction Value: 502
Transaction timestamp: 25
439
Sender Name: A
Receiver Name: X
Transaction Value: 165
Transaction timestamp: 24
440
Sender Name: D
Receiver Name: X
Transaction Value: 572
Transaction timestamp: 23
441
Sender Name: B
Receiver Name: Z
Transaction Value: 40
Transaction timestamp: 22
442
Sender Name: C
Receiver Name: W
Transaction Value: 716
Transaction timestamp: 21
443
Sender Name: A
Receiver Name: Z
Transaction Value: 744
Transaction timestamp: 20
444
Sender Name: B
Receiver Name: X
Transaction Value: 185
Transaction timestamp: 19
445
Sender Name: A
Receiver Name: W
Transaction Value: 409
Transaction timestamp: 18
446
Sender Name: C
Receiver Name: Y
Transaction Value: 335
Transaction timestamp: 17
447
Sender Name: B
Receiver Name: Z
Transaction Value: 232
Transaction timestamp: 16
448
Sender Name: C
Receiver Name: Z
Transaction Value: 336
Transaction timestamp: 15
449
Sender Name: C
Receiver Name: X
Transaction Value: 226
Transaction timestamp: 14
450
Sender Name: B
Receiver Name: Y
Transaction Value: 423
Transaction timestamp: 13
451
Sender Name: D
Receiver Name: W
Transaction Value: 412
Transaction timestamp: 12
452
Sender Name: A
Receiver Name: X
Transaction Value: 252
Transaction timestamp: 11
453
Sender Name: A
Receiver Name: W
Transaction Value: 99
Transaction timestamp: 10
454
Sender Name: A
Receiver Name: Y
Transaction Value: 352
Transaction timestamp: 9
455
Sender Name: B
Receiver Name: W
Transaction Value: 305
Transaction timestamp: 8
456
Sender Name: B
Receiver Name: W
Transaction Value: 493
Transaction timestamp: 7
457
Sender Name: B
Receiver Name: Y
Transaction Value: 525
Transaction timestamp: 6
458
Sender Name: C
Receiver Name: Y
Transaction Value: 173
Transaction timestamp: 5
459
Sender Name: D
Receiver Name: Z
Transaction Value: 774
Transaction timestamp: 4
460
Sender Name: C
Receiver Name: Y
Transaction Value: 97
Transaction timestamp: 3
461
Sender Name: A
Receiver Name: Z
Transaction Value: 304
Transaction timestamp: 2
462
Sender Name: C
Receiver Name: X
Transaction Value: 350
Transaction timestamp: 1