Blockchain Info:
1
Sender Name: C
Receiver Name: X
Transaction Value: 146
Transaction timestamp: 129
2
Sender Name: A
Receiver Name: X
Transaction Value: 331
Transaction timestamp: 128
3
Sender Name: B
Receiver Name: Z
Transaction Value: 323
Transaction timestamp: 127
4
Sender Name: D
Receiver Name: X
Transaction Value: 243
Transaction timestamp: 126
5
Sender Name: A
Receiver Name: W
Transaction Value: 911
Transaction timestamp: 125
6
Sender Name: A
Receiver Name: Z
Transaction Value: 912
Transaction timestamp: 124
7
Sender Name: A
Receiver Name: W
Transaction Value: 844
Transaction timestamp: 123
8
Sender Name: D
Receiver Name: Y
Transaction Value: 853
Transaction timestamp: 122
9
Sender Name: A
Receiver Name: Z
Transaction Value: 95
Transaction timestamp: 121
10
Sender Name: A
Receiver Name: X
Transaction Value: 617
Transaction timestamp: 120
11
Sender Name: A
Receiver Name: Y
Transaction Value: 97
Transaction timestamp: 119
12
Sender Name: C
Receiver Name: W
Transaction Value: 526
Transaction timestamp: 118
13
Sender Name: A
Receiver Name: X
Transaction Value: 585
Transaction timestamp: 117
14
Sender Name: B
Receiver Name: Y
Transaction Value: 652
Transaction timestamp: 116
15
Sender Name: B
Receiver Name: X
Transaction Value: 156
Transaction timestamp: 115
16
Sender Name: B
Receiver Name: W
Transaction Value: 468
Transaction timestamp: 114
17
Sender Name: B
Receiver Name: W
Transaction Value: 403
Transaction timestamp: 113
18
Sender Name: C
Receiver Name: X
Transaction Value: 989
Transaction timestamp: 112
19
Sender Name: C
Receiver Name: W
Transaction Value: 279
Transaction timestamp: 111
20
Sender Name: D
Receiver Name: X
Transaction Value: 278
Transaction timestamp: 110
21
Sender Name: D
Receiver Name: Y
Transaction Value: 90
Transaction timestamp: 109
22
Sender Name: B
Receiver Name: X
Transaction Value: 443
Transaction timestamp: 108
23
Sender Name: B
Receiver Name: W
Transaction Value: 308
Transaction timestamp: 107
24
Sender Name: B
Receiver Name: W
Transaction Value: 394
Transaction timestamp: 106
25
Sender Name: A
Receiver Name: Z
Transaction Value: 741
Transaction timestamp: 105
26
Sender Name: D
Receiver Name: W
Transaction Value: 187
Transaction timestamp: 104
27
Sender Name: D
Receiver Name: Y
Transaction Value: 736
Transaction timestamp: 103
28
Sender Name: C
Receiver Name: Y
Transaction Value: 686
Transaction timestamp: 102
29
Sender Name: D
Receiver Name: Z
Transaction Value: 817
Transaction timestamp: 101
30
Sender Name: A
Receiver Name: W
Transaction Value: 309
Transaction timestamp: 100
31
Sender Name: B
Receiver Name: Z
Transaction Value: 287
Transaction timestamp: 99
32
Sender Name: C
Receiver Name: W
Transaction Value: 545
Transaction timestamp: 98
33
Sender Name: B
Receiver Name: Z
Transaction Value: 677
Transaction timestamp: 97
34
Sender Name: C
Receiver Name: Y
Transaction Value: 452
Transaction timestamp: 96
35
Sender Name: C
Receiver Name: Y
Transaction Value: 895
Transaction timestamp: 95
36
Sender Name: C
Receiver Name: Y
Transaction Value: 67
Transaction timestamp: 94
37
Sender Name: D
Receiver Name: X
Transaction Value: 98
Transaction timestamp: 93
38
Sender Name: A
Receiver Name: Z
Transaction Value: 204
Transaction timestamp: 92
39
Sender Name: C
Receiver Name: X
Transaction Value: 291
Transaction timestamp: 91
40
Sender Name: B
Receiver Name: Z
Transaction Value: 850
Transaction timestamp: 90
41
Sender Name: A
Receiver Name: W
Transaction Value: 912
Transaction timestamp: 89
42
Sender Name: B
Receiver Name: X
Transaction Value: 335
Transaction timestamp: 88
43
Sender Name: C
Receiver Name: Y
Transaction Value: 453
Transaction timestamp: 87
44
Sender Name: A
Receiver Name: Y
Transaction Value: 124
Transaction timestamp: 86
45
Sender Name: D
Receiver Name: Z
Transaction Value: 3
Transaction timestamp: 85
46
Sender Name: B
Receiver Name: X
Transaction Value: 641
Transaction timestamp: 84
47
Sender Name: A
Receiver Name: X
Transaction Value: 936
Transaction timestamp: 83
48
Sender Name: B
Receiver Name: W
Transaction Value: 567
Transaction timestamp: 82
49
Sender Name: B
Receiver Name: X
Transaction Value: 913
Transaction timestamp: 81
50
Sender Name: D
Receiver Name: Z
Transaction Value: 788
Transaction timestamp: 80
51
Sender Name: B
Receiver Name: Z
Transaction Value: 206
Transaction timestamp: 79
52
Sender Name: D
Receiver Name: Y
Transaction Value: 212
Transaction timestamp: 78
53
Sender Name: B
Receiver Name: W
Transaction Value: 908
Transaction timestamp: 77
54
Sender Name: A
Receiver Name: W
Transaction Value: 771
Transaction timestamp: 76
55
Sender Name: A
Receiver Name: Y
Transaction Value: 810
Transaction timestamp: 75
56
Sender Name: C
Receiver Name: W
Transaction Value: 504
Transaction timestamp: 74
57
Sender Name: C
Receiver Name: X
Transaction Value: 148
Transaction timestamp: 73
58
Sender Name: A
Receiver Name: Y
Transaction Value: 848
Transaction timestamp: 72
59
Sender Name: C
Receiver Name: Z
Transaction Value: 214
Transaction timestamp: 71
60
Sender Name: D
Receiver Name: W
Transaction Value: 774
Transaction timestamp: 70
61
Sender Name: A
Receiver Name: Z
Transaction Value: 402
Transaction timestamp: 69
62
Sender Name: A
Receiver Name: X
Transaction Value: 184
Transaction timestamp: 68
63
Sender Name: A
Receiver Name: W
Transaction Value: 989
Transaction timestamp: 67
64
Sender Name: A
Receiver Name: X
Transaction Value: 653
Transaction timestamp: 66
65
Sender Name: B
Receiver Name: X
Transaction Value: 730
Transaction timestamp: 65
66
Sender Name: C
Receiver Name: Z
Transaction Value: 718
Transaction timestamp: 64
67
Sender Name: D
Receiver Name: X
Transaction Value: 197
Transaction timestamp: 63
68
Sender Name: A
Receiver Name: Y
Transaction Value: 621
Transaction timestamp: 62
69
Sender Name: C
Receiver Name: X
Transaction Value: 598
Transaction timestamp: 61
70
Sender Name: B
Receiver Name: Z
Transaction Value: 979
Transaction timestamp: 60
71
Sender Name: A
Receiver Name: W
Transaction Value: 1000
Transaction timestamp: 59
72
Sender Name: D
Receiver Name: Z
Transaction Value: 793
Transaction timestamp: 58
73
Sender Name: D
Receiver Name: Z
Transaction Value: 530
Transaction timestamp: 57
74
Sender Name: B
Receiver Name: Z
Transaction Value: 868
Transaction timestamp: 56
75
Sender Name: C
Receiver Name: Y
Transaction Value: 774
Transaction timestamp: 55
76
Sender Name: D
Receiver Name: Y
Transaction Value: 205
Transaction timestamp: 54
77
Sender Name: A
Receiver Name: Z
Transaction Value: 834
Transaction timestamp: 53
78
Sender Name: A
Receiver Name: Y
Transaction Value: 263
Transaction timestamp: 52
79
Sender Name: A
Receiver Name: Y
Transaction Value: 306
Transaction timestamp: 51
80
Sender Name: A
Receiver Name: X
Transaction Value: 473
Transaction timestamp: 50
81
Sender Name: B
Receiver Name: W
Transaction Value: 287
Transaction timestamp: 49
82
Sender Name: A
Receiver Name: Y
Transaction Value: 43
Transaction timestamp: 48
83
Sender Name: B
Receiver Name: W
Transaction Value: 137
Transaction timestamp: 47
84
Sender Name: A
Receiver Name: Y
Transaction Value: 943
Transaction timestamp: 46
85
Sender Name: D
Receiver Name: W
Transaction Value: 479
Transaction timestamp: 45
86
Sender Name: C
Receiver Name: W
Transaction Value: 956
Transaction timestamp: 44
87
Sender Name: D
Receiver Name: X
Transaction Value: 36
Transaction timestamp: 43
88
Sender Name: B
Receiver Name: X
Transaction Value: 560
Transaction timestamp: 42
89
Sender Name: A
Receiver Name: W
Transaction Value: 663
Transaction timestamp: 41
90
Sender Name: B
Receiver Name: W
Transaction Value: 365
Transaction timestamp: 40
91
Sender Name: D
Receiver Name: X
Transaction Value: 950
Transaction timestamp: 39
92
Sender Name: B
Receiver Name: X
Transaction Value: 959
Transaction timestamp: 38
93
Sender Name: B
Receiver Name: Z
Transaction Value: 869
Transaction timestamp: 37
94
Sender Name: D
Receiver Name: Y
Transaction Value: 621
Transaction timestamp: 36
95
Sender Name: A
Receiver Name: X
Transaction Value: 881
Transaction timestamp: 35
96
Sender Name: A
Receiver Name: X
Transaction Value: 405
Transaction timestamp: 34
97
Sender Name: A
Receiver Name: Y
Transaction Value: 812
Transaction timestamp: 33
98
Sender Name: B
Receiver Name: W
Transaction Value: 68
Transaction timestamp: 32
99
Sender Name: D
Receiver Name: W
Transaction Value: 728
Transaction timestamp: 31
100
Sender Name: C
Receiver Name: W
Transaction Value: 349
Transaction timestamp: 30
101
Sender Name: A
Receiver Name: Z
Transaction Value: 935
Transaction timestamp: 29
102
Sender Name: D
Receiver Name: Y
Transaction Value: 623
Transaction timestamp: 28
103
Sender Name: B
Receiver Name: Y
Transaction Value: 926
Transaction timestamp: 27
104
Sender Name: D
Receiver Name: Z
Transaction Value: 259
Transaction timestamp: 26
105
Sender Name: D
Receiver Name: X
Transaction Value: 618
Transaction timestamp: 25
106
Sender Name: B
Receiver Name: Y
Transaction Value: 634
Transaction timestamp: 24
107
Sender Name: D
Receiver Name: Z
Transaction Value: 517
Transaction timestamp: 23
108
Sender Name: B
Receiver Name: W
Transaction Value: 672
Transaction timestamp: 22
109
Sender Name: C
Receiver Name: Y
Transaction Value: 346
Transaction timestamp: 21
110
Sender Name: C
Receiver Name: Z
Transaction Value: 400
Transaction timestamp: 20
111
Sender Name: B
Receiver Name: W
Transaction Value: 770
Transaction timestamp: 19
112
Sender Name: A
Receiver Name: Y
Transaction Value: 723
Transaction timestamp: 18
113
Sender Name: A
Receiver Name: X
Transaction Value: 467
Transaction timestamp: 17
114
Sender Name: B
Receiver Name: W
Transaction Value: 2
Transaction timestamp: 16
115
Sender Name: D
Receiver Name: Y
Transaction Value: 702
Transaction timestamp: 15
116
Sender Name: A
Receiver Name: Z
Transaction Value: 83
Transaction timestamp: 14
117
Sender Name: B
Receiver Name: X
Transaction Value: 92
Transaction timestamp: 13
118
Sender Name: D
Receiver Name: Y
Transaction Value: 195
Transaction timestamp: 12
119
Sender Name: C
Receiver Name: Z
Transaction Value: 37
Transaction timestamp: 11
120
Sender Name: A
Receiver Name: Z
Transaction Value: 756
Transaction timestamp: 10
121
Sender Name: C
Receiver Name: Y
Transaction Value: 300
Transaction timestamp: 9
122
Sender Name: A
Receiver Name: Y
Transaction Value: 671
Transaction timestamp: 8
123
Sender Name: D
Receiver Name: Z
Transaction Value: 278
Transaction timestamp: 7
124
Sender Name: B
Receiver Name: Z
Transaction Value: 687
Transaction timestamp: 6
125
Sender Name: A
Receiver Name: Y
Transaction Value: 566
Transaction timestamp: 5
126
Sender Name: D
Receiver Name: Y
Transaction Value: 936
Transaction timestamp: 4
127
Sender Name: B
Receiver Name: Y
Transaction Value: 927
Transaction timestamp: 3
128
Sender Name: B
Receiver Name: Y
Transaction Value: 676
Transaction timestamp: 2
129
Sender Name: D
Receiver Name: W
Transaction Value: 201
Transaction timestamp: 1