A X 810 1
B Z 705 2
A Z 563 3
B X 784 4
D X 412 5
B Z 374 6
C Y 408 7
D Z 715 8
A W 909 9
B X 44 10
C Z 424 11
B X 1085 13
A X 135 14
C X 393 15
C Z 693 16
D X 395 17
B Z 821 18
B W 583 19
D Z 948 20
B X 49 21
D Z 366 22
D X 333 23
D W 572 24
C Y 692 25
A Z 308 26
C Z 215 27
B Z 450 28
A Y 604 29
C Y 586 30
C Z 143 31
C X 31 32
C W 566 33
B Z 925 34
B W 889 35
A Y 972 36
D W 260 37
D Y 171 38
A Z 644 40
D Y 561 41
D Z 378 42
C W 720 43
D Y 785 44
C W 957 45
C X 302 46
D X 57 47
A W 56 48
B X 313 49
A Z 949 50
B W 92 51
C W 974 52
C Z 60 53
A Y 228 54
B Y 444 55
B X 279 56
D X 539 57
B X 728 58
A Y 572 59
B W 260 60
D Y 427 61
B Z 726 62
D X 483 63
C W 196 64
D Y 599 65
A Z 450 66
C W 798 67
B W 679 68
B Z 708 69
A X 999 70
A Y 1465 72
B Z 311 73
C Z 755 74
D W 638 75
B W 678 76
B X 556 77
D W 924 78
D X 659 79
A X 799 80
C W 616 81
C Y 804 82
A Y 667 83
A Z 631 84
B W 473 85
A X 889 86
A Z 185 88
A X 201 89
B Y 818 90
C Y 972 91
C W 977 93
A Z 321 94
B Y 572 95
C Z 705 96
D Y 271 97
C Y 286 98
C X 875 100
C Z 474 101
D W 728 102
B Z 226 103
B X 476 104
D Z 565 105
C Y 855 106
D Z 525 107
C W 17 108
C Z 999 109
B W 649 110
A Y 916 111
C W 579 112
C Z 318 113
D W 52 114
C Z 332 115
C Y 686 116
C X 368 117
B Y 615 118
B X 133 119
D W 760 120
C X 115 121
B W 216 122
C X 675 123
B Y 745 124
C Z 594 125
A X 549 126
B Z 614 127
C Z 896 129
C X 603 130
B Z 632 131
B X 432 132
C W 415 133
A Z 372 134
D Z 1405 136
C Y 737 137
A Y 703 138
C X 531 139
A Z 305 140
B Y 839 141
B W 642 142
D Y 955 143
A Y 134 144
A X 27 145
B Y 964 146
A Z 536 147
B W 132 148
B Z 94 149
D Y 268 150
B W 252 151
C X 725 152
C Y 121 153
B W 161 154
C W 377 155
A W 709 156
A Y 603 157
D Z 836 158
D W 921 159
A Z 24 160
B W 142 161
C X 774 162
B Z 337 163
D Z 652 164
B W 4 165
C W 472 166
D W 784 167
A Y 752 168
A W 18 169
A X 257 170
B Z 46 171
B X 590 172
D X 415 173
A Y 301 174
D Y 847 175
C Z 17 176
B Y 524 177
C X 44 178
D Z 590 179
D Y 400 180
A X 390 181
B Y 939 182
B W 105 183
B X 401 184
C W 815 185
B Y 234 186
D W 84 187
A W 960 188
A X 927 189
C Z 954 190
D Z 831 191
B X 528 192
D W 905 193
D Z 277 194
B Y 577 195
B X 21 196
B W 190 197
D Y 220 198
A X 158 199
D X 126 200
B X 465 201