Blockchain Info:
1
Sender Name: D
Receiver Name: Y
Transaction Value: 180
Transaction timestamp: 188
2
Sender Name: A
Receiver Name: X
Transaction Value: 148
Transaction timestamp: 187
3
Sender Name: D
Receiver Name: W
Transaction Value: 20
Transaction timestamp: 186
4
Sender Name: A
Receiver Name: Z
Transaction Value: 628
Transaction timestamp: 185
5
Sender Name: A
Receiver Name: X
Transaction Value: 250
Transaction timestamp: 184
6
Sender Name: C
Receiver Name: X
Transaction Value: 823
Transaction timestamp: 183
7
Sender Name: A
Receiver Name: Y
Transaction Value: 52
Transaction timestamp: 182
8
Sender Name: D
Receiver Name: X
Transaction Value: 907
Transaction timestamp: 181
9
Sender Name: D
Receiver Name: Y
Transaction Value: 187
Transaction timestamp: 180
10
Sender Name: C
Receiver Name: Z
Transaction Value: 983
Transaction timestamp: 179
11
Sender Name: A
Receiver Name: W
Transaction Value: 819
Transaction timestamp: 178
12
Sender Name: A
Receiver Name: Y
Transaction Value: 993
Transaction timestamp: 177
13
Sender Name: A
Receiver Name: Y
Transaction Value: 478
Transaction timestamp: 176
14
Sender Name: C
Receiver Name: Z
Transaction Value: 135
Transaction timestamp: 175
15
Sender Name: D
Receiver Name: W
Transaction Value: 403
Transaction timestamp: 174
16
Sender Name: B
Receiver Name: Y
Transaction Value: 750
Transaction timestamp: 173
17
Sender Name: C
Receiver Name: X
Transaction Value: 719
Transaction timestamp: 172
18
Sender Name: D
Receiver Name: X
Transaction Value: 311
Transaction timestamp: 171
19
Sender Name: A
Receiver Name: Y
Transaction Value: 38
Transaction timestamp: 170
20
Sender Name: B
Receiver Name: W
Transaction Value: 856
Transaction timestamp: 169
21
Sender Name: D
Receiver Name: X
Transaction Value: 664
Transaction timestamp: 168
22
Sender Name: C
Receiver Name: W
Transaction Value: 846
Transaction timestamp: 167
23
Sender Name: D
Receiver Name: X
Transaction Value: 936
Transaction timestamp: 166
24
Sender Name: A
Receiver Name: X
Transaction Value: 461
Transaction timestamp: 165
25
Sender Name: D
Receiver Name: W
Transaction Value: 318
Transaction timestamp: 164
26
Sender Name: D
Receiver Name: Y
Transaction Value: 831
Transaction timestamp: 163
27
Sender Name: D
Receiver Name: Z
Transaction Value: 230
Transaction timestamp: 162
28
Sender Name: D
Receiver Name: Z
Transaction Value: 548
Transaction timestamp: 161
29
Sender Name: B
Receiver Name: Z
Transaction Value: 97
Transaction timestamp: 160
30
Sender Name: B
Receiver Name: Z
Transaction Value: 895
Transaction timestamp: 159
31
Sender Name: A
Receiver Name: X
Transaction Value: 927
Transaction timestamp: 158
32
Sender Name: B
Receiver Name: X
Transaction Value: 963
Transaction timestamp: 157
33
Sender Name: D
Receiver Name: X
Transaction Value: 438
Transaction timestamp: 156
34
Sender Name: C
Receiver Name: W
Transaction Value: 995
Transaction timestamp: 155
35
Sender Name: D
Receiver Name: W
Transaction Value: 530
Transaction timestamp: 154
36
Sender Name: A
Receiver Name: X
Transaction Value: 592
Transaction timestamp: 153
37
Sender Name: D
Receiver Name: Z
Transaction Value: 39
Transaction timestamp: 152
38
Sender Name: A
Receiver Name: X
Transaction Value: 120
Transaction timestamp: 151
39
Sender Name: A
Receiver Name: Z
Transaction Value: 485
Transaction timestamp: 150
40
Sender Name: A
Receiver Name: Z
Transaction Value: 159
Transaction timestamp: 149
41
Sender Name: C
Receiver Name: W
Transaction Value: 395
Transaction timestamp: 148
42
Sender Name: B
Receiver Name: W
Transaction Value: 313
Transaction timestamp: 147
43
Sender Name: B
Receiver Name: X
Transaction Value: 858
Transaction timestamp: 146
44
Sender Name: D
Receiver Name: Y
Transaction Value: 549
Transaction timestamp: 145
45
Sender Name: B
Receiver Name: W
Transaction Value: 828
Transaction timestamp: 144
46
Sender Name: A
Receiver Name: Z
Transaction Value: 854
Transaction timestamp: 143
47
Sender Name: A
Receiver Name: Y
Transaction Value: 659
Transaction timestamp: 142
48
Sender Name: B
Receiver Name: X
Transaction Value: 175
Transaction timestamp: 141
49
Sender Name: B
Receiver Name: W
Transaction Value: 712
Transaction timestamp: 140
50
Sender Name: D
Receiver Name: W
Transaction Value: 869
Transaction timestamp: 139
51
Sender Name: A
Receiver Name: Y
Transaction Value: 134
Transaction timestamp: 138
52
Sender Name: C
Receiver Name: Z
Transaction Value: 10
Transaction timestamp: 137
53
Sender Name: D
Receiver Name: Z
Transaction Value: 510
Transaction timestamp: 136
54
Sender Name: D
Receiver Name: Y
Transaction Value: 776
Transaction timestamp: 135
55
Sender Name: B
Receiver Name: W
Transaction Value: 67
Transaction timestamp: 134
56
Sender Name: B
Receiver Name: X
Transaction Value: 843
Transaction timestamp: 133
57
Sender Name: B
Receiver Name: X
Transaction Value: 250
Transaction timestamp: 132
58
Sender Name: D
Receiver Name: W
Transaction Value: 810
Transaction timestamp: 131
59
Sender Name: B
Receiver Name: Y
Transaction Value: 8
Transaction timestamp: 130
60
Sender Name: C
Receiver Name: Y
Transaction Value: 317
Transaction timestamp: 129
61
Sender Name: B
Receiver Name: W
Transaction Value: 160
Transaction timestamp: 128
62
Sender Name: C
Receiver Name: Z
Transaction Value: 108
Transaction timestamp: 127
63
Sender Name: D
Receiver Name: X
Transaction Value: 154
Transaction timestamp: 126
64
Sender Name: C
Receiver Name: W
Transaction Value: 249
Transaction timestamp: 125
65
Sender Name: D
Receiver Name: Y
Transaction Value: 357
Transaction timestamp: 124
66
Sender Name: B
Receiver Name: W
Transaction Value: 528
Transaction timestamp: 123
67
Sender Name: B
Receiver Name: Z
Transaction Value: 860
Transaction timestamp: 122
68
Sender Name: B
Receiver Name: X
Transaction Value: 586
Transaction timestamp: 121
69
Sender Name: A
Receiver Name: Z
Transaction Value: 923
Transaction timestamp: 120
70
Sender Name: D
Receiver Name: Y
Transaction Value: 540
Transaction timestamp: 119
71
Sender Name: A
Receiver Name: Y
Transaction Value: 476
Transaction timestamp: 118
72
Sender Name: D
Receiver Name: W
Transaction Value: 937
Transaction timestamp: 117
73
Sender Name: D
Receiver Name: X
Transaction Value: 199
Transaction timestamp: 116
74
Sender Name: D
Receiver Name: Y
Transaction Value: 597
Transaction timestamp: 115
75
Sender Name: D
Receiver Name: Y
Transaction Value: 759
Transaction timestamp: 114
76
Sender Name: C
Receiver Name: W
Transaction Value: 337
Transaction timestamp: 113
77
Sender Name: D
Receiver Name: W
Transaction Value: 532
Transaction timestamp: 112
78
Sender Name: A
Receiver Name: Y
Transaction Value: 80
Transaction timestamp: 111
79
Sender Name: B
Receiver Name: Z
Transaction Value: 206
Transaction timestamp: 110
80
Sender Name: B
Receiver Name: Z
Transaction Value: 762
Transaction timestamp: 109
81
Sender Name: B
Receiver Name: W
Transaction Value: 598
Transaction timestamp: 108
82
Sender Name: B
Receiver Name: W
Transaction Value: 770
Transaction timestamp: 107
83
Sender Name: C
Receiver Name: Y
Transaction Value: 318
Transaction timestamp: 106
84
Sender Name: A
Receiver Name: X
Transaction Value: 1
Transaction timestamp: 105
85
Sender Name: C
Receiver Name: Y
Transaction Value: 949
Transaction timestamp: 104
86
Sender Name: B
Receiver Name: X
Transaction Value: 283
Transaction timestamp: 103
87
Sender Name: B
Receiver Name: Z
Transaction Value: 301
Transaction timestamp: 102
88
Sender Name: A
Receiver Name: X
Transaction Value: 231
Transaction timestamp: 101
89
Sender Name: B
Receiver Name: W
Transaction Value: 452
Transaction timestamp: 100
90
Sender Name: C
Receiver Name: X
Transaction Value: 390
Transaction timestamp: 99
91
Sender Name: B
Receiver Name: Y
Transaction Value: 57
Transaction timestamp: 98
92
Sender Name: C
Receiver Name: Z
Transaction Value: 446
Transaction timestamp: 97
93
Sender Name: D
Receiver Name: Z
Transaction Value: 826
Transaction timestamp: 96
94
Sender Name: D
Receiver Name: W
Transaction Value: 464
Transaction timestamp: 95
95
Sender Name: A
Receiver Name: Y
Transaction Value: 331
Transaction timestamp: 94
96
Sender Name: D
Receiver Name: W
Transaction Value: 802
Transaction timestamp: 93
97
Sender Name: B
Receiver Name: Y
Transaction Value: 513
Transaction timestamp: 92
98
Sender Name: C
Receiver Name: W
Transaction Value: 229
Transaction timestamp: 91
99
Sender Name: B
Receiver Name: W
Transaction Value: 19
Transaction timestamp: 90
100
Sender Name: A
Receiver Name: X
Transaction Value: 376
Transaction timestamp: 89
101
Sender Name: D
Receiver Name: X
Transaction Value: 152
Transaction timestamp: 88
102
Sender Name: B
Receiver Name: Z
Transaction Value: 532
Transaction timestamp: 87
103
Sender Name: D
Receiver Name: Y
Transaction Value: 167
Transaction timestamp: 86
104
Sender Name: B
Receiver Name: W
Transaction Value: 869
Transaction timestamp: 85
105
Sender Name: A
Receiver Name: Z
Transaction Value: 95
Transaction timestamp: 84
106
Sender Name: A
Receiver Name: Y
Transaction Value: 559
Transaction timestamp: 83
107
Sender Name: D
Receiver Name: W
Transaction Value: 234
Transaction timestamp: 82
108
Sender Name: C
Receiver Name: Y
Transaction Value: 827
Transaction timestamp: 81
109
Sender Name: B
Receiver Name: W
Transaction Value: 907
Transaction timestamp: 80
110
Sender Name: D
Receiver Name: Z
Transaction Value: 9
Transaction timestamp: 79
111
Sender Name: D
Receiver Name: X
Transaction Value: 8
Transaction timestamp: 78
112
Sender Name: B
Receiver Name: W
Transaction Value: 946
Transaction timestamp: 77
113
Sender Name: A
Receiver Name: Y
Transaction Value: 553
Transaction timestamp: 76
114
Sender Name: D
Receiver Name: Z
Transaction Value: 349
Transaction timestamp: 75
115
Sender Name: D
Receiver Name: X
Transaction Value: 516
Transaction timestamp: 74
116
Sender Name: C
Receiver Name: W
Transaction Value: 399
Transaction timestamp: 73
117
Sender Name: C
Receiver Name: Z
Transaction Value: 830
Transaction timestamp: 72
118
Sender Name: D
Receiver Name: Y
Transaction Value: 596
Transaction timestamp: 71
119
Sender Name: D
Receiver Name: Z
Transaction Value: 985
Transaction timestamp: 70
120
Sender Name: B
Receiver Name: W
Transaction Value: 255
Transaction timestamp: 69
121
Sender Name: B
Receiver Name: Z
Transaction Value: 895
Transaction timestamp: 68
122
Sender Name: A
Receiver Name: Y
Transaction Value: 163
Transaction timestamp: 67
123
Sender Name: C
Receiver Name: W
Transaction Value: 10
Transaction timestamp: 66
124
Sender Name: A
Receiver Name: X
Transaction Value: 202
Transaction timestamp: 65
125
Sender Name: D
Receiver Name: W
Transaction Value: 702
Transaction timestamp: 64
126
Sender Name: D
Receiver Name: Z
Transaction Value: 350
Transaction timestamp: 63
127
Sender Name: D
Receiver Name: Z
Transaction Value: 316
Transaction timestamp: 62
128
Sender Name: C
Receiver Name: W
Transaction Value: 723
Transaction timestamp: 61
129
Sender Name: D
Receiver Name: Z
Transaction Value: 681
Transaction timestamp: 60
130
Sender Name: D
Receiver Name: Z
Transaction Value: 203
Transaction timestamp: 59
131
Sender Name: D
Receiver Name: X
Transaction Value: 209
Transaction timestamp: 58
132
Sender Name: C
Receiver Name: Z
Transaction Value: 3
Transaction timestamp: 57
133
Sender Name: D
Receiver Name: Y
Transaction Value: 447
Transaction timestamp: 56
134
Sender Name: A
Receiver Name: Z
Transaction Value: 277
Transaction timestamp: 55
135
Sender Name: B
Receiver Name: W
Transaction Value: 790
Transaction timestamp: 54
136
Sender Name: B
Receiver Name: Z
Transaction Value: 419
Transaction timestamp: 53
137
Sender Name: C
Receiver Name: Y
Transaction Value: 356
Transaction timestamp: 52
138
Sender Name: A
Receiver Name: Z
Transaction Value: 551
Transaction timestamp: 51
139
Sender Name: D
Receiver Name: Z
Transaction Value: 882
Transaction timestamp: 50
140
Sender Name: A
Receiver Name: Z
Transaction Value: 859
Transaction timestamp: 49
141
Sender Name: B
Receiver Name: X
Transaction Value: 834
Transaction timestamp: 48
142
Sender Name: C
Receiver Name: X
Transaction Value: 51
Transaction timestamp: 47
143
Sender Name: A
Receiver Name: Z
Transaction Value: 908
Transaction timestamp: 46
144
Sender Name: C
Receiver Name: X
Transaction Value: 123
Transaction timestamp: 45
145
Sender Name: A
Receiver Name: X
Transaction Value: 607
Transaction timestamp: 44
146
Sender Name: C
Receiver Name: W
Transaction Value: 81
Transaction timestamp: 43
147
Sender Name: C
Receiver Name: W
Transaction Value: 968
Transaction timestamp: 42
148
Sender Name: C
Receiver Name: X
Transaction Value: 985
Transaction timestamp: 41
149
Sender Name: D
Receiver Name: X
Transaction Value: 911
Transaction timestamp: 40
150
Sender Name: A
Receiver Name: W
Transaction Value: 106
Transaction timestamp: 39
151
Sender Name: A
Receiver Name: W
Transaction Value: 105
Transaction timestamp: 38
152
Sender Name: C
Receiver Name: W
Transaction Value: 965
Transaction timestamp: 37
153
Sender Name: B
Receiver Name: Z
Transaction Value: 797
Transaction timestamp: 36
154
Sender Name: C
Receiver Name: W
Transaction Value: 158
Transaction timestamp: 35
155
Sender Name: B
Receiver Name: W
Transaction Value: 815
Transaction timestamp: 34
156
Sender Name: B
Receiver Name: Z
Transaction Value: 955
Transaction timestamp: 33
157
Sender Name: B
Receiver Name: X
Transaction Value: 936
Transaction timestamp: 32
158
Sender Name: C
Receiver Name: W
Transaction Value: 105
Transaction timestamp: 31
159
Sender Name: D
Receiver Name: Y
Transaction Value: 393
Transaction timestamp: 30
160
Sender Name: A
Receiver Name: X
Transaction Value: 516
Transaction timestamp: 29
161
Sender Name: C
Receiver Name: W
Transaction Value: 100
Transaction timestamp: 28
162
Sender Name: D
Receiver Name: Z
Transaction Value: 883
Transaction timestamp: 27
163
Sender Name: B
Receiver Name: W
Transaction Value: 90
Transaction timestamp: 26
164
Sender Name: A
Receiver Name: X
Transaction Value: 938
Transaction timestamp: 25
165
Sender Name: B
Receiver Name: Y
Transaction Value: 201
Transaction timestamp: 24
166
Sender Name: A
Receiver Name: W
Transaction Value: 881
Transaction timestamp: 23
167
Sender Name: D
Receiver Name: W
Transaction Value: 365
Transaction timestamp: 22
168
Sender Name: D
Receiver Name: Y
Transaction Value: 390
Transaction timestamp: 21
169
Sender Name: D
Receiver Name: X
Transaction Value: 613
Transaction timestamp: 20
170
Sender Name: D
Receiver Name: Z
Transaction Value: 335
Transaction timestamp: 19
171
Sender Name: D
Receiver Name: Z
Transaction Value: 821
Transaction timestamp: 18
172
Sender Name: C
Receiver Name: X
Transaction Value: 390
Transaction timestamp: 17
173
Sender Name: C
Receiver Name: Y
Transaction Value: 960
Transaction timestamp: 16
174
Sender Name: D
Receiver Name: Y
Transaction Value: 260
Transaction timestamp: 15
175
Sender Name: D
Receiver Name: Z
Transaction Value: 493
Transaction timestamp: 14
176
Sender Name: D
Receiver Name: Y
Transaction Value: 29
Transaction timestamp: 13
177
Sender Name: D
Receiver Name: W
Transaction Value: 692
Transaction timestamp: 12
178
Sender Name: A
Receiver Name: Y
Transaction Value: 993
Transaction timestamp: 11
179
Sender Name: B
Receiver Name: W
Transaction Value: 163
Transaction timestamp: 10
180
Sender Name: C
Receiver Name: W
Transaction Value: 903
Transaction timestamp: 9
181
Sender Name: A
Receiver Name: X
Transaction Value: 988
Transaction timestamp: 8
182
Sender Name: D
Receiver Name: Y
Transaction Value: 986
Transaction timestamp: 7
183
Sender Name: D
Receiver Name: Z
Transaction Value: 365
Transaction timestamp: 6
184
Sender Name: C
Receiver Name: Z
Transaction Value: 958
Transaction timestamp: 5
185
Sender Name: A
Receiver Name: Y
Transaction Value: 53
Transaction timestamp: 4
186
Sender Name: A
Receiver Name: X
Transaction Value: 862
Transaction timestamp: 3
187
Sender Name: D
Receiver Name: X
Transaction Value: 907
Transaction timestamp: 2
188
Sender Name: D
Receiver Name: W
Transaction Value: 272
Transaction timestamp: 1