Blockchain Info:
1
Sender Name: C
Receiver Name: W
Transaction Value: 483
Transaction timestamp: 405
2
Sender Name: A
Receiver Name: Y
Transaction Value: 721
Transaction timestamp: 404
3
Sender Name: D
Receiver Name: Z
Transaction Value: 114
Transaction timestamp: 403
4
Sender Name: D
Receiver Name: X
Transaction Value: 416
Transaction timestamp: 402
5
Sender Name: B
Receiver Name: W
Transaction Value: 310
Transaction timestamp: 401
6
Sender Name: C
Receiver Name: X
Transaction Value: 958
Transaction timestamp: 400
7
Sender Name: D
Receiver Name: Y
Transaction Value: 57
Transaction timestamp: 399
8
Sender Name: B
Receiver Name: W
Transaction Value: 37
Transaction timestamp: 398
9
Sender Name: C
Receiver Name: Y
Transaction Value: 566
Transaction timestamp: 397
10
Sender Name: B
Receiver Name: Z
Transaction Value: 479
Transaction timestamp: 396
11
Sender Name: C
Receiver Name: X
Transaction Value: 189
Transaction timestamp: 395
12
Sender Name: B
Receiver Name: Y
Transaction Value: 157
Transaction timestamp: 394
13
Sender Name: D
Receiver Name: Z
Transaction Value: 921
Transaction timestamp: 393
14
Sender Name: C
Receiver Name: W
Transaction Value: 754
Transaction timestamp: 392
15
Sender Name: C
Receiver Name: W
Transaction Value: 90
Transaction timestamp: 391
16
Sender Name: D
Receiver Name: Z
Transaction Value: 290
Transaction timestamp: 390
17
Sender Name: A
Receiver Name: Y
Transaction Value: 658
Transaction timestamp: 389
18
Sender Name: D
Receiver Name: Y
Transaction Value: 39
Transaction timestamp: 388
19
Sender Name: A
Receiver Name: W
Transaction Value: 974
Transaction timestamp: 387
20
Sender Name: A
Receiver Name: W
Transaction Value: 49
Transaction timestamp: 386
21
Sender Name: A
Receiver Name: W
Transaction Value: 932
Transaction timestamp: 385
22
Sender Name: A
Receiver Name: Z
Transaction Value: 956
Transaction timestamp: 384
23
Sender Name: B
Receiver Name: Z
Transaction Value: 311
Transaction timestamp: 383
24
Sender Name: A
Receiver Name: Z
Transaction Value: 655
Transaction timestamp: 382
25
Sender Name: A
Receiver Name: Y
Transaction Value: 312
Transaction timestamp: 381
26
Sender Name: C
Receiver Name: W
Transaction Value: 11
Transaction timestamp: 380
27
Sender Name: B
Receiver Name: Z
Transaction Value: 393
Transaction timestamp: 379
28
Sender Name: A
Receiver Name: W
Transaction Value: 512
Transaction timestamp: 378
29
Sender Name: D
Receiver Name: Y
Transaction Value: 76
Transaction timestamp: 377
30
Sender Name: B
Receiver Name: Z
Transaction Value: 477
Transaction timestamp: 376
31
Sender Name: C
Receiver Name: Z
Transaction Value: 689
Transaction timestamp: 375
32
Sender Name: B
Receiver Name: Z
Transaction Value: 548
Transaction timestamp: 374
33
Sender Name: A
Receiver Name: Y
Transaction Value: 200
Transaction timestamp: 373
34
Sender Name: C
Receiver Name: W
Transaction Value: 372
Transaction timestamp: 372
35
Sender Name: A
Receiver Name: Y
Transaction Value: 29
Transaction timestamp: 371
36
Sender Name: C
Receiver Name: X
Transaction Value: 31
Transaction timestamp: 370
37
Sender Name: C
Receiver Name: Y
Transaction Value: 251
Transaction timestamp: 369
38
Sender Name: B
Receiver Name: X
Transaction Value: 646
Transaction timestamp: 368
39
Sender Name: C
Receiver Name: W
Transaction Value: 951
Transaction timestamp: 367
40
Sender Name: C
Receiver Name: W
Transaction Value: 226
Transaction timestamp: 366
41
Sender Name: B
Receiver Name: Z
Transaction Value: 576
Transaction timestamp: 365
42
Sender Name: A
Receiver Name: Z
Transaction Value: 793
Transaction timestamp: 364
43
Sender Name: C
Receiver Name: X
Transaction Value: 455
Transaction timestamp: 363
44
Sender Name: A
Receiver Name: Z
Transaction Value: 399
Transaction timestamp: 362
45
Sender Name: B
Receiver Name: W
Transaction Value: 475
Transaction timestamp: 361
46
Sender Name: C
Receiver Name: Z
Transaction Value: 333
Transaction timestamp: 360
47
Sender Name: B
Receiver Name: Y
Transaction Value: 970
Transaction timestamp: 359
48
Sender Name: D
Receiver Name: Y
Transaction Value: 440
Transaction timestamp: 358
49
Sender Name: A
Receiver Name: Z
Transaction Value: 227
Transaction timestamp: 357
50
Sender Name: C
Receiver Name: Z
Transaction Value: 210
Transaction timestamp: 356
51
Sender Name: D
Receiver Name: Z
Transaction Value: 299
Transaction timestamp: 355
52
Sender Name: B
Receiver Name: Z
Transaction Value: 720
Transaction timestamp: 354
53
Sender Name: B
Receiver Name: Y
Transaction Value: 474
Transaction timestamp: 353
54
Sender Name: A
Receiver Name: X
Transaction Value: 35
Transaction timestamp: 352
55
Sender Name: A
Receiver Name: W
Transaction Value: 228
Transaction timestamp: 351
56
Sender Name: A
Receiver Name: Y
Transaction Value: 708
Transaction timestamp: 350
57
Sender Name: D
Receiver Name: Y
Transaction Value: 687
Transaction timestamp: 349
58
Sender Name: B
Receiver Name: Z
Transaction Value: 917
Transaction timestamp: 348
59
Sender Name: B
Receiver Name: Z
Transaction Value: 479
Transaction timestamp: 347
60
Sender Name: B
Receiver Name: W
Transaction Value: 204
Transaction timestamp: 346
61
Sender Name: A
Receiver Name: X
Transaction Value: 431
Transaction timestamp: 345
62
Sender Name: D
Receiver Name: X
Transaction Value: 783
Transaction timestamp: 344
63
Sender Name: C
Receiver Name: W
Transaction Value: 512
Transaction timestamp: 343
64
Sender Name: A
Receiver Name: Z
Transaction Value: 675
Transaction timestamp: 342
65
Sender Name: C
Receiver Name: Z
Transaction Value: 327
Transaction timestamp: 341
66
Sender Name: B
Receiver Name: W
Transaction Value: 949
Transaction timestamp: 340
67
Sender Name: D
Receiver Name: Y
Transaction Value: 440
Transaction timestamp: 339
68
Sender Name: A
Receiver Name: Z
Transaction Value: 639
Transaction timestamp: 338
69
Sender Name: A
Receiver Name: Z
Transaction Value: 592
Transaction timestamp: 337
70
Sender Name: B
Receiver Name: X
Transaction Value: 291
Transaction timestamp: 336
71
Sender Name: B
Receiver Name: X
Transaction Value: 620
Transaction timestamp: 335
72
Sender Name: B
Receiver Name: W
Transaction Value: 671
Transaction timestamp: 334
73
Sender Name: D
Receiver Name: W
Transaction Value: 328
Transaction timestamp: 333
74
Sender Name: C
Receiver Name: W
Transaction Value: 766
Transaction timestamp: 332
75
Sender Name: D
Receiver Name: Y
Transaction Value: 820
Transaction timestamp: 331
76
Sender Name: D
Receiver Name: Y
Transaction Value: 607
Transaction timestamp: 330
77
Sender Name: D
Receiver Name: W
Transaction Value: 715
Transaction timestamp: 329
78
Sender Name: A
Receiver Name: Z
Transaction Value: 381
Transaction timestamp: 328
79
Sender Name: C
Receiver Name: W
Transaction Value: 347
Transaction timestamp: 327
80
Sender Name: C
Receiver Name: W
Transaction Value: 815
Transaction timestamp: 326
81
Sender Name: B
Receiver Name: W
Transaction Value: 709
Transaction timestamp: 325
82
Sender Name: C
Receiver Name: Y
Transaction Value: 276
Transaction timestamp: 324
83
Sender Name: D
Receiver Name: Y
Transaction Value: 628
Transaction timestamp: 323
84
Sender Name: C
Receiver Name: X
Transaction Value: 211
Transaction timestamp: 322
85
Sender Name: B
Receiver Name: Z
Transaction Value: 301
Transaction timestamp: 321
86
Sender Name: B
Receiver Name: W
Transaction Value: 703
Transaction timestamp: 320
87
Sender Name: A
Receiver Name: Z
Transaction Value: 57
Transaction timestamp: 319
88
Sender Name: C
Receiver Name: W
Transaction Value: 759
Transaction timestamp: 318
89
Sender Name: D
Receiver Name: Z
Transaction Value: 582
Transaction timestamp: 317
90
Sender Name: A
Receiver Name: W
Transaction Value: 573
Transaction timestamp: 316
91
Sender Name: D
Receiver Name: Y
Transaction Value: 124
Transaction timestamp: 315
92
Sender Name: D
Receiver Name: W
Transaction Value: 633
Transaction timestamp: 314
93
Sender Name: A
Receiver Name: Y
Transaction Value: 766
Transaction timestamp: 313
94
Sender Name: A
Receiver Name: W
Transaction Value: 920
Transaction timestamp: 312
95
Sender Name: C
Receiver Name: X
Transaction Value: 986
Transaction timestamp: 311
96
Sender Name: D
Receiver Name: X
Transaction Value: 645
Transaction timestamp: 310
97
Sender Name: C
Receiver Name: Y
Transaction Value: 114
Transaction timestamp: 309
98
Sender Name: B
Receiver Name: X
Transaction Value: 836
Transaction timestamp: 308
99
Sender Name: D
Receiver Name: Z
Transaction Value: 777
Transaction timestamp: 307
100
Sender Name: D
Receiver Name: Y
Transaction Value: 757
Transaction timestamp: 306
101
Sender Name: C
Receiver Name: W
Transaction Value: 785
Transaction timestamp: 305
102
Sender Name: A
Receiver Name: Y
Transaction Value: 74
Transaction timestamp: 304
103
Sender Name: B
Receiver Name: Z
Transaction Value: 241
Transaction timestamp: 303
104
Sender Name: A
Receiver Name: Y
Transaction Value: 207
Transaction timestamp: 302
105
Sender Name: A
Receiver Name: X
Transaction Value: 967
Transaction timestamp: 301
106
Sender Name: C
Receiver Name: Z
Transaction Value: 261
Transaction timestamp: 300
107
Sender Name: B
Receiver Name: Y
Transaction Value: 334
Transaction timestamp: 299
108
Sender Name: B
Receiver Name: X
Transaction Value: 453
Transaction timestamp: 298
109
Sender Name: A
Receiver Name: Y
Transaction Value: 259
Transaction timestamp: 297
110
Sender Name: A
Receiver Name: Y
Transaction Value: 305
Transaction timestamp: 296
111
Sender Name: D
Receiver Name: Y
Transaction Value: 388
Transaction timestamp: 295
112
Sender Name: D
Receiver Name: Z
Transaction Value: 536
Transaction timestamp: 294
113
Sender Name: B
Receiver Name: X
Transaction Value: 729
Transaction timestamp: 293
114
Sender Name: A
Receiver Name: W
Transaction Value: 301
Transaction timestamp: 292
115
Sender Name: D
Receiver Name: W
Transaction Value: 273
Transaction timestamp: 291
116
Sender Name: D
Receiver Name: Y
Transaction Value: 402
Transaction timestamp: 290
117
Sender Name: A
Receiver Name: Z
Transaction Value: 461
Transaction timestamp: 289
118
Sender Name: D
Receiver Name: W
Transaction Value: 811
Transaction timestamp: 288
119
Sender Name: B
Receiver Name: Z
Transaction Value: 248
Transaction timestamp: 287
120
Sender Name: B
Receiver Name: W
Transaction Value: 206
Transaction timestamp: 286
121
Sender Name: C
Receiver Name: Z
Transaction Value: 232
Transaction timestamp: 285
122
Sender Name: D
Receiver Name: Z
Transaction Value: 992
Transaction timestamp: 284
123
Sender Name: B
Receiver Name: W
Transaction Value: 265
Transaction timestamp: 283
124
Sender Name: C
Receiver Name: X
Transaction Value: 450
Transaction timestamp: 282
125
Sender Name: D
Receiver Name: W
Transaction Value: 362
Transaction timestamp: 281
126
Sender Name: A
Receiver Name: Y
Transaction Value: 533
Transaction timestamp: 280
127
Sender Name: D
Receiver Name: W
Transaction Value: 631
Transaction timestamp: 279
128
Sender Name: A
Receiver Name: Y
Transaction Value: 577
Transaction timestamp: 278
129
Sender Name: B
Receiver Name: Y
Transaction Value: 21
Transaction timestamp: 277
130
Sender Name: C
Receiver Name: Z
Transaction Value: 566
Transaction timestamp: 276
131
Sender Name: C
Receiver Name: W
Transaction Value: 676
Transaction timestamp: 275
132
Sender Name: D
Receiver Name: W
Transaction Value: 364
Transaction timestamp: 274
133
Sender Name: A
Receiver Name: X
Transaction Value: 608
Transaction timestamp: 273
134
Sender Name: B
Receiver Name: W
Transaction Value: 744
Transaction timestamp: 272
135
Sender Name: A
Receiver Name: Z
Transaction Value: 0
Transaction timestamp: 271
136
Sender Name: A
Receiver Name: W
Transaction Value: 248
Transaction timestamp: 270
137
Sender Name: D
Receiver Name: W
Transaction Value: 955
Transaction timestamp: 269
138
Sender Name: D
Receiver Name: Z
Transaction Value: 77
Transaction timestamp: 268
139
Sender Name: C
Receiver Name: W
Transaction Value: 241
Transaction timestamp: 267
140
Sender Name: D
Receiver Name: X
Transaction Value: 265
Transaction timestamp: 266
141
Sender Name: C
Receiver Name: Z
Transaction Value: 608
Transaction timestamp: 265
142
Sender Name: C
Receiver Name: X
Transaction Value: 509
Transaction timestamp: 264
143
Sender Name: B
Receiver Name: X
Transaction Value: 79
Transaction timestamp: 263
144
Sender Name: D
Receiver Name: Z
Transaction Value: 675
Transaction timestamp: 262
145
Sender Name: D
Receiver Name: Y
Transaction Value: 899
Transaction timestamp: 261
146
Sender Name: D
Receiver Name: X
Transaction Value: 892
Transaction timestamp: 260
147
Sender Name: D
Receiver Name: Y
Transaction Value: 139
Transaction timestamp: 259
148
Sender Name: D
Receiver Name: W
Transaction Value: 848
Transaction timestamp: 258
149
Sender Name: A
Receiver Name: X
Transaction Value: 299
Transaction timestamp: 257
150
Sender Name: D
Receiver Name: X
Transaction Value: 863
Transaction timestamp: 256
151
Sender Name: B
Receiver Name: W
Transaction Value: 151
Transaction timestamp: 255
152
Sender Name: D
Receiver Name: Z
Transaction Value: 155
Transaction timestamp: 254
153
Sender Name: A
Receiver Name: Z
Transaction Value: 244
Transaction timestamp: 253
154
Sender Name: A
Receiver Name: Y
Transaction Value: 508
Transaction timestamp: 252
155
Sender Name: B
Receiver Name: Y
Transaction Value: 768
Transaction timestamp: 251
156
Sender Name: D
Receiver Name: Y
Transaction Value: 449
Transaction timestamp: 250
157
Sender Name: D
Receiver Name: Y
Transaction Value: 870
Transaction timestamp: 249
158
Sender Name: B
Receiver Name: Z
Transaction Value: 901
Transaction timestamp: 248
159
Sender Name: B
Receiver Name: W
Transaction Value: 118
Transaction timestamp: 247
160
Sender Name: D
Receiver Name: Z
Transaction Value: 835
Transaction timestamp: 246
161
Sender Name: D
Receiver Name: X
Transaction Value: 88
Transaction timestamp: 245
162
Sender Name: C
Receiver Name: W
Transaction Value: 668
Transaction timestamp: 244
163
Sender Name: D
Receiver Name: Z
Transaction Value: 997
Transaction timestamp: 243
164
Sender Name: A
Receiver Name: Y
Transaction Value: 221
Transaction timestamp: 242
165
Sender Name: B
Receiver Name: X
Transaction Value: 615
Transaction timestamp: 241
166
Sender Name: C
Receiver Name: X
Transaction Value: 711
Transaction timestamp: 240
167
Sender Name: B
Receiver Name: Y
Transaction Value: 215
Transaction timestamp: 239
168
Sender Name: A
Receiver Name: Z
Transaction Value: 272
Transaction timestamp: 238
169
Sender Name: D
Receiver Name: W
Transaction Value: 36
Transaction timestamp: 237
170
Sender Name: D
Receiver Name: Y
Transaction Value: 376
Transaction timestamp: 236
171
Sender Name: A
Receiver Name: Y
Transaction Value: 312
Transaction timestamp: 235
172
Sender Name: D
Receiver Name: Z
Transaction Value: 130
Transaction timestamp: 234
173
Sender Name: B
Receiver Name: X
Transaction Value: 214
Transaction timestamp: 233
174
Sender Name: D
Receiver Name: Z
Transaction Value: 751
Transaction timestamp: 232
175
Sender Name: C
Receiver Name: Y
Transaction Value: 806
Transaction timestamp: 231
176
Sender Name: C
Receiver Name: Y
Transaction Value: 51
Transaction timestamp: 230
177
Sender Name: D
Receiver Name: Z
Transaction Value: 227
Transaction timestamp: 229
178
Sender Name: D
Receiver Name: W
Transaction Value: 549
Transaction timestamp: 228
179
Sender Name: D
Receiver Name: W
Transaction Value: 914
Transaction timestamp: 227
180
Sender Name: D
Receiver Name: W
Transaction Value: 220
Transaction timestamp: 226
181
Sender Name: B
Receiver Name: Z
Transaction Value: 556
Transaction timestamp: 225
182
Sender Name: C
Receiver Name: Z
Transaction Value: 552
Transaction timestamp: 224
183
Sender Name: D
Receiver Name: W
Transaction Value: 532
Transaction timestamp: 223
184
Sender Name: A
Receiver Name: W
Transaction Value: 76
Transaction timestamp: 222
185
Sender Name: A
Receiver Name: X
Transaction Value: 719
Transaction timestamp: 221
186
Sender Name: C
Receiver Name: Y
Transaction Value: 588
Transaction timestamp: 220
187
Sender Name: A
Receiver Name: Y
Transaction Value: 743
Transaction timestamp: 219
188
Sender Name: D
Receiver Name: Y
Transaction Value: 770
Transaction timestamp: 218
189
Sender Name: B
Receiver Name: Y
Transaction Value: 82
Transaction timestamp: 217
190
Sender Name: A
Receiver Name: Y
Transaction Value: 493
Transaction timestamp: 216
191
Sender Name: B
Receiver Name: W
Transaction Value: 382
Transaction timestamp: 215
192
Sender Name: A
Receiver Name: X
Transaction Value: 227
Transaction timestamp: 214
193
Sender Name: C
Receiver Name: Y
Transaction Value: 329
Transaction timestamp: 213
194
Sender Name: A
Receiver Name: W
Transaction Value: 981
Transaction timestamp: 212
195
Sender Name: C
Receiver Name: Y
Transaction Value: 408
Transaction timestamp: 211
196
Sender Name: B
Receiver Name: Z
Transaction Value: 462
Transaction timestamp: 210
197
Sender Name: D
Receiver Name: Y
Transaction Value: 100
Transaction timestamp: 209
198
Sender Name: C
Receiver Name: W
Transaction Value: 209
Transaction timestamp: 208
199
Sender Name: C
Receiver Name: X
Transaction Value: 346
Transaction timestamp: 207
200
Sender Name: D
Receiver Name: W
Transaction Value: 219
Transaction timestamp: 206
201
Sender Name: A
Receiver Name: X
Transaction Value: 638
Transaction timestamp: 205
202
Sender Name: D
Receiver Name: W
Transaction Value: 680
Transaction timestamp: 204
203
Sender Name: C
Receiver Name: W
Transaction Value: 503
Transaction timestamp: 203
204
Sender Name: B
Receiver Name: Y
Transaction Value: 750
Transaction timestamp: 202
205
Sender Name: D
Receiver Name: Y
Transaction Value: 568
Transaction timestamp: 201
206
Sender Name: B
Receiver Name: Y
Transaction Value: 57
Transaction timestamp: 200
207
Sender Name: C
Receiver Name: Z
Transaction Value: 952
Transaction timestamp: 199
208
Sender Name: B
Receiver Name: Y
Transaction Value: 58
Transaction timestamp: 198
209
Sender Name: A
Receiver Name: W
Transaction Value: 56
Transaction timestamp: 197
210
Sender Name: B
Receiver Name: W
Transaction Value: 437
Transaction timestamp: 196
211
Sender Name: D
Receiver Name: X
Transaction Value: 158
Transaction timestamp: 195
212
Sender Name: B
Receiver Name: X
Transaction Value: 836
Transaction timestamp: 194
213
Sender Name: A
Receiver Name: X
Transaction Value: 544
Transaction timestamp: 193
214
Sender Name: B
Receiver Name: Z
Transaction Value: 994
Transaction timestamp: 192
215
Sender Name: C
Receiver Name: Z
Transaction Value: 376
Transaction timestamp: 191
216
Sender Name: B
Receiver Name: Y
Transaction Value: 970
Transaction timestamp: 190
217
Sender Name: D
Receiver Name: Y
Transaction Value: 361
Transaction timestamp: 189
218
Sender Name: B
Receiver Name: Z
Transaction Value: 617
Transaction timestamp: 188
219
Sender Name: B
Receiver Name: X
Transaction Value: 521
Transaction timestamp: 187
220
Sender Name: A
Receiver Name: Z
Transaction Value: 210
Transaction timestamp: 186
221
Sender Name: D
Receiver Name: X
Transaction Value: 172
Transaction timestamp: 185
222
Sender Name: C
Receiver Name: Z
Transaction Value: 868
Transaction timestamp: 184
223
Sender Name: C
Receiver Name: Z
Transaction Value: 478
Transaction timestamp: 183
224
Sender Name: D
Receiver Name: Z
Transaction Value: 557
Transaction timestamp: 182
225
Sender Name: B
Receiver Name: Z
Transaction Value: 200
Transaction timestamp: 181
226
Sender Name: D
Receiver Name: Z
Transaction Value: 522
Transaction timestamp: 180
227
Sender Name: A
Receiver Name: Z
Transaction Value: 334
Transaction timestamp: 179
228
Sender Name: A
Receiver Name: Z
Transaction Value: 279
Transaction timestamp: 178
229
Sender Name: C
Receiver Name: W
Transaction Value: 803
Transaction timestamp: 177
230
Sender Name: A
Receiver Name: X
Transaction Value: 887
Transaction timestamp: 176
231
Sender Name: B
Receiver Name: Y
Transaction Value: 345
Transaction timestamp: 175
232
Sender Name: C
Receiver Name: Z
Transaction Value: 860
Transaction timestamp: 174
233
Sender Name: A
Receiver Name: W
Transaction Value: 246
Transaction timestamp: 173
234
Sender Name: C
Receiver Name: W
Transaction Value: 511
Transaction timestamp: 172
235
Sender Name: B
Receiver Name: X
Transaction Value: 149
Transaction timestamp: 171
236
Sender Name: D
Receiver Name: W
Transaction Value: 974
Transaction timestamp: 170
237
Sender Name: B
Receiver Name: Y
Transaction Value: 134
Transaction timestamp: 169
238
Sender Name: A
Receiver Name: Z
Transaction Value: 178
Transaction timestamp: 168
239
Sender Name: C
Receiver Name: W
Transaction Value: 427
Transaction timestamp: 167
240
Sender Name: D
Receiver Name: Z
Transaction Value: 803
Transaction timestamp: 166
241
Sender Name: C
Receiver Name: W
Transaction Value: 345
Transaction timestamp: 165
242
Sender Name: C
Receiver Name: Z
Transaction Value: 401
Transaction timestamp: 164
243
Sender Name: A
Receiver Name: X
Transaction Value: 344
Transaction timestamp: 163
244
Sender Name: B
Receiver Name: X
Transaction Value: 798
Transaction timestamp: 162
245
Sender Name: A
Receiver Name: X
Transaction Value: 704
Transaction timestamp: 161
246
Sender Name: B
Receiver Name: Z
Transaction Value: 103
Transaction timestamp: 160
247
Sender Name: A
Receiver Name: X
Transaction Value: 694
Transaction timestamp: 159
248
Sender Name: D
Receiver Name: X
Transaction Value: 138
Transaction timestamp: 158
249
Sender Name: D
Receiver Name: Z
Transaction Value: 993
Transaction timestamp: 157
250
Sender Name: D
Receiver Name: W
Transaction Value: 528
Transaction timestamp: 156
251
Sender Name: B
Receiver Name: X
Transaction Value: 892
Transaction timestamp: 155
252
Sender Name: D
Receiver Name: Y
Transaction Value: 495
Transaction timestamp: 154
253
Sender Name: A
Receiver Name: X
Transaction Value: 110
Transaction timestamp: 153
254
Sender Name: A
Receiver Name: X
Transaction Value: 607
Transaction timestamp: 152
255
Sender Name: C
Receiver Name: X
Transaction Value: 199
Transaction timestamp: 151
256
Sender Name: B
Receiver Name: Z
Transaction Value: 659
Transaction timestamp: 150
257
Sender Name: A
Receiver Name: Y
Transaction Value: 790
Transaction timestamp: 149
258
Sender Name: B
Receiver Name: Z
Transaction Value: 16
Transaction timestamp: 148
259
Sender Name: B
Receiver Name: Y
Transaction Value: 859
Transaction timestamp: 147
260
Sender Name: A
Receiver Name: Y
Transaction Value: 308
Transaction timestamp: 146
261
Sender Name: D
Receiver Name: X
Transaction Value: 551
Transaction timestamp: 145
262
Sender Name: B
Receiver Name: X
Transaction Value: 0
Transaction timestamp: 144
263
Sender Name: D
Receiver Name: Y
Transaction Value: 909
Transaction timestamp: 143
264
Sender Name: C
Receiver Name: Y
Transaction Value: 47
Transaction timestamp: 142
265
Sender Name: D
Receiver Name: Y
Transaction Value: 871
Transaction timestamp: 141
266
Sender Name: C
Receiver Name: X
Transaction Value: 70
Transaction timestamp: 140
267
Sender Name: B
Receiver Name: X
Transaction Value: 656
Transaction timestamp: 139
268
Sender Name: D
Receiver Name: X
Transaction Value: 90
Transaction timestamp: 138
269
Sender Name: C
Receiver Name: W
Transaction Value: 715
Transaction timestamp: 137
270
Sender Name: D
Receiver Name: Z
Transaction Value: 316
Transaction timestamp: 136
271
Sender Name: C
Receiver Name: W
Transaction Value: 81
Transaction timestamp: 135
272
Sender Name: B
Receiver Name: Z
Transaction Value: 447
Transaction timestamp: 134
273
Sender Name: C
Receiver Name: Z
Transaction Value: 571
Transaction timestamp: 133
274
Sender Name: B
Receiver Name: Z
Transaction Value: 154
Transaction timestamp: 132
275
Sender Name: C
Receiver Name: Y
Transaction Value: 39
Transaction timestamp: 131
276
Sender Name: C
Receiver Name: Y
Transaction Value: 379
Transaction timestamp: 130
277
Sender Name: B
Receiver Name: W
Transaction Value: 222
Transaction timestamp: 129
278
Sender Name: B
Receiver Name: Y
Transaction Value: 434
Transaction timestamp: 128
279
Sender Name: C
Receiver Name: X
Transaction Value: 647
Transaction timestamp: 127
280
Sender Name: A
Receiver Name: W
Transaction Value: 775
Transaction timestamp: 126
281
Sender Name: A
Receiver Name: W
Transaction Value: 402
Transaction timestamp: 125
282
Sender Name: A
Receiver Name: Y
Transaction Value: 232
Transaction timestamp: 124
283
Sender Name: B
Receiver Name: W
Transaction Value: 692
Transaction timestamp: 123
284
Sender Name: D
Receiver Name: Y
Transaction Value: 259
Transaction timestamp: 122
285
Sender Name: D
Receiver Name: Y
Transaction Value: 776
Transaction timestamp: 121
286
Sender Name: D
Receiver Name: X
Transaction Value: 636
Transaction timestamp: 120
287
Sender Name: D
Receiver Name: Z
Transaction Value: 280
Transaction timestamp: 119
288
Sender Name: D
Receiver Name: Z
Transaction Value: 684
Transaction timestamp: 118
289
Sender Name: D
Receiver Name: X
Transaction Value: 143
Transaction timestamp: 117
290
Sender Name: D
Receiver Name: Y
Transaction Value: 675
Transaction timestamp: 116
291
Sender Name: C
Receiver Name: X
Transaction Value: 689
Transaction timestamp: 115
292
Sender Name: B
Receiver Name: Z
Transaction Value: 626
Transaction timestamp: 114
293
Sender Name: A
Receiver Name: X
Transaction Value: 153
Transaction timestamp: 113
294
Sender Name: A
Receiver Name: W
Transaction Value: 77
Transaction timestamp: 112
295
Sender Name: B
Receiver Name: W
Transaction Value: 51
Transaction timestamp: 111
296
Sender Name: C
Receiver Name: Z
Transaction Value: 497
Transaction timestamp: 110
297
Sender Name: A
Receiver Name: Y
Transaction Value: 7
Transaction timestamp: 109
298
Sender Name: C
Receiver Name: W
Transaction Value: 191
Transaction timestamp: 108
299
Sender Name: D
Receiver Name: W
Transaction Value: 414
Transaction timestamp: 107
300
Sender Name: C
Receiver Name: X
Transaction Value: 904
Transaction timestamp: 106
301
Sender Name: B
Receiver Name: Z
Transaction Value: 512
Transaction timestamp: 105
302
Sender Name: A
Receiver Name: W
Transaction Value: 135
Transaction timestamp: 104
303
Sender Name: C
Receiver Name: X
Transaction Value: 568
Transaction timestamp: 103
304
Sender Name: C
Receiver Name: Y
Transaction Value: 310
Transaction timestamp: 102
305
Sender Name: C
Receiver Name: X
Transaction Value: 57
Transaction timestamp: 101
306
Sender Name: B
Receiver Name: W
Transaction Value: 860
Transaction timestamp: 100
307
Sender Name: C
Receiver Name: Z
Transaction Value: 521
Transaction timestamp: 99
308
Sender Name: B
Receiver Name: Y
Transaction Value: 906
Transaction timestamp: 98
309
Sender Name: A
Receiver Name: X
Transaction Value: 166
Transaction timestamp: 97
310
Sender Name: A
Receiver Name: Z
Transaction Value: 625
Transaction timestamp: 96
311
Sender Name: A
Receiver Name: W
Transaction Value: 164
Transaction timestamp: 95
312
Sender Name: D
Receiver Name: Y
Transaction Value: 690
Transaction timestamp: 94
313
Sender Name: A
Receiver Name: Y
Transaction Value: 915
Transaction timestamp: 93
314
Sender Name: C
Receiver Name: Z
Transaction Value: 456
Transaction timestamp: 92
315
Sender Name: C
Receiver Name: Z
Transaction Value: 155
Transaction timestamp: 91
316
Sender Name: A
Receiver Name: X
Transaction Value: 539
Transaction timestamp: 90
317
Sender Name: C
Receiver Name: X
Transaction Value: 998
Transaction timestamp: 89
318
Sender Name: C
Receiver Name: X
Transaction Value: 682
Transaction timestamp: 88
319
Sender Name: A
Receiver Name: Y
Transaction Value: 379
Transaction timestamp: 87
320
Sender Name: B
Receiver Name: Y
Transaction Value: 430
Transaction timestamp: 86
321
Sender Name: A
Receiver Name: Z
Transaction Value: 239
Transaction timestamp: 85
322
Sender Name: C
Receiver Name: W
Transaction Value: 486
Transaction timestamp: 84
323
Sender Name: D
Receiver Name: W
Transaction Value: 655
Transaction timestamp: 83
324
Sender Name: B
Receiver Name: W
Transaction Value: 761
Transaction timestamp: 82
325
Sender Name: B
Receiver Name: W
Transaction Value: 566
Transaction timestamp: 81
326
Sender Name: C
Receiver Name: W
Transaction Value: 711
Transaction timestamp: 80
327
Sender Name: B
Receiver Name: W
Transaction Value: 886
Transaction timestamp: 79
328
Sender Name: C
Receiver Name: W
Transaction Value: 64
Transaction timestamp: 78
329
Sender Name: C
Receiver Name: X
Transaction Value: 656
Transaction timestamp: 77
330
Sender Name: B
Receiver Name: Z
Transaction Value: 153
Transaction timestamp: 76
331
Sender Name: D
Receiver Name: X
Transaction Value: 488
Transaction timestamp: 75
332
Sender Name: C
Receiver Name: X
Transaction Value: 753
Transaction timestamp: 74
333
Sender Name: C
Receiver Name: X
Transaction Value: 9
Transaction timestamp: 73
334
Sender Name: B
Receiver Name: Z
Transaction Value: 380
Transaction timestamp: 72
335
Sender Name: C
Receiver Name: Z
Transaction Value: 323
Transaction timestamp: 71
336
Sender Name: D
Receiver Name: Y
Transaction Value: 920
Transaction timestamp: 70
337
Sender Name: C
Receiver Name: W
Transaction Value: 756
Transaction timestamp: 69
338
Sender Name: C
Receiver Name: Y
Transaction Value: 498
Transaction timestamp: 68
339
Sender Name: D
Receiver Name: Y
Transaction Value: 900
Transaction timestamp: 67
340
Sender Name: D
Receiver Name: W
Transaction Value: 90
Transaction timestamp: 66
341
Sender Name: A
Receiver Name: W
Transaction Value: 782
Transaction timestamp: 65
342
Sender Name: C
Receiver Name: Y
Transaction Value: 762
Transaction timestamp: 64
343
Sender Name: C
Receiver Name: Z
Transaction Value: 439
Transaction timestamp: 63
344
Sender Name: A
Receiver Name: Z
Transaction Value: 283
Transaction timestamp: 62
345
Sender Name: C
Receiver Name: W
Transaction Value: 52
Transaction timestamp: 61
346
Sender Name: B
Receiver Name: Y
Transaction Value: 767
Transaction timestamp: 60
347
Sender Name: B
Receiver Name: X
Transaction Value: 507
Transaction timestamp: 59
348
Sender Name: B
Receiver Name: X
Transaction Value: 274
Transaction timestamp: 58
349
Sender Name: D
Receiver Name: W
Transaction Value: 920
Transaction timestamp: 57
350
Sender Name: C
Receiver Name: Y
Transaction Value: 818
Transaction timestamp: 56
351
Sender Name: B
Receiver Name: Z
Transaction Value: 383
Transaction timestamp: 55
352
Sender Name: B
Receiver Name: X
Transaction Value: 10
Transaction timestamp: 54
353
Sender Name: D
Receiver Name: W
Transaction Value: 53
Transaction timestamp: 53
354
Sender Name: A
Receiver Name: Z
Transaction Value: 868
Transaction timestamp: 52
355
Sender Name: D
Receiver Name: Z
Transaction Value: 584
Transaction timestamp: 51
356
Sender Name: B
Receiver Name: Z
Transaction Value: 733
Transaction timestamp: 50
357
Sender Name: B
Receiver Name: W
Transaction Value: 883
Transaction timestamp: 49
358
Sender Name: D
Receiver Name: Y
Transaction Value: 1
Transaction timestamp: 48
359
Sender Name: D
Receiver Name: Z
Transaction Value: 46
Transaction timestamp: 47
360
Sender Name: A
Receiver Name: W
Transaction Value: 299
Transaction timestamp: 46
361
Sender Name: C
Receiver Name: W
Transaction Value: 844
Transaction timestamp: 45
362
Sender Name: B
Receiver Name: X
Transaction Value: 988
Transaction timestamp: 44
363
Sender Name: D
Receiver Name: X
Transaction Value: 175
Transaction timestamp: 43
364
Sender Name: B
Receiver Name: W
Transaction Value: 286
Transaction timestamp: 42
365
Sender Name: A
Receiver Name: Y
Transaction Value: 485
Transaction timestamp: 41
366
Sender Name: D
Receiver Name: W
Transaction Value: 47
Transaction timestamp: 40
367
Sender Name: A
Receiver Name: X
Transaction Value: 64
Transaction timestamp: 39
368
Sender Name: D
Receiver Name: W
Transaction Value: 995
Transaction timestamp: 38
369
Sender Name: D
Receiver Name: W
Transaction Value: 637
Transaction timestamp: 37
370
Sender Name: C
Receiver Name: Y
Transaction Value: 638
Transaction timestamp: 36
371
Sender Name: A
Receiver Name: Z
Transaction Value: 178
Transaction timestamp: 35
372
Sender Name: D
Receiver Name: Z
Transaction Value: 756
Transaction timestamp: 34
373
Sender Name: D
Receiver Name: Y
Transaction Value: 189
Transaction timestamp: 33
374
Sender Name: C
Receiver Name: Y
Transaction Value: 451
Transaction timestamp: 32
375
Sender Name: B
Receiver Name: W
Transaction Value: 968
Transaction timestamp: 31
376
Sender Name: C
Receiver Name: X
Transaction Value: 444
Transaction timestamp: 30
377
Sender Name: D
Receiver Name: W
Transaction Value: 563
Transaction timestamp: 29
378
Sender Name: C
Receiver Name: W
Transaction Value: 973
Transaction timestamp: 28
379
Sender Name: A
Receiver Name: X
Transaction Value: 417
Transaction timestamp: 27
380
Sender Name: B
Receiver Name: Z
Transaction Value: 874
Transaction timestamp: 26
381
Sender Name: C
Receiver Name: Y
Transaction Value: 864
Transaction timestamp: 25
382
Sender Name: B
Receiver Name: W
Transaction Value: 134
Transaction timestamp: 24
383
Sender Name: A
Receiver Name: X
Transaction Value: 541
Transaction timestamp: 23
384
Sender Name: C
Receiver Name: Y
Transaction Value: 460
Transaction timestamp: 22
385
Sender Name: A
Receiver Name: Y
Transaction Value: 486
Transaction timestamp: 21
386
Sender Name: D
Receiver Name: Y
Transaction Value: 94
Transaction timestamp: 20
387
Sender Name: C
Receiver Name: Y
Transaction Value: 944
Transaction timestamp: 19
388
Sender Name: B
Receiver Name: Z
Transaction Value: 106
Transaction timestamp: 18
389
Sender Name: C
Receiver Name: Y
Transaction Value: 878
Transaction timestamp: 17
390
Sender Name: B
Receiver Name: W
Transaction Value: 102
Transaction timestamp: 16
391
Sender Name: B
Receiver Name: X
Transaction Value: 619
Transaction timestamp: 15
392
Sender Name: D
Receiver Name: X
Transaction Value: 251
Transaction timestamp: 14
393
Sender Name: B
Receiver Name: Y
Transaction Value: 454
Transaction timestamp: 13
394
Sender Name: D
Receiver Name: X
Transaction Value: 406
Transaction timestamp: 12
395
Sender Name: A
Receiver Name: Y
Transaction Value: 368
Transaction timestamp: 11
396
Sender Name: B
Receiver Name: Z
Transaction Value: 102
Transaction timestamp: 10
397
Sender Name: A
Receiver Name: X
Transaction Value: 514
Transaction timestamp: 9
398
Sender Name: C
Receiver Name: X
Transaction Value: 0
Transaction timestamp: 8
399
Sender Name: C
Receiver Name: Y
Transaction Value: 802
Transaction timestamp: 7
400
Sender Name: D
Receiver Name: X
Transaction Value: 621
Transaction timestamp: 6
401
Sender Name: D
Receiver Name: X
Transaction Value: 348
Transaction timestamp: 5
402
Sender Name: D
Receiver Name: W
Transaction Value: 176
Transaction timestamp: 4
403
Sender Name: B
Receiver Name: W
Transaction Value: 202
Transaction timestamp: 3
404
Sender Name: D
Receiver Name: Y
Transaction Value: 993
Transaction timestamp: 2
405
Sender Name: B
Receiver Name: W
Transaction Value: 18
Transaction timestamp: 1